BL51 BANKED LINKER/LOCATER V6.22.2.0                                                    04/13/2021  10:16:19  PAGE 1


BL51 BANKED LINKER/LOCATER V6.22.2.0, INVOKED BY:
C:\KEIL_V5\C51\BIN\BL51.EXE .\Output\STARTUP.obj, .\Output\CPU.obj, .\Output\etc_eep.obj, .\Output\HS_DVRProtocol.obj, .
>> \Output\i2c.obj, .\Output\keyremo.obj, .\Output\main.obj, .\Output\monitor.obj, .\Output\Printf.obj, .\Output\SysPowe
>> r.obj, .\Output\SysTimer.obj TO .\Output\ml070i_MRMCU PRINT (.\Listings\ml070i_MRMCU.m51) RAMSIZE (256)


MEMORY MODEL: LARGE WITH FLOATING POINT ARITHMETIC


INPUT MODULES INCLUDED:
  .\Output\STARTUP.obj (?C_STARTUP)
  .\Output\CPU.obj (CPU)
  .\Output\etc_eep.obj (ETC_EEP)
  .\Output\HS_DVRProtocol.obj (HS_DVRPROTOCOL)
  .\Output\i2c.obj (I2C)
  .\Output\keyremo.obj (KEYREMO)
  .\Output\main.obj (MAIN)
  .\Output\monitor.obj (MONITOR)
  .\Output\Printf.obj (PRINTF)
  .\Output\SysPower.obj (SYSPOWER)
  .\Output\SysTimer.obj (SYSTIMER)
  C:\KEIL_V5\C51\LIB\C51FPL.LIB (?C?FPADD)
  C:\KEIL_V5\C51\LIB\C51FPL.LIB (?C?FPMUL)
  C:\KEIL_V5\C51\LIB\C51FPL.LIB (?C?FPDIV)
  C:\KEIL_V5\C51\LIB\C51FPL.LIB (?C?FCAST)
  C:\KEIL_V5\C51\LIB\C51FPL.LIB (?C?CASTF)
  C:\KEIL_V5\C51\LIB\C51FPL.LIB (?C?FPGETOPN)
  C:\KEIL_V5\C51\LIB\C51L.LIB (?C_INIT)
  C:\KEIL_V5\C51\LIB\C51L.LIB (?C?COPY)
  C:\KEIL_V5\C51\LIB\C51L.LIB (?C?CLDPTR)
  C:\KEIL_V5\C51\LIB\C51L.LIB (?C?CLDOPTR)
  C:\KEIL_V5\C51\LIB\C51L.LIB (?C?CILDPTR)
  C:\KEIL_V5\C51\LIB\C51L.LIB (?C?CSTOPTR)
  C:\KEIL_V5\C51\LIB\C51L.LIB (?C?IMUL)
  C:\KEIL_V5\C51\LIB\C51L.LIB (?C?UIDIV)
  C:\KEIL_V5\C51\LIB\C51L.LIB (?C?SIDIV)
  C:\KEIL_V5\C51\LIB\C51L.LIB (?C?IILDX)
  C:\KEIL_V5\C51\LIB\C51L.LIB (?C?ILDIX)
  C:\KEIL_V5\C51\LIB\C51L.LIB (?C?ILDPTR)
  C:\KEIL_V5\C51\LIB\C51L.LIB (?C?ILDOPTR)
  C:\KEIL_V5\C51\LIB\C51L.LIB (?C?ISTPTR)
  C:\KEIL_V5\C51\LIB\C51L.LIB (?C?LMUL)
  C:\KEIL_V5\C51\LIB\C51L.LIB (?C?ULDIV)
  C:\KEIL_V5\C51\LIB\C51L.LIB (?C?LNEG)
  C:\KEIL_V5\C51\LIB\C51L.LIB (?C?SLCMP)
  C:\KEIL_V5\C51\LIB\C51L.LIB (?C?ULCMP)
  C:\KEIL_V5\C51\LIB\C51L.LIB (?C?ULSHR)
  C:\KEIL_V5\C51\LIB\C51L.LIB (?C?SLSHR)
  C:\KEIL_V5\C51\LIB\C51L.LIB (?C?LSHL)
  C:\KEIL_V5\C51\LIB\C51L.LIB (?C?LLDPTR)
  C:\KEIL_V5\C51\LIB\C51L.LIB (?C?LSTXDATA)
  C:\KEIL_V5\C51\LIB\C51L.LIB (?C?LSTKXDATA)
  C:\KEIL_V5\C51\LIB\C51L.LIB (?C?PLDPTR)
  C:\KEIL_V5\C51\LIB\C51L.LIB (?C?CCASE)
  C:\KEIL_V5\C51\LIB\C51L.LIB (ABS)
  C:\KEIL_V5\C51\LIB\C51L.LIB (?C?LLDIDATA)
  C:\KEIL_V5\C51\LIB\C51L.LIB (?C?LLDXDATA)
  C:\KEIL_V5\C51\LIB\C51L.LIB (?C?LLDPDATA)
BL51 BANKED LINKER/LOCATER V6.22.2.0                                                  04/13/2021  10:16:19  PAGE 2


  C:\KEIL_V5\C51\LIB\C51L.LIB (?C?LLDCODE)
  C:\KEIL_V5\C51\LIB\C51L.LIB (?C?PLDIDATA)
  C:\KEIL_V5\C51\LIB\C51L.LIB (?C?PLDXDATA)
  C:\KEIL_V5\C51\LIB\C51L.LIB (?C?PLDPDATA)
  C:\KEIL_V5\C51\LIB\C51L.LIB (?C?PLDCODE)


LINK MAP OF MODULE:  .\Output\ml070i_MRMCU (?C_STARTUP)


            TYPE    BASE      LENGTH    RELOCATION   SEGMENT NAME
            -----------------------------------------------------

            * * * * * * *   D A T A   M E M O R Y   * * * * * * *
            REG     0000H     0008H     ABSOLUTE     "REG BANK 0"
            REG     0008H     0008H     ABSOLUTE     "REG BANK 1"
            DATA    0010H     0001H     UNIT         ?DT?MONITOR
            IDATA   0011H     0002H     UNIT         ?ID?SYSPOWER
                    0013H     000DH                  *** GAP ***
            BIT     0020H.0   0000H.6   UNIT         ?BI?CPU
            BIT     0020H.6   0000H.3   UNIT         ?BI?MONITOR
            BIT     0021H.1   0000H.2   UNIT         ?BI?SYSTIMER
            BIT     0021H.3   0000H.2   UNIT         _BIT_GROUP_
            BIT     0021H.5   0000H.1   UNIT         ?BI?HS_DVRPROTOCOL
                    0021H.6   0000H.2                *** GAP ***
            DATA    0022H     0058H     UNIT         ?DT?CPU
            IDATA   007AH     0001H     UNIT         ?STACK

            * * * * * * *  X D A T A   M E M O R Y  * * * * * * *
            XDATA   0000H     0106H     UNIT         ?XD?HS_DVRPROTOCOL
            XDATA   0106H     00A2H     UNIT         _XDATA_GROUP_
            XDATA   01A8H     0079H     UNIT         ?XD?MAIN
            XDATA   0221H     005CH     UNIT         ?XD?SYSTIMER
            XDATA   027DH     003BH     UNIT         ?XD?MONITOR
            XDATA   02B8H     001BH     UNIT         ?XD?CPU
            XDATA   02D3H     0018H     UNIT         ?XD?PRINTF

            * * * * * * *   C O D E   M E M O R Y   * * * * * * *
            CODE    0000H     0003H     ABSOLUTE     
            CODE    0003H     0008H     UNIT         ?PR?_RS_TX?CPU
            CODE    000BH     0003H     ABSOLUTE     
            CODE    000EH     0004H     UNIT         ?PR?ISP_INIT?MAIN
                    0012H     0001H                  *** GAP ***
            CODE    0013H     0003H     ABSOLUTE     
            CODE    0016H     000DH     UNIT         ?PR?I2CSTOP?I2C
            CODE    0023H     0003H     ABSOLUTE     
            CODE    0026H     0003H     UNIT         ?PR?EXT1_INT?CPU
                    0029H     0002H                  *** GAP ***
            CODE    002BH     0003H     ABSOLUTE     
                    002EH     0005H                  *** GAP ***
            CODE    0033H     0003H     ABSOLUTE     
                    0036H     0005H                  *** GAP ***
            CODE    003BH     0003H     ABSOLUTE     
            CODE    003EH     0023H     UNIT         ?PR?_TOUPPER?MONITOR
                    0061H     0002H                  *** GAP ***
            CODE    0063H     0003H     ABSOLUTE     
            CODE    0066H     0FB4H     UNIT         ?PR?_SYSTIMEREVENTPROC?SYSTIMER
BL51 BANKED LINKER/LOCATER V6.22.2.0                                                  04/13/2021  10:16:19  PAGE 3


            CODE    101AH     0A10H     UNIT         ?PR?MONITOR?MONITOR
            CODE    1A2AH     08B2H     UNIT         ?C?LIB_CODE
            CODE    22DCH     084EH     UNIT         ?CO?MONITOR
            CODE    2B2AH     076CH     UNIT         ?PR?DVRRECEIVEPASER?HS_DVRPROTOCOL
            CODE    3296H     0727H     UNIT         ?PR?ENCORDERHANDLER_TELI?MAIN
            CODE    39BDH     06D0H     UNIT         ?PR?ENCORDERHANDLER?MAIN
            CODE    408DH     0556H     UNIT         ?PR?_DOPRINT?PRINTF
            CODE    45E3H     043DH     UNIT         ?CO?CPU
            CODE    4A20H     041BH     UNIT         ?PR?SHOWWORKINGTIMER?CPU
            CODE    4E3BH     03F5H     UNIT         ?PR?_MCU_SENDCMDTODVR?MAIN
            CODE    5230H     034FH     UNIT         ?PR?TIMER0_INT?CPU
            CODE    557FH     0310H     UNIT         ?CO?MAIN
            CODE    588FH     0307H     UNIT         ?CO?SYSTIMER
            CODE    5B96H     02F4H     UNIT         ?CO?HS_DVRPROTOCOL
            CODE    5E8AH     02ECH     UNIT         ?PR?_USERINTERFACEBATTERYCHARGEMODE?SYSPOWER
            CODE    6176H     02E3H     UNIT         ?PR?LOADEEPROM?MAIN
            CODE    6459H     0235H     UNIT         ?PR?MONGETCOMMAND?MONITOR
            CODE    668EH     0203H     UNIT         ?PR?_USERINTERFACETIMEREVENTPROC?SYSTIMER
            CODE    6891H     01FBH     UNIT         ?C_INITSEG
            CODE    6A8CH     01ABH     UNIT         ?PR?_SAVEROTATENUMBER?MAIN
            CODE    6C37H     0176H     UNIT         ?PR?_MAPPING1?MAIN
            CODE    6DADH     0169H     UNIT         ?PR?MONWRITEBIT?MONITOR
            CODE    6F16H     012EH     UNIT         ?PR?_MCUTIMERCHECKTIMEREVENT?SYSTIMER
            CODE    7044H     011AH     UNIT         ?PR?WAITPOWERON?MAIN
            CODE    715EH     00FFH     UNIT         ?PR?MAIN_INIT?CPU
            CODE    725DH     00F9H     UNIT         ?PR?GETROTATENUMBER?MAIN
            CODE    7356H     00E5H     UNIT         ?PR?_MCUTIMERACTIVETIMEREVENT?SYSTIMER
            CODE    743BH     00DEH     UNIT         ?PR?_MCUTIMERREACTIVETIMEREVENT?SYSTIMER
            CODE    7519H     00D9H     UNIT         ?PR?_USERINTERFACEPOWERSWITCH?SYSPOWER
            CODE    75F2H     00BBH     UNIT         ?PR?CLEARBASICEE?ETC_EEP
            CODE    76ADH     00B7H     UNIT         ?PR?PROMPT?MONITOR
            CODE    7764H     00B4H     UNIT         ?PR?_MONINCDECI2C?MONITOR
            CODE    7818H     00ADH     UNIT         ?PR?_MCULIB_PROTOCOLAPPEND?MAIN
            CODE    78C5H     00ABH     UNIT         ?PR?MONHELP?MONITOR
            CODE    7970H     00ABH     UNIT         ?CO?SYSPOWER
            CODE    7A1BH     00A7H     UNIT         ?PR?_A2I?MONITOR
            CODE    7AC2H     0098H     UNIT         ?PR?_SET_PWM?CPU
            CODE    7B5AH     0090H     UNIT         ?PR?_MCULIB_PROTOCOLSENDCMDWITHPARAMNUM?MAIN
            CODE    7BEAH     008CH     UNIT         ?C_C51STARTUP
            CODE    7C76H     0085H     UNIT         ?PR?SYSTIMERHANDLER?SYSTIMER
            CODE    7CFBH     0084H     UNIT         ?PR?SYSPOWERHANDLER?SYSPOWER
            CODE    7D7FH     0082H     UNIT         ?PR?MAIN?MAIN
            CODE    7E01H     007EH     UNIT         ?PR?_AD5110_I2CWRITEDATA?I2C
            CODE    7E7FH     007BH     UNIT         ?PR?_I2CWRITEDATA?I2C
            CODE    7EFAH     0079H     UNIT         ?PR?_POWERLED?CPU
            CODE    7F73H     006AH     UNIT         ?PR?_STRICMP?MONITOR
            CODE    7FDDH     005BH     UNIT         ?PR?INITIALTIMEREVENT?MAIN
            CODE    8038H     0059H     UNIT         ?PR?MAIN_LOOP?MAIN
            CODE    8091H     0058H     UNIT         ?PR?_GRAPHICSPRINT?PRINTF
            CODE    80E9H     0052H     UNIT         ?PR?INITCPU?CPU
            CODE    813BH     0051H     UNIT         ?PR?SCANKEY?KEYREMO
            CODE    818CH     004FH     UNIT         ?PR?MONTXDUMP?MONITOR
            CODE    81DBH     004EH     UNIT         ?CO?PRINTF
            CODE    8229H     004AH     UNIT         ?PR?GETFWREVEE?ETC_EEP
            CODE    8273H     004AH     UNIT         ?PR?MCUTIMERGETTIMERCOUNTER?SYSTIMER
            CODE    82BDH     0047H     UNIT         ?PR?GETPROJECTNAMEEE?ETC_EEP
            CODE    8304H     0047H     UNIT         ?PR?_WRITEEEP?I2C
BL51 BANKED LINKER/LOCATER V6.22.2.0                                                  04/13/2021  10:16:19  PAGE 4


            CODE    834BH     0046H     UNIT         ?PR?_DEBUG_MESSAGE?PRINTF
            CODE    8391H     0043H     UNIT         ?PR?_ASC2BIN?MONITOR
            CODE    83D4H     0041H     UNIT         ?PR?_MCUTIMERCANCELTIMEREVENT?SYSTIMER
            CODE    8415H     003EH     UNIT         ?PR?_SETAD5110STEP?MAIN
            CODE    8453H     003EH     UNIT         ?PR?_PRINTF?PRINTF
            CODE    8491H     003BH     UNIT         ?PR?SERIAL2_INT?CPU
            CODE    84CCH     0039H     UNIT         ?PR?_READI2C?I2C
            CODE    8505H     0039H     UNIT         ?PR?_READAD5110?I2C
            CODE    853EH     0037H     UNIT         ?PR?_ASC1BIN?MONITOR
            CODE    8575H     0035H     UNIT         ?PR?AD5110_I2CREADDATA?I2C
            CODE    85AAH     0033H     UNIT         ?PR?I2CREADDATA?I2C
            CODE    85DDH     0033H     UNIT         ?PR?_ISP_WRITE?MAIN
            CODE    8610H     0033H     UNIT         ?PR?_PUTS?PRINTF
            CODE    8643H     002FH     UNIT         ?PR?SET_MCU_POWER_DOWN_MODE?CPU
            CODE    8672H     002FH     UNIT         ?PR?SERIAL_INT?CPU
            CODE    86A1H     002CH     UNIT         ?PR?SYSPOWERINITIAL?SYSPOWER
            CODE    86CDH     002CH     UNIT         ?PR?_SYSPOWERSWITCH?SYSPOWER
            CODE    86F9H     0029H     UNIT         ?PR?_WRITEI2C?I2C
            CODE    8722H     0026H     UNIT         ?PR?_READEEP?I2C
            CODE    8748H     0022H     UNIT         ?PR?MCUTIMERINITIALTIMEREVENT?SYSTIMER
            CODE    876AH     0021H     UNIT         ?PR?ENTER_ISP?MAIN
            CODE    878BH     0020H     UNIT         ?PR?_WRITEAD5110?I2C
            CODE    87ABH     0020H     UNIT         ?PR?_GETADCVALUE?MAIN
            CODE    87CBH     001FH     UNIT         ?PR?INT2_INT?CPU
            CODE    87EAH     001FH     UNIT         ?PR?INT3_INT?CPU
            CODE    8809H     001EH     UNIT         ?PR?RS2_RX?CPU
            CODE    8827H     001CH     UNIT         ?PR?CHECK_ADAP_IN?CPU
            CODE    8843H     001CH     UNIT         ?PR?RS_RX?CPU
            CODE    885FH     001BH     UNIT         ?PR?_GETKEY?KEYREMO
            CODE    887AH     0019H     UNIT         ?PR?SAVEFWREVEE?ETC_EEP
            CODE    8893H     0019H     UNIT         ?PR?_MCUTIMERDELAYXMS?SYSTIMER
            CODE    88ACH     0018H     UNIT         ?PR?_DELAY?CPU
            CODE    88C4H     0016H     UNIT         ?PR?INITVARS?CPU
            CODE    88DAH     0015H     UNIT         ?PR?_MCUTIMERGETEVENTID?SYSTIMER
            CODE    88EFH     0014H     UNIT         ?PR?I2CDELAY?I2C
            CODE    8903H     0014H     UNIT         ?PR?_MCUTIMERGETEVENTTIME?SYSTIMER
            CODE    8917H     0013H     UNIT         ?PR?_MCUTIMERCLREVENTVALID?SYSTIMER
            CODE    892AH     0012H     UNIT         ?CO?ETC_EEP
            CODE    893CH     0012H     UNIT         ?PR?I2CSTART?I2C
            CODE    894EH     0011H     UNIT         ?PR?_MCUTIMERCHECKEVENTVALID?SYSTIMER
            CODE    895FH     000FH     UNIT         ?PR?TIMER2_INT?CPU
            CODE    896EH     000CH     UNIT         ?PR?_ABS?ABS
            CODE    897AH     000BH     UNIT         ?PR?RS_READY?CPU
            CODE    8985H     000BH     UNIT         ?PR?RS2_READY?CPU
            CODE    8990H     0009H     UNIT         ?PR?_SAVEDEBUGLEVELEE?ETC_EEP
            CODE    8999H     0008H     UNIT         ?PR?_RS2_TX?CPU
            CODE    89A1H     0008H     UNIT         ?PR?_MON_TX?MONITOR
            CODE    89A9H     0007H     UNIT         ?PR?GETBATTERYBTH?MAIN
            CODE    89B0H     0007H     UNIT         ?PR?GETBATTERYVOLTAGE?MAIN



OVERLAY MAP OF MODULE:   .\Output\ml070i_MRMCU (?C_STARTUP)


SEGMENT                                             BIT_GROUP          XDATA_GROUP
  +--> CALLED SEGMENT                            START    LENGTH     START    LENGTH
BL51 BANKED LINKER/LOCATER V6.22.2.0                                                  04/13/2021  10:16:19  PAGE 5


------------------------------------------------------------------------------------
?C_C51STARTUP                                    -----    -----      -----    -----
  +--> ?PR?MAIN?MAIN
  +--> ?C_INITSEG

?PR?MAIN?MAIN                                    -----    -----      -----    -----
  +--> ?PR?INITCPU?CPU
  +--> ?PR?SYSPOWERINITIAL?SYSPOWER
  +--> ?CO?MAIN
  +--> ?PR?_PRINTF?PRINTF
  +--> ?PR?MAIN_INIT?CPU
  +--> ?PR?INITVARS?CPU
  +--> ?PR?LOADEEPROM?MAIN
  +--> ?PR?INITIALTIMEREVENT?MAIN
  +--> ?PR?_SETAD5110STEP?MAIN
  +--> ?PR?CHECK_ADAP_IN?CPU
  +--> ?PR?MAIN_LOOP?MAIN
  +--> ?PR?WAITPOWERON?MAIN

?PR?SYSPOWERINITIAL?SYSPOWER                     -----    -----      -----    -----
  +--> ?PR?_MCUTIMERDELAYXMS?SYSTIMER
  +--> ?CO?SYSPOWER
  +--> ?PR?_DEBUG_MESSAGE?PRINTF

?PR?_DEBUG_MESSAGE?PRINTF                        -----    -----      0165H    002EH
  +--> ?PR?_DOPRINT?PRINTF

?PR?_DOPRINT?PRINTF                              0021H.3  0000H.2    0193H    0015H
  +--> ?CO?PRINTF

?PR?_PRINTF?PRINTF                               -----    -----      012AH    002EH
  +--> ?PR?_DOPRINT?PRINTF

?PR?MAIN_INIT?CPU                                -----    -----      0106H    0004H
  +--> ?PR?GETFWREVEE?ETC_EEP
  +--> ?PR?_READEEP?I2C
  +--> ?CO?CPU
  +--> ?PR?_PRINTF?PRINTF
  +--> ?PR?SAVEFWREVEE?ETC_EEP
  +--> ?PR?GETPROJECTNAMEEE?ETC_EEP
  +--> ?PR?CLEARBASICEE?ETC_EEP
  +--> ?PR?_DELAY?CPU

?PR?GETFWREVEE?ETC_EEP                           -----    -----      -----    -----
  +--> ?PR?_READEEP?I2C

?PR?_READEEP?I2C                                 -----    -----      0136H    0001H
  +--> ?PR?_READI2C?I2C
  +--> ?PR?_DELAY?CPU

?PR?_READI2C?I2C                                 -----    -----      0137H    0003H
  +--> ?PR?I2CSTART?I2C
  +--> ?PR?_I2CWRITEDATA?I2C
  +--> ?PR?I2CREADDATA?I2C
  +--> ?PR?I2CSTOP?I2C

?PR?I2CSTART?I2C                                 -----    -----      -----    -----
BL51 BANKED LINKER/LOCATER V6.22.2.0                                                  04/13/2021  10:16:19  PAGE 6


  +--> ?PR?I2CDELAY?I2C

?PR?_I2CWRITEDATA?I2C                            -----    -----      -----    -----
  +--> ?PR?I2CDELAY?I2C

?PR?I2CREADDATA?I2C                              -----    -----      -----    -----
  +--> ?PR?I2CDELAY?I2C

?PR?I2CSTOP?I2C                                  -----    -----      -----    -----
  +--> ?PR?I2CDELAY?I2C

?PR?SAVEFWREVEE?ETC_EEP                          -----    -----      -----    -----
  +--> ?PR?_WRITEEEP?I2C

?PR?_WRITEEEP?I2C                                -----    -----      010EH    0004H
  +--> ?PR?I2CSTART?I2C
  +--> ?PR?_I2CWRITEDATA?I2C
  +--> ?PR?I2CSTOP?I2C
  +--> ?PR?_DELAY?CPU

?PR?GETPROJECTNAMEEE?ETC_EEP                     -----    -----      010AH    0001H
  +--> ?PR?_READEEP?I2C

?PR?CLEARBASICEE?ETC_EEP                         -----    -----      -----    -----
  +--> ?CO?ETC_EEP
  +--> ?PR?_PRINTF?PRINTF
  +--> ?PR?_WRITEEEP?I2C

?PR?LOADEEPROM?MAIN                              -----    -----      -----    -----
  +--> ?PR?_READEEP?I2C
  +--> ?PR?_WRITEEEP?I2C

?PR?INITIALTIMEREVENT?MAIN                       -----    -----      -----    -----
  +--> ?PR?MCUTIMERINITIALTIMEREVENT?SYSTIMER
  +--> ?PR?_MCUTIMERACTIVETIMEREVENT?SYSTIMER

?PR?_MCUTIMERACTIVETIMEREVENT?SYSTIMER           -----    -----      012AH    0004H
  +--> ?PR?_MCUTIMERCHECKTIMEREVENT?SYSTIMER

?PR?_MCUTIMERCHECKTIMEREVENT?SYSTIMER            -----    -----      012EH    0005H
  +--> ?PR?MCUTIMERGETTIMERCOUNTER?SYSTIMER

?PR?MCUTIMERGETTIMERCOUNTER?SYSTIMER             -----    -----      0133H    0002H
  +--> ?PR?_ABS?ABS

?PR?_SETAD5110STEP?MAIN                          -----    -----      010AH    0002H
  +--> ?PR?_MAPPING1?MAIN
  +--> ?PR?_WRITEAD5110?I2C

?PR?_MAPPING1?MAIN                               -----    -----      010CH    000FH

?PR?_WRITEAD5110?I2C                             -----    -----      -----    -----
  +--> ?PR?I2CSTART?I2C
  +--> ?PR?_AD5110_I2CWRITEDATA?I2C
  +--> ?PR?I2CSTOP?I2C
  +--> ?PR?_DELAY?CPU

BL51 BANKED LINKER/LOCATER V6.22.2.0                                                  04/13/2021  10:16:19  PAGE 7


?PR?_AD5110_I2CWRITEDATA?I2C                     -----    -----      -----    -----
  +--> ?PR?I2CDELAY?I2C

?PR?CHECK_ADAP_IN?CPU                            -----    -----      -----    -----
  +--> ?PR?_MCUTIMERDELAYXMS?SYSTIMER

?PR?MAIN_LOOP?MAIN                               -----    -----      -----    -----
  +--> ?CO?MAIN
  +--> ?PR?_PRINTF?PRINTF
  +--> ?PR?GETROTATENUMBER?MAIN
  +--> ?PR?RS_READY?CPU
  +--> ?PR?MONITOR?MONITOR
  +--> ?PR?DVRRECEIVEPASER?HS_DVRPROTOCOL
  +--> ?PR?SYSTIMERHANDLER?SYSTIMER
  +--> ?PR?SYSPOWERHANDLER?SYSPOWER
  +--> ?PR?SCANKEY?KEYREMO
  +--> ?PR?ENCORDERHANDLER_TELI?MAIN
  +--> ?PR?ENCORDERHANDLER?MAIN

?PR?GETROTATENUMBER?MAIN                         -----    -----      0106H    0004H
  +--> ?PR?_READEEP?I2C
  +--> ?CO?MAIN
  +--> ?PR?_PRINTF?PRINTF

?PR?MONITOR?MONITOR                              -----    -----      0106H    0002H
  +--> ?PR?MONGETCOMMAND?MONITOR
  +--> ?CO?MONITOR
  +--> ?PR?_STRICMP?MONITOR
  +--> ?PR?_PRINTF?PRINTF
  +--> ?PR?_READAD5110?I2C
  +--> ?PR?_READEEP?I2C
  +--> ?PR?MONWRITEBIT?MONITOR
  +--> ?PR?_WRITEEEP?I2C
  +--> ?PR?_ASC2BIN?MONITOR
  +--> ?PR?MONHELP?MONITOR
  +--> ?PR?_SAVEDEBUGLEVELEE?ETC_EEP
  +--> ?PR?_PUTS?PRINTF
  +--> ?PR?RS_READY?CPU
  +--> ?PR?_READI2C?I2C
  +--> ?PR?_SET_PWM?CPU
  +--> ?PR?_MCUTIMERACTIVETIMEREVENT?SYSTIMER
  +--> ?PR?MONTXDUMP?MONITOR
  +--> ?PR?PROMPT?MONITOR

?PR?MONGETCOMMAND?MONITOR                        -----    -----      0108H    0003H
  +--> ?PR?RS_READY?CPU
  +--> ?PR?RS_RX?CPU
  +--> ?PR?_MCUTIMERREACTIVETIMEREVENT?SYSTIMER
  +--> ?PR?_MON_TX?MONITOR
  +--> ?PR?PROMPT?MONITOR
  +--> ?PR?_MONINCDECI2C?MONITOR

?PR?_MCUTIMERREACTIVETIMEREVENT?SYSTIMER         -----    -----      010BH    0004H
  +--> ?PR?_MCUTIMERCHECKTIMEREVENT?SYSTIMER

?PR?_MON_TX?MONITOR                              -----    -----      -----    -----
  +--> ?PR?_RS_TX?CPU
BL51 BANKED LINKER/LOCATER V6.22.2.0                                                  04/13/2021  10:16:19  PAGE 8



?PR?PROMPT?MONITOR                               -----    -----      -----    -----
  +--> ?CO?MONITOR
  +--> ?PR?_PRINTF?PRINTF

?PR?_MONINCDECI2C?MONITOR                        -----    -----      -----    -----
  +--> ?PR?_WRITEI2C?I2C
  +--> ?PR?_READI2C?I2C
  +--> ?CO?MONITOR
  +--> ?PR?_PRINTF?PRINTF
  +--> ?PR?PROMPT?MONITOR

?PR?_WRITEI2C?I2C                                -----    -----      010DH    0003H
  +--> ?PR?I2CSTART?I2C
  +--> ?PR?_I2CWRITEDATA?I2C
  +--> ?PR?I2CSTOP?I2C

?PR?_STRICMP?MONITOR                             -----    -----      0108H    0008H
  +--> ?CO?MONITOR
  +--> ?PR?_TOUPPER?MONITOR

?PR?_READAD5110?I2C                              -----    -----      0108H    0001H
  +--> ?PR?I2CSTART?I2C
  +--> ?PR?_AD5110_I2CWRITEDATA?I2C
  +--> ?PR?AD5110_I2CREADDATA?I2C
  +--> ?PR?I2CSTOP?I2C
  +--> ?PR?_DELAY?CPU

?PR?AD5110_I2CREADDATA?I2C                       -----    -----      -----    -----
  +--> ?PR?I2CDELAY?I2C

?PR?MONWRITEBIT?MONITOR                          -----    -----      0108H    0005H
  +--> ?CO?MONITOR
  +--> ?PR?_ASC2BIN?MONITOR
  +--> ?PR?_READI2C?I2C
  +--> ?PR?_WRITEI2C?I2C
  +--> ?PR?_PRINTF?PRINTF

?PR?_ASC2BIN?MONITOR                             -----    -----      -----    -----
  +--> ?PR?_ASC1BIN?MONITOR

?PR?MONHELP?MONITOR                              -----    -----      -----    -----
  +--> ?CO?MONITOR
  +--> ?PR?_PRINTF?PRINTF

?PR?_SAVEDEBUGLEVELEE?ETC_EEP                    -----    -----      -----    -----
  +--> ?PR?_WRITEEEP?I2C

?PR?_PUTS?PRINTF                                 -----    -----      010AH    0003H
  +--> ?PR?_RS_TX?CPU

?PR?_SET_PWM?CPU                                 -----    -----      010BH    0002H
  +--> ?CO?CPU
  +--> ?PR?_PRINTF?PRINTF

?PR?MONTXDUMP?MONITOR                            -----    -----      0108H    0002H
  +--> ?CO?MONITOR
BL51 BANKED LINKER/LOCATER V6.22.2.0                                                  04/13/2021  10:16:19  PAGE 9


  +--> ?PR?_PUTS?PRINTF
  +--> ?PR?_A2I?MONITOR
  +--> ?PR?_RS_TX?CPU

?PR?_A2I?MONITOR                                 -----    -----      010AH    0008H

?PR?DVRRECEIVEPASER?HS_DVRPROTOCOL               -----    -----      0106H    0001H
  +--> ?PR?RS2_READY?CPU
  +--> ?PR?RS2_RX?CPU
  +--> ?CO?HS_DVRPROTOCOL
  +--> ?PR?_GRAPHICSPRINT?PRINTF
  +--> ?PR?_USERINTERFACEBATTERYCHARGEMODE?S...
  +--> ?PR?_MCUTIMERCANCELTIMEREVENT?SYSTIMER
  +--> ?PR?_MCUTIMERACTIVETIMEREVENT?SYSTIMER
  +--> ?PR?_PRINTF?PRINTF
  +--> ?PR?_WRITEEEP?I2C
  +--> ?PR?_MCUTIMERREACTIVETIMEREVENT?SYSTIMER
  +--> ?PR?_READEEP?I2C
  +--> ?PR?_DEBUG_MESSAGE?PRINTF

?PR?_GRAPHICSPRINT?PRINTF                        -----    -----      0136H    002FH
  +--> ?PR?_DEBUG_MESSAGE?PRINTF
  +--> ?PR?_DOPRINT?PRINTF

?PR?_USERINTERFACEBATTERYCHARGEMODE?S...         -----    -----      010AH    0001H
  +--> ?PR?_MCUTIMERCANCELTIMEREVENT?SYSTIMER
  +--> ?PR?_SET_PWM?CPU
  +--> ?CO?SYSPOWER
  +--> ?PR?_GRAPHICSPRINT?PRINTF
  +--> ?PR?_USERINTERFACEPOWERSWITCH?SYSPOWER
  +--> ?PR?_MCUTIMERACTIVETIMEREVENT?SYSTIMER

?PR?_USERINTERFACEPOWERSWITCH?SYSPOWER           -----    -----      010BH    0001H
  +--> ?CO?SYSPOWER
  +--> ?PR?_PRINTF?PRINTF
  +--> ?PR?_MCUTIMERDELAYXMS?SYSTIMER
  +--> ?PR?_MCUTIMERACTIVETIMEREVENT?SYSTIMER
  +--> ?PR?_MCU_SENDCMDTODVR?MAIN

?PR?_MCU_SENDCMDTODVR?MAIN                       -----    -----      012AH    000CH
  +--> ?CO?MAIN
  +--> ?PR?_READEEP?I2C
  +--> ?PR?_GRAPHICSPRINT?PRINTF
  +--> ?PR?_MCULIB_PROTOCOLSENDCMDWITHPARAMN...

?PR?_MCULIB_PROTOCOLSENDCMDWITHPARAMN...         -----    -----      0136H    0017H
  +--> ?PR?_MCULIB_PROTOCOLAPPEND?MAIN
  +--> ?PR?_RS2_TX?CPU

?PR?_MCULIB_PROTOCOLAPPEND?MAIN                  -----    -----      014DH    0007H

?PR?SYSTIMERHANDLER?SYSTIMER                     -----    -----      0106H    0004H
  +--> ?PR?MCUTIMERGETTIMERCOUNTER?SYSTIMER
  +--> ?PR?_MCUTIMERCHECKEVENTVALID?SYSTIMER
  +--> ?PR?_MCUTIMERGETEVENTTIME?SYSTIMER
  +--> ?PR?_MCUTIMERCLREVENTVALID?SYSTIMER
  +--> ?PR?_MCUTIMERGETEVENTID?SYSTIMER
BL51 BANKED LINKER/LOCATER V6.22.2.0                                                  04/13/2021  10:16:19  PAGE 10


  +--> ?PR?_USERINTERFACETIMEREVENTPROC?SYST...
  +--> ?PR?_SYSTIMEREVENTPROC?SYSTIMER

?PR?_USERINTERFACETIMEREVENTPROC?SYST...         -----    -----      -----    -----
  +--> ?PR?_SETAD5110STEP?MAIN
  +--> ?PR?_WRITEEEP?I2C
  +--> ?CO?SYSTIMER
  +--> ?PR?_MCU_SENDCMDTODVR?MAIN
  +--> ?PR?_GRAPHICSPRINT?PRINTF
  +--> ?PR?_USERINTERFACEBATTERYCHARGEMODE?S...
  +--> ?PR?_MCUTIMERACTIVETIMEREVENT?SYSTIMER
  +--> ?PR?ENTER_ISP?MAIN
  +--> ?PR?_USERINTERFACEPOWERSWITCH?SYSPOWER

?PR?ENTER_ISP?MAIN                               -----    -----      010AH    0001H
  +--> ?PR?ISP_INIT?MAIN
  +--> ?PR?_ISP_WRITE?MAIN

?PR?_ISP_WRITE?MAIN                              -----    -----      010BH    0006H

?PR?_SYSTIMEREVENTPROC?SYSTIMER                  -----    -----      -----    -----
  +--> ?PR?_POWERLED?CPU
  +--> ?PR?_MCUTIMERDELAYXMS?SYSTIMER
  +--> ?PR?CHECK_ADAP_IN?CPU
  +--> ?PR?_MCUTIMERCHECKEVENTVALID?SYSTIMER
  +--> ?CO?SYSTIMER
  +--> ?PR?_GRAPHICSPRINT?PRINTF
  +--> ?PR?_MCUTIMERCANCELTIMEREVENT?SYSTIMER
  +--> ?PR?_MCUTIMERACTIVETIMEREVENT?SYSTIMER
  +--> ?PR?_MCU_SENDCMDTODVR?MAIN
  +--> ?PR?GETBATTERYVOLTAGE?MAIN
  +--> ?PR?GETBATTERYBTH?MAIN
  +--> ?PR?_READEEP?I2C
  +--> ?PR?_WRITEEEP?I2C
  +--> ?PR?_USERINTERFACEBATTERYCHARGEMODE?S...
  +--> ?PR?SHOWWORKINGTIMER?CPU

?PR?GETBATTERYVOLTAGE?MAIN                       -----    -----      -----    -----
  +--> ?PR?_GETADCVALUE?MAIN

?PR?GETBATTERYBTH?MAIN                           -----    -----      -----    -----
  +--> ?PR?_GETADCVALUE?MAIN

?PR?SHOWWORKINGTIMER?CPU                         -----    -----      010AH    0002H
  +--> ?CO?CPU
  +--> ?PR?_GRAPHICSPRINT?PRINTF

?PR?SYSPOWERHANDLER?SYSPOWER                     -----    -----      -----    -----
  +--> ?PR?_SYSPOWERSWITCH?SYSPOWER

?PR?_SYSPOWERSWITCH?SYSPOWER                     -----    -----      0106H    0001H
  +--> ?PR?_USERINTERFACEPOWERSWITCH?SYSPOWER

?PR?SCANKEY?KEYREMO                              -----    -----      -----    -----
  +--> ?PR?_GETKEY?KEYREMO
  +--> ?PR?_WRITEEEP?I2C
  +--> ?PR?_MCUTIMERACTIVETIMEREVENT?SYSTIMER
BL51 BANKED LINKER/LOCATER V6.22.2.0                                                  04/13/2021  10:16:19  PAGE 11



?PR?_GETKEY?KEYREMO                              0021H.3  0000H.1    -----    -----

?PR?ENCORDERHANDLER_TELI?MAIN                    -----    -----      0106H    0024H
  +--> ?CO?MAIN
  +--> ?PR?_PRINTF?PRINTF
  +--> ?PR?_MCU_SENDCMDTODVR?MAIN
  +--> ?PR?_MCUTIMERCANCELTIMEREVENT?SYSTIMER
  +--> ?PR?_MCUTIMERACTIVETIMEREVENT?SYSTIMER

?PR?ENCORDERHANDLER?MAIN                         -----    -----      0106H    0022H
  +--> ?CO?MAIN
  +--> ?PR?_PRINTF?PRINTF
  +--> ?PR?_MCU_SENDCMDTODVR?MAIN
  +--> ?PR?_MCUTIMERCANCELTIMEREVENT?SYSTIMER
  +--> ?PR?_MCUTIMERACTIVETIMEREVENT?SYSTIMER

?PR?WAITPOWERON?MAIN                             -----    -----      -----    -----
  +--> ?CO?MAIN
  +--> ?PR?_PRINTF?PRINTF
  +--> ?PR?_MCUTIMERCANCELTIMEREVENT?SYSTIMER
  +--> ?PR?_SAVEROTATENUMBER?MAIN
  +--> ?PR?RS_READY?CPU
  +--> ?PR?MONITOR?MONITOR
  +--> ?PR?SYSPOWERHANDLER?SYSPOWER
  +--> ?PR?SYSTIMERHANDLER?SYSTIMER
  +--> ?PR?SCANKEY?KEYREMO
  +--> ?PR?_MCUTIMERACTIVETIMEREVENT?SYSTIMER
  +--> ?PR?CHECK_ADAP_IN?CPU
  +--> ?PR?SET_MCU_POWER_DOWN_MODE?CPU
  +--> ?PR?_WRITEEEP?I2C

?PR?_SAVEROTATENUMBER?MAIN                       -----    -----      0106H    0008H
  +--> ?PR?_READEEP?I2C
  +--> ?CO?MAIN
  +--> ?PR?_PRINTF?PRINTF
  +--> ?PR?_WRITEEEP?I2C

?PR?SET_MCU_POWER_DOWN_MODE?CPU                  -----    -----      -----    -----
  +--> ?CO?CPU
  +--> ?PR?_PRINTF?PRINTF

?C_INITSEG                                       -----    -----      -----    -----
  +--> ?CO?PRINTF



SYMBOL TABLE OF MODULE:  .\Output\ml070i_MRMCU (?C_STARTUP)

  VALUE           TYPE          NAME
  ----------------------------------

  -------         MODULE        ?C_STARTUP
  C:7BEAH         SEGMENT       ?C_C51STARTUP
  I:007AH         SEGMENT       ?STACK
  C:0000H         PUBLIC        ?C_STARTUP
  D:00E0H         SYMBOL        ACC
BL51 BANKED LINKER/LOCATER V6.22.2.0                                                  04/13/2021  10:16:19  PAGE 12


  D:00F0H         SYMBOL        B
  D:0083H         SYMBOL        DPH
  D:0082H         SYMBOL        DPL
  N:0000H         SYMBOL        IBPSTACK
  N:0100H         SYMBOL        IBPSTACKTOP
  N:0080H         SYMBOL        IDATALEN
  C:7BEDH         SYMBOL        IDATALOOP
  N:0000H         SYMBOL        PBPSTACK
  N:0100H         SYMBOL        PBPSTACKTOP
  N:0000H         SYMBOL        PDATALEN
  N:0000H         SYMBOL        PDATASTART
  N:0000H         SYMBOL        PPAGE
  N:0000H         SYMBOL        PPAGEENABLE
  D:00A0H         SYMBOL        PPAGE_SFR
  D:0081H         SYMBOL        SP
  C:7BEAH         SYMBOL        STARTUP1
  N:0000H         SYMBOL        XBPSTACK
  N:0000H         SYMBOL        XBPSTACKTOP
  N:0000H         SYMBOL        XDATALEN
  N:0000H         SYMBOL        XDATASTART
  C:0000H         LINE#         126
  C:7BEAH         LINE#         133
  C:7BECH         LINE#         134
  C:7BEDH         LINE#         135
  C:7BEEH         LINE#         136
  C:7BF0H         LINE#         185
  C:7BF3H         LINE#         196
  -------         ENDMOD        ?C_STARTUP

  -------         MODULE        CPU
  C:0000H         SYMBOL        _ICE_DUMMY_
  D:0091H         PUBLIC        P1M0
  X:02B8H         PUBLIC        second
  C:80E9H         PUBLIC        InitCPU
  D:00B1H         PUBLIC        P3M0
  D:0096H         PUBLIC        P2M1
  C:5230H         PUBLIC        timer0_int
  X:02B9H         PUBLIC        FormatSDCard
  D:00B3H         PUBLIC        P4M0
  D:00B2H         PUBLIC        P3M1
  D:00B4H         PUBLIC        P4M1
  D:00B0H         PUBLIC        P3
  C:895FH         PUBLIC        timer2_int
  D:00E8H         PUBLIC        P4
  X:02BAH         PUBLIC        FormatWait
  X:02BBH         PUBLIC        Power_Msg_Count
  X:02BDH         PUBLIC        IE_Temp
  D:00F9H         PUBLIC        CH
  D:0022H         PUBLIC        DVR_buf
  D:0040H         PUBLIC        keytic
  D:00A8H         PUBLIC        IE
  C:4A20H         PUBLIC        ShowWorkingTimer
  D:00E9H         PUBLIC        CL
  D:0042H         PUBLIC        RS2_in
  B:0020H.0       PUBLIC        RepeatKey
  X:02BEH         PUBLIC        LED_FLASH_COUNT
  D:0043H         PUBLIC        RS2_out
BL51 BANKED LINKER/LOCATER V6.22.2.0                                                  04/13/2021  10:16:19  PAGE 13


  C:88ACH         PUBLIC        _delay
  D:00FCH         PUBLIC        CCAP2H
  B:00E8H.0       PUBLIC        P4_0
  D:00FDH         PUBLIC        CCAP3H
  B:00E8H.1       PUBLIC        P4_1
  B:0090H.4       PUBLIC        P1_4
  B:0080H.5       PUBLIC        P0_5
  X:02C0H         PUBLIC        minute
  B:00E8H.2       PUBLIC        P4_2
  D:00ECH         PUBLIC        CCAP2L
  B:00A8H.4       PUBLIC        ES
  D:00EDH         PUBLIC        CCAP3L
  D:00DCH         PUBLIC        CCAPM2
  D:00DDH         PUBLIC        CCAPM3
  D:00B8H         PUBLIC        IP
  B:0098H.0       PUBLIC        RI
  B:0098H.1       PUBLIC        TI
  C:897AH         PUBLIC        RS_ready
  D:0044H         PUBLIC        tic01
  B:0020H.1       PUBLIC        KeyReady
  C:8809H         PUBLIC        RS2_rx
  B:0020H.2       PUBLIC        RS_Xbusy
  D:0045H         PUBLIC        tic02
  D:00D9H         PUBLIC        CMOD
  D:00D8H         PUBLIC        CCON
  C:8999H         PUBLIC        _RS2_tx
  X:02C1H         PUBLIC        Time5ms
  X:02C2H         PUBLIC        month
  X:02C3H         PUBLIC        keyticSec
  D:0046H         PUBLIC        Key
  C:87CBH         PUBLIC        int2_int
  C:87EAH         PUBLIC        int3_int
  X:02C4H         PUBLIC        bytEncorderCountTemp
  C:8672H         PUBLIC        serial_int
  C:0026H         PUBLIC        ext1_int
  D:0099H         PUBLIC        SBUF
  D:0087H         PUBLIC        PCON
  D:0098H         PUBLIC        SCON
  C:88C4H         PUBLIC        InitVars
  D:0089H         PUBLIC        TMOD
  D:0088H         PUBLIC        TCON
  C:715EH         PUBLIC        main_init
  X:02C5H         PUBLIC        day
  X:02C6H         PUBLIC        hour
  B:00C0H.1       PUBLIC        IE2
  B:00C0H.5       PUBLIC        IE3
  C:7AC2H         PUBLIC        _SET_PWM
  X:02C7H         PUBLIC        PowerDownWait
  D:0047H         PUBLIC        tm01
  D:0049H         PUBLIC        stopWatch
  X:02C8H         PUBLIC        EncorderCount
  D:004BH         SYMBOL        RS_buf
  C:8643H         PUBLIC        SET_MCU_POWER_DOWN_MODE
  D:0069H         PUBLIC        tic_PWR_SAVING
  D:006DH         PUBLIC        tic_Init_time
  B:00A8H.5       PUBLIC        ET2
  B:00C8H.7       PUBLIC        TF2
BL51 BANKED LINKER/LOCATER V6.22.2.0                                                  04/13/2021  10:16:19  PAGE 14


  D:008CH         PUBLIC        TH0
  D:008DH         PUBLIC        TH1
  X:02CAH         PUBLIC        bytHoldOn3SPowerOff
  B:00A8H.2       PUBLIC        EX1
  B:00C0H.2       PUBLIC        EX2
  B:00C0H.0       PUBLIC        IT2
  C:8985H         PUBLIC        RS2_ready
  C:8827H         PUBLIC        Check_ADAP_IN
  B:00C0H.6       PUBLIC        EX3
  B:00C0H.4       PUBLIC        IT3
  D:008AH         PUBLIC        TL0
  X:02CBH         PUBLIC        bytHoldOn3SPowerOffMode
  B:0020H.3       PUBLIC        RS2_Xbusy
  B:00C8H.2       PUBLIC        TR2
  X:02CCH         PUBLIC        updn_reg
  B:0020H.4       PUBLIC        PWR_SAVING_ACT_FLAG
  D:0071H         PUBLIC        RS_in
  D:0072H         PUBLIC        RS_out
  C:8491H         PUBLIC        serial2_int
  D:009AH         PUBLIC        S2BUF
  X:02D0H         PUBLIC        year1
  X:02D1H         PUBLIC        year2
  C:7EFAH         PUBLIC        _PowerLED
  D:00AAH         PUBLIC        S2CON
  D:00C8H         PUBLIC        T2CON
  D:00BAH         PUBLIC        S2BRT
  X:02D2H         PUBLIC        DVR_FACTORY_MODE
  C:8843H         PUBLIC        RS_rx
  C:0003H         PUBLIC        _RS_tx
  D:0073H         PUBLIC        tm001
  D:00A6H         PUBLIC        AUXR2
  B:0020H.5       PUBLIC        ChangeKey
  D:0074H         PUBLIC        tic_pc
  D:0076H         PUBLIC        SystemClock
  D:0093H         PUBLIC        P0M0
  D:00ADH         PUBLIC        AUXIE
  -------         PROC          MAIN_INIT
  -------         DO            
  X:0106H         SYMBOL        rev
  -------         ENDDO         
  C:715EH         LINE#         94
  C:715EH         LINE#         95
  C:715EH         LINE#         98
  C:7167H         LINE#         101
  C:71A9H         LINE#         103
  C:71B8H         LINE#         104
  C:71B8H         LINE#         105
  C:71D2H         LINE#         106
  C:71D5H         LINE#         107
  C:7217H         LINE#         108
  C:7217H         LINE#         112
  C:7226H         LINE#         113
  C:7226H         LINE#         116
  C:7226H         LINE#         117
  C:722CH         LINE#         118
  C:722FH         LINE#         119
  C:722FH         LINE#         120
BL51 BANKED LINKER/LOCATER V6.22.2.0                                                  04/13/2021  10:16:19  PAGE 15


  C:7231H         LINE#         122
  C:7231H         LINE#         123
  C:723AH         LINE#         124
  C:7243H         LINE#         125
  C:724AH         LINE#         127
  C:724AH         LINE#         129
  C:724FH         LINE#         132
  C:7257H         LINE#         133
  C:725CH         LINE#         135
  -------         ENDPROC       MAIN_INIT
  -------         PROC          INITCPU
  C:80E9H         LINE#         143
  C:80E9H         LINE#         144
  C:80E9H         LINE#         148
  C:80ECH         LINE#         156
  C:80EFH         LINE#         158
  C:80F2H         LINE#         160
  C:80F5H         LINE#         168
  C:80FBH         LINE#         170
  C:80FEH         LINE#         171
  C:8101H         LINE#         175
  C:8104H         LINE#         178
  C:8106H         LINE#         179
  C:8108H         LINE#         198
  C:810BH         LINE#         199
  C:810DH         LINE#         200
  C:810FH         LINE#         207
  C:8112H         LINE#         208
  C:8115H         LINE#         211
  C:8118H         LINE#         214
  C:811BH         LINE#         216
  C:811DH         LINE#         218
  C:811FH         LINE#         219
  C:8121H         LINE#         223
  C:8124H         LINE#         224
  C:8127H         LINE#         234
  C:812AH         LINE#         237
  C:812DH         LINE#         239
  C:8130H         LINE#         241
  C:8133H         LINE#         242
  C:8135H         LINE#         243
  C:8138H         LINE#         244
  C:813AH         LINE#         246
  -------         ENDPROC       INITCPU
  -------         PROC          SET_MCU_POWER_DOWN_MODE
  C:8643H         LINE#         249
  C:8643H         LINE#         250
  C:8643H         LINE#         252
  C:864CH         LINE#         254
  C:864EH         LINE#         255
  C:8650H         LINE#         256
  C:8652H         LINE#         258
  C:8654H         LINE#         259
  C:8656H         LINE#         260
  C:8658H         LINE#         262
  C:865EH         LINE#         263
  C:8661H         LINE#         265
BL51 BANKED LINKER/LOCATER V6.22.2.0                                                  04/13/2021  10:16:19  PAGE 16


  C:8667H         LINE#         266
  C:8669H         LINE#         267
  C:866BH         LINE#         268
  C:866EH         LINE#         269
  C:866FH         LINE#         270
  C:8670H         LINE#         271
  C:8671H         LINE#         275
  -------         ENDPROC       SET_MCU_POWER_DOWN_MODE
  -------         PROC          CHECK_ADAP_IN
  C:8827H         LINE#         278
  C:8827H         LINE#         279
  C:8827H         LINE#         281
  C:882DH         LINE#         282
  C:882DH         LINE#         283
  C:8834H         LINE#         285
  C:883AH         LINE#         286
  C:883DH         LINE#         288
  C:8840H         LINE#         289
  C:8840H         LINE#         291
  C:8842H         LINE#         292
  -------         ENDPROC       CHECK_ADAP_IN
  -------         PROC          _SET_PWM
  X:010BH         SYMBOL        index
  X:010CH         SYMBOL        val
  C:7AC2H         LINE#         294
  C:7ACAH         LINE#         295
  C:7ACAH         LINE#         297
  C:7AE3H         LINE#         299
  C:7AF5H         LINE#         300
  C:7AF5H         LINE#         301
  C:7AF5H         LINE#         303
  C:7AF8H         LINE#         304
  C:7B03H         LINE#         305
  C:7B06H         LINE#         307
  C:7B09H         LINE#         308
  C:7B09H         LINE#         309
  C:7B0BH         LINE#         310
  C:7B0DH         LINE#         311
  C:7B0DH         LINE#         313
  C:7B15H         LINE#         314
  C:7B15H         LINE#         315
  C:7B18H         LINE#         316
  C:7B1BH         LINE#         317
  C:7B1EH         LINE#         318
  C:7B24H         LINE#         319
  C:7B26H         LINE#         320
  C:7B2EH         LINE#         321
  C:7B2EH         LINE#         322
  C:7B31H         LINE#         323
  C:7B34H         LINE#         324
  C:7B37H         LINE#         325
  C:7B40H         LINE#         326
  C:7B40H         LINE#         360
  C:7B40H         LINE#         361
  C:7B40H         LINE#         362
  C:7B43H         LINE#         363
  C:7B4EH         LINE#         364
BL51 BANKED LINKER/LOCATER V6.22.2.0                                                  04/13/2021  10:16:19  PAGE 17


  C:7B51H         LINE#         365
  C:7B52H         LINE#         366
  C:7B52H         LINE#         367
  C:7B55H         LINE#         368
  C:7B56H         LINE#         369
  C:7B56H         LINE#         370
  C:7B59H         LINE#         371
  C:7B59H         LINE#         373
  C:7B59H         LINE#         374
  C:7B59H         LINE#         375
  C:7B59H         LINE#         378
  -------         ENDPROC       _SET_PWM
  -------         PROC          TIMER0_INT
  -------         DO            
  D:000FH         SYMBOL        TempKey
  -------         ENDDO         
  C:5230H         LINE#         387
  C:523DH         LINE#         394
  C:523FH         LINE#         397
  C:5241H         LINE#         400
  C:524CH         LINE#         401
  C:524CH         LINE#         402
  C:525AH         LINE#         403
  C:525DH         LINE#         404
  C:525FH         LINE#         405
  C:525FH         LINE#         407
  C:5265H         LINE#         408
  C:5267H         LINE#         409
  C:5270H         LINE#         410
  C:5270H         LINE#         412
  C:5279H         LINE#         413
  C:5283H         LINE#         414
  C:5283H         LINE#         415
  C:528BH         LINE#         416
  C:5293H         LINE#         417
  C:529BH         LINE#         418
  C:529EH         LINE#         419
  C:52A0H         LINE#         422
  C:52ABH         LINE#         423
  C:52B0H         LINE#         425
  C:52B3H         LINE#         427
  C:52CEH         LINE#         428
  C:52CEH         LINE#         429
  C:52DCH         LINE#         430
  C:52E2H         LINE#         431
  C:52E2H         LINE#         432
  C:52FAH         LINE#         433
  C:52FAH         LINE#         434
  C:5308H         LINE#         435
  C:530EH         LINE#         436
  C:530EH         LINE#         437
  C:5326H         LINE#         438
  C:5326H         LINE#         439
  C:5334H         LINE#         440
  C:533AH         LINE#         441
  C:533AH         LINE#         442
  C:5355H         LINE#         443
BL51 BANKED LINKER/LOCATER V6.22.2.0                                                  04/13/2021  10:16:19  PAGE 18


  C:5355H         LINE#         444
  C:5363H         LINE#         445
  C:5369H         LINE#         446
  C:5369H         LINE#         447
  C:5381H         LINE#         448
  C:5381H         LINE#         449
  C:538FH         LINE#         450
  C:5395H         LINE#         451
  C:5395H         LINE#         452
  C:53ADH         LINE#         453
  C:53ADH         LINE#         454
  C:53BBH         LINE#         455
  C:53C1H         LINE#         456
  C:53C1H         LINE#         457
  C:53DCH         LINE#         458
  C:53DCH         LINE#         459
  C:53EAH         LINE#         460
  C:53F0H         LINE#         461
  C:53F0H         LINE#         462
  C:5408H         LINE#         463
  C:5408H         LINE#         464
  C:5416H         LINE#         465
  C:541CH         LINE#         466
  C:541CH         LINE#         468
  C:5424H         LINE#         469
  C:5424H         LINE#         470
  C:5443H         LINE#         471
  C:5448H         LINE#         472
  C:5448H         LINE#         473
  C:5448H         LINE#         474
  C:5448H         LINE#         483
  C:5456H         LINE#         486
  C:545EH         LINE#         487
  C:5461H         LINE#         488
  C:5463H         LINE#         490
  C:5469H         LINE#         491
  C:5469H         LINE#         493
  C:546BH         LINE#         496
  C:5472H         LINE#         497
  C:5477H         LINE#         499
  C:5479H         LINE#         501
  C:5479H         LINE#         502
  C:5483H         LINE#         503
  C:548BH         LINE#         506
  C:5499H         LINE#         507
  C:54ADH         LINE#         508
  C:54B7H         LINE#         509
  C:54C5H         LINE#         550
  C:54D1H         LINE#         551
  C:54D1H         LINE#         552
  C:54D9H         LINE#         553
  C:54D9H         LINE#         554
  C:54EAH         LINE#         555
  C:54EAH         LINE#         556
  C:54EDH         LINE#         557
  C:54EFH         LINE#         558
  C:54F1H         LINE#         559
BL51 BANKED LINKER/LOCATER V6.22.2.0                                                  04/13/2021  10:16:19  PAGE 19


  C:54F1H         LINE#         560
  C:54F3H         LINE#         561
  C:550FH         LINE#         562
  C:550FH         LINE#         563
  C:5512H         LINE#         564
  C:5512H         LINE#         565
  C:5515H         LINE#         566
  C:5517H         LINE#         567
  C:551CH         LINE#         568
  C:551EH         LINE#         569
  C:551EH         LINE#         570
  C:5520H         LINE#         571
  C:552AH         LINE#         573
  C:552DH         LINE#         574
  C:552DH         LINE#         575
  C:5530H         LINE#         576
  C:5532H         LINE#         577
  C:5538H         LINE#         578
  C:553AH         LINE#         579
  C:553AH         LINE#         581
  C:5540H         LINE#         582
  C:5540H         LINE#         584
  C:5548H         LINE#         585
  C:554AH         LINE#         587
  C:554AH         LINE#         588
  C:5560H         LINE#         589
  C:5563H         LINE#         590
  C:5565H         LINE#         591
  C:5567H         LINE#         593
  C:5567H         LINE#         594
  C:556AH         LINE#         595
  C:556CH         LINE#         596
  C:556CH         LINE#         598
  C:556EH         LINE#         599
  C:5574H         LINE#         600
  C:5574H         LINE#         631
  C:5574H         LINE#         633
  -------         ENDPROC       TIMER0_INT
  -------         PROC          SHOWWORKINGTIMER
  -------         DO            
  X:010AH         SYMBOL        val
  -------         ENDDO         
  C:4A20H         LINE#         638
  C:4A20H         LINE#         639
  C:4A20H         LINE#         642
  C:4A2BH         LINE#         644
  C:4A32H         LINE#         645
  C:4A32H         LINE#         646
  C:4A62H         LINE#         647
  C:4A64H         LINE#         648
  C:4A6BH         LINE#         649
  C:4A6BH         LINE#         650
  C:4A8EH         LINE#         651
  C:4A90H         LINE#         652
  C:4A99H         LINE#         653
  C:4A99H         LINE#         654
  C:4AADH         LINE#         655
BL51 BANKED LINKER/LOCATER V6.22.2.0                                                  04/13/2021  10:16:19  PAGE 20


  C:4AAFH         LINE#         657
  C:4AAFH         LINE#         658
  C:4AC5H         LINE#         659
  C:4AC5H         LINE#         663
  C:4B0DH         LINE#         667
  C:4B17H         LINE#         668
  C:4B21H         LINE#         669
  C:4B2AH         LINE#         670
  C:4B34H         LINE#         672
  C:4B3EH         LINE#         673
  C:4B48H         LINE#         674
  C:4B55H         LINE#         675
  C:4B5DH         LINE#         677
  C:4B66H         LINE#         683
  C:4B70H         LINE#         684
  C:4B70H         LINE#         685
  C:4BCFH         LINE#         686
  C:4BDDH         LINE#         688
  C:4BDFH         LINE#         690
  C:4BDFH         LINE#         694
  C:4C1BH         LINE#         696
  C:4C29H         LINE#         697
  C:4C40H         LINE#         699
  C:4C54H         LINE#         703
  C:4C54H         LINE#         706
  C:4CA7H         LINE#         710
  C:4CB1H         LINE#         711
  C:4CBBH         LINE#         712
  C:4CC5H         LINE#         713
  C:4CCFH         LINE#         714
  C:4CD9H         LINE#         715
  C:4CE3H         LINE#         716
  C:4CEDH         LINE#         717
  C:4CF7H         LINE#         718
  C:4D01H         LINE#         719
  C:4D0CH         LINE#         721
  C:4D16H         LINE#         722
  C:4D1EH         LINE#         723
  C:4D28H         LINE#         724
  C:4D30H         LINE#         725
  C:4D3AH         LINE#         726
  C:4D42H         LINE#         727
  C:4D4CH         LINE#         728
  C:4D54H         LINE#         729
  C:4D5CH         LINE#         730
  C:4D66H         LINE#         731
  C:4D70H         LINE#         732
  C:4D7AH         LINE#         733
  C:4D84H         LINE#         734
  C:4D8EH         LINE#         735
  C:4D98H         LINE#         736
  C:4DA2H         LINE#         737
  C:4DACH         LINE#         738
  C:4DB6H         LINE#         739
  C:4DC0H         LINE#         740
  C:4DCBH         LINE#         742
  C:4DD7H         LINE#         743
BL51 BANKED LINKER/LOCATER V6.22.2.0                                                  04/13/2021  10:16:19  PAGE 21


  C:4DE2H         LINE#         745
  C:4DECH         LINE#         746
  C:4DF4H         LINE#         747
  C:4DFEH         LINE#         748
  C:4E06H         LINE#         749
  C:4E12H         LINE#         750
  C:4E18H         LINE#         752
  C:4E30H         LINE#         770
  -------         ENDPROC       SHOWWORKINGTIMER
  -------         PROC          INITVARS
  -------         DO            
  D:0007H         SYMBOL        j
  -------         ENDDO         
  C:88C4H         LINE#         780
  C:88C4H         LINE#         781
  C:88C4H         LINE#         783
  C:88D0H         LINE#         784
  C:88D9H         LINE#         786
  -------         ENDPROC       INITVARS
  -------         PROC          _POWERLED
  D:0007H         SYMBOL        flag
  C:7EFAH         LINE#         792
  C:7EFAH         LINE#         793
  C:7EFAH         LINE#         795
  C:7F2EH         LINE#         796
  C:7F2EH         LINE#         797
  C:7F2EH         LINE#         798
  C:7F30H         LINE#         799
  C:7F32H         LINE#         800
  C:7F33H         LINE#         801
  C:7F33H         LINE#         802
  C:7F35H         LINE#         803
  C:7F37H         LINE#         804
  C:7F38H         LINE#         805
  C:7F38H         LINE#         806
  C:7F38H         LINE#         807
  C:7F38H         LINE#         808
  C:7F3AH         LINE#         809
  C:7F3AH         LINE#         810
  C:7F3AH         LINE#         811
  C:7F3AH         LINE#         812
  C:7F3CH         LINE#         813
  C:7F3CH         LINE#         814
  C:7F3FH         LINE#         815
  C:7F3FH         LINE#         816
  C:7F41H         LINE#         817
  C:7F43H         LINE#         818
  C:7F44H         LINE#         825
  C:7F44H         LINE#         826
  C:7F47H         LINE#         827
  C:7F47H         LINE#         828
  C:7F49H         LINE#         829
  C:7F4BH         LINE#         830
  C:7F4CH         LINE#         832
  C:7F4CH         LINE#         833
  C:7F4CH         LINE#         834
  C:7F4CH         LINE#         835
BL51 BANKED LINKER/LOCATER V6.22.2.0                                                  04/13/2021  10:16:19  PAGE 22


  C:7F4CH         LINE#         836
  C:7F4EH         LINE#         837
  C:7F4EH         LINE#         838
  C:7F51H         LINE#         839
  C:7F51H         LINE#         840
  C:7F53H         LINE#         841
  C:7F55H         LINE#         842
  C:7F56H         LINE#         844
  C:7F56H         LINE#         845
  C:7F58H         LINE#         846
  C:7F5AH         LINE#         847
  C:7F5AH         LINE#         848
  C:7F5BH         LINE#         849
  C:7F5BH         LINE#         850
  C:7F5EH         LINE#         851
  C:7F5EH         LINE#         852
  C:7F60H         LINE#         853
  C:7F62H         LINE#         855
  C:7F62H         LINE#         856
  C:7F64H         LINE#         857
  C:7F64H         LINE#         859
  C:7F66H         LINE#         861
  C:7F67H         LINE#         862
  C:7F67H         LINE#         863
  C:7F6AH         LINE#         864
  C:7F6AH         LINE#         865
  C:7F6CH         LINE#         866
  C:7F6EH         LINE#         868
  C:7F6EH         LINE#         869
  C:7F70H         LINE#         870
  C:7F70H         LINE#         872
  C:7F72H         LINE#         875
  C:7F72H         LINE#         876
  C:7F72H         LINE#         877
  C:7F72H         LINE#         878
  C:7F72H         LINE#         879
  -------         ENDPROC       _POWERLED
  -------         PROC          EXT1_INT
  C:0026H         LINE#         888
  C:0026H         LINE#         890
  C:0028H         LINE#         891
  -------         ENDPROC       EXT1_INT
  -------         PROC          SERIAL_INT
  C:8672H         LINE#         914
  C:8679H         LINE#         920
  C:867CH         LINE#         929
  C:8683H         LINE#         930
  C:8685H         LINE#         931
  C:8693H         LINE#         935
  C:8695H         LINE#         937
  C:8695H         LINE#         939
  C:8698H         LINE#         940
  C:869AH         LINE#         941
  C:869CH         LINE#         942
  C:869CH         LINE#         943
  -------         ENDPROC       SERIAL_INT
  -------         PROC          SERIAL2_INT
BL51 BANKED LINKER/LOCATER V6.22.2.0                                                  04/13/2021  10:16:19  PAGE 23


  C:8491H         LINE#         947
  C:8498H         LINE#         952
  C:84A0H         LINE#         953
  C:84A0H         LINE#         955
  C:84A3H         LINE#         957
  C:84AAH         LINE#         960
  C:84ACH         LINE#         961
  C:84BAH         LINE#         962
  C:84BAH         LINE#         964
  C:84C2H         LINE#         965
  C:84C2H         LINE#         966
  C:84C5H         LINE#         967
  C:84C7H         LINE#         968
  C:84C7H         LINE#         969
  -------         ENDPROC       SERIAL2_INT
  -------         PROC          RS_READY
  C:897AH         LINE#         978
  C:897AH         LINE#         979
  C:897AH         LINE#         980
  C:8982H         LINE#         981
  C:8984H         LINE#         982
  -------         ENDPROC       RS_READY
  -------         PROC          RS_RX
  -------         DO            
  D:0007H         SYMBOL        ret
  -------         ENDDO         
  C:8843H         LINE#         987
  C:8843H         LINE#         988
  C:8843H         LINE#         991
  C:8845H         LINE#         992
  C:884CH         LINE#         993
  C:884EH         LINE#         994
  C:8859H         LINE#         995
  C:885CH         LINE#         996
  C:885EH         LINE#         998
  C:885EH         LINE#         999
  -------         ENDPROC       RS_RX
  -------         PROC          RS2_READY
  C:8985H         LINE#         1005
  C:8985H         LINE#         1006
  C:8985H         LINE#         1007
  C:898DH         LINE#         1008
  C:898FH         LINE#         1009
  -------         ENDPROC       RS2_READY
  -------         PROC          RS2_RX
  -------         DO            
  D:0007H         SYMBOL        ret
  -------         ENDDO         
  C:8809H         LINE#         1013
  C:8809H         LINE#         1014
  C:8809H         LINE#         1017
  C:880CH         LINE#         1018
  C:8813H         LINE#         1019
  C:8815H         LINE#         1020
  C:8820H         LINE#         1021
  C:8823H         LINE#         1022
  C:8826H         LINE#         1024
BL51 BANKED LINKER/LOCATER V6.22.2.0                                                  04/13/2021  10:16:19  PAGE 24


  C:8826H         LINE#         1025
  -------         ENDPROC       RS2_RX
  -------         PROC          _RS_TX
  D:0007H         SYMBOL        tx_buf
  C:0003H         LINE#         1031
  C:0003H         LINE#         1032
  C:0003H         LINE#         1033
  C:0006H         LINE#         1034
  C:0008H         LINE#         1035
  C:000AH         LINE#         1036
  -------         ENDPROC       _RS_TX
  -------         PROC          _RS2_TX
  D:0007H         SYMBOL        tx_buf
  C:8999H         LINE#         1042
  C:8999H         LINE#         1043
  C:8999H         LINE#         1045
  C:899CH         LINE#         1046
  C:899EH         LINE#         1047
  C:89A0H         LINE#         1048
  -------         ENDPROC       _RS2_TX
  -------         PROC          TIMER2_INT
  C:895FH         LINE#         1089
  C:8961H         LINE#         1248
  C:8963H         LINE#         1250
  C:896BH         LINE#         1252
  -------         ENDPROC       TIMER2_INT
  -------         PROC          _DELAY
  D:0007H         SYMBOL        cnt
  -------         DO            
  D:0004H         SYMBOL        ttic01
  -------         ENDDO         
  C:88ACH         LINE#         1254
  C:88ACH         LINE#         1255
  C:88ACH         LINE#         1258
  C:88BAH         LINE#         1259
  C:88BAH         LINE#         1261
  C:88C3H         LINE#         1262
  -------         ENDPROC       _DELAY
  -------         PROC          INT2_INT
  C:87CBH         LINE#         1266
  C:87D1H         LINE#         1268
  C:87D3H         LINE#         1269
  C:87D5H         LINE#         1270
  C:87D8H         LINE#         1271
  C:87DEH         LINE#         1272
  C:87E3H         LINE#         1273
  -------         ENDPROC       INT2_INT
  -------         PROC          INT3_INT
  C:87EAH         LINE#         1275
  C:87F0H         LINE#         1277
  C:87F2H         LINE#         1278
  C:87F4H         LINE#         1279
  C:87F7H         LINE#         1280
  C:87FDH         LINE#         1281
  C:8802H         LINE#         1282
  -------         ENDPROC       INT3_INT
  -------         ENDMOD        CPU
BL51 BANKED LINKER/LOCATER V6.22.2.0                                                  04/13/2021  10:16:19  PAGE 25



  -------         MODULE        ETC_EEP
  C:0000H         SYMBOL        _ICE_DUMMY_
  C:8990H         PUBLIC        _SaveDebugLevelEE
  C:82BDH         PUBLIC        GetProjectNameEE
  C:75F2H         PUBLIC        ClearBasicEE
  C:887AH         PUBLIC        SaveFWRevEE
  C:8229H         PUBLIC        GetFWRevEE
  -------         PROC          GETFWREVEE
  -------         DO            
  D:0004H         SYMBOL        rev
  -------         ENDDO         
  C:8229H         LINE#         17
  C:8229H         LINE#         18
  C:8229H         LINE#         19
  C:822FH         LINE#         26
  C:8272H         LINE#         28
  C:8272H         LINE#         29
  -------         ENDPROC       GETFWREVEE
  -------         PROC          GETPROJECTNAMEEE
  -------         DO            
  X:010AH         SYMBOL        rev
  -------         ENDDO         
  C:82BDH         LINE#         31
  C:82BDH         LINE#         32
  C:82BDH         LINE#         33
  C:82C3H         LINE#         35
  C:82D1H         LINE#         36
  C:82E0H         LINE#         37
  C:82EFH         LINE#         38
  C:82FEH         LINE#         40
  C:8303H         LINE#         41
  -------         ENDPROC       GETPROJECTNAMEEE
  -------         PROC          SAVEFWREVEE
  C:887AH         LINE#         43
  C:887AH         LINE#         44
  C:887AH         LINE#         51
  C:8882H         LINE#         52
  C:888AH         LINE#         53
  -------         ENDPROC       SAVEFWREVEE
  -------         PROC          _SAVEDEBUGLEVELEE
  D:0007H         SYMBOL        dl
  C:8990H         LINE#         59
  C:8990H         LINE#         60
  C:8990H         LINE#         61
  -------         ENDPROC       _SAVEDEBUGLEVELEE
  -------         PROC          CLEARBASICEE
  C:75F2H         LINE#         67
  C:75F2H         LINE#         68
  C:75F2H         LINE#         70
  C:75FBH         LINE#         72
  C:7603H         LINE#         73
  C:760CH         LINE#         74
  C:7615H         LINE#         75
  C:761EH         LINE#         77
  C:7627H         LINE#         80
  C:7630H         LINE#         82
BL51 BANKED LINKER/LOCATER V6.22.2.0                                                  04/13/2021  10:16:19  PAGE 26


  C:7638H         LINE#         84
  C:7640H         LINE#         86
  C:7648H         LINE#         88
  C:7651H         LINE#         90
  C:765AH         LINE#         91
  C:7662H         LINE#         93
  C:766BH         LINE#         94
  C:7673H         LINE#         96
  C:767CH         LINE#         97
  C:7684H         LINE#         99
  C:768DH         LINE#         100
  C:7695H         LINE#         102
  C:769DH         LINE#         103
  C:76A5H         LINE#         104
  -------         ENDPROC       CLEARBASICEE
  -------         ENDMOD        ETC_EEP

  -------         MODULE        HS_DVRPROTOCOL
  C:0000H         SYMBOL        _ICE_DUMMY_
  X:0000H         PUBLIC        protocol_data_count
  D:00B2H         PUBLIC        P3M1
  X:0001H         PUBLIC        protocol_len
  X:0002H         PUBLIC        protocol_type
  B:0021H.5       PUBLIC        protocol_escape_flag
  X:0003H         PUBLIC        protocol_chksum
  X:0004H         PUBLIC        protocol_param
  X:0005H         PUBLIC        protocol_data
  C:2B2AH         PUBLIC        DvrReceivePaser
  X:0105H         PUBLIC        protocol_state
  -------         PROC          DVRRECEIVEPASER
  -------         DO            
  X:0106H         SYMBOL        c
  -------         ENDDO         
  C:2B2AH         LINE#         41
  C:2B2AH         LINE#         42
  C:2B2AH         LINE#         44
  C:2B33H         LINE#         45
  C:2B33H         LINE#         46
  C:2B3BH         LINE#         48
  C:2B3FH         LINE#         49
  C:2B3FH         LINE#         51
  C:2B4AH         LINE#         53
  C:2B4CH         LINE#         54
  C:2B52H         LINE#         55
  C:2B58H         LINE#         57
  C:2B58H         LINE#         59
  C:2B61H         LINE#         60
  C:2B61H         LINE#         61
  C:2B64H         LINE#         63
  C:2B64H         LINE#         65
  C:2B67H         LINE#         66
  C:2B67H         LINE#         67
  C:2B69H         LINE#         68
  C:2B70H         LINE#         69
  C:2B70H         LINE#         71
  C:2B79H         LINE#         72
  C:2B79H         LINE#         73
BL51 BANKED LINKER/LOCATER V6.22.2.0                                                  04/13/2021  10:16:19  PAGE 27


  C:2B89H         LINE#         74
  C:2B89H         LINE#         76
  C:2BA1H         LINE#         77
  C:2BA1H         LINE#         78
  C:2BA1H         LINE#         79
  C:2BA9H         LINE#         80
  C:2BC2H         LINE#         81
  C:2BC2H         LINE#         82
  C:2BC2H         LINE#         83
  C:2BC2H         LINE#         84
  C:2BC2H         LINE#         85
  C:2BC2H         LINE#         86
  C:2BC2H         LINE#         87
  C:2BC2H         LINE#         88
  C:2BC2H         LINE#         89
  C:2BC2H         LINE#         90
  C:2BC2H         LINE#         91
  C:2BC2H         LINE#         92
  C:2BC2H         LINE#         93
  C:2BC2H         LINE#         94
  C:2BC2H         LINE#         95
  C:2BC2H         LINE#         96
  C:2BC2H         LINE#         97
  C:2BC2H         LINE#         99
  C:2BC8H         LINE#         100
  C:2BC9H         LINE#         101
  C:2BC9H         LINE#         102
  C:2BC9H         LINE#         103
  C:2BCCH         LINE#         104
  C:2BCCH         LINE#         105
  C:2BCCH         LINE#         107
  C:2BCCH         LINE#         108
  C:2BD4H         LINE#         109
  C:2BEFH         LINE#         110
  C:2BEFH         LINE#         111
  C:2BEFH         LINE#         112
  C:2BEFH         LINE#         113
  C:2BEFH         LINE#         114
  C:2BEFH         LINE#         115
  C:2BEFH         LINE#         116
  C:2BEFH         LINE#         117
  C:2BEFH         LINE#         118
  C:2BEFH         LINE#         119
  C:2BEFH         LINE#         120
  C:2BEFH         LINE#         121
  C:2BEFH         LINE#         122
  C:2BEFH         LINE#         123
  C:2BEFH         LINE#         124
  C:2BEFH         LINE#         125
  C:2BEFH         LINE#         126
  C:2BEFH         LINE#         128
  C:2BF5H         LINE#         129
  C:2BF5H         LINE#         130
  C:2BFBH         LINE#         131
  C:2BFCH         LINE#         133
  C:2BFCH         LINE#         134
  C:2C01H         LINE#         135
BL51 BANKED LINKER/LOCATER V6.22.2.0                                                  04/13/2021  10:16:19  PAGE 28


  C:2C07H         LINE#         138
  C:2C0DH         LINE#         140
  C:2C0DH         LINE#         141
  C:2C0FH         LINE#         142
  C:2C0FH         LINE#         143
  C:2C0FH         LINE#         144
  C:2C12H         LINE#         145
  C:2C12H         LINE#         146
  C:2C12H         LINE#         148
  C:2C12H         LINE#         149
  C:2C2FH         LINE#         150
  C:2C2FH         LINE#         151
  C:2C2FH         LINE#         152
  C:2C2FH         LINE#         153
  C:2C2FH         LINE#         154
  C:2C2FH         LINE#         155
  C:2C2FH         LINE#         156
  C:2C2FH         LINE#         157
  C:2C2FH         LINE#         158
  C:2C2FH         LINE#         159
  C:2C2FH         LINE#         160
  C:2C2FH         LINE#         161
  C:2C2FH         LINE#         162
  C:2C2FH         LINE#         163
  C:2C2FH         LINE#         164
  C:2C2FH         LINE#         165
  C:2C2FH         LINE#         168
  C:2C43H         LINE#         169
  C:2C49H         LINE#         170
  C:2C53H         LINE#         171
  C:2C59H         LINE#         173
  C:2C64H         LINE#         175
  C:2C64H         LINE#         177
  C:2C6FH         LINE#         180
  C:2C6FH         LINE#         181
  C:2C6FH         LINE#         182
  C:2C6FH         LINE#         183
  C:2C72H         LINE#         184
  C:2C72H         LINE#         185
  C:2C72H         LINE#         187
  C:2C72H         LINE#         188
  C:2C81H         LINE#         189
  C:2C81H         LINE#         192
  C:2C99H         LINE#         194
  C:2CD4H         LINE#         195
  C:2CD4H         LINE#         196
  C:2CD4H         LINE#         198
  C:2CDFH         LINE#         200
  C:2CE6H         LINE#         201
  C:2CEFH         LINE#         202
  C:2CFCH         LINE#         203
  C:2CFCH         LINE#         204
  C:2D00H         LINE#         205
  C:2D05H         LINE#         206
  C:2D0AH         LINE#         207
  C:2D0AH         LINE#         208
  C:2D13H         LINE#         209
BL51 BANKED LINKER/LOCATER V6.22.2.0                                                  04/13/2021  10:16:19  PAGE 29


  C:2D1CH         LINE#         210
  C:2D1FH         LINE#         211
  C:2D22H         LINE#         212
  C:2D22H         LINE#         214
  C:2D2DH         LINE#         216
  C:2D32H         LINE#         217
  C:2D3EH         LINE#         218
  C:2D44H         LINE#         219
  C:2D47H         LINE#         220
  C:2D47H         LINE#         222
  C:2D52H         LINE#         225
  C:2D58H         LINE#         226
  C:2D5BH         LINE#         227
  C:2D5BH         LINE#         229
  C:2D66H         LINE#         232
  C:2D6CH         LINE#         233
  C:2D6FH         LINE#         234
  C:2D6FH         LINE#         236
  C:2D7AH         LINE#         237
  C:2D90H         LINE#         238
  C:2DA6H         LINE#         239
  C:2DBCH         LINE#         240
  C:2DD2H         LINE#         241
  C:2DE8H         LINE#         242
  C:2DFEH         LINE#         243
  C:2E14H         LINE#         244
  C:2E2AH         LINE#         247
  C:2E4BH         LINE#         248
  C:2E6CH         LINE#         250
  C:2E8DH         LINE#         251
  C:2EAEH         LINE#         253
  C:2ECFH         LINE#         254
  C:2EF0H         LINE#         256
  C:2F11H         LINE#         257
  C:2F32H         LINE#         259
  C:2F3EH         LINE#         260
  C:2F4AH         LINE#         262
  C:2F56H         LINE#         263
  C:2F62H         LINE#         265
  C:2F6EH         LINE#         266
  C:2F7AH         LINE#         268
  C:2F86H         LINE#         269
  C:2F92H         LINE#         271
  C:2F98H         LINE#         273
  C:2F9BH         LINE#         275
  C:2F9BH         LINE#         277
  C:2FA6H         LINE#         281
  C:2FB3H         LINE#         282
  C:2FB6H         LINE#         284
  C:2FC8H         LINE#         286
  C:2FD1H         LINE#         287
  C:2FD6H         LINE#         289
  C:2FE0H         LINE#         290
  C:2FE9H         LINE#         317
  C:2FECH         LINE#         319
  C:2FECH         LINE#         321
  C:2FF7H         LINE#         324
BL51 BANKED LINKER/LOCATER V6.22.2.0                                                  04/13/2021  10:16:19  PAGE 30


  C:2FFDH         LINE#         325
  C:2FFDH         LINE#         326
  C:3004H         LINE#         328
  C:300AH         LINE#         330
  C:300DH         LINE#         331
  C:3018H         LINE#         332
  C:3018H         LINE#         333
  C:301DH         LINE#         334
  C:3024H         LINE#         336
  C:302AH         LINE#         338
  C:302AH         LINE#         339
  C:302DH         LINE#         341
  C:302DH         LINE#         343
  C:3038H         LINE#         345
  C:303EH         LINE#         346
  C:3041H         LINE#         348
  C:3041H         LINE#         350
  C:304CH         LINE#         353
  C:3052H         LINE#         354
  C:3052H         LINE#         355
  C:3059H         LINE#         356
  C:305EH         LINE#         359
  C:3063H         LINE#         360
  C:3068H         LINE#         361
  C:306DH         LINE#         362
  C:3072H         LINE#         363
  C:3077H         LINE#         364
  C:307CH         LINE#         366
  C:3082H         LINE#         368
  C:3085H         LINE#         369
  C:308DH         LINE#         370
  C:308DH         LINE#         371
  C:3093H         LINE#         372
  C:3093H         LINE#         373
  C:3093H         LINE#         374
  C:3095H         LINE#         375
  C:30A0H         LINE#         376
  C:30A0H         LINE#         377
  C:30A7H         LINE#         378
  C:30AAH         LINE#         379
  C:30B3H         LINE#         380
  C:30B8H         LINE#         381
  C:30B8H         LINE#         383
  C:30BBH         LINE#         385
  C:30BBH         LINE#         387
  C:30C6H         LINE#         390
  C:30CEH         LINE#         391
  C:30CEH         LINE#         392
  C:30D5H         LINE#         393
  C:30DAH         LINE#         395
  C:30E5H         LINE#         397
  C:30E7H         LINE#         398
  C:30F5H         LINE#         399
  C:30F5H         LINE#         400
  C:30FCH         LINE#         401
  C:3101H         LINE#         402
  C:3108H         LINE#         404
BL51 BANKED LINKER/LOCATER V6.22.2.0                                                  04/13/2021  10:16:19  PAGE 31


  C:3114H         LINE#         405
  C:3118H         LINE#         406
  C:3118H         LINE#         407
  C:3128H         LINE#         408
  C:3128H         LINE#         409
  C:312FH         LINE#         410
  C:3136H         LINE#         411
  C:313BH         LINE#         412
  C:3142H         LINE#         413
  C:314CH         LINE#         414
  C:3154H         LINE#         416
  C:315FH         LINE#         418
  C:316BH         LINE#         419
  C:316FH         LINE#         420
  C:3171H         LINE#         421
  C:3181H         LINE#         422
  C:3181H         LINE#         423
  C:3186H         LINE#         425
  C:3190H         LINE#         427
  C:3190H         LINE#         429
  C:3195H         LINE#         431
  C:31A0H         LINE#         432
  C:31A6H         LINE#         434
  C:31A9H         LINE#         436
  C:31A9H         LINE#         438
  C:31B4H         LINE#         440
  C:31BAH         LINE#         441
  C:31BDH         LINE#         443
  C:31BDH         LINE#         445
  C:31C5H         LINE#         446
  C:31C5H         LINE#         447
  C:31CDH         LINE#         448
  C:31D3H         LINE#         449
  C:31D5H         LINE#         451
  C:31D5H         LINE#         452
  C:31DDH         LINE#         453
  C:31E2H         LINE#         454
  C:31E2H         LINE#         457
  C:31F7H         LINE#         461
  C:31FAH         LINE#         462
  C:31FAH         LINE#         463
  C:3205H         LINE#         464
  C:320AH         LINE#         466
  C:320DH         LINE#         469
  C:3225H         LINE#         471
  C:322EH         LINE#         474
  C:3230H         LINE#         475
  C:3230H         LINE#         477
  C:323BH         LINE#         479
  C:3241H         LINE#         480
  C:3243H         LINE#         481
  C:3243H         LINE#         483
  C:324EH         LINE#         485
  C:3257H         LINE#         486
  C:3259H         LINE#         487
  C:3259H         LINE#         489
  C:3261H         LINE#         490
BL51 BANKED LINKER/LOCATER V6.22.2.0                                                  04/13/2021  10:16:19  PAGE 32


  C:3268H         LINE#         492
  C:326DH         LINE#         495
  C:3285H         LINE#         497
  C:3287H         LINE#         498
  C:3287H         LINE#         499
  C:3287H         LINE#         500
  C:3287H         LINE#         502
  C:3287H         LINE#         504
  C:3287H         LINE#         506
  C:3290H         LINE#         508
  C:3290H         LINE#         509
  C:3295H         LINE#         510
  C:3295H         LINE#         511
  C:3295H         LINE#         512
  C:3295H         LINE#         513
  C:3295H         LINE#         514
  C:3295H         LINE#         517
  -------         ENDPROC       DVRRECEIVEPASER
  -------         ENDMOD        HS_DVRPROTOCOL

  -------         MODULE        I2C
  C:0000H         SYMBOL        _ICE_DUMMY_
  B:0090H.0       PUBLIC        P1_0
  B:0090H.1       PUBLIC        P1_1
  C:85AAH         PUBLIC        I2CReadData
  C:84CCH         PUBLIC        _ReadI2C
  C:7E7FH         PUBLIC        _I2CWriteData
  C:8505H         PUBLIC        _ReadAD5110
  C:86F9H         PUBLIC        _WriteI2C
  C:893CH         PUBLIC        I2CStart
  C:88F3H         PUBLIC        I2Cdelay
  C:8722H         PUBLIC        _ReadEEP
  C:878BH         PUBLIC        _WriteAD5110
  C:0016H         PUBLIC        I2CStop
  C:8575H         PUBLIC        AD5110_I2CReadData
  C:8304H         PUBLIC        _WriteEEP
  C:7E01H         PUBLIC        _AD5110_I2CWriteData
  C:88EFH         SYMBOL        L?0062
  -------         PROC          L?0061
  -------         ENDPROC       L?0061
  C:88EFH         SYMBOL        L?0062
  -------         PROC          I2CDELAY
  -------         DO            
  D:0007H         SYMBOL        i
  -------         ENDDO         
  C:88F3H         LINE#         34
  C:88F3H         LINE#         35
  C:88F3H         LINE#         37
  C:88FFH         LINE#         38
  C:8902H         LINE#         39
  -------         ENDPROC       I2CDELAY
  -------         PROC          _WRITEEEP
  X:010EH         SYMBOL        index
  X:0110H         SYMBOL        dat
  -------         DO            
  X:0111H         SYMBOL        addr
  -------         ENDDO         
BL51 BANKED LINKER/LOCATER V6.22.2.0                                                  04/13/2021  10:16:19  PAGE 33


  C:8304H         LINE#         42
  C:830FH         LINE#         43
  C:830FH         LINE#         46
  C:8327H         LINE#         48
  C:832AH         LINE#         49
  C:8332H         LINE#         50
  C:833BH         LINE#         51
  C:8343H         LINE#         52
  C:8346H         LINE#         58
  -------         ENDPROC       _WRITEEEP
  -------         PROC          _READEEP
  D:0004H         SYMBOL        index
  -------         DO            
  X:0136H         SYMBOL        val
  D:0007H         SYMBOL        addr
  -------         ENDDO         
  C:8722H         LINE#         61
  C:8726H         LINE#         62
  C:8726H         LINE#         66
  C:8735H         LINE#         68
  C:873DH         LINE#         73
  C:8742H         LINE#         74
  C:8747H         LINE#         75
  -------         ENDPROC       _READEEP
  -------         PROC          _READI2C
  X:0137H         SYMBOL        addr
  X:0138H         SYMBOL        index
  -------         DO            
  X:0139H         SYMBOL        val
  -------         ENDDO         
  C:84CCH         LINE#         77
  C:84D4H         LINE#         78
  C:84D4H         LINE#         81
  C:84D7H         LINE#         82
  C:84DFH         LINE#         83
  C:84E7H         LINE#         84
  C:84EAH         LINE#         85
  C:84F4H         LINE#         86
  C:84FCH         LINE#         87
  C:84FFH         LINE#         89
  C:8504H         LINE#         90
  -------         ENDPROC       _READI2C
  -------         PROC          _WRITEI2C
  X:010DH         SYMBOL        addr
  X:010EH         SYMBOL        index
  X:010FH         SYMBOL        val
  C:86F9H         LINE#         94
  C:8704H         LINE#         95
  C:8704H         LINE#         96
  C:8707H         LINE#         97
  C:870FH         LINE#         98
  C:8717H         LINE#         99
  C:871FH         LINE#         100
  -------         ENDPROC       _WRITEI2C
  -------         PROC          I2CSTART
  C:893CH         LINE#         106
  C:893CH         LINE#         107
BL51 BANKED LINKER/LOCATER V6.22.2.0                                                  04/13/2021  10:16:19  PAGE 34


  C:893CH         LINE#         108
  C:8941H         LINE#         109
  C:8946H         LINE#         110
  C:894BH         LINE#         111
  C:894DH         LINE#         112
  -------         ENDPROC       I2CSTART
  -------         PROC          I2CSTOP
  C:0016H         LINE#         114
  C:0016H         LINE#         115
  C:0016H         LINE#         116
  C:001BH         LINE#         117
  C:0020H         LINE#         118
  C:0022H         LINE#         119
  -------         ENDPROC       I2CSTOP
  -------         PROC          _I2CWRITEDATA
  D:0006H         SYMBOL        value
  C:7E7FH         LINE#         121
  C:7E81H         LINE#         122
  C:7E81H         LINE#         124
  C:7E8EH         LINE#         125
  C:7E9BH         LINE#         126
  C:7EA8H         LINE#         127
  C:7EB5H         LINE#         129
  C:7EC2H         LINE#         130
  C:7ECFH         LINE#         131
  C:7EDCH         LINE#         132
  C:7EE9H         LINE#         135
  C:7EEBH         LINE#         136
  C:7EEDH         LINE#         137
  C:7EEFH         LINE#         138
  C:7EF1H         LINE#         140
  C:7EF3H         LINE#         141
  C:7EF5H         LINE#         142
  C:7EF7H         LINE#         143
  C:7EF9H         LINE#         144
  -------         ENDPROC       _I2CWRITEDATA
  -------         PROC          I2CREADDATA
  -------         DO            
  D:0004H         SYMBOL        i
  D:0006H         SYMBOL        value
  -------         ENDDO         
  C:85AAH         LINE#         146
  C:85AAH         LINE#         147
  C:85AAH         LINE#         149
  C:85ACH         LINE#         151
  C:85B1H         LINE#         152
  C:85B3H         LINE#         154
  C:85B6H         LINE#         155
  C:85B8H         LINE#         156
  C:85BCH         LINE#         157
  C:85C2H         LINE#         158
  C:85C4H         LINE#         159
  C:85CFH         LINE#         160
  C:85D2H         LINE#         162
  C:85D4H         LINE#         163
  C:85D6H         LINE#         164
  C:85D8H         LINE#         165
BL51 BANKED LINKER/LOCATER V6.22.2.0                                                  04/13/2021  10:16:19  PAGE 35


  C:85DAH         LINE#         167
[...]
  C:0851H         LINE#         1134
  C:085CH         LINE#         1135
  C:0861H         LINE#         1136
  C:0864H         LINE#         1137
  C:0864H         LINE#         1141
  C:086FH         LINE#         1153
  C:0882H         LINE#         1154
  C:0882H         LINE#         1155
  C:0887H         LINE#         1156
  C:088BH         LINE#         1157
  C:088FH         LINE#         1158
  C:0895H         LINE#         1159
  C:0896H         LINE#         1160
  C:0899H         LINE#         1161
  C:08B2H         LINE#         1162
  C:08B2H         LINE#         1163
  C:08B7H         LINE#         1164
  C:08BBH         LINE#         1165
  C:08BFH         LINE#         1166
  C:08C3H         LINE#         1167
  C:08C9H         LINE#         1168
  C:08CCH         LINE#         1169
  C:08DEH         LINE#         1170
  C:08DEH         LINE#         1171
  C:08E4H         LINE#         1172
  C:08E9H         LINE#         1173
  C:08EDH         LINE#         1174
  C:08F1H         LINE#         1175
  C:08F1H         LINE#         1176
  C:08F3H         LINE#         1177
  C:0905H         LINE#         1178
  C:0905H         LINE#         1179
  C:090AH         LINE#         1180
  C:090EH         LINE#         1181
  C:0914H         LINE#         1182
  C:0919H         LINE#         1183
  C:0919H         LINE#         1185
  C:091BH         LINE#         1186
  C:092DH         LINE#         1187
  C:092DH         LINE#         1188
  C:0932H         LINE#         1189
  C:0938H         LINE#         1190
  C:093DH         LINE#         1191
  C:0941H         LINE#         1192
  C:0941H         LINE#         1193
  C:0943H         LINE#         1195
  C:0943H         LINE#         1198
  C:094AH         LINE#         1199
  C:094FH         LINE#         1201
  C:0955H         LINE#         1202
  C:095AH         LINE#         1203
  C:095EH         LINE#         1204
  C:0962H         LINE#         1205
BL51 BANKED LINKER/LOCATER V6.22.2.0                                                  04/13/2021  10:16:19  PAGE 85


  C:0966H         LINE#         1206
  C:096AH         LINE#         1207
  C:096AH         LINE#         1209
  C:09C0H         LINE#         1211
  C:09C6H         LINE#         1214
  C:09CEH         LINE#         1215
  C:09CEH         LINE#         1216
  C:09D4H         LINE#         1217
  C:09D9H         LINE#         1218
  C:09E0H         LINE#         1219
  C:09E3H         LINE#         1220
  C:09EAH         LINE#         1221
  C:09EAH         LINE#         1223
  C:09F2H         LINE#         1224
  C:09F2H         LINE#         1225
  C:09F8H         LINE#         1226
  C:09FDH         LINE#         1227
  C:0A04H         LINE#         1228
  C:0A07H         LINE#         1229
  C:0A0EH         LINE#         1230
  C:0A0EH         LINE#         1232
  C:0A16H         LINE#         1233
  C:0A16H         LINE#         1234
  C:0A1AH         LINE#         1235
  C:0A1FH         LINE#         1236
  C:0A26H         LINE#         1237
  C:0A29H         LINE#         1238
  C:0A30H         LINE#         1239
  C:0A30H         LINE#         1241
  C:0A38H         LINE#         1242
  C:0A38H         LINE#         1243
  C:0A3EH         LINE#         1244
  C:0A43H         LINE#         1245
  C:0A4AH         LINE#         1246
  C:0A4DH         LINE#         1247
  C:0A54H         LINE#         1248
  C:0A54H         LINE#         1250
  C:0A5CH         LINE#         1251
  C:0A5CH         LINE#         1252
  C:0A62H         LINE#         1253
  C:0A67H         LINE#         1254
  C:0A6EH         LINE#         1255
  C:0A71H         LINE#         1256
  C:0A78H         LINE#         1257
  C:0A78H         LINE#         1267
  C:0A87H         LINE#         1270
  C:0AA0H         LINE#         1271
  C:0AA0H         LINE#         1272
  C:0AA6H         LINE#         1273
  C:0AABH         LINE#         1274
  C:0AADH         LINE#         1276
  C:0AADH         LINE#         1277
  C:0AB2H         LINE#         1278
  C:0AB8H         LINE#         1280
  C:0AB8H         LINE#         1282
  C:0AC0H         LINE#         1283
  C:0AC0H         LINE#         1284
BL51 BANKED LINKER/LOCATER V6.22.2.0                                                  04/13/2021  10:16:19  PAGE 86


  C:0AC1H         LINE#         1285
  C:0AD6H         LINE#         1286
  C:0ADDH         LINE#         1290
  C:0ADFH         LINE#         1291
  C:0AE7H         LINE#         1292
  C:0AE7H         LINE#         1293
  C:0AE8H         LINE#         1294
  C:0AEFH         LINE#         1295
  C:0AEFH         LINE#         1327
  C:0AF7H         LINE#         1328
  C:0AFDH         LINE#         1330
  C:0B01H         LINE#         1331
  C:0B04H         LINE#         1333
  C:0B04H         LINE#         1336
  C:0B10H         LINE#         1337
  C:0B10H         LINE#         1339
  C:0B1BH         LINE#         1341
  C:0B22H         LINE#         1342
  C:0B25H         LINE#         1343
  C:0B2BH         LINE#         1344
  C:0B2BH         LINE#         1345
  C:0B2EH         LINE#         1347
  C:0B2EH         LINE#         1350
  C:0B39H         LINE#         1351
  C:0B3EH         LINE#         1352
  C:0B44H         LINE#         1354
  C:0B4DH         LINE#         1356
  C:0B52H         LINE#         1357
  C:0B58H         LINE#         1359
  C:0B61H         LINE#         1363
  C:0B6CH         LINE#         1364
  C:0B6CH         LINE#         1365
  C:0B79H         LINE#         1366
  C:0B79H         LINE#         1367
  C:0B7DH         LINE#         1369
  C:0B7FH         LINE#         1374
  C:0B87H         LINE#         1375
  C:0B90H         LINE#         1376
  C:0B92H         LINE#         1378
  C:0B9AH         LINE#         1379
  C:0BA3H         LINE#         1380
  C:0BA5H         LINE#         1382
  C:0BA5H         LINE#         1384
  C:0BB0H         LINE#         1385
  C:0BB0H         LINE#         1386
  C:0BB2H         LINE#         1387
  C:0BB5H         LINE#         1389
  C:0BB5H         LINE#         1391
  C:0BBFH         LINE#         1392
  C:0BBFH         LINE#         1394
  C:0BE2H         LINE#         1395
  C:0BE2H         LINE#         1396
  C:0BEDH         LINE#         1397
  C:0BF1H         LINE#         1399
  C:0BF3H         LINE#         1400
  C:0BF6H         LINE#         1401
  C:0C00H         LINE#         1402
BL51 BANKED LINKER/LOCATER V6.22.2.0                                                  04/13/2021  10:16:19  PAGE 87


  C:0C03H         LINE#         1406
  C:0C0DH         LINE#         1407
  C:0C0DH         LINE#         1409
  C:0C30H         LINE#         1410
  C:0C30H         LINE#         1411
  C:0C3BH         LINE#         1412
  C:0C3FH         LINE#         1414
  C:0C41H         LINE#         1415
  C:0C43H         LINE#         1416
  C:0C4DH         LINE#         1417
  C:0C4FH         LINE#         1419
  C:0C4FH         LINE#         1420
  C:0C51H         LINE#         1421
  C:0C5BH         LINE#         1422
  C:0C5BH         LINE#         1424
  C:0C7EH         LINE#         1425
  C:0C7EH         LINE#         1426
  C:0C89H         LINE#         1427
  C:0C8DH         LINE#         1429
  C:0C8FH         LINE#         1430
  C:0C91H         LINE#         1431
  C:0C9BH         LINE#         1432
  C:0CA2H         LINE#         1434
  C:0CABH         LINE#         1435
  C:0CABH         LINE#         1438
  C:0CABH         LINE#         1440
  C:0CB1H         LINE#         1443
  C:0CB3H         LINE#         1445
  C:0CB3H         LINE#         1446
  C:0CBAH         LINE#         1447
  C:0CBCH         LINE#         1448
  C:0CBFH         LINE#         1449
  C:0CC4H         LINE#         1450
  C:0CD4H         LINE#         1451
  C:0CD9H         LINE#         1452
  C:0CE2H         LINE#         1453
  C:0CEBH         LINE#         1454
  C:0CEBH         LINE#         1456
  C:0CEDH         LINE#         1458
  C:0CEEH         LINE#         1459
  C:0CEEH         LINE#         1461
  C:0CF6H         LINE#         1462
  C:0CFEH         LINE#         1465
  C:0D16H         LINE#         1468
  C:0D2EH         LINE#         1471
  C:0D46H         LINE#         1472
  C:0D46H         LINE#         1473
  C:0D4BH         LINE#         1474
  C:0D54H         LINE#         1475
  C:0D54H         LINE#         1477
  C:0D6CH         LINE#         1478
  C:0D6CH         LINE#         1479
  C:0D71H         LINE#         1480
  C:0D7AH         LINE#         1481
  C:0D7AH         LINE#         1484
  C:0D81H         LINE#         1485
  C:0D81H         LINE#         1486
BL51 BANKED LINKER/LOCATER V6.22.2.0                                                  04/13/2021  10:16:19  PAGE 88


  C:0D8FH         LINE#         1487
  C:0D8FH         LINE#         1489
  C:0D9AH         LINE#         1491
  C:0DA1H         LINE#         1492
  C:0DA4H         LINE#         1493
  C:0DA4H         LINE#         1495
  C:0DA4H         LINE#         1497
  C:0DCAH         LINE#         1498
  C:0DCAH         LINE#         1500
  C:0DCAH         LINE#         1502
  C:0DD6H         LINE#         1503
  C:0DD6H         LINE#         1505
  C:0DE1H         LINE#         1507
  C:0DE8H         LINE#         1508
  C:0DE8H         LINE#         1510
  C:0DF3H         LINE#         1511
  C:0DF3H         LINE#         1513
  C:0DFEH         LINE#         1515
  C:0E05H         LINE#         1516
  C:0E0EH         LINE#         1517
  C:0E18H         LINE#         1518
  C:0E20H         LINE#         1519
  C:0E20H         LINE#         1520
  C:0E27H         LINE#         1521
  C:0E2AH         LINE#         1522
  C:0E2AH         LINE#         1523
  C:0E2AH         LINE#         1524
  C:0E4AH         LINE#         1525
  C:0E4AH         LINE#         1526
  C:0E4FH         LINE#         1528
  C:0E59H         LINE#         1529
  C:0E61H         LINE#         1532
  C:0E6CH         LINE#         1534
  C:0E6FH         LINE#         1535
  C:0E71H         LINE#         1536
  C:0E8DH         LINE#         1537
  C:0E8DH         LINE#         1538
  C:0E8FH         LINE#         1539
  C:0E96H         LINE#         1541
  C:0EA2H         LINE#         1542
  C:0EA6H         LINE#         1543
  C:0EA6H         LINE#         1545
  C:0EB1H         LINE#         1546
  C:0EB1H         LINE#         1547
  C:0EB9H         LINE#         1549
  C:0EC4H         LINE#         1551
  C:0EC4H         LINE#         1553
  C:0ECBH         LINE#         1554
  C:0ED0H         LINE#         1555
  C:0ED2H         LINE#         1557
  C:0ED2H         LINE#         1558
  C:0ED9H         LINE#         1560
  C:0EE4H         LINE#         1561
  C:0EE4H         LINE#         1562
  C:0EECH         LINE#         1564
  C:0EF7H         LINE#         1566
  C:0EF7H         LINE#         1567
BL51 BANKED LINKER/LOCATER V6.22.2.0                                                  04/13/2021  10:16:19  PAGE 89


  C:0EF9H         LINE#         1568
  C:0EF9H         LINE#         1569
  C:0EF9H         LINE#         1570
  C:0EF9H         LINE#         1571
  C:0EF9H         LINE#         1572
  C:0EF9H         LINE#         1574
  C:0F00H         LINE#         1585
  C:0F07H         LINE#         1586
  C:0F07H         LINE#         1591
  C:0F07H         LINE#         1651
  C:0F0DH         LINE#         1652
  C:0F10H         LINE#         1653
  C:0F10H         LINE#         1655
  C:0F1BH         LINE#         1656
  C:0F20H         LINE#         1657
  C:0F28H         LINE#         1659
  C:0F31H         LINE#         1661
  C:0F36H         LINE#         1662
  C:0F3EH         LINE#         1664
  C:0F47H         LINE#         1667
  C:0F4FH         LINE#         1668
  C:0F4FH         LINE#         1670
  C:0F5DH         LINE#         1671
  C:0F5DH         LINE#         1672
  C:0F65H         LINE#         1673
  C:0F65H         LINE#         1675
  C:0F6EH         LINE#         1676
  C:0F74H         LINE#         1677
  C:0F76H         LINE#         1679
  C:0F76H         LINE#         1680
  C:0F79H         LINE#         1681
  C:0F79H         LINE#         1685
  C:0F7BH         LINE#         1686
  C:0F7BH         LINE#         1691
  C:0F80H         LINE#         1694
  C:0F89H         LINE#         1695
  C:0F89H         LINE#         1697
  C:0F8BH         LINE#         1699
  C:0F8CH         LINE#         1701
  C:0F8CH         LINE#         1702
  C:0F99H         LINE#         1703
  C:0F9BH         LINE#         1704
  C:0F9DH         LINE#         1706
  C:0F9DH         LINE#         1707
  C:0FA7H         LINE#         1708
  C:0FA9H         LINE#         1709
  C:0FABH         LINE#         1710
  C:0FABH         LINE#         1711
  C:0FB5H         LINE#         1712
  C:0FB7H         LINE#         1713
  C:0FB9H         LINE#         1715
  C:0FB9H         LINE#         1716
  C:0FC3H         LINE#         1717
  C:0FC5H         LINE#         1718
  C:0FC7H         LINE#         1721
  C:0FC7H         LINE#         1722
  C:0FD1H         LINE#         1723
BL51 BANKED LINKER/LOCATER V6.22.2.0                                                  04/13/2021  10:16:19  PAGE 90


  C:0FD6H         LINE#         1724
  C:0FD6H         LINE#         1727
  C:0FD6H         LINE#         1729
  C:0FDDH         LINE#         1731
  C:0FE2H         LINE#         1732
  C:0FE2H         LINE#         1733
  C:0FE3H         LINE#         1734
  C:0FE9H         LINE#         1735
  C:0FE9H         LINE#         1737
  C:0FF1H         LINE#         1738
  C:0FF1H         LINE#         1739
  C:0FF2H         LINE#         1740
  C:0FF8H         LINE#         1741
  C:0FF8H         LINE#         1743
  C:1000H         LINE#         1744
  C:1000H         LINE#         1745
  C:1001H         LINE#         1746
  C:1007H         LINE#         1747
  C:1007H         LINE#         1749
  C:100AH         LINE#         1751
  C:1013H         LINE#         1752
  C:1013H         LINE#         1754
  C:1013H         LINE#         1756
  C:1019H         LINE#         1758
  C:1019H         LINE#         1760
  C:1019H         LINE#         1761
  C:1019H         LINE#         1762
  C:1019H         LINE#         1763
  -------         ENDPROC       _SYSTIMEREVENTPROC
  -------         ENDMOD        SYSTIMER

  -------         MODULE        ?C?FPADD
  C:1A31H         PUBLIC        ?C?FPADD
  C:1A2DH         PUBLIC        ?C?FPSUB
  -------         ENDMOD        ?C?FPADD

  -------         MODULE        ?C?FPMUL
  C:1B22H         PUBLIC        ?C?FPMUL
  -------         ENDMOD        ?C?FPMUL

  -------         MODULE        ?C?FPDIV
  C:1C2BH         PUBLIC        ?C?FPDIV
  -------         ENDMOD        ?C?FPDIV

  -------         MODULE        ?C?FCAST
  C:1CD2H         PUBLIC        ?C?FCASTC
  C:1CCDH         PUBLIC        ?C?FCASTI
  C:1CC8H         PUBLIC        ?C?FCASTL
  -------         ENDMOD        ?C?FCAST

  -------         MODULE        ?C?CASTF
  C:1D06H         PUBLIC        ?C?CASTF
  -------         ENDMOD        ?C?CASTF

  -------         MODULE        ?C?COPY
  C:1E57H         PUBLIC        ?C?COPY
  -------         ENDMOD        ?C?COPY
BL51 BANKED LINKER/LOCATER V6.22.2.0                                                  04/13/2021  10:16:19  PAGE 91



  -------         MODULE        ?C?CLDPTR
  C:1E7DH         PUBLIC        ?C?CLDPTR
  -------         ENDMOD        ?C?CLDPTR

  -------         MODULE        ?C?CLDOPTR
  C:1E96H         PUBLIC        ?C?CLDOPTR
  -------         ENDMOD        ?C?CLDOPTR

  -------         MODULE        ?C?CILDPTR
  C:1EC3H         PUBLIC        ?C?CILDPTR
  -------         ENDMOD        ?C?CILDPTR

  -------         MODULE        ?C?CSTOPTR
  C:1EE5H         PUBLIC        ?C?CSTOPTR
  -------         ENDMOD        ?C?CSTOPTR

  -------         MODULE        ?C?IMUL
  C:1F07H         PUBLIC        ?C?IMUL
  -------         ENDMOD        ?C?IMUL

  -------         MODULE        ?C?UIDIV
  C:1F19H         PUBLIC        ?C?UIDIV
  -------         ENDMOD        ?C?UIDIV

  -------         MODULE        ?C?SIDIV
  C:1F6EH         PUBLIC        ?C?SIDIV
  -------         ENDMOD        ?C?SIDIV

  -------         MODULE        ?C?IILDX
  C:1FA4H         PUBLIC        ?C?IILDX
  -------         ENDMOD        ?C?IILDX

  -------         MODULE        ?C?ILDIX
  C:1FBAH         PUBLIC        ?C?ILDIX
  -------         ENDMOD        ?C?ILDIX

  -------         MODULE        ?C?ILDPTR
  C:1FD0H         PUBLIC        ?C?ILDPTR
  -------         ENDMOD        ?C?ILDPTR

  -------         MODULE        ?C?ILDOPTR
  C:1FFBH         PUBLIC        ?C?ILDOPTR
  -------         ENDMOD        ?C?ILDOPTR

  -------         MODULE        ?C?ISTPTR
  C:2033H         PUBLIC        ?C?ISTPTR
  -------         ENDMOD        ?C?ISTPTR

  -------         MODULE        ?C?LMUL
  C:2052H         PUBLIC        ?C?LMUL
  -------         ENDMOD        ?C?LMUL

  -------         MODULE        ?C?ULDIV
  C:20DDH         PUBLIC        ?C?ULDIV
  -------         ENDMOD        ?C?ULDIV

BL51 BANKED LINKER/LOCATER V6.22.2.0                                                  04/13/2021  10:16:19  PAGE 92


  -------         MODULE        ?C?LNEG
  C:216FH         PUBLIC        ?C?LNEG
  -------         ENDMOD        ?C?LNEG

  -------         MODULE        ?C?SLCMP
  C:217DH         PUBLIC        ?C?SLCMP
  -------         ENDMOD        ?C?SLCMP

  -------         MODULE        ?C?ULCMP
  C:2193H         PUBLIC        ?C?ULCMP
  -------         ENDMOD        ?C?ULCMP

  -------         MODULE        ?C?ULSHR
  C:21A4H         PUBLIC        ?C?ULSHR
  -------         ENDMOD        ?C?ULSHR

  -------         MODULE        ?C?SLSHR
  C:21B7H         PUBLIC        ?C?SLSHR
  -------         ENDMOD        ?C?SLSHR

  -------         MODULE        ?C?LSHL
  C:21CBH         PUBLIC        ?C?LSHL
  -------         ENDMOD        ?C?LSHL

  -------         MODULE        ?C?LLDPTR
  C:21DEH         PUBLIC        ?C?LLDPTR
  -------         ENDMOD        ?C?LLDPTR

  -------         MODULE        ?C?LSTXDATA
  C:21FEH         PUBLIC        ?C?LSTXDATA
  -------         ENDMOD        ?C?LSTXDATA

  -------         MODULE        ?C?LSTKXDATA
  C:220AH         PUBLIC        ?C?LSTKXDATA
  -------         ENDMOD        ?C?LSTKXDATA

  -------         MODULE        ?C?PLDPTR
  C:223BH         PUBLIC        ?C?PLDPTR
  -------         ENDMOD        ?C?PLDPTR

  -------         MODULE        ?C?CCASE
  C:225BH         PUBLIC        ?C?CCASE
  -------         ENDMOD        ?C?CCASE

  -------         MODULE        ABS
  C:896EH         PUBLIC        _ABS
  -------         ENDMOD        ABS

  -------         MODULE        ?C?LLDIDATA
  C:2281H         PUBLIC        ?C?LLDIDATA
  -------         ENDMOD        ?C?LLDIDATA

  -------         MODULE        ?C?LLDXDATA
  C:228DH         PUBLIC        ?C?LLDXDATA
  -------         ENDMOD        ?C?LLDXDATA

  -------         MODULE        ?C?LLDPDATA
BL51 BANKED LINKER/LOCATER V6.22.2.0                                                  04/13/2021  10:16:19  PAGE 93


  C:2299H         PUBLIC        ?C?LLDPDATA
  -------         ENDMOD        ?C?LLDPDATA

  -------         MODULE        ?C?LLDCODE
  C:22A5H         PUBLIC        ?C?LLDCODE
  -------         ENDMOD        ?C?LLDCODE

  -------         MODULE        ?C?PLDIDATA
  C:22B5H         PUBLIC        ?C?PLDIDATA
  -------         ENDMOD        ?C?PLDIDATA

  -------         MODULE        ?C?PLDXDATA
  C:22BEH         PUBLIC        ?C?PLDXDATA
  -------         ENDMOD        ?C?PLDXDATA

  -------         MODULE        ?C?PLDPDATA
  C:22C7H         PUBLIC        ?C?PLDPDATA
  -------         ENDMOD        ?C?PLDPDATA

  -------         MODULE        ?C?PLDCODE
  C:22D0H         PUBLIC        ?C?PLDCODE
  -------         ENDMOD        ?C?PLDCODE

Program Size: data=109.6 xdata=747 code=35240
LINK/LOCATE RUN COMPLETE.  0 WARNING(S),  0 ERROR(S)
