BL51 BANKED LINKER/LOCATER V6.22.2.0                                                    04/12/2021  16:41:58  PAGE 1


BL51 BANKED LINKER/LOCATER V6.22.2.0, INVOKED BY:
C:\KEIL_V5\C51\BIN\BL51.EXE .\Output\STARTUP.obj, .\Output\CPU.obj, .\Output\etc_eep.obj, .\Output\HS_DVRProtocol.obj, .
>> \Output\i2c.obj, .\Output\keyremo.obj, .\Output\main.obj, .\Output\monitor.obj, .\Output\Printf.obj, .\Output\SysPowe
>> r.obj, .\Output\SysTimer.obj TO .\Output\ml070i_MRMCU PRINT (.\Listings\ml070i_MRMCU.m51) RAMSIZE (256)


MEMORY MODEL: LARGE WITH FLOATING POINT ARITHMETIC


INPUT MODULES INCLUDED:
  .\Output\STARTUP.obj (?C_STARTUP)
  .\Output\CPU.obj (CPU)
  .\Output\etc_eep.obj (ETC_EEP)
  .\Output\HS_DVRProtocol.obj (HS_DVRPROTOCOL)
  .\Output\i2c.obj (I2C)
  .\Output\keyremo.obj (KEYREMO)
  .\Output\main.obj (MAIN)
  .\Output\monitor.obj (MONITOR)
  .\Output\Printf.obj (PRINTF)
  .\Output\SysPower.obj (SYSPOWER)
  .\Output\SysTimer.obj (SYSTIMER)
  C:\KEIL_V5\C51\LIB\C51FPL.LIB (?C?FPADD)
  C:\KEIL_V5\C51\LIB\C51FPL.LIB (?C?FPMUL)
  C:\KEIL_V5\C51\LIB\C51FPL.LIB (?C?FPDIV)
  C:\KEIL_V5\C51\LIB\C51FPL.LIB (?C?FCAST)
  C:\KEIL_V5\C51\LIB\C51FPL.LIB (?C?CASTF)
  C:\KEIL_V5\C51\LIB\C51FPL.LIB (?C?FPGETOPN)
  C:\KEIL_V5\C51\LIB\C51L.LIB (?C_INIT)
  C:\KEIL_V5\C51\LIB\C51L.LIB (?C?COPY)
  C:\KEIL_V5\C51\LIB\C51L.LIB (?C?CLDPTR)
  C:\KEIL_V5\C51\LIB\C51L.LIB (?C?CLDOPTR)
  C:\KEIL_V5\C51\LIB\C51L.LIB (?C?CILDPTR)
  C:\KEIL_V5\C51\LIB\C51L.LIB (?C?CSTOPTR)
  C:\KEIL_V5\C51\LIB\C51L.LIB (?C?IMUL)
  C:\KEIL_V5\C51\LIB\C51L.LIB (?C?UIDIV)
  C:\KEIL_V5\C51\LIB\C51L.LIB (?C?SIDIV)
  C:\KEIL_V5\C51\LIB\C51L.LIB (?C?IILDX)
  C:\KEIL_V5\C51\LIB\C51L.LIB (?C?ILDIX)
  C:\KEIL_V5\C51\LIB\C51L.LIB (?C?ILDPTR)
  C:\KEIL_V5\C51\LIB\C51L.LIB (?C?ILDOPTR)
  C:\KEIL_V5\C51\LIB\C51L.LIB (?C?ISTPTR)
  C:\KEIL_V5\C51\LIB\C51L.LIB (?C?LMUL)
  C:\KEIL_V5\C51\LIB\C51L.LIB (?C?ULDIV)
  C:\KEIL_V5\C51\LIB\C51L.LIB (?C?LNEG)
  C:\KEIL_V5\C51\LIB\C51L.LIB (?C?SLCMP)
  C:\KEIL_V5\C51\LIB\C51L.LIB (?C?ULCMP)
  C:\KEIL_V5\C51\LIB\C51L.LIB (?C?ULSHR)
  C:\KEIL_V5\C51\LIB\C51L.LIB (?C?SLSHR)
  C:\KEIL_V5\C51\LIB\C51L.LIB (?C?LSHL)
  C:\KEIL_V5\C51\LIB\C51L.LIB (?C?LLDPTR)
  C:\KEIL_V5\C51\LIB\C51L.LIB (?C?LSTXDATA)
  C:\KEIL_V5\C51\LIB\C51L.LIB (?C?LSTKXDATA)
  C:\KEIL_V5\C51\LIB\C51L.LIB (?C?PLDPTR)
  C:\KEIL_V5\C51\LIB\C51L.LIB (?C?CCASE)
  C:\KEIL_V5\C51\LIB\C51L.LIB (ABS)
  C:\KEIL_V5\C51\LIB\C51L.LIB (?C?LLDIDATA)
  C:\KEIL_V5\C51\LIB\C51L.LIB (?C?LLDXDATA)
  C:\KEIL_V5\C51\LIB\C51L.LIB (?C?LLDPDATA)
BL51 BANKED LINKER/LOCATER V6.22.2.0                                                  04/12/2021  16:41:58  PAGE 2


  C:\KEIL_V5\C51\LIB\C51L.LIB (?C?LLDCODE)
  C:\KEIL_V5\C51\LIB\C51L.LIB (?C?PLDIDATA)
  C:\KEIL_V5\C51\LIB\C51L.LIB (?C?PLDXDATA)
  C:\KEIL_V5\C51\LIB\C51L.LIB (?C?PLDPDATA)
  C:\KEIL_V5\C51\LIB\C51L.LIB (?C?PLDCODE)


LINK MAP OF MODULE:  .\Output\ml070i_MRMCU (?C_STARTUP)


            TYPE    BASE      LENGTH    RELOCATION   SEGMENT NAME
            -----------------------------------------------------

            * * * * * * *   D A T A   M E M O R Y   * * * * * * *
            REG     0000H     0008H     ABSOLUTE     "REG BANK 0"
            REG     0008H     0008H     ABSOLUTE     "REG BANK 1"
            DATA    0010H     0001H     UNIT         ?DT?MONITOR
            IDATA   0011H     0002H     UNIT         ?ID?SYSPOWER
                    0013H     000DH                  *** GAP ***
            BIT     0020H.0   0000H.6   UNIT         ?BI?CPU
            BIT     0020H.6   0000H.3   UNIT         ?BI?MONITOR
            BIT     0021H.1   0000H.2   UNIT         ?BI?SYSTIMER
            BIT     0021H.3   0000H.2   UNIT         _BIT_GROUP_
            BIT     0021H.5   0000H.1   UNIT         ?BI?HS_DVRPROTOCOL
                    0021H.6   0000H.2                *** GAP ***
            DATA    0022H     0058H     UNIT         ?DT?CPU
            IDATA   007AH     0001H     UNIT         ?STACK

            * * * * * * *  X D A T A   M E M O R Y  * * * * * * *
            XDATA   0000H     0106H     UNIT         ?XD?HS_DVRPROTOCOL
            XDATA   0106H     00A2H     UNIT         _XDATA_GROUP_
            XDATA   01A8H     0079H     UNIT         ?XD?MAIN
            XDATA   0221H     005CH     UNIT         ?XD?SYSTIMER
            XDATA   027DH     003BH     UNIT         ?XD?MONITOR
            XDATA   02B8H     001BH     UNIT         ?XD?CPU
            XDATA   02D3H     0018H     UNIT         ?XD?PRINTF

            * * * * * * *   C O D E   M E M O R Y   * * * * * * *
            CODE    0000H     0003H     ABSOLUTE     
            CODE    0003H     0008H     UNIT         ?PR?_RS_TX?CPU
            CODE    000BH     0003H     ABSOLUTE     
            CODE    000EH     0004H     UNIT         ?PR?ISP_INIT?MAIN
                    0012H     0001H                  *** GAP ***
            CODE    0013H     0003H     ABSOLUTE     
            CODE    0016H     000DH     UNIT         ?PR?I2CSTOP?I2C
            CODE    0023H     0003H     ABSOLUTE     
            CODE    0026H     0003H     UNIT         ?PR?EXT1_INT?CPU
                    0029H     0002H                  *** GAP ***
            CODE    002BH     0003H     ABSOLUTE     
                    002EH     0005H                  *** GAP ***
            CODE    0033H     0003H     ABSOLUTE     
                    0036H     0005H                  *** GAP ***
            CODE    003BH     0003H     ABSOLUTE     
            CODE    003EH     0023H     UNIT         ?PR?_TOUPPER?MONITOR
                    0061H     0002H                  *** GAP ***
            CODE    0063H     0003H     ABSOLUTE     
            CODE    0066H     0FB4H     UNIT         ?PR?_SYSTIMEREVENTPROC?SYSTIMER
BL51 BANKED LINKER/LOCATER V6.22.2.0                                                  04/12/2021  16:41:58  PAGE 3


            CODE    101AH     0A10H     UNIT         ?PR?MONITOR?MONITOR
            CODE    1A2AH     08B2H     UNIT         ?C?LIB_CODE
            CODE    22DCH     084EH     UNIT         ?CO?MONITOR
            CODE    2B2AH     075AH     UNIT         ?PR?DVRRECEIVEPASER?HS_DVRPROTOCOL
            CODE    3284H     0727H     UNIT         ?PR?ENCORDERHANDLER_TELI?MAIN
            CODE    39ABH     06D0H     UNIT         ?PR?ENCORDERHANDLER?MAIN
            CODE    407BH     0556H     UNIT         ?PR?_DOPRINT?PRINTF
            CODE    45D1H     043DH     UNIT         ?CO?CPU
            CODE    4A0EH     041BH     UNIT         ?PR?SHOWWORKINGTIMER?CPU
            CODE    4E29H     03F5H     UNIT         ?PR?_MCU_SENDCMDTODVR?MAIN
            CODE    521EH     034FH     UNIT         ?PR?TIMER0_INT?CPU
            CODE    556DH     0310H     UNIT         ?CO?MAIN
            CODE    587DH     0305H     UNIT         ?CO?SYSTIMER
            CODE    5B82H     02F4H     UNIT         ?CO?HS_DVRPROTOCOL
            CODE    5E76H     02ECH     UNIT         ?PR?_USERINTERFACEBATTERYCHARGEMODE?SYSPOWER
            CODE    6162H     02E3H     UNIT         ?PR?LOADEEPROM?MAIN
            CODE    6445H     0235H     UNIT         ?PR?MONGETCOMMAND?MONITOR
            CODE    667AH     0203H     UNIT         ?PR?_USERINTERFACETIMEREVENTPROC?SYSTIMER
            CODE    687DH     01FBH     UNIT         ?C_INITSEG
            CODE    6A78H     01ABH     UNIT         ?PR?_SAVEROTATENUMBER?MAIN
            CODE    6C23H     0176H     UNIT         ?PR?_MAPPING1?MAIN
            CODE    6D99H     0169H     UNIT         ?PR?MONWRITEBIT?MONITOR
            CODE    6F02H     012EH     UNIT         ?PR?_MCUTIMERCHECKTIMEREVENT?SYSTIMER
            CODE    7030H     011AH     UNIT         ?PR?WAITPOWERON?MAIN
            CODE    714AH     00FFH     UNIT         ?PR?MAIN_INIT?CPU
            CODE    7249H     00F9H     UNIT         ?PR?GETROTATENUMBER?MAIN
            CODE    7342H     00E5H     UNIT         ?PR?_MCUTIMERACTIVETIMEREVENT?SYSTIMER
            CODE    7427H     00DEH     UNIT         ?PR?_MCUTIMERREACTIVETIMEREVENT?SYSTIMER
            CODE    7505H     00D9H     UNIT         ?PR?_USERINTERFACEPOWERSWITCH?SYSPOWER
            CODE    75DEH     00BBH     UNIT         ?PR?CLEARBASICEE?ETC_EEP
            CODE    7699H     00B7H     UNIT         ?PR?PROMPT?MONITOR
            CODE    7750H     00B4H     UNIT         ?PR?_MONINCDECI2C?MONITOR
            CODE    7804H     00ADH     UNIT         ?PR?_MCULIB_PROTOCOLAPPEND?MAIN
            CODE    78B1H     00ABH     UNIT         ?PR?MONHELP?MONITOR
            CODE    795CH     00ABH     UNIT         ?CO?SYSPOWER
            CODE    7A07H     00A7H     UNIT         ?PR?_A2I?MONITOR
            CODE    7AAEH     0098H     UNIT         ?PR?_SET_PWM?CPU
            CODE    7B46H     0090H     UNIT         ?PR?_MCULIB_PROTOCOLSENDCMDWITHPARAMNUM?MAIN
            CODE    7BD6H     008CH     UNIT         ?C_C51STARTUP
            CODE    7C62H     0085H     UNIT         ?PR?SYSTIMERHANDLER?SYSTIMER
            CODE    7CE7H     0084H     UNIT         ?PR?SYSPOWERHANDLER?SYSPOWER
            CODE    7D6BH     0082H     UNIT         ?PR?MAIN?MAIN
            CODE    7DEDH     007EH     UNIT         ?PR?_AD5110_I2CWRITEDATA?I2C
            CODE    7E6BH     007BH     UNIT         ?PR?_I2CWRITEDATA?I2C
            CODE    7EE6H     0079H     UNIT         ?PR?_POWERLED?CPU
            CODE    7F5FH     006AH     UNIT         ?PR?_STRICMP?MONITOR
            CODE    7FC9H     005BH     UNIT         ?PR?INITIALTIMEREVENT?MAIN
            CODE    8024H     0059H     UNIT         ?PR?MAIN_LOOP?MAIN
            CODE    807DH     0058H     UNIT         ?PR?_GRAPHICSPRINT?PRINTF
            CODE    80D5H     0052H     UNIT         ?PR?INITCPU?CPU
            CODE    8127H     0051H     UNIT         ?PR?SCANKEY?KEYREMO
            CODE    8178H     004FH     UNIT         ?PR?MONTXDUMP?MONITOR
            CODE    81C7H     004EH     UNIT         ?CO?PRINTF
            CODE    8215H     004AH     UNIT         ?PR?GETFWREVEE?ETC_EEP
            CODE    825FH     004AH     UNIT         ?PR?MCUTIMERGETTIMERCOUNTER?SYSTIMER
            CODE    82A9H     0047H     UNIT         ?PR?GETPROJECTNAMEEE?ETC_EEP
            CODE    82F0H     0047H     UNIT         ?PR?_WRITEEEP?I2C
BL51 BANKED LINKER/LOCATER V6.22.2.0                                                  04/12/2021  16:41:58  PAGE 4


            CODE    8337H     0046H     UNIT         ?PR?_DEBUG_MESSAGE?PRINTF
            CODE    837DH     0043H     UNIT         ?PR?_ASC2BIN?MONITOR
            CODE    83C0H     0041H     UNIT         ?PR?_MCUTIMERCANCELTIMEREVENT?SYSTIMER
            CODE    8401H     003EH     UNIT         ?PR?_SETAD5110STEP?MAIN
            CODE    843FH     003EH     UNIT         ?PR?_PRINTF?PRINTF
            CODE    847DH     003BH     UNIT         ?PR?SERIAL2_INT?CPU
            CODE    84B8H     0039H     UNIT         ?PR?_READI2C?I2C
            CODE    84F1H     0039H     UNIT         ?PR?_READAD5110?I2C
            CODE    852AH     0037H     UNIT         ?PR?_ASC1BIN?MONITOR
            CODE    8561H     0035H     UNIT         ?PR?AD5110_I2CREADDATA?I2C
            CODE    8596H     0033H     UNIT         ?PR?I2CREADDATA?I2C
            CODE    85C9H     0033H     UNIT         ?PR?_ISP_WRITE?MAIN
            CODE    85FCH     0033H     UNIT         ?PR?_PUTS?PRINTF
            CODE    862FH     002FH     UNIT         ?PR?SET_MCU_POWER_DOWN_MODE?CPU
            CODE    865EH     002FH     UNIT         ?PR?SERIAL_INT?CPU
            CODE    868DH     002CH     UNIT         ?PR?SYSPOWERINITIAL?SYSPOWER
            CODE    86B9H     002CH     UNIT         ?PR?_SYSPOWERSWITCH?SYSPOWER
            CODE    86E5H     0029H     UNIT         ?PR?_WRITEI2C?I2C
            CODE    870EH     0026H     UNIT         ?PR?_READEEP?I2C
            CODE    8734H     0022H     UNIT         ?PR?MCUTIMERINITIALTIMEREVENT?SYSTIMER
            CODE    8756H     0021H     UNIT         ?PR?ENTER_ISP?MAIN
            CODE    8777H     0020H     UNIT         ?PR?_WRITEAD5110?I2C
            CODE    8797H     0020H     UNIT         ?PR?_GETADCVALUE?MAIN
            CODE    87B7H     001FH     UNIT         ?PR?INT2_INT?CPU
            CODE    87D6H     001FH     UNIT         ?PR?INT3_INT?CPU
            CODE    87F5H     001EH     UNIT         ?PR?RS2_RX?CPU
            CODE    8813H     001CH     UNIT         ?PR?CHECK_ADAP_IN?CPU
            CODE    882FH     001CH     UNIT         ?PR?RS_RX?CPU
            CODE    884BH     001BH     UNIT         ?PR?_GETKEY?KEYREMO
            CODE    8866H     0019H     UNIT         ?PR?SAVEFWREVEE?ETC_EEP
            CODE    887FH     0019H     UNIT         ?PR?_MCUTIMERDELAYXMS?SYSTIMER
            CODE    8898H     0018H     UNIT         ?PR?_DELAY?CPU
            CODE    88B0H     0016H     UNIT         ?PR?INITVARS?CPU
            CODE    88C6H     0015H     UNIT         ?PR?_MCUTIMERGETEVENTID?SYSTIMER
            CODE    88DBH     0014H     UNIT         ?PR?I2CDELAY?I2C
            CODE    88EFH     0014H     UNIT         ?PR?_MCUTIMERGETEVENTTIME?SYSTIMER
            CODE    8903H     0013H     UNIT         ?PR?_MCUTIMERCLREVENTVALID?SYSTIMER
            CODE    8916H     0012H     UNIT         ?CO?ETC_EEP
            CODE    8928H     0012H     UNIT         ?PR?I2CSTART?I2C
            CODE    893AH     0011H     UNIT         ?PR?_MCUTIMERCHECKEVENTVALID?SYSTIMER
            CODE    894BH     000FH     UNIT         ?PR?TIMER2_INT?CPU
            CODE    895AH     000CH     UNIT         ?PR?_ABS?ABS
            CODE    8966H     000BH     UNIT         ?PR?RS_READY?CPU
            CODE    8971H     000BH     UNIT         ?PR?RS2_READY?CPU
            CODE    897CH     0009H     UNIT         ?PR?_SAVEDEBUGLEVELEE?ETC_EEP
            CODE    8985H     0008H     UNIT         ?PR?_RS2_TX?CPU
            CODE    898DH     0008H     UNIT         ?PR?_MON_TX?MONITOR
            CODE    8995H     0007H     UNIT         ?PR?GETBATTERYBTH?MAIN
            CODE    899CH     0007H     UNIT         ?PR?GETBATTERYVOLTAGE?MAIN



OVERLAY MAP OF MODULE:   .\Output\ml070i_MRMCU (?C_STARTUP)


SEGMENT                                             BIT_GROUP          XDATA_GROUP
  +--> CALLED SEGMENT                            START    LENGTH     START    LENGTH
BL51 BANKED LINKER/LOCATER V6.22.2.0                                                  04/12/2021  16:41:58  PAGE 5


------------------------------------------------------------------------------------
?C_C51STARTUP                                    -----    -----      -----    -----
  +--> ?PR?MAIN?MAIN
  +--> ?C_INITSEG

?PR?MAIN?MAIN                                    -----    -----      -----    -----
  +--> ?PR?INITCPU?CPU
  +--> ?PR?SYSPOWERINITIAL?SYSPOWER
  +--> ?CO?MAIN
  +--> ?PR?_PRINTF?PRINTF
  +--> ?PR?MAIN_INIT?CPU
  +--> ?PR?INITVARS?CPU
  +--> ?PR?LOADEEPROM?MAIN
  +--> ?PR?INITIALTIMEREVENT?MAIN
  +--> ?PR?_SETAD5110STEP?MAIN
  +--> ?PR?CHECK_ADAP_IN?CPU
  +--> ?PR?MAIN_LOOP?MAIN
  +--> ?PR?WAITPOWERON?MAIN

?PR?SYSPOWERINITIAL?SYSPOWER                     -----    -----      -----    -----
  +--> ?PR?_MCUTIMERDELAYXMS?SYSTIMER
  +--> ?CO?SYSPOWER
  +--> ?PR?_DEBUG_MESSAGE?PRINTF

?PR?_DEBUG_MESSAGE?PRINTF                        -----    -----      0165H    002EH
  +--> ?PR?_DOPRINT?PRINTF

?PR?_DOPRINT?PRINTF                              0021H.3  0000H.2    0193H    0015H
  +--> ?CO?PRINTF

?PR?_PRINTF?PRINTF                               -----    -----      012AH    002EH
  +--> ?PR?_DOPRINT?PRINTF

?PR?MAIN_INIT?CPU                                -----    -----      0106H    0004H
  +--> ?PR?GETFWREVEE?ETC_EEP
  +--> ?PR?_READEEP?I2C
  +--> ?CO?CPU
  +--> ?PR?_PRINTF?PRINTF
  +--> ?PR?SAVEFWREVEE?ETC_EEP
  +--> ?PR?GETPROJECTNAMEEE?ETC_EEP
  +--> ?PR?CLEARBASICEE?ETC_EEP
  +--> ?PR?_DELAY?CPU

?PR?GETFWREVEE?ETC_EEP                           -----    -----      -----    -----
  +--> ?PR?_READEEP?I2C

?PR?_READEEP?I2C                                 -----    -----      0136H    0001H
  +--> ?PR?_READI2C?I2C
  +--> ?PR?_DELAY?CPU

?PR?_READI2C?I2C                                 -----    -----      0137H    0003H
  +--> ?PR?I2CSTART?I2C
  +--> ?PR?_I2CWRITEDATA?I2C
  +--> ?PR?I2CREADDATA?I2C
  +--> ?PR?I2CSTOP?I2C

?PR?I2CSTART?I2C                                 -----    -----      -----    -----
BL51 BANKED LINKER/LOCATER V6.22.2.0                                                  04/12/2021  16:41:58  PAGE 6


  +--> ?PR?I2CDELAY?I2C

?PR?_I2CWRITEDATA?I2C                            -----    -----      -----    -----
  +--> ?PR?I2CDELAY?I2C

?PR?I2CREADDATA?I2C                              -----    -----      -----    -----
  +--> ?PR?I2CDELAY?I2C

?PR?I2CSTOP?I2C                                  -----    -----      -----    -----
  +--> ?PR?I2CDELAY?I2C

?PR?SAVEFWREVEE?ETC_EEP                          -----    -----      -----    -----
  +--> ?PR?_WRITEEEP?I2C

?PR?_WRITEEEP?I2C                                -----    -----      010EH    0004H
  +--> ?PR?I2CSTART?I2C
  +--> ?PR?_I2CWRITEDATA?I2C
  +--> ?PR?I2CSTOP?I2C
  +--> ?PR?_DELAY?CPU

?PR?GETPROJECTNAMEEE?ETC_EEP                     -----    -----      010AH    0001H
  +--> ?PR?_READEEP?I2C

?PR?CLEARBASICEE?ETC_EEP                         -----    -----      -----    -----
  +--> ?CO?ETC_EEP
  +--> ?PR?_PRINTF?PRINTF
  +--> ?PR?_WRITEEEP?I2C

?PR?LOADEEPROM?MAIN                              -----    -----      -----    -----
  +--> ?PR?_READEEP?I2C
  +--> ?PR?_WRITEEEP?I2C

?PR?INITIALTIMEREVENT?MAIN                       -----    -----      -----    -----
  +--> ?PR?MCUTIMERINITIALTIMEREVENT?SYSTIMER
  +--> ?PR?_MCUTIMERACTIVETIMEREVENT?SYSTIMER

?PR?_MCUTIMERACTIVETIMEREVENT?SYSTIMER           -----    -----      012AH    0004H
  +--> ?PR?_MCUTIMERCHECKTIMEREVENT?SYSTIMER

?PR?_MCUTIMERCHECKTIMEREVENT?SYSTIMER            -----    -----      012EH    0005H
  +--> ?PR?MCUTIMERGETTIMERCOUNTER?SYSTIMER

?PR?MCUTIMERGETTIMERCOUNTER?SYSTIMER             -----    -----      0133H    0002H
  +--> ?PR?_ABS?ABS

?PR?_SETAD5110STEP?MAIN                          -----    -----      010AH    0002H
  +--> ?PR?_MAPPING1?MAIN
  +--> ?PR?_WRITEAD5110?I2C

?PR?_MAPPING1?MAIN                               -----    -----      010CH    000FH

?PR?_WRITEAD5110?I2C                             -----    -----      -----    -----
  +--> ?PR?I2CSTART?I2C
  +--> ?PR?_AD5110_I2CWRITEDATA?I2C
  +--> ?PR?I2CSTOP?I2C
  +--> ?PR?_DELAY?CPU

BL51 BANKED LINKER/LOCATER V6.22.2.0                                                  04/12/2021  16:41:58  PAGE 7


?PR?_AD5110_I2CWRITEDATA?I2C                     -----    -----      -----    -----
  +--> ?PR?I2CDELAY?I2C

?PR?CHECK_ADAP_IN?CPU                            -----    -----      -----    -----
  +--> ?PR?_MCUTIMERDELAYXMS?SYSTIMER

?PR?MAIN_LOOP?MAIN                               -----    -----      -----    -----
  +--> ?CO?MAIN
  +--> ?PR?_PRINTF?PRINTF
  +--> ?PR?GETROTATENUMBER?MAIN
  +--> ?PR?RS_READY?CPU
  +--> ?PR?MONITOR?MONITOR
  +--> ?PR?DVRRECEIVEPASER?HS_DVRPROTOCOL
  +--> ?PR?SYSTIMERHANDLER?SYSTIMER
  +--> ?PR?SYSPOWERHANDLER?SYSPOWER
  +--> ?PR?SCANKEY?KEYREMO
  +--> ?PR?ENCORDERHANDLER_TELI?MAIN
  +--> ?PR?ENCORDERHANDLER?MAIN

?PR?GETROTATENUMBER?MAIN                         -----    -----      0106H    0004H
  +--> ?PR?_READEEP?I2C
  +--> ?CO?MAIN
  +--> ?PR?_PRINTF?PRINTF

?PR?MONITOR?MONITOR                              -----    -----      0106H    0002H
  +--> ?PR?MONGETCOMMAND?MONITOR
  +--> ?CO?MONITOR
  +--> ?PR?_STRICMP?MONITOR
  +--> ?PR?_PRINTF?PRINTF
  +--> ?PR?_READAD5110?I2C
  +--> ?PR?_READEEP?I2C
  +--> ?PR?MONWRITEBIT?MONITOR
  +--> ?PR?_WRITEEEP?I2C
  +--> ?PR?_ASC2BIN?MONITOR
  +--> ?PR?MONHELP?MONITOR
  +--> ?PR?_SAVEDEBUGLEVELEE?ETC_EEP
  +--> ?PR?_PUTS?PRINTF
  +--> ?PR?RS_READY?CPU
  +--> ?PR?_READI2C?I2C
  +--> ?PR?_SET_PWM?CPU
  +--> ?PR?_MCUTIMERACTIVETIMEREVENT?SYSTIMER
  +--> ?PR?MONTXDUMP?MONITOR
  +--> ?PR?PROMPT?MONITOR

?PR?MONGETCOMMAND?MONITOR                        -----    -----      0108H    0003H
  +--> ?PR?RS_READY?CPU
  +--> ?PR?RS_RX?CPU
  +--> ?PR?_MCUTIMERREACTIVETIMEREVENT?SYSTIMER
  +--> ?PR?_MON_TX?MONITOR
  +--> ?PR?PROMPT?MONITOR
  +--> ?PR?_MONINCDECI2C?MONITOR

?PR?_MCUTIMERREACTIVETIMEREVENT?SYSTIMER         -----    -----      010BH    0004H
  +--> ?PR?_MCUTIMERCHECKTIMEREVENT?SYSTIMER

?PR?_MON_TX?MONITOR                              -----    -----      -----    -----
  +--> ?PR?_RS_TX?CPU
BL51 BANKED LINKER/LOCATER V6.22.2.0                                                  04/12/2021  16:41:58  PAGE 8



?PR?PROMPT?MONITOR                               -----    -----      -----    -----
  +--> ?CO?MONITOR
  +--> ?PR?_PRINTF?PRINTF

?PR?_MONINCDECI2C?MONITOR                        -----    -----      -----    -----
  +--> ?PR?_WRITEI2C?I2C
  +--> ?PR?_READI2C?I2C
  +--> ?CO?MONITOR
  +--> ?PR?_PRINTF?PRINTF
  +--> ?PR?PROMPT?MONITOR

?PR?_WRITEI2C?I2C                                -----    -----      010DH    0003H
  +--> ?PR?I2CSTART?I2C
  +--> ?PR?_I2CWRITEDATA?I2C
  +--> ?PR?I2CSTOP?I2C

?PR?_STRICMP?MONITOR                             -----    -----      0108H    0008H
  +--> ?CO?MONITOR
  +--> ?PR?_TOUPPER?MONITOR

?PR?_READAD5110?I2C                              -----    -----      0108H    0001H
  +--> ?PR?I2CSTART?I2C
  +--> ?PR?_AD5110_I2CWRITEDATA?I2C
  +--> ?PR?AD5110_I2CREADDATA?I2C
  +--> ?PR?I2CSTOP?I2C
  +--> ?PR?_DELAY?CPU

?PR?AD5110_I2CREADDATA?I2C                       -----    -----      -----    -----
  +--> ?PR?I2CDELAY?I2C

?PR?MONWRITEBIT?MONITOR                          -----    -----      0108H    0005H
  +--> ?CO?MONITOR
  +--> ?PR?_ASC2BIN?MONITOR
  +--> ?PR?_READI2C?I2C
  +--> ?PR?_WRITEI2C?I2C
  +--> ?PR?_PRINTF?PRINTF

?PR?_ASC2BIN?MONITOR                             -----    -----      -----    -----
  +--> ?PR?_ASC1BIN?MONITOR

?PR?MONHELP?MONITOR                              -----    -----      -----    -----
  +--> ?CO?MONITOR
  +--> ?PR?_PRINTF?PRINTF

?PR?_SAVEDEBUGLEVELEE?ETC_EEP                    -----    -----      -----    -----
  +--> ?PR?_WRITEEEP?I2C

?PR?_PUTS?PRINTF                                 -----    -----      010AH    0003H
  +--> ?PR?_RS_TX?CPU

?PR?_SET_PWM?CPU                                 -----    -----      010BH    0002H
  +--> ?CO?CPU
  +--> ?PR?_PRINTF?PRINTF

?PR?MONTXDUMP?MONITOR                            -----    -----      0108H    0002H
  +--> ?CO?MONITOR
BL51 BANKED LINKER/LOCATER V6.22.2.0                                                  04/12/2021  16:41:58  PAGE 9


  +--> ?PR?_PUTS?PRINTF
  +--> ?PR?_A2I?MONITOR
  +--> ?PR?_RS_TX?CPU

?PR?_A2I?MONITOR                                 -----    -----      010AH    0008H

?PR?DVRRECEIVEPASER?HS_DVRPROTOCOL               -----    -----      0106H    0001H
  +--> ?PR?RS2_READY?CPU
  +--> ?PR?RS2_RX?CPU
  +--> ?CO?HS_DVRPROTOCOL
  +--> ?PR?_GRAPHICSPRINT?PRINTF
  +--> ?PR?_USERINTERFACEBATTERYCHARGEMODE?S...
  +--> ?PR?_MCUTIMERCANCELTIMEREVENT?SYSTIMER
  +--> ?PR?_MCUTIMERACTIVETIMEREVENT?SYSTIMER
  +--> ?PR?_PRINTF?PRINTF
  +--> ?PR?_WRITEEEP?I2C
  +--> ?PR?_MCUTIMERREACTIVETIMEREVENT?SYSTIMER
  +--> ?PR?_READEEP?I2C
  +--> ?PR?_DEBUG_MESSAGE?PRINTF

?PR?_GRAPHICSPRINT?PRINTF                        -----    -----      0136H    002FH
  +--> ?PR?_DEBUG_MESSAGE?PRINTF
  +--> ?PR?_DOPRINT?PRINTF

?PR?_USERINTERFACEBATTERYCHARGEMODE?S...         -----    -----      010AH    0001H
  +--> ?PR?_MCUTIMERCANCELTIMEREVENT?SYSTIMER
  +--> ?PR?_SET_PWM?CPU
  +--> ?CO?SYSPOWER
  +--> ?PR?_GRAPHICSPRINT?PRINTF
  +--> ?PR?_USERINTERFACEPOWERSWITCH?SYSPOWER
  +--> ?PR?_MCUTIMERACTIVETIMEREVENT?SYSTIMER

?PR?_USERINTERFACEPOWERSWITCH?SYSPOWER           -----    -----      010BH    0001H
  +--> ?CO?SYSPOWER
  +--> ?PR?_PRINTF?PRINTF
  +--> ?PR?_MCUTIMERDELAYXMS?SYSTIMER
  +--> ?PR?_MCUTIMERACTIVETIMEREVENT?SYSTIMER
  +--> ?PR?_MCU_SENDCMDTODVR?MAIN

?PR?_MCU_SENDCMDTODVR?MAIN                       -----    -----      012AH    000CH
  +--> ?CO?MAIN
  +--> ?PR?_READEEP?I2C
  +--> ?PR?_GRAPHICSPRINT?PRINTF
  +--> ?PR?_MCULIB_PROTOCOLSENDCMDWITHPARAMN...

?PR?_MCULIB_PROTOCOLSENDCMDWITHPARAMN...         -----    -----      0136H    0017H
  +--> ?PR?_MCULIB_PROTOCOLAPPEND?MAIN
  +--> ?PR?_RS2_TX?CPU

?PR?_MCULIB_PROTOCOLAPPEND?MAIN                  -----    -----      014DH    0007H

?PR?SYSTIMERHANDLER?SYSTIMER                     -----    -----      0106H    0004H
  +--> ?PR?MCUTIMERGETTIMERCOUNTER?SYSTIMER
  +--> ?PR?_MCUTIMERCHECKEVENTVALID?SYSTIMER
  +--> ?PR?_MCUTIMERGETEVENTTIME?SYSTIMER
  +--> ?PR?_MCUTIMERCLREVENTVALID?SYSTIMER
  +--> ?PR?_MCUTIMERGETEVENTID?SYSTIMER
BL51 BANKED LINKER/LOCATER V6.22.2.0                                                  04/12/2021  16:41:58  PAGE 10


  +--> ?PR?_USERINTERFACETIMEREVENTPROC?SYST...
  +--> ?PR?_SYSTIMEREVENTPROC?SYSTIMER

?PR?_USERINTERFACETIMEREVENTPROC?SYST...         -----    -----      -----    -----
  +--> ?PR?_SETAD5110STEP?MAIN
  +--> ?PR?_WRITEEEP?I2C
  +--> ?CO?SYSTIMER
  +--> ?PR?_MCU_SENDCMDTODVR?MAIN
  +--> ?PR?_GRAPHICSPRINT?PRINTF
  +--> ?PR?_USERINTERFACEBATTERYCHARGEMODE?S...
  +--> ?PR?_MCUTIMERACTIVETIMEREVENT?SYSTIMER
  +--> ?PR?ENTER_ISP?MAIN
  +--> ?PR?_USERINTERFACEPOWERSWITCH?SYSPOWER

?PR?ENTER_ISP?MAIN                               -----    -----      010AH    0001H
  +--> ?PR?ISP_INIT?MAIN
  +--> ?PR?_ISP_WRITE?MAIN

?PR?_ISP_WRITE?MAIN                              -----    -----      010BH    0006H

?PR?_SYSTIMEREVENTPROC?SYSTIMER                  -----    -----      -----    -----
  +--> ?PR?_POWERLED?CPU
  +--> ?PR?_MCUTIMERDELAYXMS?SYSTIMER
  +--> ?PR?CHECK_ADAP_IN?CPU
  +--> ?PR?_MCUTIMERCHECKEVENTVALID?SYSTIMER
  +--> ?CO?SYSTIMER
  +--> ?PR?_GRAPHICSPRINT?PRINTF
  +--> ?PR?_MCUTIMERCANCELTIMEREVENT?SYSTIMER
  +--> ?PR?_MCUTIMERACTIVETIMEREVENT?SYSTIMER
  +--> ?PR?_MCU_SENDCMDTODVR?MAIN
  +--> ?PR?GETBATTERYVOLTAGE?MAIN
  +--> ?PR?GETBATTERYBTH?MAIN
  +--> ?PR?_READEEP?I2C
  +--> ?PR?_WRITEEEP?I2C
  +--> ?PR?_USERINTERFACEBATTERYCHARGEMODE?S...
  +--> ?PR?SHOWWORKINGTIMER?CPU

?PR?GETBATTERYVOLTAGE?MAIN                       -----    -----      -----    -----
  +--> ?PR?_GETADCVALUE?MAIN

?PR?GETBATTERYBTH?MAIN                           -----    -----      -----    -----
  +--> ?PR?_GETADCVALUE?MAIN

?PR?SHOWWORKINGTIMER?CPU                         -----    -----      010AH    0002H
  +--> ?CO?CPU
  +--> ?PR?_GRAPHICSPRINT?PRINTF

?PR?SYSPOWERHANDLER?SYSPOWER                     -----    -----      -----    -----
  +--> ?PR?_SYSPOWERSWITCH?SYSPOWER

?PR?_SYSPOWERSWITCH?SYSPOWER                     -----    -----      0106H    0001H
  +--> ?PR?_USERINTERFACEPOWERSWITCH?SYSPOWER

?PR?SCANKEY?KEYREMO                              -----    -----      -----    -----
  +--> ?PR?_GETKEY?KEYREMO
  +--> ?PR?_WRITEEEP?I2C
  +--> ?PR?_MCUTIMERACTIVETIMEREVENT?SYSTIMER
BL51 BANKED LINKER/LOCATER V6.22.2.0                                                  04/12/2021  16:41:58  PAGE 11



?PR?_GETKEY?KEYREMO                              0021H.3  0000H.1    -----    -----

?PR?ENCORDERHANDLER_TELI?MAIN                    -----    -----      0106H    0024H
  +--> ?CO?MAIN
  +--> ?PR?_PRINTF?PRINTF
  +--> ?PR?_MCU_SENDCMDTODVR?MAIN
  +--> ?PR?_MCUTIMERCANCELTIMEREVENT?SYSTIMER
  +--> ?PR?_MCUTIMERACTIVETIMEREVENT?SYSTIMER

?PR?ENCORDERHANDLER?MAIN                         -----    -----      0106H    0022H
  +--> ?CO?MAIN
  +--> ?PR?_PRINTF?PRINTF
  +--> ?PR?_MCU_SENDCMDTODVR?MAIN
  +--> ?PR?_MCUTIMERCANCELTIMEREVENT?SYSTIMER
  +--> ?PR?_MCUTIMERACTIVETIMEREVENT?SYSTIMER

?PR?WAITPOWERON?MAIN                             -----    -----      -----    -----
  +--> ?CO?MAIN
  +--> ?PR?_PRINTF?PRINTF
  +--> ?PR?_MCUTIMERCANCELTIMEREVENT?SYSTIMER
  +--> ?PR?_SAVEROTATENUMBER?MAIN
  +--> ?PR?RS_READY?CPU
  +--> ?PR?MONITOR?MONITOR
  +--> ?PR?SYSPOWERHANDLER?SYSPOWER
  +--> ?PR?SYSTIMERHANDLER?SYSTIMER
  +--> ?PR?SCANKEY?KEYREMO
  +--> ?PR?_MCUTIMERACTIVETIMEREVENT?SYSTIMER
  +--> ?PR?CHECK_ADAP_IN?CPU
  +--> ?PR?SET_MCU_POWER_DOWN_MODE?CPU
  +--> ?PR?_WRITEEEP?I2C

?PR?_SAVEROTATENUMBER?MAIN                       -----    -----      0106H    0008H
  +--> ?PR?_READEEP?I2C
  +--> ?CO?MAIN
  +--> ?PR?_PRINTF?PRINTF
  +--> ?PR?_WRITEEEP?I2C

?PR?SET_MCU_POWER_DOWN_MODE?CPU                  -----    -----      -----    -----
  +--> ?CO?CPU
  +--> ?PR?_PRINTF?PRINTF

?C_INITSEG                                       -----    -----      -----    -----
  +--> ?CO?PRINTF



SYMBOL TABLE OF MODULE:  .\Output\ml070i_MRMCU (?C_STARTUP)

  VALUE           TYPE          NAME
  ----------------------------------

  -------         MODULE        ?C_STARTUP
  C:7BD6H         SEGMENT       ?C_C51STARTUP
  I:007AH         SEGMENT       ?STACK
  C:0000H         PUBLIC        ?C_STARTUP
  D:00E0H         SYMBOL        ACC
BL51 BANKED LINKER/LOCATER V6.22.2.0                                                  04/12/2021  16:41:58  PAGE 12


  D:00F0H         SYMBOL        B
  D:0083H         SYMBOL        DPH
  D:0082H         SYMBOL        DPL
  N:0000H         SYMBOL        IBPSTACK
  N:0100H         SYMBOL        IBPSTACKTOP
  N:0080H         SYMBOL        IDATALEN
  C:7BD9H         SYMBOL        IDATALOOP
  N:0000H         SYMBOL        PBPSTACK
  N:0100H         SYMBOL        PBPSTACKTOP
  N:0000H         SYMBOL        PDATALEN
  N:0000H         SYMBOL        PDATASTART
  N:0000H         SYMBOL        PPAGE
  N:0000H         SYMBOL        PPAGEENABLE
  D:00A0H         SYMBOL        PPAGE_SFR
  D:0081H         SYMBOL        SP
  C:7BD6H         SYMBOL        STARTUP1
  N:0000H         SYMBOL        XBPSTACK
  N:0000H         SYMBOL        XBPSTACKTOP
  N:0000H         SYMBOL        XDATALEN
  N:0000H         SYMBOL        XDATASTART
  C:0000H         LINE#         126
  C:7BD6H         LINE#         133
  C:7BD8H         LINE#         134
  C:7BD9H         LINE#         135
  C:7BDAH         LINE#         136
  C:7BDCH         LINE#         185
  C:7BDFH         LINE#         196
  -------         ENDMOD        ?C_STARTUP

  -------         MODULE        CPU
  C:0000H         SYMBOL        _ICE_DUMMY_
  D:0091H         PUBLIC        P1M0
  X:02B8H         PUBLIC        second
  C:80D5H         PUBLIC        InitCPU
  D:00B1H         PUBLIC        P3M0
  D:0096H         PUBLIC        P2M1
  C:521EH         PUBLIC        timer0_int
  X:02B9H         PUBLIC        FormatSDCard
  D:00B3H         PUBLIC        P4M0
  D:00B2H         PUBLIC        P3M1
  D:00B4H         PUBLIC        P4M1
  D:00B0H         PUBLIC        P3
  C:894BH         PUBLIC        timer2_int
  D:00E8H         PUBLIC        P4
  X:02BAH         PUBLIC        FormatWait
  X:02BBH         PUBLIC        Power_Msg_Count
  X:02BDH         PUBLIC        IE_Temp
  D:00F9H         PUBLIC        CH
  D:0022H         PUBLIC        DVR_buf
  D:0040H         PUBLIC        keytic
  D:00A8H         PUBLIC        IE
  C:4A0EH         PUBLIC        ShowWorkingTimer
  D:00E9H         PUBLIC        CL
  D:0042H         PUBLIC        RS2_in
  B:0020H.0       PUBLIC        RepeatKey
  X:02BEH         PUBLIC        LED_FLASH_COUNT
  D:0043H         PUBLIC        RS2_out
BL51 BANKED LINKER/LOCATER V6.22.2.0                                                  04/12/2021  16:41:58  PAGE 13


  C:8898H         PUBLIC        _delay
  D:00FCH         PUBLIC        CCAP2H
  B:00E8H.0       PUBLIC        P4_0
  D:00FDH         PUBLIC        CCAP3H
  B:00E8H.1       PUBLIC        P4_1
  B:0090H.4       PUBLIC        P1_4
  B:0080H.5       PUBLIC        P0_5
  X:02C0H         PUBLIC        minute
  B:00E8H.2       PUBLIC        P4_2
  D:00ECH         PUBLIC        CCAP2L
  B:00A8H.4       PUBLIC        ES
  D:00EDH         PUBLIC        CCAP3L
  D:00DCH         PUBLIC        CCAPM2
  D:00DDH         PUBLIC        CCAPM3
  D:00B8H         PUBLIC        IP
  B:0098H.0       PUBLIC        RI
  B:0098H.1       PUBLIC        TI
  C:8966H         PUBLIC        RS_ready
  D:0044H         PUBLIC        tic01
  B:0020H.1       PUBLIC        KeyReady
  C:87F5H         PUBLIC        RS2_rx
  B:0020H.2       PUBLIC        RS_Xbusy
  D:0045H         PUBLIC        tic02
  D:00D9H         PUBLIC        CMOD
  D:00D8H         PUBLIC        CCON
  C:8985H         PUBLIC        _RS2_tx
  X:02C1H         PUBLIC        Time5ms
  X:02C2H         PUBLIC        month
  X:02C3H         PUBLIC        keyticSec
  D:0046H         PUBLIC        Key
  C:87B7H         PUBLIC        int2_int
  C:87D6H         PUBLIC        int3_int
  X:02C4H         PUBLIC        bytEncorderCountTemp
  C:865EH         PUBLIC        serial_int
  C:0026H         PUBLIC        ext1_int
  D:0099H         PUBLIC        SBUF
  D:0087H         PUBLIC        PCON
  D:0098H         PUBLIC        SCON
  C:88B0H         PUBLIC        InitVars
  D:0089H         PUBLIC        TMOD
  D:0088H         PUBLIC        TCON
  C:714AH         PUBLIC        main_init
  X:02C5H         PUBLIC        day
  X:02C6H         PUBLIC        hour
  B:00C0H.1       PUBLIC        IE2
  B:00C0H.5       PUBLIC        IE3
  C:7AAEH         PUBLIC        _SET_PWM
  X:02C7H         PUBLIC        PowerDownWait
  D:0047H         PUBLIC        tm01
  D:0049H         PUBLIC        stopWatch
  X:02C8H         PUBLIC        EncorderCount
  D:004BH         SYMBOL        RS_buf
  C:862FH         PUBLIC        SET_MCU_POWER_DOWN_MODE
  D:0069H         PUBLIC        tic_PWR_SAVING
  D:006DH         PUBLIC        tic_Init_time
  B:00A8H.5       PUBLIC        ET2
  B:00C8H.7       PUBLIC        TF2
BL51 BANKED LINKER/LOCATER V6.22.2.0                                                  04/12/2021  16:41:58  PAGE 14


  D:008CH         PUBLIC        TH0
  D:008DH         PUBLIC        TH1
  X:02CAH         PUBLIC        bytHoldOn3SPowerOff
  B:00A8H.2       PUBLIC        EX1
  B:00C0H.2       PUBLIC        EX2
  B:00C0H.0       PUBLIC        IT2
  C:8971H         PUBLIC        RS2_ready
  C:8813H         PUBLIC        Check_ADAP_IN
  B:00C0H.6       PUBLIC        EX3
  B:00C0H.4       PUBLIC        IT3
  D:008AH         PUBLIC        TL0
  X:02CBH         PUBLIC        bytHoldOn3SPowerOffMode
  B:0020H.3       PUBLIC        RS2_Xbusy
  B:00C8H.2       PUBLIC        TR2
  X:02CCH         PUBLIC        updn_reg
  B:0020H.4       PUBLIC        PWR_SAVING_ACT_FLAG
  D:0071H         PUBLIC        RS_in
  D:0072H         PUBLIC        RS_out
  C:847DH         PUBLIC        serial2_int
  D:009AH         PUBLIC        S2BUF
  X:02D0H         PUBLIC        year1
  X:02D1H         PUBLIC        year2
  C:7EE6H         PUBLIC        _PowerLED
  D:00AAH         PUBLIC        S2CON
  D:00C8H         PUBLIC        T2CON
  D:00BAH         PUBLIC        S2BRT
  X:02D2H         PUBLIC        DVR_FACTORY_MODE
  C:882FH         PUBLIC        RS_rx
  C:0003H         PUBLIC        _RS_tx
  D:0073H         PUBLIC        tm001
  D:00A6H         PUBLIC        AUXR2
  B:0020H.5       PUBLIC        ChangeKey
  D:0074H         PUBLIC        tic_pc
  D:0076H         PUBLIC        SystemClock
  D:0093H         PUBLIC        P0M0
  D:00ADH         PUBLIC        AUXIE
  -------         PROC          MAIN_INIT
  -------         DO            
  X:0106H         SYMBOL        rev
  -------         ENDDO         
  C:714AH         LINE#         94
  C:714AH         LINE#         95
  C:714AH         LINE#         98
  C:7153H         LINE#         101
  C:7195H         LINE#         103
  C:71A4H         LINE#         104
  C:71A4H         LINE#         105
  C:71BEH         LINE#         106
  C:71C1H         LINE#         107
  C:7203H         LINE#         108
  C:7203H         LINE#         112
  C:7212H         LINE#         113
  C:7212H         LINE#         116
  C:7212H         LINE#         117
  C:7218H         LINE#         118
  C:721BH         LINE#         119
  C:721BH         LINE#         120
BL51 BANKED LINKER/LOCATER V6.22.2.0                                                  04/12/2021  16:41:58  PAGE 15


  C:721DH         LINE#         122
  C:721DH         LINE#         123
  C:7226H         LINE#         124
  C:722FH         LINE#         125
  C:7236H         LINE#         127
  C:7236H         LINE#         129
  C:723BH         LINE#         132
  C:7243H         LINE#         133
  C:7248H         LINE#         135
  -------         ENDPROC       MAIN_INIT
  -------         PROC          INITCPU
  C:80D5H         LINE#         143
  C:80D5H         LINE#         144
  C:80D5H         LINE#         148
  C:80D8H         LINE#         156
  C:80DBH         LINE#         158
  C:80DEH         LINE#         160
  C:80E1H         LINE#         168
  C:80E7H         LINE#         170
  C:80EAH         LINE#         171
  C:80EDH         LINE#         175
  C:80F0H         LINE#         178
  C:80F2H         LINE#         179
  C:80F4H         LINE#         198
  C:80F7H         LINE#         199
  C:80F9H         LINE#         200
  C:80FBH         LINE#         207
  C:80FEH         LINE#         208
  C:8101H         LINE#         211
  C:8104H         LINE#         214
  C:8107H         LINE#         216
  C:8109H         LINE#         218
  C:810BH         LINE#         219
  C:810DH         LINE#         223
  C:8110H         LINE#         224
  C:8113H         LINE#         234
  C:8116H         LINE#         237
  C:8119H         LINE#         239
  C:811CH         LINE#         241
  C:811FH         LINE#         242
  C:8121H         LINE#         243
  C:8124H         LINE#         244
  C:8126H         LINE#         246
  -------         ENDPROC       INITCPU
  -------         PROC          SET_MCU_POWER_DOWN_MODE
  C:862FH         LINE#         249
  C:862FH         LINE#         250
  C:862FH         LINE#         252
  C:8638H         LINE#         254
  C:863AH         LINE#         255
  C:863CH         LINE#         256
  C:863EH         LINE#         258
  C:8640H         LINE#         259
  C:8642H         LINE#         260
  C:8644H         LINE#         262
  C:864AH         LINE#         263
  C:864DH         LINE#         265
BL51 BANKED LINKER/LOCATER V6.22.2.0                                                  04/12/2021  16:41:58  PAGE 16


  C:8653H         LINE#         266
  C:8655H         LINE#         267
  C:8657H         LINE#         268
  C:865AH         LINE#         269
  C:865BH         LINE#         270
  C:865CH         LINE#         271
  C:865DH         LINE#         275
  -------         ENDPROC       SET_MCU_POWER_DOWN_MODE
  -------         PROC          CHECK_ADAP_IN
  C:8813H         LINE#         278
  C:8813H         LINE#         279
  C:8813H         LINE#         281
  C:8819H         LINE#         282
  C:8819H         LINE#         283
  C:8820H         LINE#         285
  C:8826H         LINE#         286
  C:8829H         LINE#         288
  C:882CH         LINE#         289
  C:882CH         LINE#         291
  C:882EH         LINE#         292
  -------         ENDPROC       CHECK_ADAP_IN
  -------         PROC          _SET_PWM
  X:010BH         SYMBOL        index
  X:010CH         SYMBOL        val
  C:7AAEH         LINE#         294
  C:7AB6H         LINE#         295
  C:7AB6H         LINE#         297
  C:7ACFH         LINE#         299
  C:7AE1H         LINE#         300
  C:7AE1H         LINE#         301
  C:7AE1H         LINE#         303
  C:7AE4H         LINE#         304
  C:7AEFH         LINE#         305
  C:7AF2H         LINE#         307
  C:7AF5H         LINE#         308
  C:7AF5H         LINE#         309
  C:7AF7H         LINE#         310
  C:7AF9H         LINE#         311
  C:7AF9H         LINE#         313
  C:7B01H         LINE#         314
  C:7B01H         LINE#         315
  C:7B04H         LINE#         316
  C:7B07H         LINE#         317
  C:7B0AH         LINE#         318
  C:7B10H         LINE#         319
  C:7B12H         LINE#         320
  C:7B1AH         LINE#         321
  C:7B1AH         LINE#         322
  C:7B1DH         LINE#         323
  C:7B20H         LINE#         324
  C:7B23H         LINE#         325
  C:7B2CH         LINE#         326
  C:7B2CH         LINE#         360
  C:7B2CH         LINE#         361
  C:7B2CH         LINE#         362
  C:7B2FH         LINE#         363
  C:7B3AH         LINE#         364
BL51 BANKED LINKER/LOCATER V6.22.2.0                                                  04/12/2021  16:41:58  PAGE 17


  C:7B3DH         LINE#         365
  C:7B3EH         LINE#         366
  C:7B3EH         LINE#         367
  C:7B41H         LINE#         368
  C:7B42H         LINE#         369
  C:7B42H         LINE#         370
  C:7B45H         LINE#         371
  C:7B45H         LINE#         373
  C:7B45H         LINE#         374
  C:7B45H         LINE#         375
  C:7B45H         LINE#         378
  -------         ENDPROC       _SET_PWM
  -------         PROC          TIMER0_INT
  -------         DO            
  D:000FH         SYMBOL        TempKey
  -------         ENDDO         
  C:521EH         LINE#         387
  C:522BH         LINE#         394
  C:522DH         LINE#         397
  C:522FH         LINE#         400
  C:523AH         LINE#         401
  C:523AH         LINE#         402
  C:5248H         LINE#         403
  C:524BH         LINE#         404
  C:524DH         LINE#         405
  C:524DH         LINE#         407
  C:5253H         LINE#         408
  C:5255H         LINE#         409
  C:525EH         LINE#         410
  C:525EH         LINE#         412
  C:5267H         LINE#         413
  C:5271H         LINE#         414
  C:5271H         LINE#         415
  C:5279H         LINE#         416
  C:5281H         LINE#         417
  C:5289H         LINE#         418
  C:528CH         LINE#         419
  C:528EH         LINE#         422
  C:5299H         LINE#         423
  C:529EH         LINE#         425
  C:52A1H         LINE#         427
  C:52BCH         LINE#         428
  C:52BCH         LINE#         429
  C:52CAH         LINE#         430
  C:52D0H         LINE#         431
  C:52D0H         LINE#         432
  C:52E8H         LINE#         433
  C:52E8H         LINE#         434
  C:52F6H         LINE#         435
  C:52FCH         LINE#         436
  C:52FCH         LINE#         437
  C:5314H         LINE#         438
  C:5314H         LINE#         439
  C:5322H         LINE#         440
  C:5328H         LINE#         441
  C:5328H         LINE#         442
  C:5343H         LINE#         443
BL51 BANKED LINKER/LOCATER V6.22.2.0                                                  04/12/2021  16:41:58  PAGE 18


  C:5343H         LINE#         444
  C:5351H         LINE#         445
  C:5357H         LINE#         446
  C:5357H         LINE#         447
  C:536FH         LINE#         448
  C:536FH         LINE#         449
  C:537DH         LINE#         450
  C:5383H         LINE#         451
  C:5383H         LINE#         452
  C:539BH         LINE#         453
  C:539BH         LINE#         454
  C:53A9H         LINE#         455
  C:53AFH         LINE#         456
  C:53AFH         LINE#         457
  C:53CAH         LINE#         458
  C:53CAH         LINE#         459
  C:53D8H         LINE#         460
  C:53DEH         LINE#         461
  C:53DEH         LINE#         462
  C:53F6H         LINE#         463
  C:53F6H         LINE#         464
  C:5404H         LINE#         465
  C:540AH         LINE#         466
  C:540AH         LINE#         468
  C:5412H         LINE#         469
  C:5412H         LINE#         470
  C:5431H         LINE#         471
  C:5436H         LINE#         472
  C:5436H         LINE#         473
  C:5436H         LINE#         474
  C:5436H         LINE#         483
  C:5444H         LINE#         486
  C:544CH         LINE#         487
  C:544FH         LINE#         488
  C:5451H         LINE#         490
  C:5457H         LINE#         491
  C:5457H         LINE#         493
  C:5459H         LINE#         496
  C:5460H         LINE#         497
  C:5465H         LINE#         499
  C:5467H         LINE#         501
  C:5467H         LINE#         502
  C:5471H         LINE#         503
  C:5479H         LINE#         506
  C:5487H         LINE#         507
  C:549BH         LINE#         508
  C:54A5H         LINE#         509
  C:54B3H         LINE#         550
  C:54BFH         LINE#         551
  C:54BFH         LINE#         552
  C:54C7H         LINE#         553
  C:54C7H         LINE#         554
  C:54D8H         LINE#         555
  C:54D8H         LINE#         556
  C:54DBH         LINE#         557
  C:54DDH         LINE#         558
  C:54DFH         LINE#         559
BL51 BANKED LINKER/LOCATER V6.22.2.0                                                  04/12/2021  16:41:58  PAGE 19


  C:54DFH         LINE#         560
  C:54E1H         LINE#         561
  C:54FDH         LINE#         562
  C:54FDH         LINE#         563
  C:5500H         LINE#         564
  C:5500H         LINE#         565
  C:5503H         LINE#         566
  C:5505H         LINE#         567
  C:550AH         LINE#         568
  C:550CH         LINE#         569
  C:550CH         LINE#         570
  C:550EH         LINE#         571
  C:5518H         LINE#         573
  C:551BH         LINE#         574
  C:551BH         LINE#         575
  C:551EH         LINE#         576
  C:5520H         LINE#         577
  C:5526H         LINE#         578
  C:5528H         LINE#         579
  C:5528H         LINE#         581
  C:552EH         LINE#         582
  C:552EH         LINE#         584
  C:5536H         LINE#         585
  C:5538H         LINE#         587
  C:5538H         LINE#         588
  C:554EH         LINE#         589
  C:5551H         LINE#         590
  C:5553H         LINE#         591
  C:5555H         LINE#         593
  C:5555H         LINE#         594
  C:5558H         LINE#         595
  C:555AH         LINE#         596
  C:555AH         LINE#         598
  C:555CH         LINE#         599
  C:5562H         LINE#         600
  C:5562H         LINE#         631
  C:5562H         LINE#         633
  -------         ENDPROC       TIMER0_INT
  -------         PROC          SHOWWORKINGTIMER
  -------         DO            
  X:010AH         SYMBOL        val
  -------         ENDDO         
  C:4A0EH         LINE#         638
  C:4A0EH         LINE#         639
  C:4A0EH         LINE#         642
  C:4A19H         LINE#         644
  C:4A20H         LINE#         645
  C:4A20H         LINE#         646
  C:4A50H         LINE#         647
  C:4A52H         LINE#         648
  C:4A59H         LINE#         649
  C:4A59H         LINE#         650
  C:4A7CH         LINE#         651
  C:4A7EH         LINE#         652
  C:4A87H         LINE#         653
  C:4A87H         LINE#         654
  C:4A9BH         LINE#         655
BL51 BANKED LINKER/LOCATER V6.22.2.0                                                  04/12/2021  16:41:58  PAGE 20


  C:4A9DH         LINE#         657
  C:4A9DH         LINE#         658
  C:4AB3H         LINE#         659
  C:4AB3H         LINE#         663
  C:4AFBH         LINE#         667
  C:4B05H         LINE#         668
  C:4B0FH         LINE#         669
  C:4B18H         LINE#         670
  C:4B22H         LINE#         672
  C:4B2CH         LINE#         673
  C:4B36H         LINE#         674
  C:4B43H         LINE#         675
  C:4B4BH         LINE#         677
  C:4B54H         LINE#         683
  C:4B5EH         LINE#         684
  C:4B5EH         LINE#         685
  C:4BBDH         LINE#         686
  C:4BCBH         LINE#         688
  C:4BCDH         LINE#         690
  C:4BCDH         LINE#         694
  C:4C09H         LINE#         696
  C:4C17H         LINE#         697
  C:4C2EH         LINE#         699
  C:4C42H         LINE#         703
  C:4C42H         LINE#         706
  C:4C95H         LINE#         710
  C:4C9FH         LINE#         711
  C:4CA9H         LINE#         712
  C:4CB3H         LINE#         713
  C:4CBDH         LINE#         714
  C:4CC7H         LINE#         715
  C:4CD1H         LINE#         716
  C:4CDBH         LINE#         717
  C:4CE5H         LINE#         718
  C:4CEFH         LINE#         719
  C:4CFAH         LINE#         721
  C:4D04H         LINE#         722
  C:4D0CH         LINE#         723
  C:4D16H         LINE#         724
  C:4D1EH         LINE#         725
  C:4D28H         LINE#         726
  C:4D30H         LINE#         727
  C:4D3AH         LINE#         728
  C:4D42H         LINE#         729
  C:4D4AH         LINE#         730
  C:4D54H         LINE#         731
  C:4D5EH         LINE#         732
  C:4D68H         LINE#         733
  C:4D72H         LINE#         734
  C:4D7CH         LINE#         735
  C:4D86H         LINE#         736
  C:4D90H         LINE#         737
  C:4D9AH         LINE#         738
  C:4DA4H         LINE#         739
  C:4DAEH         LINE#         740
  C:4DB9H         LINE#         742
  C:4DC5H         LINE#         743
BL51 BANKED LINKER/LOCATER V6.22.2.0                                                  04/12/2021  16:41:58  PAGE 21


  C:4DD0H         LINE#         745
  C:4DDAH         LINE#         746
  C:4DE2H         LINE#         747
  C:4DECH         LINE#         748
  C:4DF4H         LINE#         749
  C:4E00H         LINE#         750
  C:4E06H         LINE#         752
  C:4E1EH         LINE#         770
  -------         ENDPROC       SHOWWORKINGTIMER
  -------         PROC          INITVARS
  -------         DO            
  D:0007H         SYMBOL        j
  -------         ENDDO         
  C:88B0H         LINE#         780
  C:88B0H         LINE#         781
  C:88B0H         LINE#         783
  C:88BCH         LINE#         784
  C:88C5H         LINE#         786
  -------         ENDPROC       INITVARS
  -------         PROC          _POWERLED
  D:0007H         SYMBOL        flag
  C:7EE6H         LINE#         792
  C:7EE6H         LINE#         793
  C:7EE6H         LINE#         795
  C:7F1AH         LINE#         796
  C:7F1AH         LINE#         797
  C:7F1AH         LINE#         798
  C:7F1CH         LINE#         799
  C:7F1EH         LINE#         800
  C:7F1FH         LINE#         801
  C:7F1FH         LINE#         802
  C:7F21H         LINE#         803
  C:7F23H         LINE#         804
  C:7F24H         LINE#         805
  C:7F24H         LINE#         806
  C:7F24H         LINE#         807
  C:7F24H         LINE#         808
  C:7F26H         LINE#         809
  C:7F26H         LINE#         810
  C:7F26H         LINE#         811
  C:7F26H         LINE#         812
  C:7F28H         LINE#         813
  C:7F28H         LINE#         814
  C:7F2BH         LINE#         815
  C:7F2BH         LINE#         816
  C:7F2DH         LINE#         817
  C:7F2FH         LINE#         818
  C:7F30H         LINE#         825
  C:7F30H         LINE#         826
  C:7F33H         LINE#         827
  C:7F33H         LINE#         828
  C:7F35H         LINE#         829
  C:7F37H         LINE#         830
  C:7F38H         LINE#         832
  C:7F38H         LINE#         833
  C:7F38H         LINE#         834
  C:7F38H         LINE#         835
BL51 BANKED LINKER/LOCATER V6.22.2.0                                                  04/12/2021  16:41:58  PAGE 22


  C:7F38H         LINE#         836
  C:7F3AH         LINE#         837
  C:7F3AH         LINE#         838
  C:7F3DH         LINE#         839
  C:7F3DH         LINE#         840
  C:7F3FH         LINE#         841
  C:7F41H         LINE#         842
  C:7F42H         LINE#         844
  C:7F42H         LINE#         845
  C:7F44H         LINE#         846
  C:7F46H         LINE#         847
  C:7F46H         LINE#         848
  C:7F47H         LINE#         849
  C:7F47H         LINE#         850
  C:7F4AH         LINE#         851
  C:7F4AH         LINE#         852
  C:7F4CH         LINE#         853
  C:7F4EH         LINE#         855
  C:7F4EH         LINE#         856
  C:7F50H         LINE#         857
  C:7F50H         LINE#         859
  C:7F52H         LINE#         861
  C:7F53H         LINE#         862
  C:7F53H         LINE#         863
  C:7F56H         LINE#         864
  C:7F56H         LINE#         865
  C:7F58H         LINE#         866
  C:7F5AH         LINE#         868
  C:7F5AH         LINE#         869
  C:7F5CH         LINE#         870
  C:7F5CH         LINE#         872
  C:7F5EH         LINE#         875
  C:7F5EH         LINE#         876
  C:7F5EH         LINE#         877
  C:7F5EH         LINE#         878
  C:7F5EH         LINE#         879
  -------         ENDPROC       _POWERLED
  -------         PROC          EXT1_INT
  C:0026H         LINE#         888
  C:0026H         LINE#         890
  C:0028H         LINE#         891
  -------         ENDPROC       EXT1_INT
  -------         PROC          SERIAL_INT
  C:865EH         LINE#         914
  C:8665H         LINE#         920
  C:8668H         LINE#         929
  C:866FH         LINE#         930
  C:8671H         LINE#         931
  C:867FH         LINE#         935
  C:8681H         LINE#         937
  C:8681H         LINE#         939
  C:8684H         LINE#         940
  C:8686H         LINE#         941
  C:8688H         LINE#         942
  C:8688H         LINE#         943
  -------         ENDPROC       SERIAL_INT
  -------         PROC          SERIAL2_INT
BL51 BANKED LINKER/LOCATER V6.22.2.0                                                  04/12/2021  16:41:58  PAGE 23


  C:847DH         LINE#         947
  C:8484H         LINE#         952
  C:848CH         LINE#         953
  C:848CH         LINE#         955
  C:848FH         LINE#         957
  C:8496H         LINE#         960
  C:8498H         LINE#         961
  C:84A6H         LINE#         962
  C:84A6H         LINE#         964
  C:84AEH         LINE#         965
  C:84AEH         LINE#         966
  C:84B1H         LINE#         967
  C:84B3H         LINE#         968
  C:84B3H         LINE#         969
  -------         ENDPROC       SERIAL2_INT
  -------         PROC          RS_READY
  C:8966H         LINE#         978
  C:8966H         LINE#         979
  C:8966H         LINE#         980
  C:896EH         LINE#         981
  C:8970H         LINE#         982
  -------         ENDPROC       RS_READY
  -------         PROC          RS_RX
  -------         DO            
  D:0007H         SYMBOL        ret
  -------         ENDDO         
  C:882FH         LINE#         987
  C:882FH         LINE#         988
  C:882FH         LINE#         991
  C:8831H         LINE#         992
  C:8838H         LINE#         993
  C:883AH         LINE#         994
  C:8845H         LINE#         995
  C:8848H         LINE#         996
  C:884AH         LINE#         998
  C:884AH         LINE#         999
  -------         ENDPROC       RS_RX
  -------         PROC          RS2_READY
  C:8971H         LINE#         1005
  C:8971H         LINE#         1006
  C:8971H         LINE#         1007
  C:8979H         LINE#         1008
  C:897BH         LINE#         1009
  -------         ENDPROC       RS2_READY
  -------         PROC          RS2_RX
  -------         DO            
  D:0007H         SYMBOL        ret
  -------         ENDDO         
  C:87F5H         LINE#         1013
  C:87F5H         LINE#         1014
  C:87F5H         LINE#         1017
  C:87F8H         LINE#         1018
  C:87FFH         LINE#         1019
  C:8801H         LINE#         1020
  C:880CH         LINE#         1021
  C:880FH         LINE#         1022
  C:8812H         LINE#         1024
BL51 BANKED LINKER/LOCATER V6.22.2.0                                                  04/12/2021  16:41:58  PAGE 24


  C:8812H         LINE#         1025
  -------         ENDPROC       RS2_RX
  -------         PROC          _RS_TX
  D:0007H         SYMBOL        tx_buf
  C:0003H         LINE#         1031
  C:0003H         LINE#         1032
  C:0003H         LINE#         1033
  C:0006H         LINE#         1034
  C:0008H         LINE#         1035
  C:000AH         LINE#         1036
  -------         ENDPROC       _RS_TX
  -------         PROC          _RS2_TX
  D:0007H         SYMBOL        tx_buf
  C:8985H         LINE#         1042
  C:8985H         LINE#         1043
  C:8985H         LINE#         1045
  C:8988H         LINE#         1046
  C:898AH         LINE#         1047
  C:898CH         LINE#         1048
  -------         ENDPROC       _RS2_TX
  -------         PROC          TIMER2_INT
  C:894BH         LINE#         1089
  C:894DH         LINE#         1248
  C:894FH         LINE#         1250
  C:8957H         LINE#         1252
  -------         ENDPROC       TIMER2_INT
  -------         PROC          _DELAY
  D:0007H         SYMBOL        cnt
  -------         DO            
  D:0004H         SYMBOL        ttic01
  -------         ENDDO         
  C:8898H         LINE#         1254
  C:8898H         LINE#         1255
  C:8898H         LINE#         1258
  C:88A6H         LINE#         1259
  C:88A6H         LINE#         1261
  C:88AFH         LINE#         1262
  -------         ENDPROC       _DELAY
  -------         PROC          INT2_INT
  C:87B7H         LINE#         1266
  C:87BDH         LINE#         1268
  C:87BFH         LINE#         1269
  C:87C1H         LINE#         1270
  C:87C4H         LINE#         1271
  C:87CAH         LINE#         1272
  C:87CFH         LINE#         1273
  -------         ENDPROC       INT2_INT
  -------         PROC          INT3_INT
  C:87D6H         LINE#         1275
  C:87DCH         LINE#         1277
  C:87DEH         LINE#         1278
  C:87E0H         LINE#         1279
  C:87E3H         LINE#         1280
  C:87E9H         LINE#         1281
  C:87EEH         LINE#         1282
  -------         ENDPROC       INT3_INT
  -------         ENDMOD        CPU
BL51 BANKED LINKER/LOCATER V6.22.2.0                                                  04/12/2021  16:41:58  PAGE 25



  -------         MODULE        ETC_EEP
  C:0000H         SYMBOL        _ICE_DUMMY_
  C:897CH         PUBLIC        _SaveDebugLevelEE
  C:82A9H         PUBLIC        GetProjectNameEE
  C:75DEH         PUBLIC        ClearBasicEE
  C:8866H         PUBLIC        SaveFWRevEE
  C:8215H         PUBLIC        GetFWRevEE
  -------         PROC          GETFWREVEE
  -------         DO            
  D:0004H         SYMBOL        rev
  -------         ENDDO         
  C:8215H         LINE#         17
  C:8215H         LINE#         18
  C:8215H         LINE#         19
  C:821BH         LINE#         26
  C:825EH         LINE#         28
  C:825EH         LINE#         29
  -------         ENDPROC       GETFWREVEE
  -------         PROC          GETPROJECTNAMEEE
  -------         DO            
  X:010AH         SYMBOL        rev
  -------         ENDDO         
  C:82A9H         LINE#         31
  C:82A9H         LINE#         32
  C:82A9H         LINE#         33
  C:82AFH         LINE#         35
  C:82BDH         LINE#         36
  C:82CCH         LINE#         37
  C:82DBH         LINE#         38
  C:82EAH         LINE#         40
  C:82EFH         LINE#         41
  -------         ENDPROC       GETPROJECTNAMEEE
  -------         PROC          SAVEFWREVEE
  C:8866H         LINE#         43
  C:8866H         LINE#         44
  C:8866H         LINE#         51
  C:886EH         LINE#         52
  C:8876H         LINE#         53
  -------         ENDPROC       SAVEFWREVEE
  -------         PROC          _SAVEDEBUGLEVELEE
  D:0007H         SYMBOL        dl
  C:897CH         LINE#         59
  C:897CH         LINE#         60
  C:897CH         LINE#         61
  -------         ENDPROC       _SAVEDEBUGLEVELEE
  -------         PROC          CLEARBASICEE
  C:75DEH         LINE#         67
  C:75DEH         LINE#         68
  C:75DEH         LINE#         70
  C:75E7H         LINE#         72
  C:75EFH         LINE#         73
  C:75F8H         LINE#         74
  C:7601H         LINE#         75
  C:760AH         LINE#         77
  C:7613H         LINE#         80
  C:761CH         LINE#         82
BL51 BANKED LINKER/LOCATER V6.22.2.0                                                  04/12/2021  16:41:58  PAGE 26


  C:7624H         LINE#         84
  C:762CH         LINE#         86
  C:7634H         LINE#         88
  C:763DH         LINE#         90
  C:7646H         LINE#         91
  C:764EH         LINE#         93
  C:7657H         LINE#         94
  C:765FH         LINE#         96
  C:7668H         LINE#         97
  C:7670H         LINE#         99
  C:7679H         LINE#         100
  C:7681H         LINE#         102
  C:7689H         LINE#         103
  C:7691H         LINE#         104
  -------         ENDPROC       CLEARBASICEE
  -------         ENDMOD        ETC_EEP

  -------         MODULE        HS_DVRPROTOCOL
  C:0000H         SYMBOL        _ICE_DUMMY_
  X:0000H         PUBLIC        protocol_data_count
  D:00B2H         PUBLIC        P3M1
  X:0001H         PUBLIC        protocol_len
  X:0002H         PUBLIC        protocol_type
  B:0021H.5       PUBLIC        protocol_escape_flag
  X:0003H         PUBLIC        protocol_chksum
  X:0004H         PUBLIC        protocol_param
  X:0005H         PUBLIC        protocol_data
  C:2B2AH         PUBLIC        DvrReceivePaser
  X:0105H         PUBLIC        protocol_state
  -------         PROC          DVRRECEIVEPASER
  -------         DO            
  X:0106H         SYMBOL        c
  -------         ENDDO         
  C:2B2AH         LINE#         41
  C:2B2AH         LINE#         42
  C:2B2AH         LINE#         44
  C:2B33H         LINE#         45
  C:2B33H         LINE#         46
  C:2B3BH         LINE#         48
  C:2B3FH         LINE#         49
  C:2B3FH         LINE#         51
  C:2B4AH         LINE#         53
  C:2B4CH         LINE#         54
  C:2B52H         LINE#         55
  C:2B58H         LINE#         57
  C:2B58H         LINE#         59
  C:2B61H         LINE#         60
  C:2B61H         LINE#         61
  C:2B64H         LINE#         63
  C:2B64H         LINE#         65
  C:2B67H         LINE#         66
  C:2B67H         LINE#         67
  C:2B69H         LINE#         68
  C:2B70H         LINE#         69
  C:2B70H         LINE#         71
  C:2B79H         LINE#         72
  C:2B79H         LINE#         73
BL51 BANKED LINKER/LOCATER V6.22.2.0                                                  04/12/2021  16:41:58  PAGE 27


  C:2B89H         LINE#         74
  C:2B89H         LINE#         76
  C:2B9EH         LINE#         77
  C:2B9EH         LINE#         78
  C:2B9EH         LINE#         79
  C:2BA6H         LINE#         80
  C:2BBBH         LINE#         81
  C:2BBBH         LINE#         82
  C:2BBBH         LINE#         83
  C:2BBBH         LINE#         84
  C:2BBBH         LINE#         85
  C:2BBBH         LINE#         86
  C:2BBBH         LINE#         87
  C:2BBBH         LINE#         88
  C:2BBBH         LINE#         89
  C:2BBBH         LINE#         90
  C:2BBBH         LINE#         91
  C:2BBBH         LINE#         92
  C:2BBBH         LINE#         93
  C:2BBBH         LINE#         94
  C:2BBBH         LINE#         95
  C:2BBBH         LINE#         96
  C:2BBBH         LINE#         97
  C:2BBBH         LINE#         99
  C:2BC1H         LINE#         100
  C:2BC2H         LINE#         101
  C:2BC2H         LINE#         104
  C:2BC2H         LINE#         105
  C:2BC2H         LINE#         107
  C:2BC2H         LINE#         108
  C:2BCAH         LINE#         109
  C:2BE1H         LINE#         110
  C:2BE1H         LINE#         111
  C:2BE1H         LINE#         112
  C:2BE1H         LINE#         113
  C:2BE1H         LINE#         114
  C:2BE1H         LINE#         115
  C:2BE1H         LINE#         116
  C:2BE1H         LINE#         117
  C:2BE1H         LINE#         118
  C:2BE1H         LINE#         119
  C:2BE1H         LINE#         120
  C:2BE1H         LINE#         121
  C:2BE1H         LINE#         122
  C:2BE1H         LINE#         123
  C:2BE1H         LINE#         124
  C:2BE1H         LINE#         125
  C:2BE1H         LINE#         126
  C:2BE1H         LINE#         128
  C:2BE7H         LINE#         129
  C:2BE7H         LINE#         130
  C:2BEDH         LINE#         131
  C:2BEEH         LINE#         133
  C:2BEEH         LINE#         134
  C:2BF3H         LINE#         135
  C:2BF9H         LINE#         138
  C:2BFFH         LINE#         140
BL51 BANKED LINKER/LOCATER V6.22.2.0                                                  04/12/2021  16:41:58  PAGE 28


  C:2BFFH         LINE#         141
  C:2C01H         LINE#         142
  C:2C01H         LINE#         143
  C:2C01H         LINE#         144
  C:2C04H         LINE#         145
  C:2C04H         LINE#         146
  C:2C04H         LINE#         148
  C:2C04H         LINE#         149
  C:2C1DH         LINE#         150
  C:2C1DH         LINE#         151
  C:2C1DH         LINE#         152
  C:2C1DH         LINE#         153
  C:2C1DH         LINE#         154
  C:2C1DH         LINE#         155
  C:2C1DH         LINE#         156
  C:2C1DH         LINE#         157
  C:2C1DH         LINE#         158
  C:2C1DH         LINE#         159
  C:2C1DH         LINE#         160
  C:2C1DH         LINE#         161
  C:2C1DH         LINE#         162
  C:2C1DH         LINE#         163
  C:2C1DH         LINE#         164
  C:2C1DH         LINE#         165
  C:2C1DH         LINE#         168
  C:2C31H         LINE#         169
  C:2C37H         LINE#         170
  C:2C41H         LINE#         171
  C:2C47H         LINE#         173
  C:2C52H         LINE#         175
  C:2C52H         LINE#         177
  C:2C5DH         LINE#         180
  C:2C5DH         LINE#         181
  C:2C5DH         LINE#         182
  C:2C5DH         LINE#         183
  C:2C60H         LINE#         184
  C:2C60H         LINE#         185
  C:2C60H         LINE#         187
  C:2C60H         LINE#         188
  C:2C6FH         LINE#         189
  C:2C6FH         LINE#         192
  C:2C87H         LINE#         194
  C:2CC2H         LINE#         195
  C:2CC2H         LINE#         196
  C:2CC2H         LINE#         198
  C:2CCDH         LINE#         200
  C:2CD4H         LINE#         201
  C:2CDDH         LINE#         202
  C:2CEAH         LINE#         203
  C:2CEAH         LINE#         204
  C:2CEEH         LINE#         205
  C:2CF3H         LINE#         206
  C:2CF8H         LINE#         207
  C:2CF8H         LINE#         208
  C:2D01H         LINE#         209
  C:2D0AH         LINE#         210
  C:2D0DH         LINE#         211
BL51 BANKED LINKER/LOCATER V6.22.2.0                                                  04/12/2021  16:41:58  PAGE 29


  C:2D10H         LINE#         212
  C:2D10H         LINE#         214
  C:2D1BH         LINE#         216
  C:2D20H         LINE#         217
  C:2D2CH         LINE#         218
  C:2D32H         LINE#         219
  C:2D35H         LINE#         220
  C:2D35H         LINE#         222
  C:2D40H         LINE#         225
  C:2D46H         LINE#         226
  C:2D49H         LINE#         227
  C:2D49H         LINE#         229
  C:2D54H         LINE#         232
  C:2D5AH         LINE#         233
  C:2D5DH         LINE#         234
  C:2D5DH         LINE#         236
  C:2D68H         LINE#         237
  C:2D7EH         LINE#         238
  C:2D94H         LINE#         239
  C:2DAAH         LINE#         240
  C:2DC0H         LINE#         241
  C:2DD6H         LINE#         242
  C:2DECH         LINE#         243
  C:2E02H         LINE#         244
  C:2E18H         LINE#         247
  C:2E39H         LINE#         248
  C:2E5AH         LINE#         250
  C:2E7BH         LINE#         251
  C:2E9CH         LINE#         253
  C:2EBDH         LINE#         254
  C:2EDEH         LINE#         256
  C:2EFFH         LINE#         257
  C:2F20H         LINE#         259
  C:2F2CH         LINE#         260
  C:2F38H         LINE#         262
  C:2F44H         LINE#         263
  C:2F50H         LINE#         265
  C:2F5CH         LINE#         266
  C:2F68H         LINE#         268
  C:2F74H         LINE#         269
  C:2F80H         LINE#         271
  C:2F86H         LINE#         273
  C:2F89H         LINE#         275
  C:2F89H         LINE#         277
  C:2F94H         LINE#         281
  C:2FA1H         LINE#         282
  C:2FA4H         LINE#         284
  C:2FB6H         LINE#         286
  C:2FBFH         LINE#         287
  C:2FC4H         LINE#         289
  C:2FCEH         LINE#         290
  C:2FD7H         LINE#         317
  C:2FDAH         LINE#         319
  C:2FDAH         LINE#         321
  C:2FE5H         LINE#         324
  C:2FEBH         LINE#         325
  C:2FEBH         LINE#         326
BL51 BANKED LINKER/LOCATER V6.22.2.0                                                  04/12/2021  16:41:58  PAGE 30


  C:2FF2H         LINE#         328
  C:2FF8H         LINE#         330
  C:2FFBH         LINE#         331
  C:3006H         LINE#         332
  C:3006H         LINE#         333
  C:300BH         LINE#         334
  C:3012H         LINE#         336
  C:3018H         LINE#         338
  C:3018H         LINE#         339
  C:301BH         LINE#         341
  C:301BH         LINE#         343
  C:3026H         LINE#         345
  C:302CH         LINE#         346
  C:302FH         LINE#         348
  C:302FH         LINE#         350
  C:303AH         LINE#         353
  C:3040H         LINE#         354
  C:3040H         LINE#         355
  C:3047H         LINE#         356
  C:304CH         LINE#         359
  C:3051H         LINE#         360
  C:3056H         LINE#         361
  C:305BH         LINE#         362
  C:3060H         LINE#         363
  C:3065H         LINE#         364
  C:306AH         LINE#         366
  C:3070H         LINE#         368
  C:3073H         LINE#         369
  C:307BH         LINE#         370
  C:307BH         LINE#         371
  C:3081H         LINE#         372
  C:3081H         LINE#         373
  C:3081H         LINE#         374
  C:3083H         LINE#         375
  C:308EH         LINE#         376
  C:308EH         LINE#         377
  C:3095H         LINE#         378
  C:3098H         LINE#         379
  C:30A1H         LINE#         380
  C:30A6H         LINE#         381
  C:30A6H         LINE#         383
  C:30A9H         LINE#         385
  C:30A9H         LINE#         387
  C:30B4H         LINE#         390
  C:30BCH         LINE#         391
  C:30BCH         LINE#         392
  C:30C3H         LINE#         393
  C:30C8H         LINE#         395
  C:30D3H         LINE#         397
  C:30D5H         LINE#         398
  C:30E3H         LINE#         399
  C:30E3H         LINE#         400
  C:30EAH         LINE#         401
  C:30EFH         LINE#         402
  C:30F6H         LINE#         404
  C:3102H         LINE#         405
  C:3106H         LINE#         406
BL51 BANKED LINKER/LOCATER V6.22.2.0                                                  04/12/2021  16:41:58  PAGE 31


  C:3106H         LINE#         407
  C:3116H         LINE#         408
  C:3116H         LINE#         409
  C:311DH         LINE#         410
  C:3124H         LINE#         411
  C:3129H         LINE#         412
  C:3130H         LINE#         413
  C:313AH         LINE#         414
  C:3142H         LINE#         416
  C:314DH         LINE#         418
  C:3159H         LINE#         419
  C:315DH         LINE#         420
  C:315FH         LINE#         421
  C:316FH         LINE#         422
  C:316FH         LINE#         423
  C:3174H         LINE#         425
  C:317EH         LINE#         427
  C:317EH         LINE#         429
  C:3183H         LINE#         431
  C:318EH         LINE#         432
  C:3194H         LINE#         434
  C:3197H         LINE#         436
  C:3197H         LINE#         438
  C:31A2H         LINE#         440
  C:31A8H         LINE#         441
  C:31ABH         LINE#         443
  C:31ABH         LINE#         445
  C:31B3H         LINE#         446
  C:31B3H         LINE#         447
  C:31BBH         LINE#         448
  C:31C1H         LINE#         449
  C:31C3H         LINE#         451
  C:31C3H         LINE#         452
  C:31CBH         LINE#         453
  C:31D0H         LINE#         454
  C:31D0H         LINE#         457
  C:31E5H         LINE#         461
  C:31E8H         LINE#         462
  C:31E8H         LINE#         463
  C:31F3H         LINE#         464
  C:31F8H         LINE#         466
  C:31FBH         LINE#         469
  C:3213H         LINE#         471
  C:321CH         LINE#         474
  C:321EH         LINE#         475
  C:321EH         LINE#         477
  C:3229H         LINE#         479
  C:322FH         LINE#         480
  C:3231H         LINE#         481
  C:3231H         LINE#         483
  C:323CH         LINE#         485
  C:3245H         LINE#         486
  C:3247H         LINE#         487
  C:3247H         LINE#         489
  C:324FH         LINE#         490
  C:3256H         LINE#         492
  C:325BH         LINE#         495
BL51 BANKED LINKER/LOCATER V6.22.2.0                                                  04/12/2021  16:41:58  PAGE 32


  C:3273H         LINE#         497
  C:3275H         LINE#         498
  C:3275H         LINE#         499
  C:3275H         LINE#         500
  C:3275H         LINE#         502
  C:3275H         LINE#         504
  C:3275H         LINE#         506
  C:327EH         LINE#         508
  C:327EH         LINE#         509
  C:3283H         LINE#         510
  C:3283H         LINE#         511
  C:3283H         LINE#         512
  C:3283H         LINE#         513
  C:3283H         LINE#         514
  C:3283H         LINE#         517
  -------         ENDPROC       DVRRECEIVEPASER
  -------         ENDMOD        HS_DVRPROTOCOL

  -------         MODULE        I2C
  C:0000H         SYMBOL        _ICE_DUMMY_
  B:0090H.0       PUBLIC        P1_0
  B:0090H.1       PUBLIC        P1_1
  C:8596H         PUBLIC        I2CReadData
  C:84B8H         PUBLIC        _ReadI2C
  C:7E6BH         PUBLIC        _I2CWriteData
  C:84F1H         PUBLIC        _ReadAD5110
  C:86E5H         PUBLIC        _WriteI2C
  C:8928H         PUBLIC        I2CStart
  C:88DFH         PUBLIC        I2Cdelay
  C:870EH         PUBLIC        _ReadEEP
  C:8777H         PUBLIC        _WriteAD5110
  C:0016H         PUBLIC        I2CStop
  C:8561H         PUBLIC        AD5110_I2CReadData
  C:82F0H         PUBLIC        _WriteEEP
  C:7DEDH         PUBLIC        _AD5110_I2CWriteData
  C:88DBH         SYMBOL        L?0062
  -------         PROC          L?0061
  -------         ENDPROC       L?0061
  C:88DBH         SYMBOL        L?0062
  -------         PROC          I2CDELAY
  -------         DO            
  D:0007H         SYMBOL        i
  -------         ENDDO         
  C:88DFH         LINE#         34
  C:88DFH         LINE#         35
  C:88DFH         LINE#         37
  C:88EBH         LINE#         38
  C:88EEH         LINE#         39
  -------         ENDPROC       I2CDELAY
  -------         PROC          _WRITEEEP
  X:010EH         SYMBOL        index
  X:0110H         SYMBOL        dat
  -------         DO            
  X:0111H         SYMBOL        addr
  -------         ENDDO         
  C:82F0H         LINE#         42
  C:82FBH         LINE#         43
BL51 BANKED LINKER/LOCATER V6.22.2.0                                                  04/12/2021  16:41:58  PAGE 33


  C:82FBH         LINE#         46
  C:8313H         LINE#         48
  C:8316H         LINE#         49
  C:831EH         LINE#         50
  C:8327H         LINE#         51
  C:832FH         LINE#         52
  C:8332H         LINE#         58
  -------         ENDPROC       _WRITEEEP
  -------         PROC          _READEEP
  D:0004H         SYMBOL        index
  -------         DO            
  X:0136H         SYMBOL        val
  D:0007H         SYMBOL        addr
  -------         ENDDO         
  C:870EH         LINE#         61
  C:8712H         LINE#         62
  C:8712H         LINE#         66
  C:8721H         LINE#         68
  C:8729H         LINE#         73
  C:872EH         LINE#         74
  C:8733H         LINE#         75
  -------         ENDPROC       _READEEP
  -------         PROC          _READI2C
  X:0137H         SYMBOL        addr
  X:0138H         SYMBOL        index
  -------         DO            
  X:0139H         SYMBOL        val
  -------         ENDDO         
  C:84B8H         LINE#         77
  C:84C0H         LINE#         78
  C:84C0H         LINE#         81
  C:84C3H         LINE#         82
  C:84CBH         LINE#         83
  C:84D3H         LINE#         84
  C:84D6H         LINE#         85
  C:84E0H         LINE#         86
  C:84E8H         LINE#         87
  C:84EBH         LINE#         89
  C:84F0H         LINE#         90
  -------         ENDPROC       _READI2C
  -------         PROC          _WRITEI2C
  X:010DH         SYMBOL        addr
  X:010EH         SYMBOL        index
  X:010FH         SYMBOL        val
  C:86E5H         LINE#         94
  C:86F0H         LINE#         95
  C:86F0H         LINE#         96
  C:86F3H         LINE#         97
  C:86FBH         LINE#         98
  C:8703H         LINE#         99
  C:870BH         LINE#         100
  -------         ENDPROC       _WRITEI2C
  -------         PROC          I2CSTART
  C:8928H         LINE#         106
  C:8928H         LINE#         107
  C:8928H         LINE#         108
  C:892DH         LINE#         109
BL51 BANKED LINKER/LOCATER V6.22.2.0                                                  04/12/2021  16:41:58  PAGE 34


  C:8932H         LINE#         110
  C:8937H         LINE#         111
  C:8939H         LINE#         112
  -------         ENDPROC       I2CSTART
  -------         PROC          I2CSTOP
  C:0016H         LINE#         114
  C:0016H         LINE#         115
  C:0016H         LINE#         116
  C:001BH         LINE#         117
  C:0020H         LINE#         118
  C:0022H         LINE#         119
  -------         ENDPROC       I2CSTOP
  -------         PROC          _I2CWRITEDATA
  D:0006H         SYMBOL        value
  C:7E6BH         LINE#         121
  C:7E6DH         LINE#         122
  C:7E6DH         LINE#         124
  C:7E7AH         LINE#         125
  C:7E87H         LINE#         126
  C:7E94H         LINE#         127
  C:7EA1H         LINE#         129
  C:7EAEH         LINE#         130
  C:7EBBH         LINE#         131
  C:7EC8H         LINE#         132
  C:7ED5H         LINE#         135
  C:7ED7H         LINE#         136
  C:7ED9H         LINE#         137
  C:7EDBH         LINE#         138
  C:7EDDH         LINE#         140
  C:7EDFH         LINE#         141
  C:7EE1H         LINE#         142
  C:7EE3H         LINE#         143
  C:7EE5H         LINE#         144
  -------         ENDPROC       _I2CWRITEDATA
  -------         PROC          I2CREADDATA
  -------         DO            
  D:0004H         SYMBOL        i
  D:0006H         SYMBOL        value
  -------         ENDDO         
  C:8596H         LINE#         146
  C:8596H         LINE#         147
  C:8596H         LINE#         149
  C:8598H         LINE#         151
  C:859DH         LINE#         152
  C:859FH         LINE#         154
  C:85A2H         LINE#         155
  C:85A4H         LINE#         156
  C:85A8H         LINE#         157
  C:85AEH         LINE#         158
  C:85B0H         LINE#         159
  C:85BBH         LINE#         160
  C:85BEH         LINE#         162
  C:85C0H         LINE#         163
  C:85C2H         LINE#         164
  C:85C4H         LINE#         165
  C:85C6H         LINE#         167
  C:85C8H         LINE#         169
BL51 BANKED LINKER/LOCATER V6.22.2.0                                                  04/12/2021  16:41:58  PAGE 35


  -------         ENDPROC       I2CREADDATA
[...]
  C:0851H         LINE#         1134
  C:085CH         LINE#         1135
  C:0861H         LINE#         1136
  C:0864H         LINE#         1137
  C:0864H         LINE#         1141
  C:086FH         LINE#         1153
  C:0882H         LINE#         1154
  C:0882H         LINE#         1155
  C:0887H         LINE#         1156
  C:088BH         LINE#         1157
  C:088FH         LINE#         1158
  C:0895H         LINE#         1159
  C:0896H         LINE#         1160
  C:0899H         LINE#         1161
  C:08B2H         LINE#         1162
  C:08B2H         LINE#         1163
  C:08B7H         LINE#         1164
  C:08BBH         LINE#         1165
  C:08BFH         LINE#         1166
  C:08C3H         LINE#         1167
  C:08C9H         LINE#         1168
  C:08CCH         LINE#         1169
  C:08DEH         LINE#         1170
  C:08DEH         LINE#         1171
  C:08E4H         LINE#         1172
  C:08E9H         LINE#         1173
  C:08EDH         LINE#         1174
  C:08F1H         LINE#         1175
  C:08F1H         LINE#         1176
  C:08F3H         LINE#         1177
  C:0905H         LINE#         1178
  C:0905H         LINE#         1179
  C:090AH         LINE#         1180
  C:090EH         LINE#         1181
  C:0914H         LINE#         1182
  C:0919H         LINE#         1183
  C:0919H         LINE#         1185
  C:091BH         LINE#         1186
  C:092DH         LINE#         1187
  C:092DH         LINE#         1188
  C:0932H         LINE#         1189
  C:0938H         LINE#         1190
  C:093DH         LINE#         1191
  C:0941H         LINE#         1192
  C:0941H         LINE#         1193
  C:0943H         LINE#         1195
  C:0943H         LINE#         1198
  C:094AH         LINE#         1199
  C:094FH         LINE#         1201
  C:0955H         LINE#         1202
  C:095AH         LINE#         1203
  C:095EH         LINE#         1204
  C:0962H         LINE#         1205
  C:0966H         LINE#         1206
  C:096AH         LINE#         1207
BL51 BANKED LINKER/LOCATER V6.22.2.0                                                  04/12/2021  16:41:58  PAGE 85


  C:096AH         LINE#         1209
  C:09C0H         LINE#         1211
  C:09C6H         LINE#         1214
  C:09CEH         LINE#         1215
  C:09CEH         LINE#         1216
  C:09D4H         LINE#         1217
  C:09D9H         LINE#         1218
  C:09E0H         LINE#         1219
  C:09E3H         LINE#         1220
  C:09EAH         LINE#         1221
  C:09EAH         LINE#         1223
  C:09F2H         LINE#         1224
  C:09F2H         LINE#         1225
  C:09F8H         LINE#         1226
  C:09FDH         LINE#         1227
  C:0A04H         LINE#         1228
  C:0A07H         LINE#         1229
  C:0A0EH         LINE#         1230
  C:0A0EH         LINE#         1232
  C:0A16H         LINE#         1233
  C:0A16H         LINE#         1234
  C:0A1AH         LINE#         1235
  C:0A1FH         LINE#         1236
  C:0A26H         LINE#         1237
  C:0A29H         LINE#         1238
  C:0A30H         LINE#         1239
  C:0A30H         LINE#         1241
  C:0A38H         LINE#         1242
  C:0A38H         LINE#         1243
  C:0A3EH         LINE#         1244
  C:0A43H         LINE#         1245
  C:0A4AH         LINE#         1246
  C:0A4DH         LINE#         1247
  C:0A54H         LINE#         1248
  C:0A54H         LINE#         1250
  C:0A5CH         LINE#         1251
  C:0A5CH         LINE#         1252
  C:0A62H         LINE#         1253
  C:0A67H         LINE#         1254
  C:0A6EH         LINE#         1255
  C:0A71H         LINE#         1256
  C:0A78H         LINE#         1257
  C:0A78H         LINE#         1267
  C:0A87H         LINE#         1270
  C:0AA0H         LINE#         1271
  C:0AA0H         LINE#         1272
  C:0AA6H         LINE#         1273
  C:0AABH         LINE#         1274
  C:0AADH         LINE#         1276
  C:0AADH         LINE#         1277
  C:0AB2H         LINE#         1278
  C:0AB8H         LINE#         1280
  C:0AB8H         LINE#         1282
  C:0AC0H         LINE#         1283
  C:0AC0H         LINE#         1284
  C:0AC1H         LINE#         1285
  C:0AD6H         LINE#         1286
BL51 BANKED LINKER/LOCATER V6.22.2.0                                                  04/12/2021  16:41:58  PAGE 86


  C:0ADDH         LINE#         1290
  C:0ADFH         LINE#         1291
  C:0AE7H         LINE#         1292
  C:0AE7H         LINE#         1293
  C:0AE8H         LINE#         1294
  C:0AEFH         LINE#         1295
  C:0AEFH         LINE#         1327
  C:0AF7H         LINE#         1328
  C:0AFDH         LINE#         1330
  C:0B01H         LINE#         1331
  C:0B04H         LINE#         1333
  C:0B04H         LINE#         1336
  C:0B10H         LINE#         1337
  C:0B10H         LINE#         1339
  C:0B1BH         LINE#         1341
  C:0B22H         LINE#         1342
  C:0B25H         LINE#         1343
  C:0B2BH         LINE#         1344
  C:0B2BH         LINE#         1345
  C:0B2EH         LINE#         1347
  C:0B2EH         LINE#         1350
  C:0B39H         LINE#         1351
  C:0B3EH         LINE#         1352
  C:0B44H         LINE#         1354
  C:0B4DH         LINE#         1356
  C:0B52H         LINE#         1357
  C:0B58H         LINE#         1359
  C:0B61H         LINE#         1363
  C:0B6CH         LINE#         1364
  C:0B6CH         LINE#         1365
  C:0B79H         LINE#         1366
  C:0B79H         LINE#         1367
  C:0B7DH         LINE#         1369
  C:0B7FH         LINE#         1374
  C:0B87H         LINE#         1375
  C:0B90H         LINE#         1376
  C:0B92H         LINE#         1378
  C:0B9AH         LINE#         1379
  C:0BA3H         LINE#         1380
  C:0BA5H         LINE#         1382
  C:0BA5H         LINE#         1384
  C:0BB0H         LINE#         1385
  C:0BB0H         LINE#         1386
  C:0BB2H         LINE#         1387
  C:0BB5H         LINE#         1389
  C:0BB5H         LINE#         1391
  C:0BBFH         LINE#         1392
  C:0BBFH         LINE#         1394
  C:0BE2H         LINE#         1395
  C:0BE2H         LINE#         1396
  C:0BEDH         LINE#         1397
  C:0BF1H         LINE#         1399
  C:0BF3H         LINE#         1400
  C:0BF6H         LINE#         1401
  C:0C00H         LINE#         1402
  C:0C03H         LINE#         1406
  C:0C0DH         LINE#         1407
BL51 BANKED LINKER/LOCATER V6.22.2.0                                                  04/12/2021  16:41:58  PAGE 87


  C:0C0DH         LINE#         1409
  C:0C30H         LINE#         1410
  C:0C30H         LINE#         1411
  C:0C3BH         LINE#         1412
  C:0C3FH         LINE#         1414
  C:0C41H         LINE#         1415
  C:0C43H         LINE#         1416
  C:0C4DH         LINE#         1417
  C:0C4FH         LINE#         1419
  C:0C4FH         LINE#         1420
  C:0C51H         LINE#         1421
  C:0C5BH         LINE#         1422
  C:0C5BH         LINE#         1424
  C:0C7EH         LINE#         1425
  C:0C7EH         LINE#         1426
  C:0C89H         LINE#         1427
  C:0C8DH         LINE#         1429
  C:0C8FH         LINE#         1430
  C:0C91H         LINE#         1431
  C:0C9BH         LINE#         1432
  C:0CA2H         LINE#         1434
  C:0CABH         LINE#         1435
  C:0CABH         LINE#         1438
  C:0CABH         LINE#         1440
  C:0CB1H         LINE#         1443
  C:0CB3H         LINE#         1445
  C:0CB3H         LINE#         1446
  C:0CBAH         LINE#         1447
  C:0CBCH         LINE#         1448
  C:0CBFH         LINE#         1449
  C:0CC4H         LINE#         1450
  C:0CD4H         LINE#         1451
  C:0CD9H         LINE#         1452
  C:0CE2H         LINE#         1453
  C:0CEBH         LINE#         1454
  C:0CEBH         LINE#         1456
  C:0CEDH         LINE#         1458
  C:0CEEH         LINE#         1459
  C:0CEEH         LINE#         1461
  C:0CF6H         LINE#         1462
  C:0CFEH         LINE#         1465
  C:0D16H         LINE#         1468
  C:0D2EH         LINE#         1471
  C:0D46H         LINE#         1472
  C:0D46H         LINE#         1473
  C:0D4BH         LINE#         1474
  C:0D54H         LINE#         1475
  C:0D54H         LINE#         1477
  C:0D6CH         LINE#         1478
  C:0D6CH         LINE#         1479
  C:0D71H         LINE#         1480
  C:0D7AH         LINE#         1481
  C:0D7AH         LINE#         1484
  C:0D81H         LINE#         1485
  C:0D81H         LINE#         1486
  C:0D8FH         LINE#         1487
  C:0D8FH         LINE#         1489
BL51 BANKED LINKER/LOCATER V6.22.2.0                                                  04/12/2021  16:41:58  PAGE 88


  C:0D9AH         LINE#         1491
  C:0DA1H         LINE#         1492
  C:0DA4H         LINE#         1493
  C:0DA4H         LINE#         1495
  C:0DA4H         LINE#         1497
  C:0DCAH         LINE#         1498
  C:0DCAH         LINE#         1500
  C:0DCAH         LINE#         1502
  C:0DD6H         LINE#         1503
  C:0DD6H         LINE#         1505
  C:0DE1H         LINE#         1507
  C:0DE8H         LINE#         1508
  C:0DE8H         LINE#         1510
  C:0DF3H         LINE#         1511
  C:0DF3H         LINE#         1513
  C:0DFEH         LINE#         1515
  C:0E05H         LINE#         1516
  C:0E0EH         LINE#         1517
  C:0E18H         LINE#         1518
  C:0E20H         LINE#         1519
  C:0E20H         LINE#         1520
  C:0E27H         LINE#         1521
  C:0E2AH         LINE#         1522
  C:0E2AH         LINE#         1523
  C:0E2AH         LINE#         1524
  C:0E4AH         LINE#         1525
  C:0E4AH         LINE#         1526
  C:0E4FH         LINE#         1528
  C:0E59H         LINE#         1529
  C:0E61H         LINE#         1532
  C:0E6CH         LINE#         1534
  C:0E6FH         LINE#         1535
  C:0E71H         LINE#         1536
  C:0E8DH         LINE#         1537
  C:0E8DH         LINE#         1538
  C:0E8FH         LINE#         1539
  C:0E96H         LINE#         1541
  C:0EA2H         LINE#         1542
  C:0EA6H         LINE#         1543
  C:0EA6H         LINE#         1545
  C:0EB1H         LINE#         1546
  C:0EB1H         LINE#         1547
  C:0EB9H         LINE#         1549
  C:0EC4H         LINE#         1551
  C:0EC4H         LINE#         1553
  C:0ECBH         LINE#         1554
  C:0ED0H         LINE#         1555
  C:0ED2H         LINE#         1557
  C:0ED2H         LINE#         1558
  C:0ED9H         LINE#         1560
  C:0EE4H         LINE#         1561
  C:0EE4H         LINE#         1562
  C:0EECH         LINE#         1564
  C:0EF7H         LINE#         1566
  C:0EF7H         LINE#         1567
  C:0EF9H         LINE#         1568
  C:0EF9H         LINE#         1569
BL51 BANKED LINKER/LOCATER V6.22.2.0                                                  04/12/2021  16:41:58  PAGE 89


  C:0EF9H         LINE#         1570
  C:0EF9H         LINE#         1571
  C:0EF9H         LINE#         1572
  C:0EF9H         LINE#         1574
  C:0F00H         LINE#         1585
  C:0F07H         LINE#         1586
  C:0F07H         LINE#         1591
  C:0F07H         LINE#         1651
  C:0F0DH         LINE#         1652
  C:0F10H         LINE#         1653
  C:0F10H         LINE#         1655
  C:0F1BH         LINE#         1656
  C:0F20H         LINE#         1657
  C:0F28H         LINE#         1659
  C:0F31H         LINE#         1661
  C:0F36H         LINE#         1662
  C:0F3EH         LINE#         1664
  C:0F47H         LINE#         1667
  C:0F4FH         LINE#         1668
  C:0F4FH         LINE#         1670
  C:0F5DH         LINE#         1671
  C:0F5DH         LINE#         1672
  C:0F65H         LINE#         1673
  C:0F65H         LINE#         1675
  C:0F6EH         LINE#         1676
  C:0F74H         LINE#         1677
  C:0F76H         LINE#         1679
  C:0F76H         LINE#         1680
  C:0F79H         LINE#         1681
  C:0F79H         LINE#         1685
  C:0F7BH         LINE#         1686
  C:0F7BH         LINE#         1691
  C:0F80H         LINE#         1694
  C:0F89H         LINE#         1695
  C:0F89H         LINE#         1697
  C:0F8BH         LINE#         1699
  C:0F8CH         LINE#         1701
  C:0F8CH         LINE#         1702
  C:0F99H         LINE#         1703
  C:0F9BH         LINE#         1704
  C:0F9DH         LINE#         1706
  C:0F9DH         LINE#         1707
  C:0FA7H         LINE#         1708
  C:0FA9H         LINE#         1709
  C:0FABH         LINE#         1710
  C:0FABH         LINE#         1711
  C:0FB5H         LINE#         1712
  C:0FB7H         LINE#         1713
  C:0FB9H         LINE#         1715
  C:0FB9H         LINE#         1716
  C:0FC3H         LINE#         1717
  C:0FC5H         LINE#         1718
  C:0FC7H         LINE#         1721
  C:0FC7H         LINE#         1722
  C:0FD1H         LINE#         1723
  C:0FD6H         LINE#         1724
  C:0FD6H         LINE#         1727
BL51 BANKED LINKER/LOCATER V6.22.2.0                                                  04/12/2021  16:41:58  PAGE 90


  C:0FD6H         LINE#         1729
  C:0FDDH         LINE#         1731
  C:0FE2H         LINE#         1732
  C:0FE2H         LINE#         1733
  C:0FE3H         LINE#         1734
  C:0FE9H         LINE#         1735
  C:0FE9H         LINE#         1737
  C:0FF1H         LINE#         1738
  C:0FF1H         LINE#         1739
  C:0FF2H         LINE#         1740
  C:0FF8H         LINE#         1741
  C:0FF8H         LINE#         1743
  C:1000H         LINE#         1744
  C:1000H         LINE#         1745
  C:1001H         LINE#         1746
  C:1007H         LINE#         1747
  C:1007H         LINE#         1749
  C:100AH         LINE#         1751
  C:1013H         LINE#         1752
  C:1013H         LINE#         1754
  C:1013H         LINE#         1756
  C:1019H         LINE#         1758
  C:1019H         LINE#         1760
  C:1019H         LINE#         1761
  C:1019H         LINE#         1762
  C:1019H         LINE#         1763
  -------         ENDPROC       _SYSTIMEREVENTPROC
  -------         ENDMOD        SYSTIMER

  -------         MODULE        ?C?FPADD
  C:1A31H         PUBLIC        ?C?FPADD
  C:1A2DH         PUBLIC        ?C?FPSUB
  -------         ENDMOD        ?C?FPADD

  -------         MODULE        ?C?FPMUL
  C:1B22H         PUBLIC        ?C?FPMUL
  -------         ENDMOD        ?C?FPMUL

  -------         MODULE        ?C?FPDIV
  C:1C2BH         PUBLIC        ?C?FPDIV
  -------         ENDMOD        ?C?FPDIV

  -------         MODULE        ?C?FCAST
  C:1CD2H         PUBLIC        ?C?FCASTC
  C:1CCDH         PUBLIC        ?C?FCASTI
  C:1CC8H         PUBLIC        ?C?FCASTL
  -------         ENDMOD        ?C?FCAST

  -------         MODULE        ?C?CASTF
  C:1D06H         PUBLIC        ?C?CASTF
  -------         ENDMOD        ?C?CASTF

  -------         MODULE        ?C?COPY
  C:1E57H         PUBLIC        ?C?COPY
  -------         ENDMOD        ?C?COPY

  -------         MODULE        ?C?CLDPTR
BL51 BANKED LINKER/LOCATER V6.22.2.0                                                  04/12/2021  16:41:58  PAGE 91


  C:1E7DH         PUBLIC        ?C?CLDPTR
  -------         ENDMOD        ?C?CLDPTR

  -------         MODULE        ?C?CLDOPTR
  C:1E96H         PUBLIC        ?C?CLDOPTR
  -------         ENDMOD        ?C?CLDOPTR

  -------         MODULE        ?C?CILDPTR
  C:1EC3H         PUBLIC        ?C?CILDPTR
  -------         ENDMOD        ?C?CILDPTR

  -------         MODULE        ?C?CSTOPTR
  C:1EE5H         PUBLIC        ?C?CSTOPTR
  -------         ENDMOD        ?C?CSTOPTR

  -------         MODULE        ?C?IMUL
  C:1F07H         PUBLIC        ?C?IMUL
  -------         ENDMOD        ?C?IMUL

  -------         MODULE        ?C?UIDIV
  C:1F19H         PUBLIC        ?C?UIDIV
  -------         ENDMOD        ?C?UIDIV

  -------         MODULE        ?C?SIDIV
  C:1F6EH         PUBLIC        ?C?SIDIV
  -------         ENDMOD        ?C?SIDIV

  -------         MODULE        ?C?IILDX
  C:1FA4H         PUBLIC        ?C?IILDX
  -------         ENDMOD        ?C?IILDX

  -------         MODULE        ?C?ILDIX
  C:1FBAH         PUBLIC        ?C?ILDIX
  -------         ENDMOD        ?C?ILDIX

  -------         MODULE        ?C?ILDPTR
  C:1FD0H         PUBLIC        ?C?ILDPTR
  -------         ENDMOD        ?C?ILDPTR

  -------         MODULE        ?C?ILDOPTR
  C:1FFBH         PUBLIC        ?C?ILDOPTR
  -------         ENDMOD        ?C?ILDOPTR

  -------         MODULE        ?C?ISTPTR
  C:2033H         PUBLIC        ?C?ISTPTR
  -------         ENDMOD        ?C?ISTPTR

  -------         MODULE        ?C?LMUL
  C:2052H         PUBLIC        ?C?LMUL
  -------         ENDMOD        ?C?LMUL

  -------         MODULE        ?C?ULDIV
  C:20DDH         PUBLIC        ?C?ULDIV
  -------         ENDMOD        ?C?ULDIV

  -------         MODULE        ?C?LNEG
  C:216FH         PUBLIC        ?C?LNEG
BL51 BANKED LINKER/LOCATER V6.22.2.0                                                  04/12/2021  16:41:58  PAGE 92


  -------         ENDMOD        ?C?LNEG

  -------         MODULE        ?C?SLCMP
  C:217DH         PUBLIC        ?C?SLCMP
  -------         ENDMOD        ?C?SLCMP

  -------         MODULE        ?C?ULCMP
  C:2193H         PUBLIC        ?C?ULCMP
  -------         ENDMOD        ?C?ULCMP

  -------         MODULE        ?C?ULSHR
  C:21A4H         PUBLIC        ?C?ULSHR
  -------         ENDMOD        ?C?ULSHR

  -------         MODULE        ?C?SLSHR
  C:21B7H         PUBLIC        ?C?SLSHR
  -------         ENDMOD        ?C?SLSHR

  -------         MODULE        ?C?LSHL
  C:21CBH         PUBLIC        ?C?LSHL
  -------         ENDMOD        ?C?LSHL

  -------         MODULE        ?C?LLDPTR
  C:21DEH         PUBLIC        ?C?LLDPTR
  -------         ENDMOD        ?C?LLDPTR

  -------         MODULE        ?C?LSTXDATA
  C:21FEH         PUBLIC        ?C?LSTXDATA
  -------         ENDMOD        ?C?LSTXDATA

  -------         MODULE        ?C?LSTKXDATA
  C:220AH         PUBLIC        ?C?LSTKXDATA
  -------         ENDMOD        ?C?LSTKXDATA

  -------         MODULE        ?C?PLDPTR
  C:223BH         PUBLIC        ?C?PLDPTR
  -------         ENDMOD        ?C?PLDPTR

  -------         MODULE        ?C?CCASE
  C:225BH         PUBLIC        ?C?CCASE
  -------         ENDMOD        ?C?CCASE

  -------         MODULE        ABS
  C:895AH         PUBLIC        _ABS
  -------         ENDMOD        ABS

  -------         MODULE        ?C?LLDIDATA
  C:2281H         PUBLIC        ?C?LLDIDATA
  -------         ENDMOD        ?C?LLDIDATA

  -------         MODULE        ?C?LLDXDATA
  C:228DH         PUBLIC        ?C?LLDXDATA
  -------         ENDMOD        ?C?LLDXDATA

  -------         MODULE        ?C?LLDPDATA
  C:2299H         PUBLIC        ?C?LLDPDATA
  -------         ENDMOD        ?C?LLDPDATA
BL51 BANKED LINKER/LOCATER V6.22.2.0                                                  04/12/2021  16:41:58  PAGE 93



  -------         MODULE        ?C?LLDCODE
  C:22A5H         PUBLIC        ?C?LLDCODE
  -------         ENDMOD        ?C?LLDCODE

  -------         MODULE        ?C?PLDIDATA
  C:22B5H         PUBLIC        ?C?PLDIDATA
  -------         ENDMOD        ?C?PLDIDATA

  -------         MODULE        ?C?PLDXDATA
  C:22BEH         PUBLIC        ?C?PLDXDATA
  -------         ENDMOD        ?C?PLDXDATA

  -------         MODULE        ?C?PLDPDATA
  C:22C7H         PUBLIC        ?C?PLDPDATA
  -------         ENDMOD        ?C?PLDPDATA

  -------         MODULE        ?C?PLDCODE
  C:22D0H         PUBLIC        ?C?PLDCODE
  -------         ENDMOD        ?C?PLDCODE

Program Size: data=109.6 xdata=747 code=35220
LINK/LOCATE RUN COMPLETE.  0 WARNING(S),  0 ERROR(S)
