BL51 BANKED LINKER/LOCATER V6.22.2.0                                                    04/22/2021  09:18:53  PAGE 1


BL51 BANKED LINKER/LOCATER V6.22.2.0, INVOKED BY:
C:\KEIL_V5\C51\BIN\BL51.EXE .\Output\STARTUP.obj, .\Output\CPU.obj, .\Output\etc_eep.obj, .\Output\HS_DVRProtocol.obj, .
>> \Output\i2c.obj, .\Output\keyremo.obj, .\Output\main.obj, .\Output\monitor.obj, .\Output\Printf.obj, .\Output\SysPowe
>> r.obj, .\Output\SysTimer.obj TO .\Output\ml070i_MRMCU PRINT (.\Listings\ml070i_MRMCU.m51) RAMSIZE (256)


MEMORY MODEL: LARGE WITH FLOATING POINT ARITHMETIC


INPUT MODULES INCLUDED:
  .\Output\STARTUP.obj (?C_STARTUP)
  .\Output\CPU.obj (CPU)
  .\Output\etc_eep.obj (ETC_EEP)
  .\Output\HS_DVRProtocol.obj (HS_DVRPROTOCOL)
  .\Output\i2c.obj (I2C)
  .\Output\keyremo.obj (KEYREMO)
  .\Output\main.obj (MAIN)
  .\Output\monitor.obj (MONITOR)
  .\Output\Printf.obj (PRINTF)
  .\Output\SysPower.obj (SYSPOWER)
  .\Output\SysTimer.obj (SYSTIMER)
  C:\KEIL_V5\C51\LIB\C51FPL.LIB (?C?FPADD)
  C:\KEIL_V5\C51\LIB\C51FPL.LIB (?C?FPMUL)
  C:\KEIL_V5\C51\LIB\C51FPL.LIB (?C?FPDIV)
  C:\KEIL_V5\C51\LIB\C51FPL.LIB (?C?FCAST)
  C:\KEIL_V5\C51\LIB\C51FPL.LIB (?C?CASTF)
  C:\KEIL_V5\C51\LIB\C51FPL.LIB (?C?FPGETOPN)
  C:\KEIL_V5\C51\LIB\C51L.LIB (?C_INIT)
  C:\KEIL_V5\C51\LIB\C51L.LIB (?C?COPY)
  C:\KEIL_V5\C51\LIB\C51L.LIB (?C?CLDPTR)
  C:\KEIL_V5\C51\LIB\C51L.LIB (?C?CLDOPTR)
  C:\KEIL_V5\C51\LIB\C51L.LIB (?C?CILDPTR)
  C:\KEIL_V5\C51\LIB\C51L.LIB (?C?CSTOPTR)
  C:\KEIL_V5\C51\LIB\C51L.LIB (?C?IMUL)
  C:\KEIL_V5\C51\LIB\C51L.LIB (?C?UIDIV)
  C:\KEIL_V5\C51\LIB\C51L.LIB (?C?SIDIV)
  C:\KEIL_V5\C51\LIB\C51L.LIB (?C?IILDX)
  C:\KEIL_V5\C51\LIB\C51L.LIB (?C?ILDIX)
  C:\KEIL_V5\C51\LIB\C51L.LIB (?C?ILDPTR)
  C:\KEIL_V5\C51\LIB\C51L.LIB (?C?ILDOPTR)
  C:\KEIL_V5\C51\LIB\C51L.LIB (?C?ISTPTR)
  C:\KEIL_V5\C51\LIB\C51L.LIB (?C?LMUL)
  C:\KEIL_V5\C51\LIB\C51L.LIB (?C?ULDIV)
  C:\KEIL_V5\C51\LIB\C51L.LIB (?C?LNEG)
  C:\KEIL_V5\C51\LIB\C51L.LIB (?C?SLCMP)
  C:\KEIL_V5\C51\LIB\C51L.LIB (?C?ULCMP)
  C:\KEIL_V5\C51\LIB\C51L.LIB (?C?ULSHR)
  C:\KEIL_V5\C51\LIB\C51L.LIB (?C?SLSHR)
  C:\KEIL_V5\C51\LIB\C51L.LIB (?C?LSHL)
  C:\KEIL_V5\C51\LIB\C51L.LIB (?C?LLDPTR)
  C:\KEIL_V5\C51\LIB\C51L.LIB (?C?LSTXDATA)
  C:\KEIL_V5\C51\LIB\C51L.LIB (?C?LSTKXDATA)
  C:\KEIL_V5\C51\LIB\C51L.LIB (?C?PLDPTR)
  C:\KEIL_V5\C51\LIB\C51L.LIB (?C?CCASE)
  C:\KEIL_V5\C51\LIB\C51L.LIB (ABS)
  C:\KEIL_V5\C51\LIB\C51L.LIB (?C?LLDIDATA)
  C:\KEIL_V5\C51\LIB\C51L.LIB (?C?LLDXDATA)
  C:\KEIL_V5\C51\LIB\C51L.LIB (?C?LLDPDATA)
BL51 BANKED LINKER/LOCATER V6.22.2.0                                                  04/22/2021  09:18:53  PAGE 2


  C:\KEIL_V5\C51\LIB\C51L.LIB (?C?LLDCODE)
  C:\KEIL_V5\C51\LIB\C51L.LIB (?C?PLDIDATA)
  C:\KEIL_V5\C51\LIB\C51L.LIB (?C?PLDXDATA)
  C:\KEIL_V5\C51\LIB\C51L.LIB (?C?PLDPDATA)
  C:\KEIL_V5\C51\LIB\C51L.LIB (?C?PLDCODE)


LINK MAP OF MODULE:  .\Output\ml070i_MRMCU (?C_STARTUP)


            TYPE    BASE      LENGTH    RELOCATION   SEGMENT NAME
            -----------------------------------------------------

            * * * * * * *   D A T A   M E M O R Y   * * * * * * *
            REG     0000H     0008H     ABSOLUTE     "REG BANK 0"
            REG     0008H     0008H     ABSOLUTE     "REG BANK 1"
            DATA    0010H     0001H     UNIT         ?DT?MONITOR
            IDATA   0011H     0002H     UNIT         ?ID?SYSPOWER
                    0013H     000DH                  *** GAP ***
            BIT     0020H.0   0000H.6   UNIT         ?BI?CPU
            BIT     0020H.6   0000H.3   UNIT         ?BI?MONITOR
            BIT     0021H.1   0000H.2   UNIT         _BIT_GROUP_
            BIT     0021H.3   0000H.1   UNIT         ?BI?HS_DVRPROTOCOL
            BIT     0021H.4   0000H.1   UNIT         ?BI?SYSTIMER
                    0021H.5   0000H.3                *** GAP ***
            DATA    0022H     0058H     UNIT         ?DT?CPU
            IDATA   007AH     0001H     UNIT         ?STACK

            * * * * * * *  X D A T A   M E M O R Y  * * * * * * *
            XDATA   0000H     0106H     UNIT         ?XD?HS_DVRPROTOCOL
            XDATA   0106H     0075H     UNIT         ?XD?MAIN
            XDATA   017BH     005CH     UNIT         ?XD?SYSTIMER
            XDATA   01D7H     004CH     UNIT         _XDATA_GROUP_
            XDATA   0223H     0038H     UNIT         ?XD?MONITOR
            XDATA   025BH     001CH     UNIT         ?XD?CPU
            XDATA   0277H     0018H     UNIT         ?XD?PRINTF

            * * * * * * *   C O D E   M E M O R Y   * * * * * * *
            CODE    0000H     0003H     ABSOLUTE     
            CODE    0003H     0008H     UNIT         ?PR?_RS2_TX?CPU
            CODE    000BH     0003H     ABSOLUTE     
            CODE    000EH     0004H     UNIT         ?PR?ISP_INIT?MAIN
                    0012H     0001H                  *** GAP ***
            CODE    0013H     0003H     ABSOLUTE     
            CODE    0016H     000DH     UNIT         ?PR?I2CSTOP?I2C
            CODE    0023H     0003H     ABSOLUTE     
            CODE    0026H     0003H     UNIT         ?PR?EXT1_INT?CPU
                    0029H     0002H                  *** GAP ***
            CODE    002BH     0003H     ABSOLUTE     
                    002EH     0005H                  *** GAP ***
            CODE    0033H     0003H     ABSOLUTE     
                    0036H     0005H                  *** GAP ***
            CODE    003BH     0003H     ABSOLUTE     
            CODE    003EH     0022H     UNIT         ?PR?MCUTIMERINITIALTIMEREVENT?SYSTIMER
                    0060H     0003H                  *** GAP ***
            CODE    0063H     0003H     ABSOLUTE     
            CODE    0066H     0E40H     UNIT         ?PR?_SYSTIMEREVENTPROC?SYSTIMER
BL51 BANKED LINKER/LOCATER V6.22.2.0                                                  04/22/2021  09:18:53  PAGE 3


            CODE    0EA6H     08B2H     UNIT         ?C?LIB_CODE
            CODE    1758H     06B5H     UNIT         ?PR?DVRRECEIVEPASER?HS_DVRPROTOCOL
            CODE    1E0DH     0556H     UNIT         ?PR?_DOPRINT?PRINTF
            CODE    2363H     0449H     UNIT         ?PR?ENCORDERHANDLER_TELI?MAIN
            CODE    27ACH     043DH     UNIT         ?CO?CPU
            CODE    2BE9H     0427H     UNIT         ?PR?ENCORDERHANDLER?MAIN
            CODE    3010H     041BH     UNIT         ?PR?SHOWWORKINGTIMER?CPU
            CODE    342BH     03EAH     UNIT         ?PR?_MCU_SENDCMDTODVR?MAIN
            CODE    3815H     03B1H     UNIT         ?PR?TIMER0_INT?CPU
            CODE    3BC6H     037FH     UNIT         ?PR?LOADEEPROM?MAIN
            CODE    3F45H     0308H     UNIT         ?PR?_SAVEROTATENUMBER?MAIN
            CODE    424DH     029EH     UNIT         ?PR?_USERINTERFACEBATTERYCHARGEMODE?SYSPOWER
            CODE    44EBH     01E4H     UNIT         ?C_INITSEG
            CODE    46CFH     0176H     UNIT         ?PR?_MAPPING1?MAIN
            CODE    4845H     0160H     UNIT         ?PR?GETROTATENUMBER?MAIN
            CODE    49A5H     0134H     UNIT         ?PR?_USERINTERFACETIMEREVENTPROC?SYSTIMER
            CODE    4AD9H     012EH     UNIT         ?PR?_MCUTIMERCHECKTIMEREVENT?SYSTIMER
            CODE    4C07H     0107H     UNIT         ?PR?WAITPOWERON?MAIN
            CODE    4D0EH     00FFH     UNIT         ?PR?MAIN_INIT?CPU
            CODE    4E0DH     00E5H     UNIT         ?PR?_MCUTIMERACTIVETIMEREVENT?SYSTIMER
            CODE    4EF2H     00DEH     UNIT         ?PR?_MCUTIMERREACTIVETIMEREVENT?SYSTIMER
            CODE    4FD0H     00D9H     UNIT         ?PR?_USERINTERFACEPOWERSWITCH?SYSPOWER
            CODE    50A9H     00D3H     UNIT         ?PR?CLEARBASICEE?ETC_EEP
            CODE    517CH     00ADH     UNIT         ?PR?_MCULIB_PROTOCOLAPPEND?MAIN
            CODE    5229H     0098H     UNIT         ?PR?_SET_PWM?CPU
            CODE    52C1H     0090H     UNIT         ?PR?_MCULIB_PROTOCOLSENDCMDWITHPARAMNUM?MAIN
            CODE    5351H     008CH     UNIT         ?C_C51STARTUP
            CODE    53DDH     0085H     UNIT         ?PR?SYSTIMERHANDLER?SYSTIMER
            CODE    5462H     0084H     UNIT         ?PR?SYSPOWERHANDLER?SYSPOWER
            CODE    54E6H     0082H     UNIT         ?PR?MAIN?MAIN
            CODE    5568H     007EH     UNIT         ?PR?_AD5110_I2CWRITEDATA?I2C
            CODE    55E6H     007BH     UNIT         ?PR?_I2CWRITEDATA?I2C
            CODE    5661H     0079H     UNIT         ?PR?_POWERLED?CPU
            CODE    56DAH     0077H     UNIT         ?CO?MAIN
            CODE    5751H     0053H     UNIT         ?PR?INITIALTIMEREVENT?MAIN
            CODE    57A4H     0052H     UNIT         ?PR?INITCPU?CPU
            CODE    57F6H     0051H     UNIT         ?PR?SCANKEY?KEYREMO
            CODE    5847H     004EH     UNIT         ?CO?PRINTF
            CODE    5895H     004AH     UNIT         ?PR?GETFWREVEE?ETC_EEP
            CODE    58DFH     004AH     UNIT         ?PR?MCUTIMERGETTIMERCOUNTER?SYSTIMER
            CODE    5929H     0047H     UNIT         ?PR?GETPROJECTNAMEEE?ETC_EEP
            CODE    5970H     0047H     UNIT         ?PR?_WRITEEEP?I2C
            CODE    59B7H     0046H     UNIT         ?PR?_GRAPHICSPRINT?PRINTF
            CODE    59FDH     0041H     UNIT         ?PR?_MCUTIMERCANCELTIMEREVENT?SYSTIMER
            CODE    5A3EH     003EH     UNIT         ?PR?_SETAD5110STEP?MAIN
            CODE    5A7CH     003EH     UNIT         ?PR?_PRINTF?PRINTF
            CODE    5ABAH     003EH     UNIT         ?PR?_DEBUG_MESSAGE?PRINTF
            CODE    5AF8H     003BH     UNIT         ?PR?SERIAL2_INT?CPU
            CODE    5B33H     0039H     UNIT         ?PR?_READI2C?I2C
            CODE    5B6CH     0035H     UNIT         ?PR?MAIN_LOOP?MAIN
            CODE    5BA1H     0033H     UNIT         ?PR?I2CREADDATA?I2C
            CODE    5BD4H     0033H     UNIT         ?PR?_ISP_WRITE?MAIN
            CODE    5C07H     002FH     UNIT         ?PR?SET_MCU_POWER_DOWN_MODE?CPU
            CODE    5C36H     002FH     UNIT         ?PR?SERIAL_INT?CPU
            CODE    5C65H     002DH     UNIT         ?CO?SYSPOWER
            CODE    5C92H     002CH     UNIT         ?PR?SYSPOWERINITIAL?SYSPOWER
            CODE    5CBEH     002CH     UNIT         ?PR?_SYSPOWERSWITCH?SYSPOWER
BL51 BANKED LINKER/LOCATER V6.22.2.0                                                  04/22/2021  09:18:53  PAGE 4


            CODE    5CEAH     0026H     UNIT         ?PR?_READEEP?I2C
            CODE    5D10H     0021H     UNIT         ?PR?ENTER_ISP?MAIN
            CODE    5D31H     0020H     UNIT         ?PR?_WRITEAD5110?I2C
            CODE    5D51H     0020H     UNIT         ?PR?_GETADCVALUE?MAIN
            CODE    5D71H     001FH     UNIT         ?PR?INT2_INT?CPU
            CODE    5D90H     001FH     UNIT         ?PR?INT3_INT?CPU
            CODE    5DAFH     001EH     UNIT         ?PR?RS2_RX?CPU
            CODE    5DCDH     001CH     UNIT         ?PR?CHECK_ADAP_IN?CPU
            CODE    5DE9H     001BH     UNIT         ?PR?_GETKEY?KEYREMO
            CODE    5E04H     0019H     UNIT         ?PR?SAVEFWREVEE?ETC_EEP
            CODE    5E1DH     0019H     UNIT         ?PR?_MCUTIMERDELAYXMS?SYSTIMER
            CODE    5E36H     0018H     UNIT         ?PR?_DELAY?CPU
            CODE    5E4EH     0016H     UNIT         ?PR?INITVARS?CPU
            CODE    5E64H     0015H     UNIT         ?PR?_MCUTIMERGETEVENTID?SYSTIMER
            CODE    5E79H     0014H     UNIT         ?PR?I2CDELAY?I2C
            CODE    5E8DH     0014H     UNIT         ?PR?_MCUTIMERGETEVENTTIME?SYSTIMER
            CODE    5EA1H     0013H     UNIT         ?PR?_MCUTIMERCLREVENTVALID?SYSTIMER
            CODE    5EB4H     0012H     UNIT         ?CO?ETC_EEP
            CODE    5EC6H     0012H     UNIT         ?PR?I2CSTART?I2C
            CODE    5ED8H     0011H     UNIT         ?PR?_MCUTIMERCHECKEVENTVALID?SYSTIMER
            CODE    5EE9H     000FH     UNIT         ?PR?TIMER2_INT?CPU
            CODE    5EF8H     000CH     UNIT         ?PR?_ABS?ABS
            CODE    5F04H     000BH     UNIT         ?PR?RS2_READY?CPU
            CODE    5F0FH     0007H     UNIT         ?PR?GETBATTERYBTH?MAIN
            CODE    5F16H     0007H     UNIT         ?PR?GETBATTERYVOLTAGE?MAIN



OVERLAY MAP OF MODULE:   .\Output\ml070i_MRMCU (?C_STARTUP)


SEGMENT                                             BIT_GROUP          XDATA_GROUP
  +--> CALLED SEGMENT                            START    LENGTH     START    LENGTH
------------------------------------------------------------------------------------
?C_C51STARTUP                                    -----    -----      -----    -----
  +--> ?PR?MAIN?MAIN
  +--> ?C_INITSEG

?PR?MAIN?MAIN                                    -----    -----      -----    -----
  +--> ?PR?INITCPU?CPU
  +--> ?PR?SYSPOWERINITIAL?SYSPOWER
  +--> ?CO?MAIN
  +--> ?PR?_PRINTF?PRINTF
  +--> ?PR?MAIN_INIT?CPU
  +--> ?PR?INITVARS?CPU
  +--> ?PR?LOADEEPROM?MAIN
  +--> ?PR?INITIALTIMEREVENT?MAIN
  +--> ?PR?_SETAD5110STEP?MAIN
  +--> ?PR?CHECK_ADAP_IN?CPU
  +--> ?PR?MAIN_LOOP?MAIN
  +--> ?PR?WAITPOWERON?MAIN

?PR?SYSPOWERINITIAL?SYSPOWER                     -----    -----      -----    -----
  +--> ?PR?_MCUTIMERDELAYXMS?SYSTIMER
  +--> ?CO?SYSPOWER
  +--> ?PR?_DEBUG_MESSAGE?PRINTF

BL51 BANKED LINKER/LOCATER V6.22.2.0                                                  04/22/2021  09:18:53  PAGE 5


?PR?_DEBUG_MESSAGE?PRINTF                        -----    -----      01D7H    002EH
  +--> ?PR?_DOPRINT?PRINTF

?PR?_DOPRINT?PRINTF                              0021H.1  0000H.2    020CH    0015H
  +--> ?CO?PRINTF

?PR?_PRINTF?PRINTF                               -----    -----      01DEH    002EH
  +--> ?PR?_DOPRINT?PRINTF

?PR?MAIN_INIT?CPU                                -----    -----      01D7H    0004H
  +--> ?PR?GETFWREVEE?ETC_EEP
  +--> ?PR?_READEEP?I2C
  +--> ?CO?CPU
  +--> ?PR?_PRINTF?PRINTF
  +--> ?PR?SAVEFWREVEE?ETC_EEP
  +--> ?PR?GETPROJECTNAMEEE?ETC_EEP
  +--> ?PR?CLEARBASICEE?ETC_EEP
  +--> ?PR?_DELAY?CPU

?PR?GETFWREVEE?ETC_EEP                           -----    -----      -----    -----
  +--> ?PR?_READEEP?I2C

?PR?_READEEP?I2C                                 -----    -----      0205H    0001H
  +--> ?PR?_READI2C?I2C
  +--> ?PR?_DELAY?CPU

?PR?_READI2C?I2C                                 -----    -----      0206H    0003H
  +--> ?PR?I2CSTART?I2C
  +--> ?PR?_I2CWRITEDATA?I2C
  +--> ?PR?I2CREADDATA?I2C
  +--> ?PR?I2CSTOP?I2C

?PR?I2CSTART?I2C                                 -----    -----      -----    -----
  +--> ?PR?I2CDELAY?I2C

?PR?_I2CWRITEDATA?I2C                            -----    -----      -----    -----
  +--> ?PR?I2CDELAY?I2C

?PR?I2CREADDATA?I2C                              -----    -----      -----    -----
  +--> ?PR?I2CDELAY?I2C

?PR?I2CSTOP?I2C                                  -----    -----      -----    -----
  +--> ?PR?I2CDELAY?I2C

?PR?SAVEFWREVEE?ETC_EEP                          -----    -----      -----    -----
  +--> ?PR?_WRITEEEP?I2C

?PR?_WRITEEEP?I2C                                -----    -----      01DFH    0004H
  +--> ?PR?I2CSTART?I2C
  +--> ?PR?_I2CWRITEDATA?I2C
  +--> ?PR?I2CSTOP?I2C
  +--> ?PR?_DELAY?CPU

?PR?GETPROJECTNAMEEE?ETC_EEP                     -----    -----      01DBH    0001H
  +--> ?PR?_READEEP?I2C

?PR?CLEARBASICEE?ETC_EEP                         -----    -----      -----    -----
BL51 BANKED LINKER/LOCATER V6.22.2.0                                                  04/22/2021  09:18:53  PAGE 6


  +--> ?CO?ETC_EEP
  +--> ?PR?_PRINTF?PRINTF
  +--> ?PR?_WRITEEEP?I2C

?PR?LOADEEPROM?MAIN                              -----    -----      -----    -----
  +--> ?PR?_READEEP?I2C
  +--> ?PR?_WRITEEEP?I2C

?PR?INITIALTIMEREVENT?MAIN                       -----    -----      -----    -----
  +--> ?PR?MCUTIMERINITIALTIMEREVENT?SYSTIMER
  +--> ?PR?_MCUTIMERACTIVETIMEREVENT?SYSTIMER

?PR?_MCUTIMERACTIVETIMEREVENT?SYSTIMER           -----    -----      01F9H    0004H
  +--> ?PR?_MCUTIMERCHECKTIMEREVENT?SYSTIMER

?PR?_MCUTIMERCHECKTIMEREVENT?SYSTIMER            -----    -----      01FDH    0005H
  +--> ?PR?MCUTIMERGETTIMERCOUNTER?SYSTIMER

?PR?MCUTIMERGETTIMERCOUNTER?SYSTIMER             -----    -----      0202H    0002H
  +--> ?PR?_ABS?ABS

?PR?_SETAD5110STEP?MAIN                          -----    -----      01DBH    0002H
  +--> ?PR?_MAPPING1?MAIN
  +--> ?PR?_WRITEAD5110?I2C

?PR?_MAPPING1?MAIN                               -----    -----      01DDH    000FH

?PR?_WRITEAD5110?I2C                             -----    -----      -----    -----
  +--> ?PR?I2CSTART?I2C
  +--> ?PR?_AD5110_I2CWRITEDATA?I2C
  +--> ?PR?I2CSTOP?I2C
  +--> ?PR?_DELAY?CPU

?PR?_AD5110_I2CWRITEDATA?I2C                     -----    -----      -----    -----
  +--> ?PR?I2CDELAY?I2C

?PR?CHECK_ADAP_IN?CPU                            -----    -----      -----    -----
  +--> ?PR?_MCUTIMERDELAYXMS?SYSTIMER

?PR?MAIN_LOOP?MAIN                               -----    -----      -----    -----
  +--> ?CO?MAIN
  +--> ?PR?_PRINTF?PRINTF
  +--> ?PR?GETROTATENUMBER?MAIN
  +--> ?PR?DVRRECEIVEPASER?HS_DVRPROTOCOL
  +--> ?PR?SYSTIMERHANDLER?SYSTIMER
  +--> ?PR?SYSPOWERHANDLER?SYSPOWER
  +--> ?PR?SCANKEY?KEYREMO
  +--> ?PR?ENCORDERHANDLER_TELI?MAIN
  +--> ?PR?ENCORDERHANDLER?MAIN

?PR?GETROTATENUMBER?MAIN                         -----    -----      01D7H    0004H
  +--> ?PR?_READEEP?I2C

?PR?DVRRECEIVEPASER?HS_DVRPROTOCOL               -----    -----      01D7H    0001H
  +--> ?PR?RS2_READY?CPU
  +--> ?PR?RS2_RX?CPU
  +--> ?PR?_USERINTERFACEBATTERYCHARGEMODE?S...
BL51 BANKED LINKER/LOCATER V6.22.2.0                                                  04/22/2021  09:18:53  PAGE 7


  +--> ?PR?_MCUTIMERCANCELTIMEREVENT?SYSTIMER
  +--> ?PR?_MCUTIMERACTIVETIMEREVENT?SYSTIMER
  +--> ?PR?_WRITEEEP?I2C
  +--> ?PR?_MCUTIMERREACTIVETIMEREVENT?SYSTIMER
  +--> ?PR?_READEEP?I2C

?PR?_USERINTERFACEBATTERYCHARGEMODE?S...         -----    -----      01DBH    0001H
  +--> ?PR?_MCUTIMERCANCELTIMEREVENT?SYSTIMER
  +--> ?PR?_SET_PWM?CPU
  +--> ?PR?_USERINTERFACEPOWERSWITCH?SYSPOWER
  +--> ?PR?_MCUTIMERACTIVETIMEREVENT?SYSTIMER

?PR?_SET_PWM?CPU                                 -----    -----      01DCH    0002H
  +--> ?CO?CPU
  +--> ?PR?_PRINTF?PRINTF

?PR?_USERINTERFACEPOWERSWITCH?SYSPOWER           -----    -----      01DCH    0001H
  +--> ?CO?SYSPOWER
  +--> ?PR?_PRINTF?PRINTF
  +--> ?PR?_MCUTIMERDELAYXMS?SYSTIMER
  +--> ?PR?_MCUTIMERACTIVETIMEREVENT?SYSTIMER
  +--> ?PR?_MCU_SENDCMDTODVR?MAIN

?PR?_MCU_SENDCMDTODVR?MAIN                       -----    -----      01F9H    000CH
  +--> ?CO?MAIN
  +--> ?PR?_READEEP?I2C
  +--> ?PR?_MCULIB_PROTOCOLSENDCMDWITHPARAMN...

?PR?_MCULIB_PROTOCOLSENDCMDWITHPARAMN...         -----    -----      0205H    0017H
  +--> ?PR?_MCULIB_PROTOCOLAPPEND?MAIN
  +--> ?PR?_RS2_TX?CPU

?PR?_MCULIB_PROTOCOLAPPEND?MAIN                  -----    -----      021CH    0007H

?PR?_MCUTIMERREACTIVETIMEREVENT?SYSTIMER         -----    -----      01D8H    0004H
  +--> ?PR?_MCUTIMERCHECKTIMEREVENT?SYSTIMER

?PR?SYSTIMERHANDLER?SYSTIMER                     -----    -----      01D7H    0004H
  +--> ?PR?MCUTIMERGETTIMERCOUNTER?SYSTIMER
  +--> ?PR?_MCUTIMERCHECKEVENTVALID?SYSTIMER
  +--> ?PR?_MCUTIMERGETEVENTTIME?SYSTIMER
  +--> ?PR?_MCUTIMERCLREVENTVALID?SYSTIMER
  +--> ?PR?_MCUTIMERGETEVENTID?SYSTIMER
  +--> ?PR?_USERINTERFACETIMEREVENTPROC?SYST...
  +--> ?PR?_SYSTIMEREVENTPROC?SYSTIMER

?PR?_USERINTERFACETIMEREVENTPROC?SYST...         -----    -----      -----    -----
  +--> ?PR?_SETAD5110STEP?MAIN
  +--> ?PR?_WRITEEEP?I2C
  +--> ?PR?_MCU_SENDCMDTODVR?MAIN
  +--> ?PR?_USERINTERFACEBATTERYCHARGEMODE?S...
  +--> ?PR?_MCUTIMERACTIVETIMEREVENT?SYSTIMER
  +--> ?PR?ENTER_ISP?MAIN
  +--> ?PR?_USERINTERFACEPOWERSWITCH?SYSPOWER

?PR?ENTER_ISP?MAIN                               -----    -----      01DBH    0001H
  +--> ?PR?ISP_INIT?MAIN
BL51 BANKED LINKER/LOCATER V6.22.2.0                                                  04/22/2021  09:18:53  PAGE 8


  +--> ?PR?_ISP_WRITE?MAIN

?PR?_ISP_WRITE?MAIN                              -----    -----      01DCH    0006H

?PR?_SYSTIMEREVENTPROC?SYSTIMER                  -----    -----      -----    -----
  +--> ?PR?_POWERLED?CPU
  +--> ?PR?_MCUTIMERDELAYXMS?SYSTIMER
  +--> ?PR?CHECK_ADAP_IN?CPU
  +--> ?PR?_MCUTIMERCHECKEVENTVALID?SYSTIMER
  +--> ?PR?_MCUTIMERCANCELTIMEREVENT?SYSTIMER
  +--> ?PR?_MCUTIMERACTIVETIMEREVENT?SYSTIMER
  +--> ?PR?_MCU_SENDCMDTODVR?MAIN
  +--> ?PR?GETBATTERYVOLTAGE?MAIN
  +--> ?PR?GETBATTERYBTH?MAIN
  +--> ?PR?_READEEP?I2C
  +--> ?PR?_WRITEEEP?I2C
  +--> ?PR?_USERINTERFACEBATTERYCHARGEMODE?S...
  +--> ?PR?SHOWWORKINGTIMER?CPU

?PR?GETBATTERYVOLTAGE?MAIN                       -----    -----      -----    -----
  +--> ?PR?_GETADCVALUE?MAIN

?PR?GETBATTERYBTH?MAIN                           -----    -----      -----    -----
  +--> ?PR?_GETADCVALUE?MAIN

?PR?SHOWWORKINGTIMER?CPU                         -----    -----      01DBH    0002H
  +--> ?CO?CPU
  +--> ?PR?_GRAPHICSPRINT?PRINTF

?PR?_GRAPHICSPRINT?PRINTF                        -----    -----      01DDH    002FH
  +--> ?PR?_DOPRINT?PRINTF

?PR?SYSPOWERHANDLER?SYSPOWER                     -----    -----      -----    -----
  +--> ?PR?_SYSPOWERSWITCH?SYSPOWER

?PR?_SYSPOWERSWITCH?SYSPOWER                     -----    -----      01D7H    0001H
  +--> ?PR?_USERINTERFACEPOWERSWITCH?SYSPOWER

?PR?SCANKEY?KEYREMO                              -----    -----      -----    -----
  +--> ?PR?_GETKEY?KEYREMO
  +--> ?PR?_WRITEEEP?I2C
  +--> ?PR?_MCUTIMERACTIVETIMEREVENT?SYSTIMER

?PR?_GETKEY?KEYREMO                              0021H.1  0000H.1    -----    -----

?PR?ENCORDERHANDLER_TELI?MAIN                    -----    -----      01D7H    0022H
  +--> ?PR?_MCU_SENDCMDTODVR?MAIN
  +--> ?PR?_MCUTIMERCANCELTIMEREVENT?SYSTIMER
  +--> ?PR?_MCUTIMERACTIVETIMEREVENT?SYSTIMER

?PR?ENCORDERHANDLER?MAIN                         -----    -----      01D7H    0020H
  +--> ?PR?_MCU_SENDCMDTODVR?MAIN
  +--> ?PR?_MCUTIMERCANCELTIMEREVENT?SYSTIMER
  +--> ?PR?_MCUTIMERACTIVETIMEREVENT?SYSTIMER

?PR?WAITPOWERON?MAIN                             -----    -----      -----    -----
  +--> ?CO?MAIN
BL51 BANKED LINKER/LOCATER V6.22.2.0                                                  04/22/2021  09:18:53  PAGE 9


  +--> ?PR?_PRINTF?PRINTF
  +--> ?PR?_MCUTIMERCANCELTIMEREVENT?SYSTIMER
  +--> ?PR?_SAVEROTATENUMBER?MAIN
  +--> ?PR?SYSPOWERHANDLER?SYSPOWER
  +--> ?PR?SYSTIMERHANDLER?SYSTIMER
  +--> ?PR?SCANKEY?KEYREMO
  +--> ?PR?_MCUTIMERACTIVETIMEREVENT?SYSTIMER
  +--> ?PR?CHECK_ADAP_IN?CPU
  +--> ?PR?SET_MCU_POWER_DOWN_MODE?CPU
  +--> ?PR?_WRITEEEP?I2C

?PR?_SAVEROTATENUMBER?MAIN                       -----    -----      01D7H    0008H
  +--> ?PR?_READEEP?I2C
  +--> ?PR?_WRITEEEP?I2C

?PR?SET_MCU_POWER_DOWN_MODE?CPU                  -----    -----      -----    -----
  +--> ?CO?CPU
  +--> ?PR?_PRINTF?PRINTF

?C_INITSEG                                       -----    -----      -----    -----
  +--> ?CO?PRINTF



SYMBOL TABLE OF MODULE:  .\Output\ml070i_MRMCU (?C_STARTUP)

  VALUE           TYPE          NAME
  ----------------------------------

  -------         MODULE        ?C_STARTUP
  C:5351H         SEGMENT       ?C_C51STARTUP
  I:007AH         SEGMENT       ?STACK
  C:0000H         PUBLIC        ?C_STARTUP
  D:00E0H         SYMBOL        ACC
  D:00F0H         SYMBOL        B
  D:0083H         SYMBOL        DPH
  D:0082H         SYMBOL        DPL
  N:0000H         SYMBOL        IBPSTACK
  N:0100H         SYMBOL        IBPSTACKTOP
  N:0080H         SYMBOL        IDATALEN
  C:5354H         SYMBOL        IDATALOOP
  N:0000H         SYMBOL        PBPSTACK
  N:0100H         SYMBOL        PBPSTACKTOP
  N:0000H         SYMBOL        PDATALEN
  N:0000H         SYMBOL        PDATASTART
  N:0000H         SYMBOL        PPAGE
  N:0000H         SYMBOL        PPAGEENABLE
  D:00A0H         SYMBOL        PPAGE_SFR
  D:0081H         SYMBOL        SP
  C:5351H         SYMBOL        STARTUP1
  N:0000H         SYMBOL        XBPSTACK
  N:0000H         SYMBOL        XBPSTACKTOP
  N:0000H         SYMBOL        XDATALEN
  N:0000H         SYMBOL        XDATASTART
  C:0000H         LINE#         126
  C:5351H         LINE#         133
  C:5353H         LINE#         134
BL51 BANKED LINKER/LOCATER V6.22.2.0                                                  04/22/2021  09:18:53  PAGE 10


  C:5354H         LINE#         135
  C:5355H         LINE#         136
  C:5357H         LINE#         185
  C:535AH         LINE#         196
  -------         ENDMOD        ?C_STARTUP

  -------         MODULE        CPU
  C:0000H         SYMBOL        _ICE_DUMMY_
  D:0091H         PUBLIC        P1M0
  X:025BH         PUBLIC        second
  C:57A4H         PUBLIC        InitCPU
  D:00B1H         PUBLIC        P3M0
  D:0096H         PUBLIC        P2M1
  C:3815H         PUBLIC        timer0_int
  X:025CH         PUBLIC        FormatSDCard
  D:00B3H         PUBLIC        P4M0
  D:00B2H         PUBLIC        P3M1
  D:00B4H         PUBLIC        P4M1
  D:00B0H         PUBLIC        P3
  C:5EE9H         PUBLIC        timer2_int
  D:00E8H         PUBLIC        P4
  X:025DH         PUBLIC        FormatWait
  X:025EH         PUBLIC        Power_Msg_Count
  X:0260H         PUBLIC        IE_Temp
  D:00F9H         PUBLIC        CH
  D:0022H         PUBLIC        DVR_buf
  D:0040H         PUBLIC        keytic
  D:00A8H         PUBLIC        IE
  C:3010H         PUBLIC        ShowWorkingTimer
  D:00E9H         PUBLIC        CL
  D:0042H         PUBLIC        RS2_in
  B:0020H.0       PUBLIC        RepeatKey
  X:0261H         PUBLIC        LED_FLASH_COUNT
  D:0043H         PUBLIC        RS2_out
  C:5E36H         PUBLIC        _delay
  D:00FCH         PUBLIC        CCAP2H
  B:00E8H.0       PUBLIC        P4_0
  D:00FDH         PUBLIC        CCAP3H
  B:00E8H.1       PUBLIC        P4_1
  B:0090H.4       PUBLIC        P1_4
  B:0080H.5       PUBLIC        P0_5
  X:0263H         PUBLIC        minute
  B:00E8H.2       PUBLIC        P4_2
  D:00ECH         PUBLIC        CCAP2L
  B:00A8H.4       PUBLIC        ES
  D:00EDH         PUBLIC        CCAP3L
  D:00DCH         PUBLIC        CCAPM2
  D:00DDH         PUBLIC        CCAPM3
  D:00B8H         PUBLIC        IP
  B:0098H.0       PUBLIC        RI
  B:0098H.1       PUBLIC        TI
  D:0044H         PUBLIC        tic01
  B:0020H.1       PUBLIC        KeyReady
  C:5DAFH         PUBLIC        RS2_rx
  B:0020H.2       PUBLIC        RS_Xbusy
  D:0045H         PUBLIC        tic02
  D:00D9H         PUBLIC        CMOD
BL51 BANKED LINKER/LOCATER V6.22.2.0                                                  04/22/2021  09:18:53  PAGE 11


  D:00D8H         PUBLIC        CCON
  C:0003H         PUBLIC        _RS2_tx
  X:0264H         PUBLIC        Time5ms
  X:0265H         PUBLIC        month
  X:0266H         PUBLIC        keyticSec
  D:0046H         PUBLIC        Key
  C:5D71H         PUBLIC        int2_int
  C:5D90H         PUBLIC        int3_int
  X:0267H         PUBLIC        bytEncorderCountTemp
  C:5C36H         PUBLIC        serial_int
  C:0026H         PUBLIC        ext1_int
  D:0099H         PUBLIC        SBUF
  D:0087H         PUBLIC        PCON
  D:0098H         PUBLIC        SCON
  C:5E4EH         PUBLIC        InitVars
  D:0089H         PUBLIC        TMOD
  D:0088H         PUBLIC        TCON
  C:4D0EH         PUBLIC        main_init
  X:0269H         PUBLIC        day
  X:026AH         PUBLIC        hour
  B:00C0H.1       PUBLIC        IE2
  B:00C0H.5       PUBLIC        IE3
  C:5229H         PUBLIC        _SET_PWM
  X:026BH         PUBLIC        PowerDownWait
  D:0047H         PUBLIC        tm01
  D:0049H         PUBLIC        stopWatch
  X:026CH         PUBLIC        EncorderCount
  D:004BH         SYMBOL        RS_buf
  C:5C07H         PUBLIC        SET_MCU_POWER_DOWN_MODE
  D:0069H         PUBLIC        tic_PWR_SAVING
  D:006DH         PUBLIC        tic_Init_time
  B:00A8H.5       PUBLIC        ET2
  B:00C8H.7       PUBLIC        TF2
  D:008CH         PUBLIC        TH0
  D:008DH         PUBLIC        TH1
  X:026EH         PUBLIC        bytHoldOn3SPowerOff
  B:00A8H.2       PUBLIC        EX1
  B:00C0H.2       PUBLIC        EX2
  B:00C0H.0       PUBLIC        IT2
  C:5F04H         PUBLIC        RS2_ready
  C:5DCDH         PUBLIC        Check_ADAP_IN
  B:00C0H.6       PUBLIC        EX3
  B:00C0H.4       PUBLIC        IT3
  D:008AH         PUBLIC        TL0
  X:026FH         PUBLIC        bytHoldOn3SPowerOffMode
  B:0020H.3       PUBLIC        RS2_Xbusy
  B:00C8H.2       PUBLIC        TR2
  X:0270H         PUBLIC        updn_reg
  B:0020H.4       PUBLIC        PWR_SAVING_ACT_FLAG
  D:0071H         PUBLIC        RS_in
  D:0072H         PUBLIC        RS_out
  C:5AF8H         PUBLIC        serial2_int
  D:009AH         PUBLIC        S2BUF
  X:0274H         PUBLIC        year1
  X:0275H         PUBLIC        year2
  C:5661H         PUBLIC        _PowerLED
  D:00AAH         PUBLIC        S2CON
BL51 BANKED LINKER/LOCATER V6.22.2.0                                                  04/22/2021  09:18:53  PAGE 12


  D:00C8H         PUBLIC        T2CON
  D:00BAH         PUBLIC        S2BRT
  X:0276H         PUBLIC        DVR_FACTORY_MODE
  D:0073H         PUBLIC        tm001
  D:00A6H         PUBLIC        AUXR2
  B:0020H.5       PUBLIC        ChangeKey
  D:0074H         PUBLIC        tic_pc
  D:0076H         PUBLIC        SystemClock
  D:0093H         PUBLIC        P0M0
  D:00ADH         PUBLIC        AUXIE
  -------         PROC          MAIN_INIT
  -------         DO            
  X:01D7H         SYMBOL        rev
  -------         ENDDO         
  C:4D0EH         LINE#         94
  C:4D0EH         LINE#         95
  C:4D0EH         LINE#         98
  C:4D17H         LINE#         101
  C:4D59H         LINE#         103
  C:4D68H         LINE#         104
  C:4D68H         LINE#         105
  C:4D82H         LINE#         106
  C:4D85H         LINE#         107
  C:4DC7H         LINE#         108
  C:4DC7H         LINE#         112
  C:4DD6H         LINE#         113
  C:4DD6H         LINE#         116
  C:4DD6H         LINE#         117
  C:4DDCH         LINE#         118
  C:4DDFH         LINE#         119
  C:4DDFH         LINE#         120
  C:4DE1H         LINE#         122
  C:4DE1H         LINE#         123
  C:4DEAH         LINE#         124
  C:4DF3H         LINE#         125
  C:4DFAH         LINE#         127
  C:4DFAH         LINE#         129
  C:4DFFH         LINE#         132
  C:4E07H         LINE#         133
  C:4E0CH         LINE#         135
  -------         ENDPROC       MAIN_INIT
  -------         PROC          INITCPU
  C:57A4H         LINE#         143
  C:57A4H         LINE#         144
  C:57A4H         LINE#         148
  C:57A7H         LINE#         156
  C:57AAH         LINE#         158
  C:57ADH         LINE#         160
  C:57B0H         LINE#         168
  C:57B6H         LINE#         170
  C:57B9H         LINE#         171
  C:57BCH         LINE#         175
  C:57BFH         LINE#         178
  C:57C1H         LINE#         179
  C:57C3H         LINE#         198
  C:57C6H         LINE#         199
  C:57C8H         LINE#         200
BL51 BANKED LINKER/LOCATER V6.22.2.0                                                  04/22/2021  09:18:53  PAGE 13


  C:57CAH         LINE#         207
  C:57CDH         LINE#         208
  C:57D0H         LINE#         211
  C:57D3H         LINE#         214
  C:57D6H         LINE#         216
  C:57D8H         LINE#         218
  C:57DAH         LINE#         219
  C:57DCH         LINE#         223
  C:57DFH         LINE#         224
  C:57E2H         LINE#         234
  C:57E5H         LINE#         237
  C:57E8H         LINE#         239
  C:57EBH         LINE#         241
  C:57EEH         LINE#         242
  C:57F0H         LINE#         243
  C:57F3H         LINE#         244
  C:57F5H         LINE#         246
  -------         ENDPROC       INITCPU
  -------         PROC          SET_MCU_POWER_DOWN_MODE
  C:5C07H         LINE#         249
  C:5C07H         LINE#         250
  C:5C07H         LINE#         252
  C:5C10H         LINE#         254
  C:5C12H         LINE#         255
  C:5C14H         LINE#         256
  C:5C16H         LINE#         258
  C:5C18H         LINE#         259
  C:5C1AH         LINE#         260
  C:5C1CH         LINE#         262
  C:5C22H         LINE#         263
  C:5C25H         LINE#         265
  C:5C2BH         LINE#         266
  C:5C2DH         LINE#         267
  C:5C2FH         LINE#         268
  C:5C32H         LINE#         269
  C:5C33H         LINE#         270
  C:5C34H         LINE#         271
  C:5C35H         LINE#         275
  -------         ENDPROC       SET_MCU_POWER_DOWN_MODE
  -------         PROC          CHECK_ADAP_IN
  C:5DCDH         LINE#         278
  C:5DCDH         LINE#         279
  C:5DCDH         LINE#         281
  C:5DD3H         LINE#         282
  C:5DD3H         LINE#         283
  C:5DDAH         LINE#         285
  C:5DE0H         LINE#         286
  C:5DE3H         LINE#         288
  C:5DE6H         LINE#         289
  C:5DE6H         LINE#         291
  C:5DE8H         LINE#         292
  -------         ENDPROC       CHECK_ADAP_IN
  -------         PROC          _SET_PWM
  X:01DCH         SYMBOL        index
  X:01DDH         SYMBOL        val
  C:5229H         LINE#         294
  C:5231H         LINE#         295
BL51 BANKED LINKER/LOCATER V6.22.2.0                                                  04/22/2021  09:18:53  PAGE 14


  C:5231H         LINE#         297
  C:524AH         LINE#         299
  C:525CH         LINE#         300
  C:525CH         LINE#         301
  C:525CH         LINE#         303
  C:525FH         LINE#         304
  C:526AH         LINE#         305
  C:526DH         LINE#         307
  C:5270H         LINE#         308
  C:5270H         LINE#         309
  C:5272H         LINE#         310
  C:5274H         LINE#         311
  C:5274H         LINE#         313
  C:527CH         LINE#         314
  C:527CH         LINE#         315
  C:527FH         LINE#         316
  C:5282H         LINE#         317
  C:5285H         LINE#         318
  C:528BH         LINE#         319
  C:528DH         LINE#         320
  C:5295H         LINE#         321
  C:5295H         LINE#         322
  C:5298H         LINE#         323
  C:529BH         LINE#         324
  C:529EH         LINE#         325
  C:52A7H         LINE#         326
  C:52A7H         LINE#         360
  C:52A7H         LINE#         361
  C:52A7H         LINE#         362
  C:52AAH         LINE#         363
  C:52B5H         LINE#         364
  C:52B8H         LINE#         365
  C:52B9H         LINE#         366
  C:52B9H         LINE#         367
  C:52BCH         LINE#         368
  C:52BDH         LINE#         369
  C:52BDH         LINE#         370
  C:52C0H         LINE#         371
  C:52C0H         LINE#         373
  C:52C0H         LINE#         374
  C:52C0H         LINE#         375
  C:52C0H         LINE#         378
  -------         ENDPROC       _SET_PWM
  -------         PROC          TIMER0_INT
  -------         DO            
  D:000FH         SYMBOL        TempKey
  -------         ENDDO         
  C:3815H         LINE#         387
  C:3822H         LINE#         394
  C:3824H         LINE#         397
  C:3826H         LINE#         400
  C:3831H         LINE#         401
  C:3831H         LINE#         402
  C:383FH         LINE#         403
  C:3842H         LINE#         404
  C:3844H         LINE#         405
  C:3844H         LINE#         407
BL51 BANKED LINKER/LOCATER V6.22.2.0                                                  04/22/2021  09:18:53  PAGE 15


  C:384AH         LINE#         408
  C:384CH         LINE#         409
  C:3855H         LINE#         410
  C:3855H         LINE#         412
  C:385EH         LINE#         413
  C:3868H         LINE#         414
  C:3868H         LINE#         415
  C:3870H         LINE#         416
  C:3878H         LINE#         417
  C:3880H         LINE#         418
  C:3883H         LINE#         419
  C:3885H         LINE#         422
  C:3890H         LINE#         423
  C:3895H         LINE#         425
  C:3898H         LINE#         427
  C:38B3H         LINE#         428
  C:38B3H         LINE#         429
  C:38C1H         LINE#         430
  C:38CFH         LINE#         431
  C:38CFH         LINE#         432
  C:38E7H         LINE#         433
  C:38E7H         LINE#         434
  C:38F5H         LINE#         435
  C:3903H         LINE#         436
  C:3903H         LINE#         437
  C:391BH         LINE#         438
  C:391BH         LINE#         439
  C:3929H         LINE#         440
  C:3937H         LINE#         441
  C:3937H         LINE#         442
  C:3952H         LINE#         443
  C:3952H         LINE#         444
  C:3960H         LINE#         445
  C:396EH         LINE#         446
  C:396EH         LINE#         447
  C:3986H         LINE#         448
  C:3986H         LINE#         449
  C:3994H         LINE#         450
  C:39A2H         LINE#         451
  C:39A2H         LINE#         452
  C:39BAH         LINE#         453
  C:39BAH         LINE#         454
  C:39C8H         LINE#         455
  C:39D6H         LINE#         456
  C:39D6H         LINE#         457
  C:39F1H         LINE#         458
  C:39F1H         LINE#         459
  C:39FFH         LINE#         460
  C:3A0DH         LINE#         461
  C:3A0DH         LINE#         462
  C:3A25H         LINE#         463
  C:3A25H         LINE#         464
  C:3A33H         LINE#         465
  C:3A41H         LINE#         466
  C:3A41H         LINE#         468
  C:3A49H         LINE#         469
  C:3A49H         LINE#         470
BL51 BANKED LINKER/LOCATER V6.22.2.0                                                  04/22/2021  09:18:53  PAGE 16


  C:3A58H         LINE#         471
  C:3A58H         LINE#         472
  C:3A58H         LINE#         473
  C:3A58H         LINE#         474
  C:3A58H         LINE#         475
  C:3A5AH         LINE#         477
  C:3A5AH         LINE#         478
  C:3A69H         LINE#         479
  C:3A69H         LINE#         480
  C:3A88H         LINE#         481
  C:3A8FH         LINE#         482
  C:3A8FH         LINE#         483
  C:3A8FH         LINE#         484
  C:3A8FH         LINE#         485
  C:3A8FH         LINE#         494
  C:3A9DH         LINE#         497
  C:3AA5H         LINE#         498
  C:3AA8H         LINE#         499
  C:3AAAH         LINE#         501
  C:3AB0H         LINE#         502
  C:3AB0H         LINE#         504
  C:3AB2H         LINE#         507
  C:3AB9H         LINE#         508
  C:3ABEH         LINE#         510
  C:3AC0H         LINE#         512
  C:3AC0H         LINE#         513
  C:3ACAH         LINE#         514
  C:3AD2H         LINE#         517
  C:3AE0H         LINE#         518
  C:3AF4H         LINE#         519
  C:3AFEH         LINE#         520
  C:3B0CH         LINE#         561
  C:3B18H         LINE#         562
  C:3B18H         LINE#         563
  C:3B20H         LINE#         564
  C:3B20H         LINE#         565
  C:3B31H         LINE#         566
  C:3B31H         LINE#         567
  C:3B34H         LINE#         568
  C:3B36H         LINE#         569
  C:3B38H         LINE#         570
  C:3B38H         LINE#         571
  C:3B3AH         LINE#         572
  C:3B56H         LINE#         573
  C:3B56H         LINE#         574
  C:3B59H         LINE#         575
  C:3B59H         LINE#         576
  C:3B5CH         LINE#         577
  C:3B5EH         LINE#         578
  C:3B63H         LINE#         579
  C:3B65H         LINE#         580
  C:3B65H         LINE#         581
  C:3B67H         LINE#         582
  C:3B71H         LINE#         584
  C:3B74H         LINE#         585
  C:3B74H         LINE#         586
  C:3B77H         LINE#         587
BL51 BANKED LINKER/LOCATER V6.22.2.0                                                  04/22/2021  09:18:53  PAGE 17


  C:3B79H         LINE#         588
  C:3B7FH         LINE#         589
  C:3B81H         LINE#         590
  C:3B81H         LINE#         592
  C:3B87H         LINE#         593
  C:3B87H         LINE#         595
  C:3B8FH         LINE#         596
  C:3B91H         LINE#         598
  C:3B91H         LINE#         599
  C:3BA7H         LINE#         600
  C:3BAAH         LINE#         601
  C:3BACH         LINE#         602
  C:3BAEH         LINE#         604
  C:3BAEH         LINE#         605
  C:3BB1H         LINE#         606
  C:3BB3H         LINE#         607
  C:3BB3H         LINE#         609
  C:3BB5H         LINE#         610
  C:3BBBH         LINE#         611
  C:3BBBH         LINE#         642
  C:3BBBH         LINE#         644
  -------         ENDPROC       TIMER0_INT
  -------         PROC          SHOWWORKINGTIMER
  -------         DO            
  X:01DBH         SYMBOL        val
  -------         ENDDO         
  C:3010H         LINE#         649
  C:3010H         LINE#         650
  C:3010H         LINE#         653
  C:301BH         LINE#         655
  C:3022H         LINE#         656
  C:3022H         LINE#         657
  C:3052H         LINE#         658
  C:3054H         LINE#         659
  C:305BH         LINE#         660
  C:305BH         LINE#         661
  C:307EH         LINE#         662
  C:3080H         LINE#         663
  C:3089H         LINE#         664
  C:3089H         LINE#         665
  C:309DH         LINE#         666
  C:309FH         LINE#         668
  C:309FH         LINE#         669
  C:30B5H         LINE#         670
  C:30B5H         LINE#         674
  C:30FDH         LINE#         678
  C:3107H         LINE#         679
  C:3111H         LINE#         680
  C:311AH         LINE#         681
  C:3124H         LINE#         683
  C:312EH         LINE#         684
  C:3138H         LINE#         685
  C:3145H         LINE#         686
  C:314DH         LINE#         688
  C:3156H         LINE#         694
  C:3160H         LINE#         695
  C:3160H         LINE#         696
BL51 BANKED LINKER/LOCATER V6.22.2.0                                                  04/22/2021  09:18:53  PAGE 18


  C:31BFH         LINE#         697
  C:31CDH         LINE#         699
  C:31CFH         LINE#         701
  C:31CFH         LINE#         705
  C:320BH         LINE#         707
  C:3219H         LINE#         708
  C:3230H         LINE#         710
  C:3244H         LINE#         714
  C:3244H         LINE#         717
  C:3297H         LINE#         721
  C:32A1H         LINE#         722
  C:32ABH         LINE#         723
  C:32B5H         LINE#         724
  C:32BFH         LINE#         725
  C:32C9H         LINE#         726
  C:32D3H         LINE#         727
  C:32DDH         LINE#         728
  C:32E7H         LINE#         729
  C:32F1H         LINE#         730
  C:32FCH         LINE#         732
  C:3306H         LINE#         733
  C:330EH         LINE#         734
  C:3318H         LINE#         735
  C:3320H         LINE#         736
  C:332AH         LINE#         737
  C:3332H         LINE#         738
  C:333CH         LINE#         739
  C:3344H         LINE#         740
  C:334CH         LINE#         741
  C:3356H         LINE#         742
  C:3360H         LINE#         743
  C:336AH         LINE#         744
  C:3374H         LINE#         745
  C:337EH         LINE#         746
  C:3388H         LINE#         747
  C:3392H         LINE#         748
  C:339CH         LINE#         749
  C:33A6H         LINE#         750
  C:33B0H         LINE#         751
  C:33BBH         LINE#         753
  C:33C7H         LINE#         754
  C:33D2H         LINE#         756
  C:33DCH         LINE#         757
  C:33E4H         LINE#         758
  C:33EEH         LINE#         759
  C:33F6H         LINE#         760
  C:3402H         LINE#         761
  C:3408H         LINE#         763
  C:3420H         LINE#         781
  -------         ENDPROC       SHOWWORKINGTIMER
  -------         PROC          INITVARS
  -------         DO            
  D:0007H         SYMBOL        j
  -------         ENDDO         
  C:5E4EH         LINE#         791
  C:5E4EH         LINE#         792
  C:5E4EH         LINE#         794
BL51 BANKED LINKER/LOCATER V6.22.2.0                                                  04/22/2021  09:18:53  PAGE 19


  C:5E5AH         LINE#         795
  C:5E63H         LINE#         797
  -------         ENDPROC       INITVARS
  -------         PROC          _POWERLED
  D:0007H         SYMBOL        flag
  C:5661H         LINE#         803
  C:5661H         LINE#         804
  C:5661H         LINE#         806
  C:5695H         LINE#         807
  C:5695H         LINE#         808
  C:5695H         LINE#         809
  C:5697H         LINE#         810
  C:5699H         LINE#         811
  C:569AH         LINE#         812
  C:569AH         LINE#         813
  C:569CH         LINE#         814
  C:569EH         LINE#         815
  C:569FH         LINE#         816
  C:569FH         LINE#         817
  C:569FH         LINE#         818
  C:569FH         LINE#         819
  C:56A1H         LINE#         820
  C:56A1H         LINE#         821
  C:56A1H         LINE#         822
  C:56A1H         LINE#         823
  C:56A3H         LINE#         824
  C:56A3H         LINE#         825
  C:56A6H         LINE#         826
  C:56A6H         LINE#         827
  C:56A8H         LINE#         828
  C:56AAH         LINE#         829
  C:56ABH         LINE#         836
  C:56ABH         LINE#         837
  C:56AEH         LINE#         838
  C:56AEH         LINE#         839
  C:56B0H         LINE#         840
  C:56B2H         LINE#         841
  C:56B3H         LINE#         843
  C:56B3H         LINE#         844
  C:56B3H         LINE#         845
  C:56B3H         LINE#         846
  C:56B3H         LINE#         847
  C:56B5H         LINE#         848
  C:56B5H         LINE#         849
  C:56B8H         LINE#         850
  C:56B8H         LINE#         851
  C:56BAH         LINE#         852
  C:56BCH         LINE#         853
  C:56BDH         LINE#         855
  C:56BDH         LINE#         856
  C:56BFH         LINE#         857
  C:56C1H         LINE#         858
  C:56C1H         LINE#         859
  C:56C2H         LINE#         860
  C:56C2H         LINE#         861
  C:56C5H         LINE#         862
  C:56C5H         LINE#         863
BL51 BANKED LINKER/LOCATER V6.22.2.0                                                  04/22/2021  09:18:53  PAGE 20


  C:56C7H         LINE#         864
  C:56C9H         LINE#         866
  C:56C9H         LINE#         867
  C:56CBH         LINE#         868
  C:56CBH         LINE#         870
  C:56CDH         LINE#         872
  C:56CEH         LINE#         873
  C:56CEH         LINE#         874
  C:56D1H         LINE#         875
  C:56D1H         LINE#         876
  C:56D3H         LINE#         877
  C:56D5H         LINE#         879
  C:56D5H         LINE#         880
  C:56D7H         LINE#         881
  C:56D7H         LINE#         883
  C:56D9H         LINE#         886
  C:56D9H         LINE#         887
  C:56D9H         LINE#         888
  C:56D9H         LINE#         889
  C:56D9H         LINE#         890
  -------         ENDPROC       _POWERLED
  -------         PROC          EXT1_INT
  C:0026H         LINE#         899
  C:0026H         LINE#         901
  C:0028H         LINE#         902
  -------         ENDPROC       EXT1_INT
  -------         PROC          SERIAL_INT
  C:5C36H         LINE#         925
  C:5C3DH         LINE#         931
  C:5C40H         LINE#         940
  C:5C47H         LINE#         941
  C:5C49H         LINE#         942
  C:5C57H         LINE#         946
  C:5C59H         LINE#         948
  C:5C59H         LINE#         950
  C:5C5CH         LINE#         951
  C:5C5EH         LINE#         952
  C:5C60H         LINE#         953
  C:5C60H         LINE#         954
  -------         ENDPROC       SERIAL_INT
  -------         PROC          SERIAL2_INT
  C:5AF8H         LINE#         958
  C:5AFFH         LINE#         963
  C:5B07H         LINE#         964
  C:5B07H         LINE#         966
  C:5B0AH         LINE#         968
  C:5B11H         LINE#         971
  C:5B13H         LINE#         972
  C:5B21H         LINE#         973
  C:5B21H         LINE#         975
  C:5B29H         LINE#         976
  C:5B29H         LINE#         977
  C:5B2CH         LINE#         978
  C:5B2EH         LINE#         979
  C:5B2EH         LINE#         980
  -------         ENDPROC       SERIAL2_INT
  -------         PROC          RS2_READY
BL51 BANKED LINKER/LOCATER V6.22.2.0                                                  04/22/2021  09:18:53  PAGE 21


  C:5F04H         LINE#         1016
  C:5F04H         LINE#         1017
  C:5F04H         LINE#         1018
  C:5F0CH         LINE#         1019
  C:5F0EH         LINE#         1020
  -------         ENDPROC       RS2_READY
  -------         PROC          RS2_RX
  -------         DO            
  D:0007H         SYMBOL        ret
  -------         ENDDO         
  C:5DAFH         LINE#         1024
  C:5DAFH         LINE#         1025
  C:5DAFH         LINE#         1028
  C:5DB2H         LINE#         1029
  C:5DB9H         LINE#         1030
  C:5DBBH         LINE#         1031
  C:5DC6H         LINE#         1032
  C:5DC9H         LINE#         1033
  C:5DCCH         LINE#         1035
  C:5DCCH         LINE#         1036
  -------         ENDPROC       RS2_RX
  -------         PROC          _RS2_TX
  D:0007H         SYMBOL        tx_buf
  C:0003H         LINE#         1053
  C:0003H         LINE#         1054
  C:0003H         LINE#         1056
  C:0006H         LINE#         1057
  C:0008H         LINE#         1058
  C:000AH         LINE#         1059
  -------         ENDPROC       _RS2_TX
  -------         PROC          TIMER2_INT
  C:5EE9H         LINE#         1100
  C:5EEBH         LINE#         1259
  C:5EEDH         LINE#         1261
  C:5EF5H         LINE#         1263
  -------         ENDPROC       TIMER2_INT
  -------         PROC          _DELAY
  D:0007H         SYMBOL        cnt
  -------         DO            
  D:0004H         SYMBOL        ttic01
  -------         ENDDO         
  C:5E36H         LINE#         1265
  C:5E36H         LINE#         1266
  C:5E36H         LINE#         1269
  C:5E44H         LINE#         1270
  C:5E44H         LINE#         1272
  C:5E4DH         LINE#         1273
  -------         ENDPROC       _DELAY
  -------         PROC          INT2_INT
  C:5D71H         LINE#         1277
  C:5D77H         LINE#         1279
  C:5D79H         LINE#         1280
  C:5D7BH         LINE#         1281
  C:5D7EH         LINE#         1282
  C:5D84H         LINE#         1283
  C:5D89H         LINE#         1284
  -------         ENDPROC       INT2_INT
BL51 BANKED LINKER/LOCATER V6.22.2.0                                                  04/22/2021  09:18:53  PAGE 22


  -------         PROC          INT3_INT
  C:5D90H         LINE#         1286
  C:5D96H         LINE#         1288
  C:5D98H         LINE#         1289
  C:5D9AH         LINE#         1290
  C:5D9DH         LINE#         1291
  C:5DA3H         LINE#         1292
  C:5DA8H         LINE#         1293
  -------         ENDPROC       INT3_INT
  -------         ENDMOD        CPU

  -------         MODULE        ETC_EEP
  C:0000H         SYMBOL        _ICE_DUMMY_
  C:5929H         PUBLIC        GetProjectNameEE
  C:50A9H         PUBLIC        ClearBasicEE
  C:5E04H         PUBLIC        SaveFWRevEE
  C:5895H         PUBLIC        GetFWRevEE
  -------         PROC          GETFWREVEE
  -------         DO            
  D:0004H         SYMBOL        rev
  -------         ENDDO         
  C:5895H         LINE#         17
  C:5895H         LINE#         18
  C:5895H         LINE#         19
  C:589BH         LINE#         26
  C:58DEH         LINE#         28
  C:58DEH         LINE#         29
  -------         ENDPROC       GETFWREVEE
  -------         PROC          GETPROJECTNAMEEE
  -------         DO            
  X:01DBH         SYMBOL        rev
  -------         ENDDO         
  C:5929H         LINE#         31
  C:5929H         LINE#         32
  C:5929H         LINE#         33
  C:592FH         LINE#         35
  C:593DH         LINE#         36
  C:594CH         LINE#         37
  C:595BH         LINE#         38
  C:596AH         LINE#         40
  C:596FH         LINE#         41
  -------         ENDPROC       GETPROJECTNAMEEE
  -------         PROC          SAVEFWREVEE
  C:5E04H         LINE#         43
  C:5E04H         LINE#         44
  C:5E04H         LINE#         51
  C:5E0CH         LINE#         52
  C:5E14H         LINE#         53
  -------         ENDPROC       SAVEFWREVEE
  -------         PROC          CLEARBASICEE
  C:50A9H         LINE#         67
  C:50A9H         LINE#         68
  C:50A9H         LINE#         70
  C:50B2H         LINE#         72
  C:50BAH         LINE#         73
  C:50C3H         LINE#         74
  C:50CCH         LINE#         75
BL51 BANKED LINKER/LOCATER V6.22.2.0                                                  04/22/2021  09:18:53  PAGE 23


  C:50D5H         LINE#         77
  C:50DEH         LINE#         80
  C:50E7H         LINE#         82
  C:50EFH         LINE#         84
  C:50F7H         LINE#         86
  C:50FFH         LINE#         88
  C:5108H         LINE#         90
  C:5111H         LINE#         91
  C:5119H         LINE#         93
  C:5122H         LINE#         94
  C:512AH         LINE#         96
  C:5133H         LINE#         97
  C:513BH         LINE#         99
  C:5144H         LINE#         100
  C:514CH         LINE#         102
  C:5154H         LINE#         103
  C:515CH         LINE#         104
  C:5164H         LINE#         106
  C:516CH         LINE#         107
  C:5174H         LINE#         108
  -------         ENDPROC       CLEARBASICEE
  -------         ENDMOD        ETC_EEP

  -------         MODULE        HS_DVRPROTOCOL
  C:0000H         SYMBOL        _ICE_DUMMY_
  X:0000H         PUBLIC        protocol_data_count
  D:00B2H         PUBLIC        P3M1
  X:0001H         PUBLIC        protocol_len
  X:0002H         PUBLIC        protocol_type
  B:0021H.3       PUBLIC        protocol_escape_flag
  X:0003H         PUBLIC        protocol_chksum
  X:0004H         PUBLIC        protocol_param
  X:0005H         PUBLIC        protocol_data
  C:1758H         PUBLIC        DvrReceivePaser
  X:0105H         PUBLIC        protocol_state
  -------         PROC          DVRRECEIVEPASER
  -------         DO            
  X:01D7H         SYMBOL        c
  -------         ENDDO         
  C:1758H         LINE#         42
  C:1758H         LINE#         43
  C:1758H         LINE#         45
  C:1761H         LINE#         46
  C:1761H         LINE#         47
  C:1769H         LINE#         49
  C:176FH         LINE#         50
  C:176FH         LINE#         54
  C:1771H         LINE#         55
  C:1776H         LINE#         56
  C:177CH         LINE#         58
  C:177CH         LINE#         60
  C:1782H         LINE#         61
  C:1782H         LINE#         62
  C:1785H         LINE#         64
  C:1785H         LINE#         66
  C:1788H         LINE#         67
  C:1788H         LINE#         68
BL51 BANKED LINKER/LOCATER V6.22.2.0                                                  04/22/2021  09:18:53  PAGE 24


  C:178AH         LINE#         69
  C:1791H         LINE#         70
  C:1791H         LINE#         72
  C:179AH         LINE#         73
  C:179AH         LINE#         74
  C:17AAH         LINE#         75
  C:17AAH         LINE#         77
  C:17BFH         LINE#         78
  C:17BFH         LINE#         79
  C:17BFH         LINE#         80
  C:17C7H         LINE#         81
  C:17E0H         LINE#         82
  C:17E0H         LINE#         83
  C:17E0H         LINE#         84
  C:17E0H         LINE#         85
  C:17E0H         LINE#         86
  C:17E0H         LINE#         87
  C:17E0H         LINE#         88
  C:17E0H         LINE#         89
  C:17E0H         LINE#         90
  C:17E0H         LINE#         91
  C:17E0H         LINE#         92
  C:17E0H         LINE#         93
  C:17E0H         LINE#         94
  C:17E0H         LINE#         95
  C:17E0H         LINE#         96
  C:17E0H         LINE#         97
  C:17E0H         LINE#         98
  C:17E0H         LINE#         100
  C:17E6H         LINE#         101
  C:17E7H         LINE#         102
  C:17E7H         LINE#         103
  C:17E7H         LINE#         104
  C:17EAH         LINE#         105
  C:17EAH         LINE#         106
  C:17EAH         LINE#         108
  C:17EAH         LINE#         109
  C:17F2H         LINE#         110
  C:180DH         LINE#         111
  C:180DH         LINE#         112
  C:180DH         LINE#         113
  C:180DH         LINE#         114
  C:180DH         LINE#         115
  C:180DH         LINE#         116
  C:180DH         LINE#         117
  C:180DH         LINE#         118
  C:180DH         LINE#         119
  C:180DH         LINE#         120
  C:180DH         LINE#         121
  C:180DH         LINE#         122
  C:180DH         LINE#         123
  C:180DH         LINE#         124
  C:180DH         LINE#         125
  C:180DH         LINE#         126
  C:180DH         LINE#         127
  C:180DH         LINE#         129
  C:1813H         LINE#         130
BL51 BANKED LINKER/LOCATER V6.22.2.0                                                  04/22/2021  09:18:53  PAGE 25


  C:1813H         LINE#         131
  C:1813H         LINE#         132
  C:1815H         LINE#         134
  C:1815H         LINE#         135
  C:181AH         LINE#         136
  C:1820H         LINE#         141
  C:1820H         LINE#         142
  C:1821H         LINE#         143
  C:1821H         LINE#         144
  C:1821H         LINE#         145
  C:1824H         LINE#         146
  C:1824H         LINE#         147
  C:1824H         LINE#         149
  C:1824H         LINE#         150
  C:1841H         LINE#         151
  C:1841H         LINE#         152
  C:1841H         LINE#         153
  C:1841H         LINE#         154
  C:1841H         LINE#         155
  C:1841H         LINE#         156
  C:1841H         LINE#         157
  C:1841H         LINE#         158
  C:1841H         LINE#         159
  C:1841H         LINE#         160
  C:1841H         LINE#         161
  C:1841H         LINE#         162
  C:1841H         LINE#         163
  C:1841H         LINE#         164
  C:1841H         LINE#         165
  C:1841H         LINE#         166
  C:1841H         LINE#         169
  C:1855H         LINE#         170
  C:185BH         LINE#         171
  C:1868H         LINE#         172
  C:186EH         LINE#         176
  C:186EH         LINE#         181
  C:186FH         LINE#         182
  C:186FH         LINE#         183
  C:186FH         LINE#         184
  C:1872H         LINE#         185
  C:1872H         LINE#         186
  C:1872H         LINE#         188
  C:1872H         LINE#         189
  C:1881H         LINE#         190
  C:1881H         LINE#         195
  C:18BCH         LINE#         196
  C:18BCH         LINE#         197
  C:18BCH         LINE#         201
  C:18C3H         LINE#         202
  C:18CCH         LINE#         203
  C:18D9H         LINE#         204
  C:18D9H         LINE#         205
  C:18DDH         LINE#         206
  C:18E2H         LINE#         207
  C:18E7H         LINE#         208
  C:18E7H         LINE#         209
  C:18F0H         LINE#         210
BL51 BANKED LINKER/LOCATER V6.22.2.0                                                  04/22/2021  09:18:53  PAGE 26


  C:18F9H         LINE#         211
  C:18FCH         LINE#         212
  C:18FFH         LINE#         213
  C:18FFH         LINE#         217
  C:1904H         LINE#         218
  C:1910H         LINE#         219
  C:1916H         LINE#         220
  C:1919H         LINE#         221
  C:1919H         LINE#         226
  C:191FH         LINE#         227
  C:1922H         LINE#         228
  C:1922H         LINE#         233
  C:1928H         LINE#         234
  C:192BH         LINE#         235
  C:192BH         LINE#         248
  C:194CH         LINE#         249
  C:196DH         LINE#         251
  C:198EH         LINE#         252
  C:19AFH         LINE#         254
  C:19D0H         LINE#         255
  C:19F1H         LINE#         257
  C:1A12H         LINE#         258
  C:1A33H         LINE#         260
  C:1A3FH         LINE#         261
  C:1A4BH         LINE#         263
  C:1A57H         LINE#         264
  C:1A63H         LINE#         266
  C:1A6FH         LINE#         267
  C:1A7BH         LINE#         269
  C:1A87H         LINE#         270
  C:1A93H         LINE#         272
  C:1A99H         LINE#         274
  C:1A9CH         LINE#         276
  C:1A9CH         LINE#         282
  C:1AA9H         LINE#         283
  C:1AACH         LINE#         285
  C:1ABEH         LINE#         287
  C:1AC7H         LINE#         288
  C:1ACCH         LINE#         290
  C:1AD6H         LINE#         291
  C:1ADFH         LINE#         318
  C:1AE2H         LINE#         320
  C:1AE2H         LINE#         325
  C:1AEBH         LINE#         326
  C:1AEBH         LINE#         327
  C:1AF2H         LINE#         331
  C:1AF5H         LINE#         332
  C:1AFEH         LINE#         333
  C:1AFEH         LINE#         334
  C:1B03H         LINE#         335
  C:1B0AH         LINE#         339
  C:1B0AH         LINE#         340
  C:1B0DH         LINE#         342
  C:1B0DH         LINE#         346
  C:1B13H         LINE#         347
  C:1B16H         LINE#         349
  C:1B16H         LINE#         354
BL51 BANKED LINKER/LOCATER V6.22.2.0                                                  04/22/2021  09:18:53  PAGE 27


  C:1B1CH         LINE#         355
  C:1B1CH         LINE#         356
  C:1B23H         LINE#         357
  C:1B28H         LINE#         360
  C:1B2DH         LINE#         361
  C:1B32H         LINE#         362
  C:1B37H         LINE#         363
  C:1B3CH         LINE#         364
  C:1B41H         LINE#         365
  C:1B46H         LINE#         367
  C:1B4CH         LINE#         369
  C:1B4FH         LINE#         370
  C:1B57H         LINE#         371
  C:1B57H         LINE#         372
  C:1B5DH         LINE#         373
  C:1B5DH         LINE#         374
  C:1B5DH         LINE#         375
  C:1B5FH         LINE#         376
  C:1B6AH         LINE#         377
  C:1B6AH         LINE#         378
  C:1B71H         LINE#         379
  C:1B74H         LINE#         380
  C:1B7DH         LINE#         381
  C:1B82H         LINE#         382
  C:1B82H         LINE#         384
  C:1B85H         LINE#         386
  C:1B85H         LINE#         391
  C:1B90H         LINE#         392
  C:1B90H         LINE#         393
  C:1B97H         LINE#         394
  C:1B9CH         LINE#         398
  C:1B9EH         LINE#         399
  C:1BAAH         LINE#         400
  C:1BAAH         LINE#         401
  C:1BB1H         LINE#         402
  C:1BB6H         LINE#         403
  C:1BBDH         LINE#         405
  C:1BC9H         LINE#         406
  C:1BCDH         LINE#         407
  C:1BCDH         LINE#         408
  C:1BDDH         LINE#         409
  C:1BDDH         LINE#         410
  C:1BE4H         LINE#         411
  C:1BEBH         LINE#         412
  C:1BF0H         LINE#         413
  C:1BF7H         LINE#         414
  C:1C01H         LINE#         415
  C:1C09H         LINE#         419
  C:1C15H         LINE#         420
  C:1C19H         LINE#         421
  C:1C1BH         LINE#         422
  C:1C2BH         LINE#         423
  C:1C2BH         LINE#         424
  C:1C30H         LINE#         428
  C:1C30H         LINE#         430
  C:1C35H         LINE#         432
  C:1C40H         LINE#         433
BL51 BANKED LINKER/LOCATER V6.22.2.0                                                  04/22/2021  09:18:53  PAGE 28


  C:1C46H         LINE#         435
  C:1C48H         LINE#         437
  C:1C48H         LINE#         441
  C:1C4EH         LINE#         442
  C:1C50H         LINE#         444
  C:1C50H         LINE#         446
  C:1C58H         LINE#         447
  C:1C58H         LINE#         448
  C:1C60H         LINE#         449
  C:1C66H         LINE#         450
  C:1C69H         LINE#         452
  C:1C69H         LINE#         453
  C:1C71H         LINE#         454
  C:1C76H         LINE#         455
  C:1C76H         LINE#         462
  C:1C79H         LINE#         463
  C:1C79H         LINE#         464
  C:1C84H         LINE#         465
  C:1C89H         LINE#         467
  C:1C8CH         LINE#         472
  C:1C95H         LINE#         475
  C:1C98H         LINE#         476
  C:1C98H         LINE#         480
  C:1C9EH         LINE#         481
  C:1CA0H         LINE#         482
  C:1CA0H         LINE#         486
  C:1CA9H         LINE#         487
  C:1CACH         LINE#         488
  C:1CACH         LINE#         490
  C:1CB4H         LINE#         491
  C:1CBBH         LINE#         493
  C:1CC0H         LINE#         495
  C:1CCBH         LINE#         496
  C:1CCBH         LINE#         497
  C:1CDBH         LINE#         498
  C:1CF4H         LINE#         499
  C:1D28H         LINE#         500
  C:1D41H         LINE#         501
  C:1D59H         LINE#         502
  C:1D5CH         LINE#         504
  C:1D5CH         LINE#         505
  C:1D6DH         LINE#         506
  C:1D86H         LINE#         507
  C:1DBAH         LINE#         508
  C:1DD3H         LINE#         509
  C:1E07H         LINE#         510
  C:1E07H         LINE#         515
  C:1E07H         LINE#         516
  C:1E07H         LINE#         517
  C:1E07H         LINE#         518
  C:1E07H         LINE#         520
  C:1E07H         LINE#         522
  C:1E07H         LINE#         526
  C:1E07H         LINE#         527
  C:1E0CH         LINE#         528
  C:1E0CH         LINE#         529
  C:1E0CH         LINE#         530
BL51 BANKED LINKER/LOCATER V6.22.2.0                                                  04/22/2021  09:18:53  PAGE 29


  C:1E0CH         LINE#         531
  C:1E0CH         LINE#         532
  C:1E0CH         LINE#         535
  -------         ENDPROC       DVRRECEIVEPASER
  -------         ENDMOD        HS_DVRPROTOCOL

  -------         MODULE        I2C
  C:0000H         SYMBOL        _ICE_DUMMY_
  B:0090H.0       PUBLIC        P1_0
  B:0090H.1       PUBLIC        P1_1
  C:5BA1H         PUBLIC        I2CReadData
  C:5B33H         PUBLIC        _ReadI2C
  C:55E6H         PUBLIC        _I2CWriteData
  C:5EC6H         PUBLIC        I2CStart
  C:5E7DH         PUBLIC        I2Cdelay
  C:5CEAH         PUBLIC        _ReadEEP
  C:5D31H         PUBLIC        _WriteAD5110
  C:0016H         PUBLIC        I2CStop
  C:5970H         PUBLIC        _WriteEEP
  C:5568H         PUBLIC        _AD5110_I2CWriteData
  C:5E79H         SYMBOL        L?0054
  -------         PROC          L?0053
  -------         ENDPROC       L?0053
  C:5E79H         SYMBOL        L?0054
  -------         PROC          I2CDELAY
  -------         DO            
  D:0007H         SYMBOL        i
  -------         ENDDO         
  C:5E7DH         LINE#         34
  C:5E7DH         LINE#         35
  C:5E7DH         LINE#         37
  C:5E89H         LINE#         38
  C:5E8CH         LINE#         39
  -------         ENDPROC       I2CDELAY
  -------         PROC          _WRITEEEP
  X:01DFH         SYMBOL        index
  X:01E1H         SYMBOL        dat
  -------         DO            
  X:01E2H         SYMBOL        addr
  -------         ENDDO         
  C:5970H         LINE#         42
  C:597BH         LINE#         43
  C:597BH         LINE#         46
  C:5993H         LINE#         48
  C:5996H         LINE#         49
  C:599EH         LINE#         50
  C:59A7H         LINE#         51
  C:59AFH         LINE#         52
  C:59B2H         LINE#         58
  -------         ENDPROC       _WRITEEEP
  -------         PROC          _READEEP
  D:0004H         SYMBOL        index
  -------         DO            
  X:0205H         SYMBOL        val
  D:0007H         SYMBOL        addr
  -------         ENDDO         
  C:5CEAH         LINE#         61
BL51 BANKED LINKER/LOCATER V6.22.2.0                                                  04/22/2021  09:18:53  PAGE 30


  C:5CEEH         LINE#         62
  C:5CEEH         LINE#         66
  C:5CFDH         LINE#         68
  C:5D05H         LINE#         73
  C:5D0AH         LINE#         74
  C:5D0FH         LINE#         75
  -------         ENDPROC       _READEEP
  -------         PROC          _READI2C
  X:0206H         SYMBOL        addr
  X:0207H         SYMBOL        index
  -------         DO            
  X:0208H         SYMBOL        val
  -------         ENDDO         
  C:5B33H         LINE#         77
  C:5B3BH         LINE#         78
  C:5B3BH         LINE#         81
  C:5B3EH         LINE#         82
  C:5B46H         LINE#         83
  C:5B4EH         LINE#         84
  C:5B51H         LINE#         85
  C:5B5BH         LINE#         86
  C:5B63H         LINE#         87
  C:5B66H         LINE#         89
  C:5B6BH         LINE#         90
  -------         ENDPROC       _READI2C
  -------         PROC          I2CSTART
  C:5EC6H         LINE#         106
  C:5EC6H         LINE#         107
  C:5EC6H         LINE#         108
  C:5ECBH         LINE#         109
  C:5ED0H         LINE#         110
  C:5ED5H         LINE#         111
  C:5ED7H         LINE#         112
  -------         ENDPROC       I2CSTART
  -------         PROC          I2CSTOP
  C:0016H         LINE#         114
  C:0016H         LINE#         115
  C:0016H         LINE#         116
  C:001BH         LINE#         117
  C:0020H         LINE#         118
  C:0022H         LINE#         119
  -------         ENDPROC       I2CSTOP
  -------         PROC          _I2CWRITEDATA
  D:0006H         SYMBOL        value
  C:55E6H         LINE#         121
  C:55E8H         LINE#         122
  C:55E8H         LINE#         124
  C:55F5H         LINE#         125
  C:5602H         LINE#         126
  C:560FH         LINE#         127
  C:561CH         LINE#         129
  C:5629H         LINE#         130
  C:5636H         LINE#         131
  C:5643H         LINE#         132
  C:5650H         LINE#         135
  C:5652H         LINE#         136
  C:5654H         LINE#         137
BL51 BANKED LINKER/LOCATER V6.22.2.0                                                  04/22/2021  09:18:53  PAGE 31


  C:5656H         LINE#         138
  C:5658H         LINE#         140
  C:565AH         LINE#         141
  C:565CH         LINE#         142
  C:565EH         LINE#         143
  C:5660H         LINE#         144
  -------         ENDPROC       _I2CWRITEDATA
  -------         PROC          I2CREADDATA
  -------         DO            
  D:0004H         SYMBOL        i
  D:0006H         SYMBOL        value
  -------         ENDDO         
  C:5BA1H         LINE#         146
  C:5BA1H         LINE#         147
  C:5BA1H         LINE#         149
  C:5BA3H         LINE#         151
  C:5BA8H         LINE#         152
  C:5BAAH         LINE#         154
  C:5BADH         LINE#         155
  C:5BAFH         LINE#         156
  C:5BB3H         LINE#         157
  C:5BB9H         LINE#         158
  C:5BBBH         LINE#         159
  C:5BC6H         LINE#         160
  C:5BC9H         LINE#         162
  C:5BCBH         LINE#         163
  C:5BCDH         LINE#         164
  C:5BCFH         LINE#         165
  C:5BD1H         LINE#         167
  C:5BD3H         LINE#         169
  -------         ENDPROC       I2CREADDATA
  -------         PROC          _AD5110_I2CWRITEDATA
  D:0006H         SYMBOL        value
  C:5568H         LINE#         172
  C:556AH         LINE#         173
  C:556AH         LINE#         175
  C:5577H         LINE#         176
  C:5584H         LINE#         177
  C:5591H         LINE#         178
  C:559EH         LINE#         180
  C:55ABH         LINE#         181
  C:55B8H         LINE#         182
  C:55C5H         LINE#         183
  C:55D2H         LINE#         186
  C:55D4H         LINE#         187
  C:55D6H         LINE#         188
  C:55D8H         LINE#         189
  C:55DAH         LINE#         190
  C:55DDH         LINE#         191
  C:55DFH         LINE#         192
  C:55E1H         LINE#         193
  C:55E3H         LINE#         194
  C:55E5H         LINE#         196
  -------         ENDPROC       _AD5110_I2CWRITEDATA
  -------         PROC          _WRITEAD5110
  D:0002H         SYMBOL        index
  D:0005H         SYMBOL        dat
BL51 BANKED LINKER/LOCATER V6.22.2.0                                                  04/22/2021  09:18:53  PAGE 32


  -------         DO            
  D:0006H         SYMBOL        addr
  -------         ENDDO         
  C:5D31H         LINE#         229
  C:5D35H         LINE#         230
  C:5D35H         LINE#         233
  C:5D37H         LINE#         235
  C:5D3AH         LINE#         236
  C:5D3FH         LINE#         237
  C:5D44H         LINE#         238
  C:5D49H         LINE#         239
  C:5D4CH         LINE#         245
  -------         ENDPROC       _WRITEAD5110
  -------         ENDMOD        I2C

  -------         MODULE        KEYREMO
  C:0000H         SYMBOL        _ICE_DUMMY_
  C:5DE9H         PUBLIC        _GetKey
  C:57F6H         PUBLIC        Scankey
  -------         PROC          SCANKEY
  C:57F6H         LINE#         33
  C:57F6H         LINE#         34
  C:57F6H         LINE#         36
  C:57FEH         LINE#         37
  C:57FEH         LINE#         39
  C:580EH         LINE#         40
  C:580EH         LINE#         41
  C:5812H         LINE#         42
  C:5818H         LINE#         43
  C:581AH         LINE#         44
  C:582AH         LINE#         45
  C:582AH         LINE#         46
  C:582EH         LINE#         47
  C:5832H         LINE#         48
  C:5836H         LINE#         49
  C:583DH         LINE#         50
  C:583DH         LINE#         52
  C:5846H         LINE#         53
  C:5846H         LINE#         55
  -------         ENDPROC       SCANKEY
  -------         PROC          _GETKEY
  D:0007H         SYMBOL        repeat
  -------         DO            
  B:0021H.1       SYMBOL        ready
  -------         ENDDO         
  C:5DE9H         LINE#         60
  C:5DE9H         LINE#         61
  C:5DE9H         LINE#         65
  C:5DEDH         LINE#         66
  C:5DEFH         LINE#         68
  C:5DF5H         LINE#         69
  C:5DFBH         LINE#         70
  C:5E01H         LINE#         72
  C:5E03H         LINE#         73
  -------         ENDPROC       _GETKEY
  -------         ENDMOD        KEYREMO

BL51 BANKED LINKER/LOCATER V6.22.2.0                                                  04/22/2021  09:18:53  PAGE 33


  -------         MODULE        MAIN
  C:0000H         SYMBOL        _ICE_DUMMY_
  C:46CFH         PUBLIC        _Mapping1
  C:52C1H         PUBLIC        _mcuLib_ProtocolSendCmdWithParamNum
  D:00B2H         PUBLIC        P3M1
  C:4845H         PUBLIC        GetRotateNumber
  D:00E7H         PUBLIC        ISPCR
  D:00E8H         PUBLIC        P4
  X:0106H         PUBLIC        ulongRotateNumber
  C:2363H         PUBLIC        EncorderHandler_TELI
  X:010AH         PUBLIC        PowerFlag
  B:0080H.0       PUBLIC        P0_0
  X:010BH         PUBLIC        LowBatteryFlag
  B:0080H.1       PUBLIC        P0_1
  X:010CH         PUBLIC        UserRange
  B:00B0H.4       PUBLIC        P3_4
  B:00B0H.5       PUBLIC        P3_5
  C:5A3EH         PUBLIC        _SetAD5110Step
  C:342BH         PUBLIC        _MCU_SendCmdToDVR
  X:0112H         PUBLIC        g_stBatteryInfo
  D:00C6H         PUBLIC        ADCV
  X:0118H         PUBLIC        DVRChangeCurrent
  X:0119H         PUBLIC        EncorderLen_Offset
  X:011BH         PUBLIC        EncorderLenint
  C:54E6H         PUBLIC        main
  D:00E6H         PUBLIC        SCMD
  X:011CH         PUBLIC        g_stDVRInfo
  X:011EH         PUBLIC        PowerOffToOnFlag
  X:011FH         PUBLIC        bytFastEncoderMode
  D:00E3H         PUBLIC        IFADRH
  D:00E5H         PUBLIC        IFMT
  X:0120H         PUBLIC        Power_down_mode
  D:00E4H         PUBLIC        IFADRL
  X:0121H         PUBLIC        AD5110Range
  C:574AH         SYMBOL        _?ix1000
  C:5B6CH         PUBLIC        main_loop
  C:3BC6H         PUBLIC        LoadEEPROM
  X:0127H         PUBLIC        EncorderCountPN_offset
  C:5D10H         PUBLIC        enter_isp
  D:00E2H         PUBLIC        IFD
  X:0128H         PUBLIC        EncorderLenfloaat
  X:012AH         PUBLIC        EncorderLen
  C:5F16H         PUBLIC        GetBatteryVoltage
  C:5751H         PUBLIC        InitialTimerEvent
  C:5BD4H         PUBLIC        _isp_write
  C:5F0FH         PUBLIC        GetBatteryBTH
  X:012EH         PUBLIC        EncorderCountPN
  C:000EH         PUBLIC        isp_init
  X:012FH         PUBLIC        Decimal1
  X:0133H         PUBLIC        DebugLevel
  X:0134H         PUBLIC        Decimal2
  X:0138H         PUBLIC        Decimal3
  C:4C07H         PUBLIC        WaitPowerOn
  X:013CH         PUBLIC        Decimal4
  X:0140H         PUBLIC        PWR_START_flag
  X:0141H         PUBLIC        Encorder1
  X:0145H         PUBLIC        Encorder2
BL51 BANKED LINKER/LOCATER V6.22.2.0                                                  04/22/2021  09:18:53  PAGE 34


  D:00C5H         PUBLIC        ADCTL
  X:0149H         PUBLIC        Encorder3
  C:5D51H         PUBLIC        _GetADCValue
  X:014DH         PUBLIC        Encorder4
  D:00E8H         PUBLIC        ADCVL
  X:0151H         PUBLIC        AD5110_setp
  C:3F45H         PUBLIC        _SaveRotateNumber
  X:017AH         PUBLIC        CameraVolt
  C:5196H         PUBLIC        _mcuLib_ProtocolAppend
  C:2BE9H         PUBLIC        EncorderHandler
  -------         PROC          _ISP_WRITE
  D:0001H         SYMBOL        buf
  D:0005H         SYMBOL        addr_high
  X:01E0H         SYMBOL        addr_low
  X:01E1H         SYMBOL        len
  C:5BD4H         LINE#         87
  C:5BD4H         LINE#         88
  C:5BD4H         LINE#         89
  C:5BD7H         LINE#         90
  C:5BD9H         LINE#         92
  C:5BD9H         LINE#         93
  C:5BDFH         LINE#         94
  C:5BE4H         LINE#         95
  C:5BE7H         LINE#         96
  C:5BEAH         LINE#         98
  C:5BF1H         LINE#         99
  C:5BF7H         LINE#         100
  C:5BFAH         LINE#         101
  C:5BFAH         LINE#         102
  C:5BFBH         LINE#         103
  C:5BFDH         LINE#         104
  C:5BFDH         LINE#         105
  C:5C03H         LINE#         106
  C:5C03H         LINE#         107
  C:5C06H         LINE#         108
  -------         ENDPROC       _ISP_WRITE
  -------         PROC          ISP_INIT
  C:000EH         LINE#         110
  C:000EH         LINE#         111
  C:000EH         LINE#         112
  C:0011H         LINE#         113
  -------         ENDPROC       ISP_INIT
  -------         PROC          ENTER_ISP
  -------         DO            
  X:01DBH         SYMBOL        mark
  -------         ENDDO         
  C:5D10H         LINE#         115
  C:5D10H         LINE#         116
  C:5D10H         LINE#         118
  C:5D15H         LINE#         119
  C:5D18H         LINE#         120
  C:5D2DH         LINE#         121
  C:5D30H         LINE#         122
  -------         ENDPROC       ENTER_ISP
  C:517EH         SYMBOL        L?0140
  C:518EH         SYMBOL        L?0141
  -------         PROC          L?0139
[...]
  C:0769H         LINE#         1090
  C:0769H         LINE#         1095
  C:0774H         LINE#         1096
  C:0774H         LINE#         1097
  C:077CH         LINE#         1104
  C:077DH         LINE#         1113
  C:0785H         LINE#         1114
  C:078DH         LINE#         1117
  C:078DH         LINE#         1118
  C:0798H         LINE#         1119
  C:0798H         LINE#         1120
  C:07ACH         LINE#         1121
  C:07ACH         LINE#         1122
  C:07B2H         LINE#         1123
  C:07BAH         LINE#         1124
  C:07BAH         LINE#         1126
  C:07BAH         LINE#         1130
  C:07C0H         LINE#         1131
  C:07C0H         LINE#         1137
  C:07C3H         LINE#         1139
  C:07C9H         LINE#         1141
  C:07C9H         LINE#         1143
  C:07CCH         LINE#         1144
  C:07CCH         LINE#         1145
  C:07D7H         LINE#         1146
  C:07DCH         LINE#         1147
  C:07DFH         LINE#         1148
  C:07DFH         LINE#         1152
  C:07EAH         LINE#         1164
  C:07FDH         LINE#         1165
  C:07FDH         LINE#         1166
  C:0802H         LINE#         1167
  C:0806H         LINE#         1168
  C:080AH         LINE#         1169
  C:0810H         LINE#         1170
  C:0811H         LINE#         1171
  C:0814H         LINE#         1172
  C:082DH         LINE#         1173
  C:082DH         LINE#         1174
  C:0832H         LINE#         1175
  C:0836H         LINE#         1176
  C:083AH         LINE#         1177
  C:083EH         LINE#         1178
  C:0844H         LINE#         1179
  C:0847H         LINE#         1180
  C:0859H         LINE#         1181
  C:0859H         LINE#         1182
  C:085FH         LINE#         1183
  C:0864H         LINE#         1184
BL51 BANKED LINKER/LOCATER V6.22.2.0                                                  04/22/2021  09:18:53  PAGE 68


  C:0868H         LINE#         1185
  C:086CH         LINE#         1186
  C:086CH         LINE#         1187
  C:086EH         LINE#         1188
  C:0880H         LINE#         1189
  C:0880H         LINE#         1190
  C:0885H         LINE#         1191
  C:0889H         LINE#         1192
  C:088FH         LINE#         1193
  C:0894H         LINE#         1194
  C:0894H         LINE#         1196
  C:0896H         LINE#         1197
  C:08A8H         LINE#         1198
  C:08A8H         LINE#         1199
  C:08ADH         LINE#         1200
  C:08B3H         LINE#         1201
  C:08B8H         LINE#         1202
  C:08BCH         LINE#         1203
  C:08BCH         LINE#         1204
  C:08BEH         LINE#         1206
  C:08BEH         LINE#         1209
  C:08C5H         LINE#         1210
  C:08CAH         LINE#         1212
  C:08D0H         LINE#         1213
  C:08D5H         LINE#         1214
  C:08D9H         LINE#         1215
  C:08DDH         LINE#         1216
  C:08E1H         LINE#         1217
  C:08E5H         LINE#         1218
  C:08E5H         LINE#         1220
  C:093BH         LINE#         1222
  C:0941H         LINE#         1225
  C:0949H         LINE#         1226
  C:0949H         LINE#         1227
  C:094FH         LINE#         1228
  C:0954H         LINE#         1229
  C:095BH         LINE#         1230
  C:095EH         LINE#         1231
  C:0965H         LINE#         1232
  C:0965H         LINE#         1234
  C:096DH         LINE#         1235
  C:096DH         LINE#         1236
  C:0973H         LINE#         1237
  C:0978H         LINE#         1238
  C:097FH         LINE#         1239
  C:0982H         LINE#         1240
  C:0989H         LINE#         1241
  C:0989H         LINE#         1243
  C:0991H         LINE#         1244
  C:0991H         LINE#         1245
  C:0995H         LINE#         1246
  C:099AH         LINE#         1247
  C:09A1H         LINE#         1248
  C:09A4H         LINE#         1249
  C:09ABH         LINE#         1250
  C:09ABH         LINE#         1252
  C:09B3H         LINE#         1253
BL51 BANKED LINKER/LOCATER V6.22.2.0                                                  04/22/2021  09:18:53  PAGE 69


  C:09B3H         LINE#         1254
  C:09B9H         LINE#         1255
  C:09BEH         LINE#         1256
  C:09C5H         LINE#         1257
  C:09C8H         LINE#         1258
  C:09CFH         LINE#         1259
  C:09CFH         LINE#         1261
  C:09D7H         LINE#         1262
  C:09D7H         LINE#         1263
  C:09DDH         LINE#         1264
  C:09E2H         LINE#         1265
  C:09E9H         LINE#         1266
  C:09ECH         LINE#         1267
  C:09F3H         LINE#         1268
  C:09F3H         LINE#         1278
  C:0A02H         LINE#         1281
  C:0A1BH         LINE#         1282
  C:0A1BH         LINE#         1283
  C:0A21H         LINE#         1284
  C:0A26H         LINE#         1285
  C:0A28H         LINE#         1287
  C:0A28H         LINE#         1288
  C:0A2DH         LINE#         1289
  C:0A33H         LINE#         1291
  C:0A33H         LINE#         1293
  C:0A3BH         LINE#         1294
  C:0A3BH         LINE#         1295
  C:0A3CH         LINE#         1296
  C:0A51H         LINE#         1297
  C:0A58H         LINE#         1301
  C:0A5AH         LINE#         1302
  C:0A62H         LINE#         1303
  C:0A62H         LINE#         1304
  C:0A63H         LINE#         1305
  C:0A6AH         LINE#         1306
  C:0A6AH         LINE#         1338
  C:0A72H         LINE#         1339
  C:0A78H         LINE#         1341
  C:0A7CH         LINE#         1342
  C:0A7FH         LINE#         1344
  C:0A7FH         LINE#         1347
  C:0A8CH         LINE#         1348
  C:0A8CH         LINE#         1352
  C:0A90H         LINE#         1353
  C:0A93H         LINE#         1354
  C:0A99H         LINE#         1355
  C:0A99H         LINE#         1356
  C:0A9CH         LINE#         1358
  C:0A9CH         LINE#         1374
  C:0AA7H         LINE#         1375
  C:0AA7H         LINE#         1376
  C:0AB4H         LINE#         1377
  C:0AB4H         LINE#         1378
  C:0AB8H         LINE#         1380
  C:0ABAH         LINE#         1385
  C:0AC2H         LINE#         1386
  C:0ACBH         LINE#         1387
BL51 BANKED LINKER/LOCATER V6.22.2.0                                                  04/22/2021  09:18:53  PAGE 70


  C:0ACDH         LINE#         1389
  C:0AD5H         LINE#         1390
  C:0ADEH         LINE#         1391
  C:0AE0H         LINE#         1393
  C:0AE0H         LINE#         1395
  C:0AEBH         LINE#         1396
  C:0AEBH         LINE#         1397
  C:0AEDH         LINE#         1398
  C:0AF0H         LINE#         1400
  C:0AF0H         LINE#         1402
  C:0AFAH         LINE#         1403
  C:0AFAH         LINE#         1405
  C:0B1DH         LINE#         1406
  C:0B1DH         LINE#         1407
  C:0B28H         LINE#         1408
  C:0B2CH         LINE#         1410
  C:0B2EH         LINE#         1411
  C:0B31H         LINE#         1412
  C:0B3BH         LINE#         1413
  C:0B3EH         LINE#         1417
  C:0B48H         LINE#         1418
  C:0B48H         LINE#         1420
  C:0B6BH         LINE#         1421
  C:0B6BH         LINE#         1422
  C:0B76H         LINE#         1423
  C:0B7AH         LINE#         1425
  C:0B7CH         LINE#         1426
  C:0B7EH         LINE#         1427
  C:0B88H         LINE#         1428
  C:0B8AH         LINE#         1430
  C:0B8AH         LINE#         1431
  C:0B8CH         LINE#         1432
  C:0B96H         LINE#         1433
  C:0B96H         LINE#         1435
  C:0BB9H         LINE#         1436
  C:0BB9H         LINE#         1437
  C:0BC4H         LINE#         1438
  C:0BC8H         LINE#         1440
  C:0BCAH         LINE#         1441
  C:0BCCH         LINE#         1442
  C:0BD6H         LINE#         1443
  C:0BDDH         LINE#         1445
  C:0BE6H         LINE#         1446
  C:0BE6H         LINE#         1449
  C:0BE6H         LINE#         1451
  C:0BECH         LINE#         1454
  C:0BEEH         LINE#         1456
  C:0BEEH         LINE#         1457
  C:0BF5H         LINE#         1458
  C:0BF7H         LINE#         1459
  C:0BFAH         LINE#         1460
  C:0BFFH         LINE#         1461
  C:0C0FH         LINE#         1462
  C:0C14H         LINE#         1463
  C:0C1DH         LINE#         1464
  C:0C26H         LINE#         1465
  C:0C26H         LINE#         1467
BL51 BANKED LINKER/LOCATER V6.22.2.0                                                  04/22/2021  09:18:53  PAGE 71


  C:0C28H         LINE#         1469
  C:0C29H         LINE#         1470
  C:0C29H         LINE#         1472
  C:0C31H         LINE#         1473
  C:0C39H         LINE#         1482
  C:0C50H         LINE#         1483
  C:0C50H         LINE#         1484
  C:0C55H         LINE#         1485
  C:0C5EH         LINE#         1486
  C:0C5EH         LINE#         1488
  C:0C75H         LINE#         1489
  C:0C75H         LINE#         1490
  C:0C7AH         LINE#         1491
  C:0C83H         LINE#         1492
  C:0C83H         LINE#         1495
  C:0C8BH         LINE#         1496
  C:0C8BH         LINE#         1497
  C:0C99H         LINE#         1498
  C:0C99H         LINE#         1502
  C:0CA0H         LINE#         1503
  C:0CA3H         LINE#         1504
  C:0CA3H         LINE#         1506
  C:0CA3H         LINE#         1508
  C:0CC9H         LINE#         1509
  C:0CC9H         LINE#         1511
  C:0CC9H         LINE#         1513
  C:0CD6H         LINE#         1514
  C:0CD6H         LINE#         1518
  C:0CDAH         LINE#         1519
  C:0CDAH         LINE#         1521
  C:0CE6H         LINE#         1522
  C:0CE6H         LINE#         1526
  C:0CEAH         LINE#         1527
  C:0CF3H         LINE#         1528
  C:0CFDH         LINE#         1529
  C:0D05H         LINE#         1530
  C:0D05H         LINE#         1531
  C:0D0CH         LINE#         1532
  C:0D0FH         LINE#         1533
  C:0D0FH         LINE#         1534
  C:0D0FH         LINE#         1535
  C:0D2EH         LINE#         1536
  C:0D2EH         LINE#         1537
  C:0D33H         LINE#         1539
  C:0D3DH         LINE#         1540
  C:0D45H         LINE#         1545
  C:0D48H         LINE#         1546
  C:0D4AH         LINE#         1547
  C:0D66H         LINE#         1548
  C:0D66H         LINE#         1549
  C:0D68H         LINE#         1550
  C:0D6FH         LINE#         1552
  C:0D7BH         LINE#         1553
  C:0D7FH         LINE#         1554
  C:0D7FH         LINE#         1556
  C:0D8AH         LINE#         1557
  C:0D8AH         LINE#         1558
BL51 BANKED LINKER/LOCATER V6.22.2.0                                                  04/22/2021  09:18:53  PAGE 72


  C:0D92H         LINE#         1562
  C:0D92H         LINE#         1564
  C:0D99H         LINE#         1565
  C:0D9EH         LINE#         1566
  C:0DA0H         LINE#         1568
  C:0DA0H         LINE#         1569
  C:0DA7H         LINE#         1571
  C:0DB2H         LINE#         1572
  C:0DB2H         LINE#         1573
  C:0DBAH         LINE#         1577
  C:0DBAH         LINE#         1578
  C:0DBCH         LINE#         1579
  C:0DBCH         LINE#         1580
  C:0DBCH         LINE#         1581
  C:0DBCH         LINE#         1582
  C:0DBCH         LINE#         1583
  C:0DBCH         LINE#         1585
  C:0DC3H         LINE#         1596
  C:0DCAH         LINE#         1597
  C:0DCAH         LINE#         1602
  C:0DCAH         LINE#         1662
  C:0DD0H         LINE#         1663
  C:0DD3H         LINE#         1664
  C:0DD3H         LINE#         1678
  C:0DDBH         LINE#         1679
  C:0DDBH         LINE#         1681
  C:0DE9H         LINE#         1682
  C:0DE9H         LINE#         1683
  C:0DF1H         LINE#         1684
  C:0DF1H         LINE#         1686
  C:0DFAH         LINE#         1687
  C:0E00H         LINE#         1688
  C:0E02H         LINE#         1690
  C:0E02H         LINE#         1691
  C:0E05H         LINE#         1692
  C:0E05H         LINE#         1696
  C:0E07H         LINE#         1697
  C:0E07H         LINE#         1702
  C:0E0CH         LINE#         1705
  C:0E15H         LINE#         1706
  C:0E15H         LINE#         1708
  C:0E17H         LINE#         1710
  C:0E18H         LINE#         1712
  C:0E18H         LINE#         1713
  C:0E25H         LINE#         1714
  C:0E27H         LINE#         1715
  C:0E29H         LINE#         1717
  C:0E29H         LINE#         1718
  C:0E33H         LINE#         1719
  C:0E35H         LINE#         1720
  C:0E37H         LINE#         1721
  C:0E37H         LINE#         1722
  C:0E41H         LINE#         1723
  C:0E43H         LINE#         1724
  C:0E45H         LINE#         1726
  C:0E45H         LINE#         1727
  C:0E4FH         LINE#         1728
BL51 BANKED LINKER/LOCATER V6.22.2.0                                                  04/22/2021  09:18:53  PAGE 73


  C:0E51H         LINE#         1729
  C:0E53H         LINE#         1732
  C:0E53H         LINE#         1733
  C:0E5DH         LINE#         1734
  C:0E62H         LINE#         1735
  C:0E62H         LINE#         1738
  C:0E62H         LINE#         1740
  C:0E69H         LINE#         1742
  C:0E6EH         LINE#         1743
  C:0E6EH         LINE#         1744
  C:0E6FH         LINE#         1745
  C:0E75H         LINE#         1746
  C:0E75H         LINE#         1748
  C:0E7DH         LINE#         1749
  C:0E7DH         LINE#         1750
  C:0E7EH         LINE#         1751
  C:0E84H         LINE#         1752
  C:0E84H         LINE#         1754
  C:0E8CH         LINE#         1755
  C:0E8CH         LINE#         1756
  C:0E8DH         LINE#         1757
  C:0E93H         LINE#         1758
  C:0E93H         LINE#         1760
  C:0E96H         LINE#         1762
  C:0E9FH         LINE#         1763
  C:0E9FH         LINE#         1765
  C:0E9FH         LINE#         1767
  C:0EA5H         LINE#         1769
  C:0EA5H         LINE#         1771
  C:0EA5H         LINE#         1772
  C:0EA5H         LINE#         1773
  C:0EA5H         LINE#         1774
  -------         ENDPROC       _SYSTIMEREVENTPROC
  -------         ENDMOD        SYSTIMER

  -------         MODULE        ?C?FPADD
  C:0EADH         PUBLIC        ?C?FPADD
  C:0EA9H         PUBLIC        ?C?FPSUB
  -------         ENDMOD        ?C?FPADD

  -------         MODULE        ?C?FPMUL
  C:0F9EH         PUBLIC        ?C?FPMUL
  -------         ENDMOD        ?C?FPMUL

  -------         MODULE        ?C?FPDIV
  C:10A7H         PUBLIC        ?C?FPDIV
  -------         ENDMOD        ?C?FPDIV

  -------         MODULE        ?C?FCAST
  C:114EH         PUBLIC        ?C?FCASTC
  C:1149H         PUBLIC        ?C?FCASTI
  C:1144H         PUBLIC        ?C?FCASTL
  -------         ENDMOD        ?C?FCAST

  -------         MODULE        ?C?CASTF
  C:1182H         PUBLIC        ?C?CASTF
  -------         ENDMOD        ?C?CASTF
BL51 BANKED LINKER/LOCATER V6.22.2.0                                                  04/22/2021  09:18:53  PAGE 74



  -------         MODULE        ?C?COPY
  C:12D3H         PUBLIC        ?C?COPY
  -------         ENDMOD        ?C?COPY

  -------         MODULE        ?C?CLDPTR
  C:12F9H         PUBLIC        ?C?CLDPTR
  -------         ENDMOD        ?C?CLDPTR

  -------         MODULE        ?C?CLDOPTR
  C:1312H         PUBLIC        ?C?CLDOPTR
  -------         ENDMOD        ?C?CLDOPTR

  -------         MODULE        ?C?CILDPTR
  C:133FH         PUBLIC        ?C?CILDPTR
  -------         ENDMOD        ?C?CILDPTR

  -------         MODULE        ?C?CSTOPTR
  C:1361H         PUBLIC        ?C?CSTOPTR
  -------         ENDMOD        ?C?CSTOPTR

  -------         MODULE        ?C?IMUL
  C:1383H         PUBLIC        ?C?IMUL
  -------         ENDMOD        ?C?IMUL

  -------         MODULE        ?C?UIDIV
  C:1395H         PUBLIC        ?C?UIDIV
  -------         ENDMOD        ?C?UIDIV

  -------         MODULE        ?C?SIDIV
  C:13EAH         PUBLIC        ?C?SIDIV
  -------         ENDMOD        ?C?SIDIV

  -------         MODULE        ?C?IILDX
  C:1420H         PUBLIC        ?C?IILDX
  -------         ENDMOD        ?C?IILDX

  -------         MODULE        ?C?ILDIX
  C:1436H         PUBLIC        ?C?ILDIX
  -------         ENDMOD        ?C?ILDIX

  -------         MODULE        ?C?ILDPTR
  C:144CH         PUBLIC        ?C?ILDPTR
  -------         ENDMOD        ?C?ILDPTR

  -------         MODULE        ?C?ILDOPTR
  C:1477H         PUBLIC        ?C?ILDOPTR
  -------         ENDMOD        ?C?ILDOPTR

  -------         MODULE        ?C?ISTPTR
  C:14AFH         PUBLIC        ?C?ISTPTR
  -------         ENDMOD        ?C?ISTPTR

  -------         MODULE        ?C?LMUL
  C:14CEH         PUBLIC        ?C?LMUL
  -------         ENDMOD        ?C?LMUL

BL51 BANKED LINKER/LOCATER V6.22.2.0                                                  04/22/2021  09:18:53  PAGE 75


  -------         MODULE        ?C?ULDIV
  C:1559H         PUBLIC        ?C?ULDIV
  -------         ENDMOD        ?C?ULDIV

  -------         MODULE        ?C?LNEG
  C:15EBH         PUBLIC        ?C?LNEG
  -------         ENDMOD        ?C?LNEG

  -------         MODULE        ?C?SLCMP
  C:15F9H         PUBLIC        ?C?SLCMP
  -------         ENDMOD        ?C?SLCMP

  -------         MODULE        ?C?ULCMP
  C:160FH         PUBLIC        ?C?ULCMP
  -------         ENDMOD        ?C?ULCMP

  -------         MODULE        ?C?ULSHR
  C:1620H         PUBLIC        ?C?ULSHR
  -------         ENDMOD        ?C?ULSHR

  -------         MODULE        ?C?SLSHR
  C:1633H         PUBLIC        ?C?SLSHR
  -------         ENDMOD        ?C?SLSHR

  -------         MODULE        ?C?LSHL
  C:1647H         PUBLIC        ?C?LSHL
  -------         ENDMOD        ?C?LSHL

  -------         MODULE        ?C?LLDPTR
  C:165AH         PUBLIC        ?C?LLDPTR
  -------         ENDMOD        ?C?LLDPTR

  -------         MODULE        ?C?LSTXDATA
  C:167AH         PUBLIC        ?C?LSTXDATA
  -------         ENDMOD        ?C?LSTXDATA

  -------         MODULE        ?C?LSTKXDATA
  C:1686H         PUBLIC        ?C?LSTKXDATA
  -------         ENDMOD        ?C?LSTKXDATA

  -------         MODULE        ?C?PLDPTR
  C:16B7H         PUBLIC        ?C?PLDPTR
  -------         ENDMOD        ?C?PLDPTR

  -------         MODULE        ?C?CCASE
  C:16D7H         PUBLIC        ?C?CCASE
  -------         ENDMOD        ?C?CCASE

  -------         MODULE        ABS
  C:5EF8H         PUBLIC        _ABS
  -------         ENDMOD        ABS

  -------         MODULE        ?C?LLDIDATA
  C:16FDH         PUBLIC        ?C?LLDIDATA
  -------         ENDMOD        ?C?LLDIDATA

  -------         MODULE        ?C?LLDXDATA
BL51 BANKED LINKER/LOCATER V6.22.2.0                                                  04/22/2021  09:18:53  PAGE 76


  C:1709H         PUBLIC        ?C?LLDXDATA
  -------         ENDMOD        ?C?LLDXDATA

  -------         MODULE        ?C?LLDPDATA
  C:1715H         PUBLIC        ?C?LLDPDATA
  -------         ENDMOD        ?C?LLDPDATA

  -------         MODULE        ?C?LLDCODE
  C:1721H         PUBLIC        ?C?LLDCODE
  -------         ENDMOD        ?C?LLDCODE

  -------         MODULE        ?C?PLDIDATA
  C:1731H         PUBLIC        ?C?PLDIDATA
  -------         ENDMOD        ?C?PLDIDATA

  -------         MODULE        ?C?PLDXDATA
  C:173AH         PUBLIC        ?C?PLDXDATA
  -------         ENDMOD        ?C?PLDXDATA

  -------         MODULE        ?C?PLDPDATA
  C:1743H         PUBLIC        ?C?PLDPDATA
  -------         ENDMOD        ?C?PLDPDATA

  -------         MODULE        ?C?PLDCODE
  C:174CH         PUBLIC        ?C?PLDCODE
  -------         ENDMOD        ?C?PLDCODE

Program Size: data=109.5 xdata=655 code=24333
LINK/LOCATE RUN COMPLETE.  0 WARNING(S),  0 ERROR(S)
