BL51 BANKED LINKER/LOCATER V6.22.2.0                                                    05/20/2021  09:18:45  PAGE 1


BL51 BANKED LINKER/LOCATER V6.22.2.0, INVOKED BY:
C:\KEIL_V5\C51\BIN\BL51.EXE .\Output\STARTUP.obj, .\Output\CPU.obj, .\Output\etc_eep.obj, .\Output\HS_DVRProtocol.obj, .
>> \Output\i2c.obj, .\Output\keyremo.obj, .\Output\main.obj, .\Output\monitor.obj, .\Output\Printf.obj, .\Output\SysPowe
>> r.obj, .\Output\SysTimer.obj TO .\Output\ml070i_MRMCU PRINT (.\Listings\ml070i_MRMCU.m51) RAMSIZE (256)


MEMORY MODEL: LARGE WITH FLOATING POINT ARITHMETIC


INPUT MODULES INCLUDED:
  .\Output\STARTUP.obj (?C_STARTUP)
  .\Output\CPU.obj (CPU)
  .\Output\etc_eep.obj (ETC_EEP)
  .\Output\HS_DVRProtocol.obj (HS_DVRPROTOCOL)
  .\Output\i2c.obj (I2C)
  .\Output\keyremo.obj (KEYREMO)
  .\Output\main.obj (MAIN)
  .\Output\monitor.obj (MONITOR)
  .\Output\Printf.obj (PRINTF)
  .\Output\SysPower.obj (SYSPOWER)
  .\Output\SysTimer.obj (SYSTIMER)
  C:\KEIL_V5\C51\LIB\C51FPL.LIB (?C?FPADD)
  C:\KEIL_V5\C51\LIB\C51FPL.LIB (?C?FPMUL)
  C:\KEIL_V5\C51\LIB\C51FPL.LIB (?C?FPDIV)
  C:\KEIL_V5\C51\LIB\C51FPL.LIB (?C?FPCMP)
  C:\KEIL_V5\C51\LIB\C51FPL.LIB (?C?FCAST)
  C:\KEIL_V5\C51\LIB\C51FPL.LIB (?C?CASTF)
  C:\KEIL_V5\C51\LIB\C51FPL.LIB (?C?FPGETOPN)
  C:\KEIL_V5\C51\LIB\C51L.LIB (?C_INIT)
  C:\KEIL_V5\C51\LIB\C51L.LIB (?C?COPY)
  C:\KEIL_V5\C51\LIB\C51L.LIB (?C?CLDPTR)
  C:\KEIL_V5\C51\LIB\C51L.LIB (?C?CLDOPTR)
  C:\KEIL_V5\C51\LIB\C51L.LIB (?C?CILDPTR)
  C:\KEIL_V5\C51\LIB\C51L.LIB (?C?CSTOPTR)
  C:\KEIL_V5\C51\LIB\C51L.LIB (?C?IMUL)
  C:\KEIL_V5\C51\LIB\C51L.LIB (?C?UIDIV)
  C:\KEIL_V5\C51\LIB\C51L.LIB (?C?SIDIV)
  C:\KEIL_V5\C51\LIB\C51L.LIB (?C?IILDX)
  C:\KEIL_V5\C51\LIB\C51L.LIB (?C?ILDIX)
  C:\KEIL_V5\C51\LIB\C51L.LIB (?C?ILDPTR)
  C:\KEIL_V5\C51\LIB\C51L.LIB (?C?ILDOPTR)
  C:\KEIL_V5\C51\LIB\C51L.LIB (?C?ISTPTR)
  C:\KEIL_V5\C51\LIB\C51L.LIB (?C?LMUL)
  C:\KEIL_V5\C51\LIB\C51L.LIB (?C?ULDIV)
  C:\KEIL_V5\C51\LIB\C51L.LIB (?C?SLDIV)
  C:\KEIL_V5\C51\LIB\C51L.LIB (?C?LNEG)
  C:\KEIL_V5\C51\LIB\C51L.LIB (?C?SLCMP)
  C:\KEIL_V5\C51\LIB\C51L.LIB (?C?ULCMP)
  C:\KEIL_V5\C51\LIB\C51L.LIB (?C?ULSHR)
  C:\KEIL_V5\C51\LIB\C51L.LIB (?C?SLSHR)
  C:\KEIL_V5\C51\LIB\C51L.LIB (?C?LSHL)
  C:\KEIL_V5\C51\LIB\C51L.LIB (?C?LLDPTR)
  C:\KEIL_V5\C51\LIB\C51L.LIB (?C?LSTXDATA)
  C:\KEIL_V5\C51\LIB\C51L.LIB (?C?LSTKXDATA)
  C:\KEIL_V5\C51\LIB\C51L.LIB (?C?PLDPTR)
  C:\KEIL_V5\C51\LIB\C51L.LIB (?C?CCASE)
  C:\KEIL_V5\C51\LIB\C51L.LIB (ABS)
  C:\KEIL_V5\C51\LIB\C51L.LIB (?C?LLDIDATA)
BL51 BANKED LINKER/LOCATER V6.22.2.0                                                  05/20/2021  09:18:45  PAGE 2


  C:\KEIL_V5\C51\LIB\C51L.LIB (?C?LLDXDATA)
  C:\KEIL_V5\C51\LIB\C51L.LIB (?C?LLDPDATA)
  C:\KEIL_V5\C51\LIB\C51L.LIB (?C?LLDCODE)
  C:\KEIL_V5\C51\LIB\C51L.LIB (?C?PLDIDATA)
  C:\KEIL_V5\C51\LIB\C51L.LIB (?C?PLDXDATA)
  C:\KEIL_V5\C51\LIB\C51L.LIB (?C?PLDPDATA)
  C:\KEIL_V5\C51\LIB\C51L.LIB (?C?PLDCODE)


LINK MAP OF MODULE:  .\Output\ml070i_MRMCU (?C_STARTUP)


            TYPE    BASE      LENGTH    RELOCATION   SEGMENT NAME
            -----------------------------------------------------

            * * * * * * *   D A T A   M E M O R Y   * * * * * * *
            REG     0000H     0008H     ABSOLUTE     "REG BANK 0"
            REG     0008H     0008H     ABSOLUTE     "REG BANK 1"
            DATA    0010H     0001H     UNIT         ?DT?MONITOR
            IDATA   0011H     0002H     UNIT         ?ID?SYSPOWER
                    0013H     000DH                  *** GAP ***
            BIT     0020H.0   0000H.6   UNIT         ?BI?CPU
            BIT     0020H.6   0000H.3   UNIT         ?BI?MONITOR
            BIT     0021H.1   0000H.2   UNIT         _BIT_GROUP_
            BIT     0021H.3   0000H.1   UNIT         ?BI?HS_DVRPROTOCOL
            BIT     0021H.4   0000H.1   UNIT         ?BI?SYSTIMER
                    0021H.5   0000H.3                *** GAP ***
            DATA    0022H     0058H     UNIT         ?DT?CPU
            IDATA   007AH     0001H     UNIT         ?STACK

            * * * * * * *  X D A T A   M E M O R Y  * * * * * * *
            XDATA   0000H     0106H     UNIT         ?XD?HS_DVRPROTOCOL
            XDATA   0106H     009DH     UNIT         ?XD?MAIN
            XDATA   01A3H     005DH     UNIT         ?XD?SYSTIMER
            XDATA   0200H     0052H     UNIT         _XDATA_GROUP_
            XDATA   0252H     0038H     UNIT         ?XD?MONITOR
            XDATA   028AH     0024H     UNIT         ?XD?CPU
            XDATA   02AEH     0018H     UNIT         ?XD?PRINTF

            * * * * * * *   C O D E   M E M O R Y   * * * * * * *
            CODE    0000H     0003H     ABSOLUTE     
            CODE    0003H     0003H     ABSOLUTE     
            CODE    0006H     0004H     UNIT         ?PR?ISP_INIT?MAIN
                    000AH     0001H                  *** GAP ***
            CODE    000BH     0003H     ABSOLUTE     
            CODE    000EH     0003H     UNIT         ?PR?EXT1_INT?CPU
                    0011H     0002H                  *** GAP ***
            CODE    0013H     0003H     ABSOLUTE     
            CODE    0016H     000DH     UNIT         ?PR?I2CSTOP?I2C
            CODE    0023H     0003H     ABSOLUTE     
                    0026H     0005H                  *** GAP ***
            CODE    002BH     0003H     ABSOLUTE     
                    002EH     0005H                  *** GAP ***
            CODE    0033H     0003H     ABSOLUTE     
                    0036H     0005H                  *** GAP ***
            CODE    003BH     0003H     ABSOLUTE     
            CODE    003EH     0022H     UNIT         ?PR?MCUTIMERINITIALTIMEREVENT?SYSTIMER
BL51 BANKED LINKER/LOCATER V6.22.2.0                                                  05/20/2021  09:18:45  PAGE 3


                    0060H     0003H                  *** GAP ***
            CODE    0063H     0003H     ABSOLUTE     
            CODE    0066H     0F7EH     UNIT         ?PR?_SYSTIMEREVENTPROC?SYSTIMER
            CODE    0FE4H     092BH     UNIT         ?C?LIB_CODE
            CODE    190FH     0587H     UNIT         ?PR?DVRRECEIVEPASER?HS_DVRPROTOCOL
            CODE    1E96H     056BH     UNIT         ?PR?LOADEEPROM?MAIN
            CODE    2401H     0556H     UNIT         ?PR?_DOPRINT?PRINTF
            CODE    2957H     0543H     UNIT         ?PR?TIMER0_INT?CPU
            CODE    2E9AH     0461H     UNIT         ?PR?ENCORDERHANDLER_TELI?MAIN
            CODE    32FBH     044CH     UNIT         ?PR?ENCORDERHANDLER?MAIN
            CODE    3747H     043DH     UNIT         ?CO?CPU
            CODE    3B84H     0423H     UNIT         ?PR?_MCU_SENDCMDTODVR?MAIN
            CODE    3FA7H     041BH     UNIT         ?PR?SHOWWORKINGTIMER?CPU
            CODE    43C2H     0325H     UNIT         ?PR?SAVEROTATENUMBER?MAIN
            CODE    46E7H     030BH     UNIT         ?PR?_USERINTERFACEBATTERYCHARGEMODE?SYSPOWER
            CODE    49F2H     023EH     UNIT         ?C_INITSEG
            CODE    4C30H     0176H     UNIT         ?PR?_MAPPING1?MAIN
            CODE    4DA6H     015FH     UNIT         ?PR?_GETROTATENUMBER?MAIN
            CODE    4F05H     015BH     UNIT         ?PR?_USERINTERFACETIMEREVENTPROC?SYSTIMER
            CODE    5060H     012EH     UNIT         ?PR?_MCUTIMERCHECKTIMEREVENT?SYSTIMER
            CODE    518EH     0112H     UNIT         ?PR?WAITPOWERON?MAIN
            CODE    52A0H     00FFH     UNIT         ?PR?MAIN_INIT?CPU
            CODE    539FH     00E5H     UNIT         ?PR?_MCUTIMERACTIVETIMEREVENT?SYSTIMER
            CODE    5484H     00DEH     UNIT         ?PR?_MCUTIMERREACTIVETIMEREVENT?SYSTIMER
            CODE    5562H     00DBH     UNIT         ?PR?CLEARBASICEE?ETC_EEP
            CODE    563DH     00D9H     UNIT         ?PR?_USERINTERFACEPOWERSWITCH?SYSPOWER
            CODE    5716H     00ADH     UNIT         ?PR?_MCULIB_PROTOCOLAPPEND?MAIN
            CODE    57C3H     00A5H     UNIT         ?PR?_SET_PWM?CPU
            CODE    5868H     009CH     UNIT         ?PR?EXT0_INT?CPU
            CODE    5904H     0090H     UNIT         ?PR?_MCULIB_PROTOCOLSENDCMDWITHPARAMNUM?MAIN
            CODE    5994H     008CH     UNIT         ?C_C51STARTUP
            CODE    5A20H     0085H     UNIT         ?PR?SYSTIMERHANDLER?SYSTIMER
            CODE    5AA5H     0084H     UNIT         ?PR?SYSPOWERHANDLER?SYSPOWER
            CODE    5B29H     0082H     UNIT         ?PR?MAIN?MAIN
            CODE    5BABH     007EH     UNIT         ?PR?_AD5110_I2CWRITEDATA?I2C
            CODE    5C29H     007BH     UNIT         ?PR?_I2CWRITEDATA?I2C
            CODE    5CA4H     0079H     UNIT         ?PR?_POWERLED?CPU
            CODE    5D1DH     0077H     UNIT         ?CO?MAIN
            CODE    5D94H     005CH     UNIT         ?PR?INITIALTIMEREVENT?MAIN
            CODE    5DF0H     0052H     UNIT         ?PR?INITCPU?CPU
            CODE    5E42H     0051H     UNIT         ?PR?SCANKEY?KEYREMO
            CODE    5E93H     004EH     UNIT         ?CO?PRINTF
            CODE    5EE1H     004AH     UNIT         ?PR?GETFWREVEE?ETC_EEP
            CODE    5F2BH     004AH     UNIT         ?PR?MCUTIMERGETTIMERCOUNTER?SYSTIMER
            CODE    5F75H     0047H     UNIT         ?PR?GETPROJECTNAMEEE?ETC_EEP
            CODE    5FBCH     0047H     UNIT         ?PR?_WRITEEEP?I2C
            CODE    6003H     0046H     UNIT         ?PR?_GRAPHICSPRINT?PRINTF
            CODE    6049H     0044H     UNIT         ?C?LDIV
            CODE    608DH     0042H     UNIT         ?PR?MAIN_LOOP?MAIN
            CODE    60CFH     0041H     UNIT         ?PR?_MCUTIMERCANCELTIMEREVENT?SYSTIMER
            CODE    6110H     003EH     UNIT         ?PR?_SETAD5110STEP?MAIN
            CODE    614EH     003EH     UNIT         ?PR?_PRINTF?PRINTF
            CODE    618CH     003EH     UNIT         ?PR?_DEBUG_MESSAGE?PRINTF
            CODE    61CAH     003BH     UNIT         ?PR?SERIAL2_INT?CPU
            CODE    6205H     0039H     UNIT         ?PR?_READI2C?I2C
            CODE    623EH     0033H     UNIT         ?PR?I2CREADDATA?I2C
            CODE    6271H     0033H     UNIT         ?PR?_ISP_WRITE?MAIN
BL51 BANKED LINKER/LOCATER V6.22.2.0                                                  05/20/2021  09:18:45  PAGE 4


            CODE    62A4H     002FH     UNIT         ?PR?SET_MCU_POWER_DOWN_MODE?CPU
            CODE    62D3H     002FH     UNIT         ?PR?SERIAL_INT?CPU
            CODE    6302H     002DH     UNIT         ?CO?SYSPOWER
            CODE    632FH     002CH     UNIT         ?PR?SYSPOWERINITIAL?SYSPOWER
            CODE    635BH     002CH     UNIT         ?PR?_SYSPOWERSWITCH?SYSPOWER
            CODE    6387H     0026H     UNIT         ?PR?_READEEP?I2C
            CODE    63ADH     0021H     UNIT         ?PR?ENTER_ISP?MAIN
            CODE    63CEH     0020H     UNIT         ?PR?_WRITEAD5110?I2C
            CODE    63EEH     0020H     UNIT         ?PR?_GETADCVALUE?MAIN
            CODE    640EH     001FH     UNIT         ?PR?INT2_INT?CPU
            CODE    642DH     001FH     UNIT         ?PR?INT3_INT?CPU
            CODE    644CH     001EH     UNIT         ?PR?RS2_RX?CPU
            CODE    646AH     001CH     UNIT         ?PR?CHECK_ADAP_IN?CPU
            CODE    6486H     001BH     UNIT         ?PR?_GETKEY?KEYREMO
            CODE    64A1H     0019H     UNIT         ?PR?SAVEFWREVEE?ETC_EEP
            CODE    64BAH     0019H     UNIT         ?PR?_MCUTIMERDELAYXMS?SYSTIMER
            CODE    64D3H     0018H     UNIT         ?PR?_DELAY?CPU
            CODE    64EBH     0016H     UNIT         ?PR?INITVARS?CPU
            CODE    6501H     0015H     UNIT         ?PR?_MCUTIMERGETEVENTID?SYSTIMER
            CODE    6516H     0014H     UNIT         ?PR?I2CDELAY?I2C
            CODE    652AH     0014H     UNIT         ?PR?_MCUTIMERGETEVENTTIME?SYSTIMER
            CODE    653EH     0013H     UNIT         ?PR?_MCUTIMERCLREVENTVALID?SYSTIMER
            CODE    6551H     0012H     UNIT         ?CO?ETC_EEP
            CODE    6563H     0012H     UNIT         ?PR?I2CSTART?I2C
            CODE    6575H     0011H     UNIT         ?PR?_MCUTIMERCHECKEVENTVALID?SYSTIMER
            CODE    6586H     000FH     UNIT         ?PR?TIMER2_INT?CPU
            CODE    6595H     000CH     UNIT         ?PR?_ABS?ABS
            CODE    65A1H     000BH     UNIT         ?PR?RS2_READY?CPU
            CODE    65ACH     0008H     UNIT         ?PR?_RS2_TX?CPU
            CODE    65B4H     0007H     UNIT         ?PR?GETBATTERYBTH?MAIN
            CODE    65BBH     0007H     UNIT         ?PR?GETBATTERYVOLTAGE?MAIN



OVERLAY MAP OF MODULE:   .\Output\ml070i_MRMCU (?C_STARTUP)


SEGMENT                                             BIT_GROUP          XDATA_GROUP
  +--> CALLED SEGMENT                            START    LENGTH     START    LENGTH
------------------------------------------------------------------------------------
?C_C51STARTUP                                    -----    -----      -----    -----
  +--> ?PR?MAIN?MAIN
  +--> ?C_INITSEG

?PR?MAIN?MAIN                                    -----    -----      -----    -----
  +--> ?PR?INITCPU?CPU
  +--> ?PR?SYSPOWERINITIAL?SYSPOWER
  +--> ?CO?MAIN
  +--> ?PR?_PRINTF?PRINTF
  +--> ?PR?MAIN_INIT?CPU
  +--> ?PR?INITVARS?CPU
  +--> ?PR?LOADEEPROM?MAIN
  +--> ?PR?INITIALTIMEREVENT?MAIN
  +--> ?PR?_SETAD5110STEP?MAIN
  +--> ?PR?CHECK_ADAP_IN?CPU
  +--> ?PR?MAIN_LOOP?MAIN
  +--> ?PR?WAITPOWERON?MAIN
BL51 BANKED LINKER/LOCATER V6.22.2.0                                                  05/20/2021  09:18:45  PAGE 5



?PR?SYSPOWERINITIAL?SYSPOWER                     -----    -----      -----    -----
  +--> ?PR?_MCUTIMERDELAYXMS?SYSTIMER
  +--> ?CO?SYSPOWER
  +--> ?PR?_DEBUG_MESSAGE?PRINTF

?PR?_DEBUG_MESSAGE?PRINTF                        -----    -----      0200H    002EH
  +--> ?PR?_DOPRINT?PRINTF

?PR?_DOPRINT?PRINTF                              0021H.1  0000H.2    0235H    0015H
  +--> ?CO?PRINTF

?PR?_PRINTF?PRINTF                               -----    -----      0207H    002EH
  +--> ?PR?_DOPRINT?PRINTF

?PR?MAIN_INIT?CPU                                -----    -----      0200H    0004H
  +--> ?PR?GETFWREVEE?ETC_EEP
  +--> ?PR?_READEEP?I2C
  +--> ?CO?CPU
  +--> ?PR?_PRINTF?PRINTF
  +--> ?PR?SAVEFWREVEE?ETC_EEP
  +--> ?PR?GETPROJECTNAMEEE?ETC_EEP
  +--> ?PR?CLEARBASICEE?ETC_EEP
  +--> ?PR?_DELAY?CPU

?PR?GETFWREVEE?ETC_EEP                           -----    -----      -----    -----
  +--> ?PR?_READEEP?I2C

?PR?_READEEP?I2C                                 -----    -----      0234H    0001H
  +--> ?PR?_READI2C?I2C
  +--> ?PR?_DELAY?CPU

?PR?_READI2C?I2C                                 -----    -----      0235H    0003H
  +--> ?PR?I2CSTART?I2C
  +--> ?PR?_I2CWRITEDATA?I2C
  +--> ?PR?I2CREADDATA?I2C
  +--> ?PR?I2CSTOP?I2C

?PR?I2CSTART?I2C                                 -----    -----      -----    -----
  +--> ?PR?I2CDELAY?I2C

?PR?_I2CWRITEDATA?I2C                            -----    -----      -----    -----
  +--> ?PR?I2CDELAY?I2C

?PR?I2CREADDATA?I2C                              -----    -----      -----    -----
  +--> ?PR?I2CDELAY?I2C

?PR?I2CSTOP?I2C                                  -----    -----      -----    -----
  +--> ?PR?I2CDELAY?I2C

?PR?SAVEFWREVEE?ETC_EEP                          -----    -----      -----    -----
  +--> ?PR?_WRITEEEP?I2C

?PR?_WRITEEEP?I2C                                -----    -----      0208H    0004H
  +--> ?PR?I2CSTART?I2C
  +--> ?PR?_I2CWRITEDATA?I2C
  +--> ?PR?I2CSTOP?I2C
BL51 BANKED LINKER/LOCATER V6.22.2.0                                                  05/20/2021  09:18:45  PAGE 6


  +--> ?PR?_DELAY?CPU

?PR?GETPROJECTNAMEEE?ETC_EEP                     -----    -----      0204H    0001H
  +--> ?PR?_READEEP?I2C

?PR?CLEARBASICEE?ETC_EEP                         -----    -----      -----    -----
  +--> ?CO?ETC_EEP
  +--> ?PR?_PRINTF?PRINTF
  +--> ?PR?_WRITEEEP?I2C

?PR?LOADEEPROM?MAIN                              -----    -----      -----    -----
  +--> ?PR?_READEEP?I2C
  +--> ?PR?_WRITEEEP?I2C

?PR?INITIALTIMEREVENT?MAIN                       -----    -----      -----    -----
  +--> ?PR?MCUTIMERINITIALTIMEREVENT?SYSTIMER
  +--> ?PR?_MCUTIMERACTIVETIMEREVENT?SYSTIMER

?PR?_MCUTIMERACTIVETIMEREVENT?SYSTIMER           -----    -----      0228H    0004H
  +--> ?PR?_MCUTIMERCHECKTIMEREVENT?SYSTIMER

?PR?_MCUTIMERCHECKTIMEREVENT?SYSTIMER            -----    -----      022CH    0005H
  +--> ?PR?MCUTIMERGETTIMERCOUNTER?SYSTIMER

?PR?MCUTIMERGETTIMERCOUNTER?SYSTIMER             -----    -----      0231H    0002H
  +--> ?PR?_ABS?ABS

?PR?_SETAD5110STEP?MAIN                          -----    -----      0204H    0002H
  +--> ?PR?_MAPPING1?MAIN
  +--> ?PR?_WRITEAD5110?I2C

?PR?_MAPPING1?MAIN                               -----    -----      0206H    000FH

?PR?_WRITEAD5110?I2C                             -----    -----      -----    -----
  +--> ?PR?I2CSTART?I2C
  +--> ?PR?_AD5110_I2CWRITEDATA?I2C
  +--> ?PR?I2CSTOP?I2C
  +--> ?PR?_DELAY?CPU

?PR?_AD5110_I2CWRITEDATA?I2C                     -----    -----      -----    -----
  +--> ?PR?I2CDELAY?I2C

?PR?CHECK_ADAP_IN?CPU                            -----    -----      -----    -----
  +--> ?PR?_MCUTIMERDELAYXMS?SYSTIMER

?PR?MAIN_LOOP?MAIN                               -----    -----      -----    -----
  +--> ?CO?MAIN
  +--> ?PR?_PRINTF?PRINTF
  +--> ?PR?_GETROTATENUMBER?MAIN
  +--> ?PR?DVRRECEIVEPASER?HS_DVRPROTOCOL
  +--> ?PR?SYSTIMERHANDLER?SYSTIMER
  +--> ?PR?SYSPOWERHANDLER?SYSPOWER
  +--> ?PR?SCANKEY?KEYREMO
  +--> ?PR?ENCORDERHANDLER_TELI?MAIN
  +--> ?PR?ENCORDERHANDLER?MAIN

?PR?_GETROTATENUMBER?MAIN                        -----    -----      0200H    0004H
BL51 BANKED LINKER/LOCATER V6.22.2.0                                                  05/20/2021  09:18:45  PAGE 7


  +--> ?PR?_READEEP?I2C

?PR?DVRRECEIVEPASER?HS_DVRPROTOCOL               -----    -----      0200H    0001H
  +--> ?PR?RS2_READY?CPU
  +--> ?PR?RS2_RX?CPU
  +--> ?PR?_USERINTERFACEBATTERYCHARGEMODE?S...
  +--> ?PR?_MCUTIMERCANCELTIMEREVENT?SYSTIMER
  +--> ?PR?_MCUTIMERACTIVETIMEREVENT?SYSTIMER
  +--> ?PR?_WRITEEEP?I2C
  +--> ?PR?_MCUTIMERREACTIVETIMEREVENT?SYSTIMER
  +--> ?PR?_READEEP?I2C

?PR?_USERINTERFACEBATTERYCHARGEMODE?S...         -----    -----      0204H    0001H
  +--> ?PR?_MCUTIMERCANCELTIMEREVENT?SYSTIMER
  +--> ?PR?_SET_PWM?CPU
  +--> ?PR?_MCUTIMERACTIVETIMEREVENT?SYSTIMER
  +--> ?PR?_USERINTERFACEPOWERSWITCH?SYSPOWER

?PR?_SET_PWM?CPU                                 -----    -----      0205H    0002H
  +--> ?CO?CPU
  +--> ?PR?_PRINTF?PRINTF

?PR?_USERINTERFACEPOWERSWITCH?SYSPOWER           -----    -----      0205H    0001H
  +--> ?CO?SYSPOWER
  +--> ?PR?_PRINTF?PRINTF
  +--> ?PR?_MCUTIMERDELAYXMS?SYSTIMER
  +--> ?PR?_MCUTIMERACTIVETIMEREVENT?SYSTIMER
  +--> ?PR?_MCU_SENDCMDTODVR?MAIN

?PR?_MCU_SENDCMDTODVR?MAIN                       -----    -----      0228H    000CH
  +--> ?CO?MAIN
  +--> ?PR?_READEEP?I2C
  +--> ?PR?_MCULIB_PROTOCOLSENDCMDWITHPARAMN...

?PR?_MCULIB_PROTOCOLSENDCMDWITHPARAMN...         -----    -----      0234H    0017H
  +--> ?PR?_MCULIB_PROTOCOLAPPEND?MAIN
  +--> ?PR?_RS2_TX?CPU

?PR?_MCULIB_PROTOCOLAPPEND?MAIN                  -----    -----      024BH    0007H

?PR?_MCUTIMERREACTIVETIMEREVENT?SYSTIMER         -----    -----      0201H    0004H
  +--> ?PR?_MCUTIMERCHECKTIMEREVENT?SYSTIMER

?PR?SYSTIMERHANDLER?SYSTIMER                     -----    -----      0200H    0004H
  +--> ?PR?MCUTIMERGETTIMERCOUNTER?SYSTIMER
  +--> ?PR?_MCUTIMERCHECKEVENTVALID?SYSTIMER
  +--> ?PR?_MCUTIMERGETEVENTTIME?SYSTIMER
  +--> ?PR?_MCUTIMERCLREVENTVALID?SYSTIMER
  +--> ?PR?_MCUTIMERGETEVENTID?SYSTIMER
  +--> ?PR?_USERINTERFACETIMEREVENTPROC?SYST...
  +--> ?PR?_SYSTIMEREVENTPROC?SYSTIMER

?PR?_USERINTERFACETIMEREVENTPROC?SYST...         -----    -----      -----    -----
  +--> ?PR?_SETAD5110STEP?MAIN
  +--> ?PR?_WRITEEEP?I2C
  +--> ?PR?_MCU_SENDCMDTODVR?MAIN
  +--> ?PR?_USERINTERFACEBATTERYCHARGEMODE?S...
BL51 BANKED LINKER/LOCATER V6.22.2.0                                                  05/20/2021  09:18:45  PAGE 8


  +--> ?PR?_MCUTIMERACTIVETIMEREVENT?SYSTIMER
  +--> ?PR?ENTER_ISP?MAIN
  +--> ?PR?_USERINTERFACEPOWERSWITCH?SYSPOWER

?PR?ENTER_ISP?MAIN                               -----    -----      0204H    0001H
  +--> ?PR?ISP_INIT?MAIN
  +--> ?PR?_ISP_WRITE?MAIN

?PR?_ISP_WRITE?MAIN                              -----    -----      0205H    0006H

?PR?_SYSTIMEREVENTPROC?SYSTIMER                  -----    -----      -----    -----
  +--> ?PR?_POWERLED?CPU
  +--> ?PR?_MCUTIMERDELAYXMS?SYSTIMER
  +--> ?PR?CHECK_ADAP_IN?CPU
  +--> ?PR?_MCUTIMERCHECKEVENTVALID?SYSTIMER
  +--> ?PR?_MCUTIMERCANCELTIMEREVENT?SYSTIMER
  +--> ?PR?_MCUTIMERACTIVETIMEREVENT?SYSTIMER
  +--> ?PR?_MCU_SENDCMDTODVR?MAIN
  +--> ?PR?GETBATTERYVOLTAGE?MAIN
  +--> ?PR?GETBATTERYBTH?MAIN
  +--> ?PR?_SET_PWM?CPU
  +--> ?PR?_READEEP?I2C
  +--> ?PR?_WRITEEEP?I2C
  +--> ?PR?_USERINTERFACEBATTERYCHARGEMODE?S...
  +--> ?PR?SHOWWORKINGTIMER?CPU

?PR?GETBATTERYVOLTAGE?MAIN                       -----    -----      -----    -----
  +--> ?PR?_GETADCVALUE?MAIN

?PR?GETBATTERYBTH?MAIN                           -----    -----      -----    -----
  +--> ?PR?_GETADCVALUE?MAIN

?PR?SHOWWORKINGTIMER?CPU                         -----    -----      0204H    0002H
  +--> ?CO?CPU
  +--> ?PR?_GRAPHICSPRINT?PRINTF

?PR?_GRAPHICSPRINT?PRINTF                        -----    -----      0206H    002FH
  +--> ?PR?_DOPRINT?PRINTF

?PR?SYSPOWERHANDLER?SYSPOWER                     -----    -----      -----    -----
  +--> ?PR?_SYSPOWERSWITCH?SYSPOWER

?PR?_SYSPOWERSWITCH?SYSPOWER                     -----    -----      0200H    0001H
  +--> ?PR?_USERINTERFACEPOWERSWITCH?SYSPOWER

?PR?SCANKEY?KEYREMO                              -----    -----      -----    -----
  +--> ?PR?_GETKEY?KEYREMO
  +--> ?PR?_WRITEEEP?I2C
  +--> ?PR?_MCUTIMERACTIVETIMEREVENT?SYSTIMER

?PR?_GETKEY?KEYREMO                              0021H.1  0000H.1    -----    -----

?PR?ENCORDERHANDLER_TELI?MAIN                    -----    -----      0200H    0028H
  +--> ?PR?_MCU_SENDCMDTODVR?MAIN
  +--> ?PR?_MCUTIMERCANCELTIMEREVENT?SYSTIMER
  +--> ?PR?_MCUTIMERACTIVETIMEREVENT?SYSTIMER

BL51 BANKED LINKER/LOCATER V6.22.2.0                                                  05/20/2021  09:18:45  PAGE 9


?PR?ENCORDERHANDLER?MAIN                         -----    -----      0200H    0020H
  +--> ?PR?_MCU_SENDCMDTODVR?MAIN
  +--> ?PR?_MCUTIMERCANCELTIMEREVENT?SYSTIMER
  +--> ?PR?_MCUTIMERACTIVETIMEREVENT?SYSTIMER

?PR?WAITPOWERON?MAIN                             -----    -----      -----    -----
  +--> ?CO?MAIN
  +--> ?PR?_PRINTF?PRINTF
  +--> ?PR?_MCUTIMERCANCELTIMEREVENT?SYSTIMER
  +--> ?PR?SAVEROTATENUMBER?MAIN
  +--> ?PR?SYSPOWERHANDLER?SYSPOWER
  +--> ?PR?SYSTIMERHANDLER?SYSTIMER
  +--> ?PR?SCANKEY?KEYREMO
  +--> ?PR?_MCUTIMERACTIVETIMEREVENT?SYSTIMER
  +--> ?PR?CHECK_ADAP_IN?CPU
  +--> ?PR?SET_MCU_POWER_DOWN_MODE?CPU
  +--> ?PR?_WRITEEEP?I2C

?PR?SAVEROTATENUMBER?MAIN                        -----    -----      0200H    0008H
  +--> ?PR?_READEEP?I2C
  +--> ?PR?_WRITEEEP?I2C

?PR?SET_MCU_POWER_DOWN_MODE?CPU                  -----    -----      -----    -----
  +--> ?CO?CPU
  +--> ?PR?_PRINTF?PRINTF

?C_INITSEG                                       -----    -----      -----    -----
  +--> ?CO?PRINTF



SYMBOL TABLE OF MODULE:  .\Output\ml070i_MRMCU (?C_STARTUP)

  VALUE           TYPE          NAME
  ----------------------------------

  -------         MODULE        ?C_STARTUP
  C:5994H         SEGMENT       ?C_C51STARTUP
  I:007AH         SEGMENT       ?STACK
  C:0000H         PUBLIC        ?C_STARTUP
  D:00E0H         SYMBOL        ACC
  D:00F0H         SYMBOL        B
  D:0083H         SYMBOL        DPH
  D:0082H         SYMBOL        DPL
  N:0000H         SYMBOL        IBPSTACK
  N:0100H         SYMBOL        IBPSTACKTOP
  N:0080H         SYMBOL        IDATALEN
  C:5997H         SYMBOL        IDATALOOP
  N:0000H         SYMBOL        PBPSTACK
  N:0100H         SYMBOL        PBPSTACKTOP
  N:0000H         SYMBOL        PDATALEN
  N:0000H         SYMBOL        PDATASTART
  N:0000H         SYMBOL        PPAGE
  N:0000H         SYMBOL        PPAGEENABLE
  D:00A0H         SYMBOL        PPAGE_SFR
  D:0081H         SYMBOL        SP
  C:5994H         SYMBOL        STARTUP1
BL51 BANKED LINKER/LOCATER V6.22.2.0                                                  05/20/2021  09:18:45  PAGE 10


  N:0000H         SYMBOL        XBPSTACK
  N:0000H         SYMBOL        XBPSTACKTOP
  N:0000H         SYMBOL        XDATALEN
  N:0000H         SYMBOL        XDATASTART
  C:0000H         LINE#         126
  C:5994H         LINE#         133
  C:5996H         LINE#         134
  C:5997H         LINE#         135
  C:5998H         LINE#         136
  C:599AH         LINE#         185
  C:599DH         LINE#         196
  -------         ENDMOD        ?C_STARTUP

  -------         MODULE        CPU
  C:0000H         SYMBOL        _ICE_DUMMY_
  D:0091H         PUBLIC        P1M0
  X:028AH         PUBLIC        second
  C:5DF0H         PUBLIC        InitCPU
  D:00B1H         PUBLIC        P3M0
  D:0096H         PUBLIC        P2M1
  C:2957H         PUBLIC        timer0_int
  X:028BH         PUBLIC        FormatSDCard
  D:00B3H         PUBLIC        P4M0
  D:00B2H         PUBLIC        P3M1
  D:00B4H         PUBLIC        P4M1
  D:00B0H         PUBLIC        P3
  C:6586H         PUBLIC        timer2_int
  D:00E8H         PUBLIC        P4
  X:028CH         PUBLIC        FormatWait
  X:028DH         PUBLIC        Power_Msg_Count
  X:028FH         PUBLIC        IE_Temp
  D:00F9H         PUBLIC        CH
  D:0022H         PUBLIC        DVR_buf
  D:0040H         PUBLIC        keytic
  D:00A8H         PUBLIC        IE
  C:3FA7H         PUBLIC        ShowWorkingTimer
  D:00E9H         PUBLIC        CL
  D:0042H         PUBLIC        RS2_in
  B:0020H.0       PUBLIC        RepeatKey
  X:0290H         PUBLIC        LED_FLASH_COUNT
  D:0043H         PUBLIC        RS2_out
  C:64D3H         PUBLIC        _delay
  D:00FCH         PUBLIC        CCAP2H
  B:00E8H.0       PUBLIC        P4_0
  D:00FDH         PUBLIC        CCAP3H
  B:00E8H.1       PUBLIC        P4_1
  B:0090H.4       PUBLIC        P1_4
  B:0080H.5       PUBLIC        P0_5
  X:0292H         PUBLIC        minute
  B:00E8H.2       PUBLIC        P4_2
  D:00ECH         PUBLIC        CCAP2L
  B:00A8H.4       PUBLIC        ES
  D:00EDH         PUBLIC        CCAP3L
  D:00DCH         PUBLIC        CCAPM2
  D:00DDH         PUBLIC        CCAPM3
  D:00B8H         PUBLIC        IP
  B:0098H.0       PUBLIC        RI
BL51 BANKED LINKER/LOCATER V6.22.2.0                                                  05/20/2021  09:18:45  PAGE 11


  B:0098H.1       PUBLIC        TI
  D:0044H         PUBLIC        tic01
  B:0020H.1       PUBLIC        KeyReady
  C:644CH         PUBLIC        RS2_rx
  B:0020H.2       PUBLIC        RS_Xbusy
  D:0045H         PUBLIC        tic02
  D:00D9H         PUBLIC        CMOD
  D:00D8H         PUBLIC        CCON
  C:65ACH         PUBLIC        _RS2_tx
  X:0293H         PUBLIC        Time5ms
  X:0294H         PUBLIC        month
  X:0295H         PUBLIC        keyticSec
  D:0046H         PUBLIC        Key
  C:640EH         PUBLIC        int2_int
  C:642DH         PUBLIC        int3_int
  X:0296H         PUBLIC        bytEncorderCountTemp
  C:5868H         PUBLIC        ext0_int
  C:62D3H         PUBLIC        serial_int
  C:000EH         PUBLIC        ext1_int
  X:0298H         PUBLIC        EncorderCountINT
  D:0099H         PUBLIC        SBUF
  D:0087H         PUBLIC        PCON
  X:029CH         PUBLIC        bytPNFlagEncoder
  D:0098H         PUBLIC        SCON
  C:64EBH         PUBLIC        InitVars
  D:0089H         PUBLIC        TMOD
  D:0088H         PUBLIC        TCON
  C:52A0H         PUBLIC        main_init
  X:029DH         PUBLIC        day
  X:029EH         PUBLIC        bytFastEncorderCountTemp
  X:029FH         PUBLIC        hour
  B:00C0H.1       PUBLIC        IE2
  B:00C0H.5       PUBLIC        IE3
  C:57C3H         PUBLIC        _SET_PWM
  X:02A0H         PUBLIC        PowerDownWait
  D:0047H         PUBLIC        tm01
  D:0049H         PUBLIC        stopWatch
  X:02A1H         PUBLIC        EncorderCount
  D:004BH         SYMBOL        RS_buf
  C:62A4H         PUBLIC        SET_MCU_POWER_DOWN_MODE
  D:0069H         PUBLIC        tic_PWR_SAVING
  D:006DH         PUBLIC        tic_Init_time
  B:00A8H.5       PUBLIC        ET2
  B:00C8H.7       PUBLIC        TF2
  D:008CH         PUBLIC        TH0
  B:00A8H.0       PUBLIC        EX0
  D:008DH         PUBLIC        TH1
  X:02A5H         PUBLIC        bytHoldOn3SPowerOff
  B:00A8H.2       PUBLIC        EX1
  B:00C0H.2       PUBLIC        EX2
  B:00C0H.0       PUBLIC        IT2
  C:65A1H         PUBLIC        RS2_ready
  C:646AH         PUBLIC        Check_ADAP_IN
  B:00C0H.6       PUBLIC        EX3
  B:00C0H.4       PUBLIC        IT3
  D:008AH         PUBLIC        TL0
  X:02A6H         PUBLIC        bytHoldOn3SPowerOffMode
BL51 BANKED LINKER/LOCATER V6.22.2.0                                                  05/20/2021  09:18:45  PAGE 12


  B:0020H.3       PUBLIC        RS2_Xbusy
  B:00C8H.2       PUBLIC        TR2
  X:02A7H         PUBLIC        updn_reg
  B:0020H.4       PUBLIC        PWR_SAVING_ACT_FLAG
  D:0071H         PUBLIC        RS_in
  D:0072H         PUBLIC        RS_out
  C:61CAH         PUBLIC        serial2_int
  D:009AH         PUBLIC        S2BUF
  X:02ABH         PUBLIC        year1
  X:02ACH         PUBLIC        year2
  C:5CA4H         PUBLIC        _PowerLED
  D:00AAH         PUBLIC        S2CON
  D:00C8H         PUBLIC        T2CON
  D:00BAH         PUBLIC        S2BRT
  X:02ADH         PUBLIC        DVR_FACTORY_MODE
  D:0073H         PUBLIC        tm001
  D:00A6H         PUBLIC        AUXR2
  B:0020H.5       PUBLIC        ChangeKey
  D:0074H         PUBLIC        tic_pc
  D:0076H         PUBLIC        SystemClock
  D:0093H         PUBLIC        P0M0
  D:00ADH         PUBLIC        AUXIE
  -------         PROC          MAIN_INIT
  -------         DO            
  X:0200H         SYMBOL        rev
  -------         ENDDO         
  C:52A0H         LINE#         103
  C:52A0H         LINE#         104
  C:52A0H         LINE#         107
  C:52A9H         LINE#         110
  C:52EBH         LINE#         112
  C:52FAH         LINE#         113
  C:52FAH         LINE#         114
  C:5314H         LINE#         115
  C:5317H         LINE#         116
  C:5359H         LINE#         117
  C:5359H         LINE#         121
  C:5368H         LINE#         122
  C:5368H         LINE#         125
  C:5368H         LINE#         126
  C:536EH         LINE#         127
  C:5371H         LINE#         128
  C:5371H         LINE#         129
  C:5373H         LINE#         131
  C:5373H         LINE#         132
  C:537CH         LINE#         133
  C:5385H         LINE#         134
  C:538CH         LINE#         136
  C:538CH         LINE#         159
  C:5391H         LINE#         162
  C:5399H         LINE#         163
  C:539EH         LINE#         165
  -------         ENDPROC       MAIN_INIT
  -------         PROC          INITCPU
  C:5DF0H         LINE#         173
  C:5DF0H         LINE#         174
  C:5DF0H         LINE#         178
BL51 BANKED LINKER/LOCATER V6.22.2.0                                                  05/20/2021  09:18:45  PAGE 13


  C:5DF3H         LINE#         186
  C:5DF6H         LINE#         188
  C:5DF9H         LINE#         190
  C:5DFCH         LINE#         198
  C:5E02H         LINE#         200
  C:5E05H         LINE#         201
  C:5E08H         LINE#         205
  C:5E0BH         LINE#         208
  C:5E0DH         LINE#         209
  C:5E0FH         LINE#         228
  C:5E12H         LINE#         229
  C:5E14H         LINE#         230
  C:5E16H         LINE#         237
  C:5E19H         LINE#         238
  C:5E1CH         LINE#         241
  C:5E1FH         LINE#         244
  C:5E22H         LINE#         246
  C:5E24H         LINE#         248
  C:5E26H         LINE#         249
  C:5E28H         LINE#         253
  C:5E2BH         LINE#         254
  C:5E2EH         LINE#         264
  C:5E31H         LINE#         267
  C:5E34H         LINE#         269
  C:5E37H         LINE#         271
  C:5E3AH         LINE#         272
  C:5E3CH         LINE#         273
  C:5E3FH         LINE#         274
  C:5E41H         LINE#         276
  -------         ENDPROC       INITCPU
  -------         PROC          SET_MCU_POWER_DOWN_MODE
  C:62A4H         LINE#         279
  C:62A4H         LINE#         280
  C:62A4H         LINE#         282
  C:62ADH         LINE#         284
  C:62AFH         LINE#         285
  C:62B1H         LINE#         286
  C:62B3H         LINE#         288
  C:62B5H         LINE#         289
  C:62B7H         LINE#         290
  C:62B9H         LINE#         292
  C:62BFH         LINE#         293
  C:62C2H         LINE#         295
  C:62C8H         LINE#         296
  C:62CAH         LINE#         297
  C:62CCH         LINE#         298
  C:62CFH         LINE#         299
  C:62D0H         LINE#         300
  C:62D1H         LINE#         301
  C:62D2H         LINE#         305
  -------         ENDPROC       SET_MCU_POWER_DOWN_MODE
  -------         PROC          CHECK_ADAP_IN
  C:646AH         LINE#         308
  C:646AH         LINE#         309
  C:646AH         LINE#         311
  C:6470H         LINE#         312
  C:6470H         LINE#         313
BL51 BANKED LINKER/LOCATER V6.22.2.0                                                  05/20/2021  09:18:45  PAGE 14


  C:6477H         LINE#         315
  C:647DH         LINE#         316
  C:6480H         LINE#         318
  C:6483H         LINE#         319
  C:6483H         LINE#         321
  C:6485H         LINE#         322
  -------         ENDPROC       CHECK_ADAP_IN
  -------         PROC          _SET_PWM
  X:0205H         SYMBOL        index
  X:0206H         SYMBOL        val
  C:57C3H         LINE#         324
  C:57CBH         LINE#         325
  C:57CBH         LINE#         327
  C:57E4H         LINE#         329
  C:57F6H         LINE#         330
  C:57F6H         LINE#         331
  C:57F6H         LINE#         333
  C:57F9H         LINE#         334
  C:5804H         LINE#         335
  C:5807H         LINE#         337
  C:580AH         LINE#         338
  C:580AH         LINE#         339
  C:580CH         LINE#         340
  C:580EH         LINE#         341
  C:580EH         LINE#         343
  C:5816H         LINE#         344
  C:5816H         LINE#         345
  C:5819H         LINE#         346
  C:581CH         LINE#         347
  C:581FH         LINE#         348
  C:5825H         LINE#         349
  C:5827H         LINE#         350
  C:582FH         LINE#         351
  C:582FH         LINE#         352
  C:5832H         LINE#         353
  C:5835H         LINE#         354
  C:5838H         LINE#         355
  C:5841H         LINE#         356
  C:5841H         LINE#         358
  C:5848H         LINE#         359
  C:5848H         LINE#         360
  C:584BH         LINE#         361
  C:584DH         LINE#         362
  C:584DH         LINE#         396
  C:584EH         LINE#         397
  C:584EH         LINE#         398
  C:5851H         LINE#         399
  C:585CH         LINE#         400
  C:585FH         LINE#         401
  C:5860H         LINE#         402
  C:5860H         LINE#         403
  C:5863H         LINE#         404
  C:5864H         LINE#         405
  C:5864H         LINE#         406
  C:5867H         LINE#         407
  C:5867H         LINE#         409
  C:5867H         LINE#         410
BL51 BANKED LINKER/LOCATER V6.22.2.0                                                  05/20/2021  09:18:45  PAGE 15


  C:5867H         LINE#         411
  C:5867H         LINE#         414
  -------         ENDPROC       _SET_PWM
  -------         PROC          TIMER0_INT
  -------         DO            
  D:000FH         SYMBOL        TempKey
  -------         ENDDO         
  C:2957H         LINE#         423
  C:2964H         LINE#         430
  C:2966H         LINE#         435
  C:2968H         LINE#         438
  C:2973H         LINE#         439
  C:2973H         LINE#         440
  C:2981H         LINE#         441
  C:2984H         LINE#         442
  C:2986H         LINE#         443
  C:2986H         LINE#         445
  C:298CH         LINE#         446
  C:298EH         LINE#         447
  C:2997H         LINE#         448
  C:2997H         LINE#         450
  C:29A0H         LINE#         451
  C:29AAH         LINE#         452
  C:29AAH         LINE#         453
  C:29B2H         LINE#         454
  C:29BAH         LINE#         455
  C:29C2H         LINE#         456
  C:29C5H         LINE#         457
  C:29C7H         LINE#         461
  C:29D5H         LINE#         462
  C:29D8H         LINE#         464
  C:29DBH         LINE#         466
  C:29E4H         LINE#         467
  C:29E4H         LINE#         468
  C:29FFH         LINE#         469
  C:29FFH         LINE#         470
  C:29FFH         LINE#         471
  C:2A01H         LINE#         472
  C:2A19H         LINE#         473
  C:2A19H         LINE#         474
  C:2A19H         LINE#         475
  C:2A1BH         LINE#         476
  C:2A33H         LINE#         477
  C:2A33H         LINE#         479
  C:2A33H         LINE#         480
  C:2A35H         LINE#         481
  C:2A50H         LINE#         482
  C:2A50H         LINE#         484
  C:2A54H         LINE#         485
  C:2A57H         LINE#         486
  C:2A6FH         LINE#         487
  C:2A6FH         LINE#         489
  C:2A6FH         LINE#         490
  C:2A71H         LINE#         491
  C:2A89H         LINE#         492
  C:2A89H         LINE#         494
  C:2A89H         LINE#         495
BL51 BANKED LINKER/LOCATER V6.22.2.0                                                  05/20/2021  09:18:45  PAGE 16


  C:2A8BH         LINE#         496
  C:2AA6H         LINE#         497
  C:2AA6H         LINE#         499
  C:2AA6H         LINE#         500
  C:2AA8H         LINE#         501
  C:2ACCH         LINE#         502
  C:2ACCH         LINE#         504
  C:2AD1H         LINE#         505
  C:2AD1H         LINE#         506
  C:2AD4H         LINE#         508
  C:2AD4H         LINE#         509
  C:2AECH         LINE#         510
  C:2AECH         LINE#         511
  C:2B11H         LINE#         512
  C:2B1FH         LINE#         513
  C:2B1FH         LINE#         514
  C:2B37H         LINE#         515
  C:2B37H         LINE#         516
  C:2B5CH         LINE#         517
  C:2B6AH         LINE#         518
  C:2B6AH         LINE#         519
  C:2B82H         LINE#         520
  C:2B82H         LINE#         521
  C:2BA7H         LINE#         522
  C:2BB5H         LINE#         523
  C:2BB5H         LINE#         524
  C:2BCDH         LINE#         525
  C:2BCDH         LINE#         526
  C:2BF2H         LINE#         527
  C:2C00H         LINE#         528
  C:2C00H         LINE#         529
  C:2C18H         LINE#         530
  C:2C18H         LINE#         531
  C:2C3CH         LINE#         532
  C:2C4AH         LINE#         533
  C:2C4AH         LINE#         534
  C:2C62H         LINE#         535
  C:2C62H         LINE#         536
  C:2C86H         LINE#         537
  C:2C94H         LINE#         538
  C:2C94H         LINE#         539
  C:2CACH         LINE#         540
  C:2CACH         LINE#         541
  C:2CD0H         LINE#         542
  C:2CDEH         LINE#         543
  C:2CDEH         LINE#         544
  C:2CF6H         LINE#         545
  C:2CF6H         LINE#         546
  C:2D1AH         LINE#         547
  C:2D28H         LINE#         548
  C:2D28H         LINE#         549
  C:2D28H         LINE#         561
  C:2D2EH         LINE#         562
  C:2D2EH         LINE#         563
  C:2D3DH         LINE#         564
  C:2D3DH         LINE#         565
  C:2D5CH         LINE#         566
BL51 BANKED LINKER/LOCATER V6.22.2.0                                                  05/20/2021  09:18:45  PAGE 17


  C:2D63H         LINE#         567
  C:2D63H         LINE#         568
  C:2D63H         LINE#         569
  C:2D63H         LINE#         570
  C:2D63H         LINE#         579
  C:2D71H         LINE#         582
  C:2D79H         LINE#         583
  C:2D7CH         LINE#         584
  C:2D7EH         LINE#         586
  C:2D84H         LINE#         587
  C:2D84H         LINE#         591
  C:2D86H         LINE#         594
  C:2D8DH         LINE#         595
  C:2D92H         LINE#         597
  C:2D94H         LINE#         599
  C:2D94H         LINE#         600
  C:2D9EH         LINE#         601
  C:2DA6H         LINE#         604
  C:2DB4H         LINE#         605
  C:2DC8H         LINE#         606
  C:2DD2H         LINE#         607
  C:2DE0H         LINE#         649
  C:2DECH         LINE#         650
  C:2DECH         LINE#         651
  C:2DF4H         LINE#         652
  C:2DF4H         LINE#         653
  C:2E05H         LINE#         654
  C:2E05H         LINE#         655
  C:2E08H         LINE#         656
  C:2E0AH         LINE#         657
  C:2E0CH         LINE#         658
  C:2E0CH         LINE#         659
  C:2E0EH         LINE#         660
  C:2E2AH         LINE#         661
  C:2E2AH         LINE#         662
  C:2E2DH         LINE#         663
  C:2E2DH         LINE#         664
  C:2E30H         LINE#         665
  C:2E32H         LINE#         666
  C:2E37H         LINE#         667
  C:2E39H         LINE#         668
  C:2E39H         LINE#         669
  C:2E3BH         LINE#         670
  C:2E45H         LINE#         672
  C:2E48H         LINE#         673
  C:2E48H         LINE#         674
  C:2E4BH         LINE#         675
  C:2E4DH         LINE#         676
  C:2E53H         LINE#         677
  C:2E55H         LINE#         678
  C:2E55H         LINE#         680
  C:2E5BH         LINE#         681
  C:2E5BH         LINE#         683
  C:2E63H         LINE#         684
  C:2E65H         LINE#         686
  C:2E65H         LINE#         687
  C:2E7BH         LINE#         688
BL51 BANKED LINKER/LOCATER V6.22.2.0                                                  05/20/2021  09:18:45  PAGE 18


  C:2E7EH         LINE#         689
  C:2E80H         LINE#         690
  C:2E82H         LINE#         692
  C:2E82H         LINE#         693
  C:2E85H         LINE#         694
  C:2E87H         LINE#         695
  C:2E87H         LINE#         697
  C:2E89H         LINE#         698
  C:2E8FH         LINE#         699
  C:2E8FH         LINE#         731
  C:2E8FH         LINE#         733
  -------         ENDPROC       TIMER0_INT
  -------         PROC          SHOWWORKINGTIMER
  -------         DO            
  X:0204H         SYMBOL        val
  -------         ENDDO         
  C:3FA7H         LINE#         738
  C:3FA7H         LINE#         739
  C:3FA7H         LINE#         742
  C:3FB2H         LINE#         744
  C:3FB9H         LINE#         745
  C:3FB9H         LINE#         746
  C:3FE9H         LINE#         747
  C:3FEBH         LINE#         748
  C:3FF2H         LINE#         749
  C:3FF2H         LINE#         750
  C:4015H         LINE#         751
  C:4017H         LINE#         752
  C:4020H         LINE#         753
  C:4020H         LINE#         754
  C:4034H         LINE#         755
  C:4036H         LINE#         757
  C:4036H         LINE#         758
  C:404CH         LINE#         759
  C:404CH         LINE#         763
  C:4094H         LINE#         767
  C:409EH         LINE#         768
  C:40A8H         LINE#         769
  C:40B1H         LINE#         770
  C:40BBH         LINE#         772
  C:40C5H         LINE#         773
  C:40CFH         LINE#         774
  C:40DCH         LINE#         775
  C:40E4H         LINE#         777
  C:40EDH         LINE#         783
  C:40F7H         LINE#         784
  C:40F7H         LINE#         785
  C:4156H         LINE#         786
  C:4164H         LINE#         788
  C:4166H         LINE#         790
  C:4166H         LINE#         794
  C:41A2H         LINE#         796
  C:41B0H         LINE#         797
  C:41C7H         LINE#         799
  C:41DBH         LINE#         803
  C:41DBH         LINE#         806
  C:422EH         LINE#         810
BL51 BANKED LINKER/LOCATER V6.22.2.0                                                  05/20/2021  09:18:45  PAGE 19


  C:4238H         LINE#         811
  C:4242H         LINE#         812
  C:424CH         LINE#         813
  C:4256H         LINE#         814
  C:4260H         LINE#         815
  C:426AH         LINE#         816
  C:4274H         LINE#         817
  C:427EH         LINE#         818
  C:4288H         LINE#         819
  C:4293H         LINE#         821
  C:429DH         LINE#         822
  C:42A5H         LINE#         823
  C:42AFH         LINE#         824
  C:42B7H         LINE#         825
  C:42C1H         LINE#         826
  C:42C9H         LINE#         827
  C:42D3H         LINE#         828
  C:42DBH         LINE#         829
  C:42E3H         LINE#         830
  C:42EDH         LINE#         831
  C:42F7H         LINE#         832
  C:4301H         LINE#         833
  C:430BH         LINE#         834
  C:4315H         LINE#         835
  C:431FH         LINE#         836
  C:4329H         LINE#         837
  C:4333H         LINE#         838
  C:433DH         LINE#         839
  C:4347H         LINE#         840
  C:4352H         LINE#         842
  C:435EH         LINE#         843
  C:4369H         LINE#         845
  C:4373H         LINE#         846
  C:437BH         LINE#         847
  C:4385H         LINE#         848
  C:438DH         LINE#         849
  C:4399H         LINE#         850
  C:439FH         LINE#         852
  C:43B7H         LINE#         870
  -------         ENDPROC       SHOWWORKINGTIMER
  -------         PROC          INITVARS
  -------         DO            
  D:0007H         SYMBOL        j
  -------         ENDDO         
  C:64EBH         LINE#         880
  C:64EBH         LINE#         881
  C:64EBH         LINE#         883
  C:64F7H         LINE#         884
  C:6500H         LINE#         886
  -------         ENDPROC       INITVARS
  -------         PROC          _POWERLED
  D:0007H         SYMBOL        flag
  C:5CA4H         LINE#         892
  C:5CA4H         LINE#         893
  C:5CA4H         LINE#         895
  C:5CD8H         LINE#         896
  C:5CD8H         LINE#         897
BL51 BANKED LINKER/LOCATER V6.22.2.0                                                  05/20/2021  09:18:45  PAGE 20


  C:5CD8H         LINE#         898
  C:5CDAH         LINE#         899
  C:5CDCH         LINE#         900
  C:5CDDH         LINE#         901
  C:5CDDH         LINE#         902
  C:5CDFH         LINE#         903
  C:5CE1H         LINE#         904
  C:5CE2H         LINE#         905
  C:5CE2H         LINE#         906
  C:5CE2H         LINE#         907
  C:5CE2H         LINE#         908
  C:5CE4H         LINE#         909
  C:5CE4H         LINE#         910
  C:5CE4H         LINE#         911
  C:5CE4H         LINE#         912
  C:5CE6H         LINE#         913
  C:5CE6H         LINE#         914
  C:5CE9H         LINE#         915
  C:5CE9H         LINE#         916
  C:5CEBH         LINE#         917
  C:5CEDH         LINE#         918
  C:5CEEH         LINE#         925
  C:5CEEH         LINE#         926
  C:5CF1H         LINE#         927
  C:5CF1H         LINE#         928
  C:5CF3H         LINE#         929
  C:5CF5H         LINE#         930
  C:5CF6H         LINE#         932
  C:5CF6H         LINE#         933
  C:5CF6H         LINE#         934
  C:5CF6H         LINE#         935
  C:5CF6H         LINE#         936
  C:5CF8H         LINE#         937
  C:5CF8H         LINE#         938
  C:5CFBH         LINE#         939
  C:5CFBH         LINE#         940
  C:5CFDH         LINE#         941
  C:5CFFH         LINE#         942
  C:5D00H         LINE#         944
  C:5D00H         LINE#         945
  C:5D02H         LINE#         946
  C:5D04H         LINE#         947
  C:5D04H         LINE#         948
  C:5D05H         LINE#         949
  C:5D05H         LINE#         950
  C:5D08H         LINE#         951
  C:5D08H         LINE#         952
  C:5D0AH         LINE#         953
  C:5D0CH         LINE#         955
  C:5D0CH         LINE#         956
  C:5D0EH         LINE#         957
  C:5D0EH         LINE#         959
  C:5D10H         LINE#         961
  C:5D11H         LINE#         962
  C:5D11H         LINE#         963
  C:5D14H         LINE#         964
  C:5D14H         LINE#         965
BL51 BANKED LINKER/LOCATER V6.22.2.0                                                  05/20/2021  09:18:45  PAGE 21


  C:5D16H         LINE#         966
  C:5D18H         LINE#         968
  C:5D18H         LINE#         969
  C:5D1AH         LINE#         970
  C:5D1AH         LINE#         972
  C:5D1CH         LINE#         975
  C:5D1CH         LINE#         976
  C:5D1CH         LINE#         977
  C:5D1CH         LINE#         978
  C:5D1CH         LINE#         979
  -------         ENDPROC       _POWERLED
  -------         PROC          EXT0_INT
  C:5868H         LINE#         988
  C:5875H         LINE#         990
  C:5877H         LINE#         991
  C:5880H         LINE#         992
  C:589DH         LINE#         994
  C:58BEH         LINE#         996
  C:58CBH         LINE#         997
  C:58CBH         LINE#         998
  C:58EAH         LINE#         999
  C:58EFH         LINE#         1000
  C:58F1H         LINE#         1002
  C:58F7H         LINE#         1004
  C:58F9H         LINE#         1005
  -------         ENDPROC       EXT0_INT
  -------         PROC          EXT1_INT
  C:000EH         LINE#         1007
  C:000EH         LINE#         1009
  C:0010H         LINE#         1012
  -------         ENDPROC       EXT1_INT
  -------         PROC          SERIAL_INT
  C:62D3H         LINE#         1035
  C:62DAH         LINE#         1041
  C:62DDH         LINE#         1050
  C:62E4H         LINE#         1051
  C:62E6H         LINE#         1052
  C:62F4H         LINE#         1056
  C:62F6H         LINE#         1058
  C:62F6H         LINE#         1060
  C:62F9H         LINE#         1061
  C:62FBH         LINE#         1062
  C:62FDH         LINE#         1063
  C:62FDH         LINE#         1064
  -------         ENDPROC       SERIAL_INT
  -------         PROC          SERIAL2_INT
  C:61CAH         LINE#         1068
  C:61D1H         LINE#         1073
  C:61D9H         LINE#         1074
  C:61D9H         LINE#         1076
  C:61DCH         LINE#         1078
  C:61E3H         LINE#         1081
  C:61E5H         LINE#         1082
  C:61F3H         LINE#         1083
  C:61F3H         LINE#         1085
  C:61FBH         LINE#         1086
  C:61FBH         LINE#         1087
BL51 BANKED LINKER/LOCATER V6.22.2.0                                                  05/20/2021  09:18:45  PAGE 22


  C:61FEH         LINE#         1088
  C:6200H         LINE#         1089
  C:6200H         LINE#         1090
  -------         ENDPROC       SERIAL2_INT
  -------         PROC          RS2_READY
  C:65A1H         LINE#         1126
  C:65A1H         LINE#         1127
  C:65A1H         LINE#         1128
  C:65A9H         LINE#         1129
  C:65ABH         LINE#         1130
  -------         ENDPROC       RS2_READY
  -------         PROC          RS2_RX
  -------         DO            
  D:0007H         SYMBOL        ret
  -------         ENDDO         
  C:644CH         LINE#         1134
  C:644CH         LINE#         1135
  C:644CH         LINE#         1138
  C:644FH         LINE#         1139
  C:6456H         LINE#         1140
  C:6458H         LINE#         1141
  C:6463H         LINE#         1142
  C:6466H         LINE#         1143
  C:6469H         LINE#         1145
  C:6469H         LINE#         1146
  -------         ENDPROC       RS2_RX
  -------         PROC          _RS2_TX
  D:0007H         SYMBOL        tx_buf
  C:65ACH         LINE#         1163
  C:65ACH         LINE#         1164
  C:65ACH         LINE#         1166
  C:65AFH         LINE#         1167
  C:65B1H         LINE#         1168
  C:65B3H         LINE#         1169
  -------         ENDPROC       _RS2_TX
  -------         PROC          TIMER2_INT
  C:6586H         LINE#         1210
  C:6588H         LINE#         1369
  C:658AH         LINE#         1371
  C:6592H         LINE#         1373
  -------         ENDPROC       TIMER2_INT
  -------         PROC          _DELAY
  D:0007H         SYMBOL        cnt
  -------         DO            
  D:0004H         SYMBOL        ttic01
  -------         ENDDO         
  C:64D3H         LINE#         1375
  C:64D3H         LINE#         1376
  C:64D3H         LINE#         1379
  C:64E1H         LINE#         1380
  C:64E1H         LINE#         1382
  C:64EAH         LINE#         1383
  -------         ENDPROC       _DELAY
  -------         PROC          INT2_INT
  C:640EH         LINE#         1387
  C:6414H         LINE#         1389
  C:6416H         LINE#         1390
BL51 BANKED LINKER/LOCATER V6.22.2.0                                                  05/20/2021  09:18:45  PAGE 23


  C:6418H         LINE#         1391
  C:641BH         LINE#         1392
  C:6421H         LINE#         1393
  C:6426H         LINE#         1394
  -------         ENDPROC       INT2_INT
  -------         PROC          INT3_INT
  C:642DH         LINE#         1396
  C:6433H         LINE#         1398
  C:6435H         LINE#         1399
  C:6437H         LINE#         1400
  C:643AH         LINE#         1401
  C:6440H         LINE#         1402
  C:6445H         LINE#         1403
  -------         ENDPROC       INT3_INT
  -------         ENDMOD        CPU

  -------         MODULE        ETC_EEP
  C:0000H         SYMBOL        _ICE_DUMMY_
  C:5F75H         PUBLIC        GetProjectNameEE
  C:5562H         PUBLIC        ClearBasicEE
  C:64A1H         PUBLIC        SaveFWRevEE
  C:5EE1H         PUBLIC        GetFWRevEE
  -------         PROC          GETFWREVEE
  -------         DO            
  D:0004H         SYMBOL        rev
  -------         ENDDO         
  C:5EE1H         LINE#         17
  C:5EE1H         LINE#         18
  C:5EE1H         LINE#         19
  C:5EE7H         LINE#         26
  C:5F2AH         LINE#         28
  C:5F2AH         LINE#         29
  -------         ENDPROC       GETFWREVEE
  -------         PROC          GETPROJECTNAMEEE
  -------         DO            
  X:0204H         SYMBOL        rev
  -------         ENDDO         
  C:5F75H         LINE#         31
  C:5F75H         LINE#         32
  C:5F75H         LINE#         33
  C:5F7BH         LINE#         35
  C:5F89H         LINE#         36
  C:5F98H         LINE#         37
  C:5FA7H         LINE#         38
  C:5FB6H         LINE#         40
  C:5FBBH         LINE#         41
  -------         ENDPROC       GETPROJECTNAMEEE
  -------         PROC          SAVEFWREVEE
  C:64A1H         LINE#         43
  C:64A1H         LINE#         44
  C:64A1H         LINE#         51
  C:64A9H         LINE#         52
  C:64B1H         LINE#         53
  -------         ENDPROC       SAVEFWREVEE
  -------         PROC          CLEARBASICEE
  C:5562H         LINE#         67
  C:5562H         LINE#         68
BL51 BANKED LINKER/LOCATER V6.22.2.0                                                  05/20/2021  09:18:45  PAGE 24


  C:5562H         LINE#         70
  C:556BH         LINE#         72
  C:5573H         LINE#         73
  C:557CH         LINE#         74
  C:5585H         LINE#         75
  C:558EH         LINE#         79
  C:5597H         LINE#         82
  C:55A0H         LINE#         84
  C:55A8H         LINE#         86
  C:55B0H         LINE#         88
  C:55B8H         LINE#         90
  C:55C1H         LINE#         92
  C:55C9H         LINE#         94
  C:55D2H         LINE#         95
  C:55DAH         LINE#         97
  C:55E3H         LINE#         98
  C:55EBH         LINE#         100
  C:55F4H         LINE#         101
  C:55FCH         LINE#         103
  C:5605H         LINE#         104
  C:560DH         LINE#         106
  C:5615H         LINE#         107
  C:561DH         LINE#         108
  C:5625H         LINE#         110
  C:562DH         LINE#         111
  C:5635H         LINE#         112
  -------         ENDPROC       CLEARBASICEE
  -------         ENDMOD        ETC_EEP

  -------         MODULE        HS_DVRPROTOCOL
  C:0000H         SYMBOL        _ICE_DUMMY_
  X:0000H         PUBLIC        protocol_data_count
  D:00B2H         PUBLIC        P3M1
  D:00A8H         PUBLIC        IE
  X:0001H         PUBLIC        protocol_len
  D:00B8H         PUBLIC        IP
  X:0002H         PUBLIC        protocol_type
  B:0021H.3       PUBLIC        protocol_escape_flag
  D:00B7H         PUBLIC        IPH
  X:0003H         PUBLIC        protocol_chksum
  X:0004H         PUBLIC        protocol_param
  X:0005H         PUBLIC        protocol_data
  C:190FH         PUBLIC        DvrReceivePaser
  X:0105H         PUBLIC        protocol_state
  -------         PROC          DVRRECEIVEPASER
  -------         DO            
  X:0200H         SYMBOL        c
  -------         ENDDO         
  C:190FH         LINE#         45
  C:190FH         LINE#         46
  C:190FH         LINE#         48
  C:1918H         LINE#         49
  C:1918H         LINE#         50
  C:1920H         LINE#         52
  C:1926H         LINE#         53
  C:1926H         LINE#         57
  C:1928H         LINE#         58
BL51 BANKED LINKER/LOCATER V6.22.2.0                                                  05/20/2021  09:18:45  PAGE 25


  C:192DH         LINE#         59
  C:1933H         LINE#         61
  C:1933H         LINE#         63
  C:1939H         LINE#         64
  C:1939H         LINE#         65
  C:193CH         LINE#         67
  C:193CH         LINE#         69
  C:193FH         LINE#         70
  C:193FH         LINE#         71
  C:1941H         LINE#         72
  C:1948H         LINE#         73
  C:1948H         LINE#         75
  C:1951H         LINE#         76
  C:1951H         LINE#         77
  C:1961H         LINE#         78
  C:1961H         LINE#         80
  C:1976H         LINE#         81
  C:1976H         LINE#         82
  C:1976H         LINE#         83
  C:197EH         LINE#         84
  C:1997H         LINE#         85
  C:1997H         LINE#         86
  C:1997H         LINE#         87
  C:1997H         LINE#         88
  C:1997H         LINE#         89
  C:1997H         LINE#         90
  C:1997H         LINE#         91
  C:1997H         LINE#         92
  C:1997H         LINE#         93
  C:1997H         LINE#         94
  C:1997H         LINE#         95
  C:1997H         LINE#         96
  C:1997H         LINE#         97
  C:1997H         LINE#         98
  C:1997H         LINE#         99
  C:1997H         LINE#         100
  C:1997H         LINE#         101
  C:1997H         LINE#         103
  C:199DH         LINE#         104
  C:199EH         LINE#         105
  C:199EH         LINE#         106
  C:199EH         LINE#         107
  C:19A1H         LINE#         108
  C:19A1H         LINE#         109
  C:19A1H         LINE#         111
  C:19A1H         LINE#         112
  C:19A9H         LINE#         113
  C:19C4H         LINE#         114
  C:19C4H         LINE#         115
  C:19C4H         LINE#         116
  C:19C4H         LINE#         117
  C:19C4H         LINE#         118
  C:19C4H         LINE#         119
  C:19C4H         LINE#         120
  C:19C4H         LINE#         121
  C:19C4H         LINE#         122
  C:19C4H         LINE#         123
BL51 BANKED LINKER/LOCATER V6.22.2.0                                                  05/20/2021  09:18:45  PAGE 26


  C:19C4H         LINE#         124
  C:19C4H         LINE#         125
  C:19C4H         LINE#         126
  C:19C4H         LINE#         127
  C:19C4H         LINE#         128
  C:19C4H         LINE#         129
  C:19C4H         LINE#         130
  C:19C4H         LINE#         132
  C:19CAH         LINE#         133
  C:19CAH         LINE#         134
  C:19CAH         LINE#         135
  C:19CCH         LINE#         137
  C:19CCH         LINE#         138
  C:19D1H         LINE#         139
  C:19D7H         LINE#         144
  C:19D7H         LINE#         145
  C:19D8H         LINE#         146
  C:19D8H         LINE#         147
  C:19D8H         LINE#         148
  C:19DBH         LINE#         149
  C:19DBH         LINE#         150
  C:19DBH         LINE#         152
  C:19DBH         LINE#         153
  C:19F8H         LINE#         154
  C:19F8H         LINE#         155
  C:19F8H         LINE#         156
  C:19F8H         LINE#         157
  C:19F8H         LINE#         158
  C:19F8H         LINE#         159
  C:19F8H         LINE#         160
  C:19F8H         LINE#         161
  C:19F8H         LINE#         162
  C:19F8H         LINE#         163
  C:19F8H         LINE#         164
  C:19F8H         LINE#         165
  C:19F8H         LINE#         166
  C:19F8H         LINE#         167
  C:19F8H         LINE#         168
  C:19F8H         LINE#         169
  C:19F8H         LINE#         172
  C:1A0CH         LINE#         173
  C:1A12H         LINE#         174
  C:1A1FH         LINE#         175
  C:1A25H         LINE#         179
  C:1A25H         LINE#         184
  C:1A26H         LINE#         185
  C:1A26H         LINE#         186
  C:1A26H         LINE#         187
  C:1A29H         LINE#         188
  C:1A29H         LINE#         189
  C:1A29H         LINE#         191
  C:1A29H         LINE#         192
  C:1A38H         LINE#         193
  C:1A38H         LINE#         198
  C:1A73H         LINE#         199
  C:1A73H         LINE#         200
  C:1A73H         LINE#         204
BL51 BANKED LINKER/LOCATER V6.22.2.0                                                  05/20/2021  09:18:45  PAGE 27


  C:1A7AH         LINE#         205
  C:1A83H         LINE#         206
  C:1A90H         LINE#         207
  C:1A90H         LINE#         208
  C:1A94H         LINE#         209
  C:1A99H         LINE#         210
  C:1A9EH         LINE#         211
  C:1A9EH         LINE#         212
  C:1AA7H         LINE#         213
  C:1AB0H         LINE#         214
  C:1AB3H         LINE#         215
  C:1AB6H         LINE#         216
  C:1AB6H         LINE#         220
  C:1ABBH         LINE#         221
  C:1AC7H         LINE#         222
  C:1ACDH         LINE#         223
  C:1AD0H         LINE#         224
  C:1AD0H         LINE#         229
  C:1AD6H         LINE#         230
  C:1AD9H         LINE#         231
  C:1AD9H         LINE#         236
  C:1ADFH         LINE#         237
  C:1AE2H         LINE#         238
  C:1AE2H         LINE#         251
  C:1B03H         LINE#         252
  C:1B24H         LINE#         254
  C:1B45H         LINE#         255
  C:1B66H         LINE#         257
  C:1B87H         LINE#         258
  C:1BA8H         LINE#         260
  C:1BC9H         LINE#         261
  C:1BEAH         LINE#         263
  C:1BF6H         LINE#         264
  C:1C02H         LINE#         266
  C:1C0EH         LINE#         267
  C:1C1AH         LINE#         269
  C:1C26H         LINE#         270
  C:1C32H         LINE#         272
  C:1C3EH         LINE#         273
  C:1C4AH         LINE#         275
  C:1C50H         LINE#         277
  C:1C53H         LINE#         279
  C:1C53H         LINE#         285
  C:1C60H         LINE#         286
  C:1C63H         LINE#         288
  C:1C75H         LINE#         290
  C:1C7EH         LINE#         291
  C:1C83H         LINE#         293
  C:1C8DH         LINE#         294
  C:1C96H         LINE#         321
  C:1C99H         LINE#         323
  C:1C99H         LINE#         328
  C:1CA2H         LINE#         329
  C:1CA2H         LINE#         330
  C:1CA9H         LINE#         334
  C:1CACH         LINE#         335
  C:1CB5H         LINE#         336
BL51 BANKED LINKER/LOCATER V6.22.2.0                                                  05/20/2021  09:18:45  PAGE 28


  C:1CB5H         LINE#         337
  C:1CBAH         LINE#         338
  C:1CC1H         LINE#         342
  C:1CC1H         LINE#         343
  C:1CC4H         LINE#         345
  C:1CC4H         LINE#         349
  C:1CCAH         LINE#         350
  C:1CCDH         LINE#         352
  C:1CCDH         LINE#         357
  C:1CD3H         LINE#         358
  C:1CD3H         LINE#         359
  C:1CDAH         LINE#         360
  C:1CDFH         LINE#         363
  C:1CE4H         LINE#         364
  C:1CE9H         LINE#         365
  C:1CEEH         LINE#         366
  C:1CF3H         LINE#         367
  C:1CF8H         LINE#         368
  C:1CFDH         LINE#         370
  C:1D03H         LINE#         372
  C:1D06H         LINE#         373
  C:1D0EH         LINE#         374
  C:1D0EH         LINE#         375
  C:1D14H         LINE#         376
  C:1D14H         LINE#         377
  C:1D14H         LINE#         378
  C:1D16H         LINE#         379
  C:1D21H         LINE#         380
  C:1D21H         LINE#         381
  C:1D28H         LINE#         382
  C:1D2BH         LINE#         383
  C:1D34H         LINE#         384
  C:1D39H         LINE#         385
  C:1D39H         LINE#         387
  C:1D3CH         LINE#         389
  C:1D3CH         LINE#         394
  C:1D47H         LINE#         395
  C:1D47H         LINE#         396
  C:1D4EH         LINE#         397
  C:1D53H         LINE#         401
  C:1D55H         LINE#         402
  C:1D61H         LINE#         403
  C:1D61H         LINE#         404
  C:1D68H         LINE#         405
  C:1D6DH         LINE#         406
  C:1D74H         LINE#         408
  C:1D80H         LINE#         409
  C:1D84H         LINE#         410
  C:1D84H         LINE#         411
  C:1D94H         LINE#         412
  C:1D94H         LINE#         413
  C:1D9BH         LINE#         414
  C:1DA2H         LINE#         415
  C:1DA7H         LINE#         416
  C:1DAEH         LINE#         417
  C:1DB8H         LINE#         418
  C:1DC0H         LINE#         422
BL51 BANKED LINKER/LOCATER V6.22.2.0                                                  05/20/2021  09:18:45  PAGE 29


  C:1DCCH         LINE#         423
  C:1DD0H         LINE#         424
  C:1DD2H         LINE#         425
  C:1DE2H         LINE#         426
  C:1DE2H         LINE#         427
  C:1DE7H         LINE#         431
  C:1DE7H         LINE#         433
  C:1DECH         LINE#         435
  C:1DF7H         LINE#         436
  C:1DFDH         LINE#         438
  C:1DFFH         LINE#         440
  C:1DFFH         LINE#         444
  C:1E05H         LINE#         445
  C:1E07H         LINE#         447
  C:1E07H         LINE#         449
  C:1E0FH         LINE#         450
  C:1E0FH         LINE#         451
  C:1E17H         LINE#         452
  C:1E1DH         LINE#         453
  C:1E1FH         LINE#         455
  C:1E1FH         LINE#         456
  C:1E27H         LINE#         457
  C:1E2CH         LINE#         458
  C:1E2CH         LINE#         465
  C:1E2EH         LINE#         466
  C:1E2EH         LINE#         467
  C:1E39H         LINE#         468
  C:1E3EH         LINE#         470
  C:1E41H         LINE#         475
  C:1E4AH         LINE#         478
  C:1E4CH         LINE#         479
  C:1E4CH         LINE#         483
  C:1E52H         LINE#         484
  C:1E54H         LINE#         485
  C:1E54H         LINE#         489
  C:1E5DH         LINE#         490
  C:1E5FH         LINE#         491
  C:1E5FH         LINE#         493
  C:1E67H         LINE#         494
  C:1E67H         LINE#         495
  C:1E6CH         LINE#         496
  C:1E6FH         LINE#         497
  C:1E72H         LINE#         498
  C:1E75H         LINE#         499
  C:1E7AH         LINE#         500
  C:1E7CH         LINE#         502
  C:1E7CH         LINE#         503
  C:1E81H         LINE#         504
  C:1E84H         LINE#         505
  C:1E87H         LINE#         506
  C:1E8AH         LINE#         507
  C:1E90H         LINE#         508
  C:1E90H         LINE#         515
  C:1E90H         LINE#         516
  C:1E90H         LINE#         517
  C:1E90H         LINE#         518
  C:1E90H         LINE#         520
BL51 BANKED LINKER/LOCATER V6.22.2.0                                                  05/20/2021  09:18:45  PAGE 30


  C:1E90H         LINE#         522
  C:1E90H         LINE#         526
  C:1E90H         LINE#         527
  C:1E95H         LINE#         528
  C:1E95H         LINE#         529
  C:1E95H         LINE#         530
  C:1E95H         LINE#         531
  C:1E95H         LINE#         532
  C:1E95H         LINE#         535
  -------         ENDPROC       DVRRECEIVEPASER
  -------         ENDMOD        HS_DVRPROTOCOL

  -------         MODULE        I2C
  C:0000H         SYMBOL        _ICE_DUMMY_
  B:0090H.0       PUBLIC        P1_0
  B:0090H.1       PUBLIC        P1_1
  C:623EH         PUBLIC        I2CReadData
  C:6205H         PUBLIC        _ReadI2C
  C:5C29H         PUBLIC        _I2CWriteData
  C:6563H         PUBLIC        I2CStart
  C:651AH         PUBLIC        I2Cdelay
  C:6387H         PUBLIC        _ReadEEP
  C:63CEH         PUBLIC        _WriteAD5110
  C:0016H         PUBLIC        I2CStop
  C:5FBCH         PUBLIC        _WriteEEP
  C:5BABH         PUBLIC        _AD5110_I2CWriteData
  C:6516H         SYMBOL        L?0054
  -------         PROC          L?0053
  -------         ENDPROC       L?0053
  C:6516H         SYMBOL        L?0054
  -------         PROC          I2CDELAY
  -------         DO            
  D:0007H         SYMBOL        i
  -------         ENDDO         
  C:651AH         LINE#         34
  C:651AH         LINE#         35
  C:651AH         LINE#         37
  C:6526H         LINE#         38
  C:6529H         LINE#         39
  -------         ENDPROC       I2CDELAY
  -------         PROC          _WRITEEEP
  X:0208H         SYMBOL        index
  X:020AH         SYMBOL        dat
  -------         DO            
  X:020BH         SYMBOL        addr
  -------         ENDDO         
  C:5FBCH         LINE#         42
  C:5FC7H         LINE#         43
  C:5FC7H         LINE#         46
  C:5FDFH         LINE#         48
  C:5FE2H         LINE#         49
  C:5FEAH         LINE#         50
  C:5FF3H         LINE#         51
  C:5FFBH         LINE#         52
  C:5FFEH         LINE#         58
  -------         ENDPROC       _WRITEEEP
  -------         PROC          _READEEP
BL51 BANKED LINKER/LOCATER V6.22.2.0                                                  05/20/2021  09:18:45  PAGE 31


  D:0004H         SYMBOL        index
  -------         DO            
  X:0234H         SYMBOL        val
  D:0007H         SYMBOL        addr
  -------         ENDDO         
  C:6387H         LINE#         61
  C:638BH         LINE#         62
  C:638BH         LINE#         66
  C:639AH         LINE#         68
  C:63A2H         LINE#         73
  C:63A7H         LINE#         74
  C:63ACH         LINE#         75
  -------         ENDPROC       _READEEP
  -------         PROC          _READI2C
  X:0235H         SYMBOL        addr
  X:0236H         SYMBOL        index
  -------         DO            
  X:0237H         SYMBOL        val
  -------         ENDDO         
  C:6205H         LINE#         77
  C:620DH         LINE#         78
  C:620DH         LINE#         81
  C:6210H         LINE#         82
  C:6218H         LINE#         83
  C:6220H         LINE#         84
  C:6223H         LINE#         85
  C:622DH         LINE#         86
  C:6235H         LINE#         87
  C:6238H         LINE#         89
  C:623DH         LINE#         90
  -------         ENDPROC       _READI2C
  -------         PROC          I2CSTART
  C:6563H         LINE#         106
  C:6563H         LINE#         107
  C:6563H         LINE#         108
  C:6568H         LINE#         109
  C:656DH         LINE#         110
  C:6572H         LINE#         111
  C:6574H         LINE#         112
  -------         ENDPROC       I2CSTART
  -------         PROC          I2CSTOP
  C:0016H         LINE#         114
  C:0016H         LINE#         115
  C:0016H         LINE#         116
  C:001BH         LINE#         117
  C:0020H         LINE#         118
  C:0022H         LINE#         119
  -------         ENDPROC       I2CSTOP
  -------         PROC          _I2CWRITEDATA
  D:0006H         SYMBOL        value
  C:5C29H         LINE#         121
  C:5C2BH         LINE#         122
  C:5C2BH         LINE#         124
  C:5C38H         LINE#         125
  C:5C45H         LINE#         126
  C:5C52H         LINE#         127
  C:5C5FH         LINE#         129
BL51 BANKED LINKER/LOCATER V6.22.2.0                                                  05/20/2021  09:18:45  PAGE 32


  C:5C6CH         LINE#         130
  C:5C79H         LINE#         131
  C:5C86H         LINE#         132
  C:5C93H         LINE#         135
  C:5C95H         LINE#         136
  C:5C97H         LINE#         137
  C:5C99H         LINE#         138
  C:5C9BH         LINE#         140
  C:5C9DH         LINE#         141
  C:5C9FH         LINE#         142
  C:5CA1H         LINE#         143
  C:5CA3H         LINE#         144
  -------         ENDPROC       _I2CWRITEDATA
  -------         PROC          I2CREADDATA
  -------         DO            
  D:0004H         SYMBOL        i
  D:0006H         SYMBOL        value
  -------         ENDDO         
  C:623EH         LINE#         146
  C:623EH         LINE#         147
  C:623EH         LINE#         149
  C:6240H         LINE#         151
  C:6245H         LINE#         152
  C:6247H         LINE#         154
  C:624AH         LINE#         155
  C:624CH         LINE#         156
  C:6250H         LINE#         157
  C:6256H         LINE#         158
  C:6258H         LINE#         159
  C:6263H         LINE#         160
  C:6266H         LINE#         162
  C:6268H         LINE#         163
  C:626AH         LINE#         164
  C:626CH         LINE#         165
  C:626EH         LINE#         167
  C:6270H         LINE#         169
  -------         ENDPROC       I2CREADDATA
  -------         PROC          _AD5110_I2CWRITEDATA
  D:0006H         SYMBOL        value
  C:5BABH         LINE#         172
  C:5BADH         LINE#         173
  C:5BADH         LINE#         175
  C:5BBAH         LINE#         176
  C:5BC7H         LINE#         177
  C:5BD4H         LINE#         178
  C:5BE1H         LINE#         180
  C:5BEEH         LINE#         181
  C:5BFBH         LINE#         182
  C:5C08H         LINE#         183
  C:5C15H         LINE#         186
  C:5C17H         LINE#         187
  C:5C19H         LINE#         188
  C:5C1BH         LINE#         189
  C:5C1DH         LINE#         190
  C:5C20H         LINE#         191
  C:5C22H         LINE#         192
  C:5C24H         LINE#         193
BL51 BANKED LINKER/LOCATER V6.22.2.0                                                  05/20/2021  09:18:45  PAGE 33


  C:5C26H         LINE#         194
  C:5C28H         LINE#         196
  -------         ENDPROC       _AD5110_I2CWRITEDATA
  -------         PROC          _WRITEAD5110
  D:0002H         SYMBOL        index
  D:0005H         SYMBOL        dat
  -------         DO            
  D:0006H         SYMBOL        addr
  -------         ENDDO         
  C:63CEH         LINE#         229
  C:63D2H         LINE#         230
  C:63D2H         LINE#         233
  C:63D4H         LINE#         235
  C:63D7H         LINE#         236
  C:63DCH         LINE#         237
  C:63E1H         LINE#         238
  C:63E6H         LINE#         239
  C:63E9H         LINE#         245
  -------         ENDPROC       _WRITEAD5110
  -------         ENDMOD        I2C

  -------         MODULE        KEYREMO
  C:0000H         SYMBOL        _ICE_DUMMY_
  C:6486H         PUBLIC        _GetKey
  C:5E42H         PUBLIC        Scankey
  -------         PROC          SCANKEY
  C:5E42H         LINE#         33
  C:5E42H         LINE#         34
  C:5E42H         LINE#         36
  C:5E4AH         LINE#         37
  C:5E4AH         LINE#         39
  C:5E5AH         LINE#         40
  C:5E5AH         LINE#         41
  C:5E5EH         LINE#         42
  C:5E64H         LINE#         43
  C:5E66H         LINE#         44
  C:5E76H         LINE#         45
  C:5E76H         LINE#         46
  C:5E7AH         LINE#         47
  C:5E7EH         LINE#         48
  C:5E82H         LINE#         49
  C:5E89H         LINE#         50
  C:5E89H         LINE#         52
  C:5E92H         LINE#         53
  C:5E92H         LINE#         55
  -------         ENDPROC       SCANKEY
  -------         PROC          _GETKEY
  D:0007H         SYMBOL        repeat
  -------         DO            
  B:0021H.1       SYMBOL        ready
  -------         ENDDO         
  C:6486H         LINE#         60
  C:6486H         LINE#         61
  C:6486H         LINE#         65
  C:648AH         LINE#         66
  C:648CH         LINE#         68
  C:6492H         LINE#         69
BL51 BANKED LINKER/LOCATER V6.22.2.0                                                  05/20/2021  09:18:45  PAGE 34


  C:6498H         LINE#         70
  C:649EH         LINE#         72
  C:64A0H         LINE#         73
  -------         ENDPROC       _GETKEY
  -------         ENDMOD        KEYREMO

  -------         MODULE        MAIN
  C:0000H         SYMBOL        _ICE_DUMMY_
  C:4C30H         PUBLIC        _Mapping1
  C:5904H         PUBLIC        _mcuLib_ProtocolSendCmdWithParamNum
  D:00B2H         PUBLIC        P3M1
  C:4DA6H         PUBLIC        _GetRotateNumber
  D:00E7H         PUBLIC        ISPCR
  D:00E8H         PUBLIC        P4
  X:0106H         PUBLIC        ulongRotateNumber
  C:2E9AH         PUBLIC        EncorderHandler_TELI
  X:010AH         PUBLIC        PowerFlag
  B:0080H.0       PUBLIC        P0_0
  X:010BH         PUBLIC        LowBatteryFlag
  B:0080H.1       PUBLIC        P0_1
  X:010CH         PUBLIC        UserRange
  B:00B0H.4       PUBLIC        P3_4
  B:00B0H.5       PUBLIC        P3_5
  C:6110H         PUBLIC        _SetAD5110Step
  C:3B84H         PUBLIC        _MCU_SendCmdToDVR
  X:0112H         PUBLIC        g_stBatteryInfo
  D:00C6H         PUBLIC        ADCV
  X:0118H         PUBLIC        DVRChangeCurrent
  X:0119H         PUBLIC        EncorderLen_Offset
  X:011BH         PUBLIC        EncorderLenint
  C:5B29H         PUBLIC        main
  D:00E6H         PUBLIC        SCMD
  X:011CH         PUBLIC        bytBatteryStopCharge
  X:011DH         PUBLIC        g_stDVRInfo
  X:011FH         PUBLIC        PowerOffToOnFlag
  X:0120H         PUBLIC        bytFastEncoderMode
  D:00E3H         PUBLIC        IFADRH
  D:00E5H         PUBLIC        IFMT
  X:0121H         PUBLIC        Power_down_mode
  D:00E4H         PUBLIC        IFADRL
  X:0122H         PUBLIC        bytBatteryStopChargeCount
  X:0123H         PUBLIC        TDecimal1
  X:0127H         PUBLIC        ulongRotateNumberTELI
  X:012BH         PUBLIC        TDecimal2
  X:012FH         PUBLIC        TDecimal3
  X:0133H         PUBLIC        TDecimal4
  X:0137H         PUBLIC        TEncorder1
  X:013BH         PUBLIC        AD5110Range
  X:0141H         PUBLIC        TEncorder2
  X:0145H         PUBLIC        TEncorder3
  X:0149H         PUBLIC        TEncorder4
  C:5D8DH         SYMBOL        _?ix1000
  C:608DH         PUBLIC        main_loop
  C:1E96H         PUBLIC        LoadEEPROM
  X:014DH         PUBLIC        EncorderCountPN_offset
[...]
  C:089BH         LINE#         1220
  C:08A6H         LINE#         1221
  C:08ABH         LINE#         1222
  C:08AEH         LINE#         1223
  C:08AEH         LINE#         1227
  C:08B9H         LINE#         1239
  C:08CCH         LINE#         1240
  C:08CCH         LINE#         1241
  C:08D1H         LINE#         1242
  C:08D5H         LINE#         1243
  C:08D9H         LINE#         1244
  C:08DFH         LINE#         1245
  C:08E0H         LINE#         1246
  C:08E3H         LINE#         1247
  C:08FCH         LINE#         1248
  C:08FCH         LINE#         1249
  C:0901H         LINE#         1250
  C:0905H         LINE#         1251
  C:0909H         LINE#         1252
  C:090DH         LINE#         1253
  C:0913H         LINE#         1254
  C:0916H         LINE#         1255
  C:0928H         LINE#         1256
  C:0928H         LINE#         1257
  C:092EH         LINE#         1258
  C:0933H         LINE#         1259
  C:0937H         LINE#         1260
  C:093BH         LINE#         1261
  C:093BH         LINE#         1262
  C:093DH         LINE#         1263
  C:094FH         LINE#         1264
  C:094FH         LINE#         1265
  C:0954H         LINE#         1266
  C:0958H         LINE#         1267
  C:095EH         LINE#         1268
  C:0963H         LINE#         1269
  C:0963H         LINE#         1271
  C:0965H         LINE#         1272
  C:0977H         LINE#         1273
  C:0977H         LINE#         1274
  C:097CH         LINE#         1275
  C:0982H         LINE#         1276
  C:0987H         LINE#         1277
  C:098BH         LINE#         1278
  C:098BH         LINE#         1279
  C:098DH         LINE#         1281
  C:098DH         LINE#         1284
  C:0994H         LINE#         1285
  C:0999H         LINE#         1287
  C:099FH         LINE#         1288
  C:09A4H         LINE#         1289
  C:09A8H         LINE#         1290
  C:09ACH         LINE#         1291
  C:09B0H         LINE#         1292
BL51 BANKED LINKER/LOCATER V6.22.2.0                                                  05/20/2021  09:18:45  PAGE 72


  C:09B4H         LINE#         1293
  C:09B4H         LINE#         1295
  C:0A0AH         LINE#         1297
  C:0A10H         LINE#         1300
  C:0A18H         LINE#         1301
  C:0A18H         LINE#         1302
  C:0A1EH         LINE#         1303
  C:0A23H         LINE#         1304
  C:0A2AH         LINE#         1305
  C:0A2DH         LINE#         1306
  C:0A34H         LINE#         1307
  C:0A34H         LINE#         1309
  C:0A3CH         LINE#         1310
  C:0A3CH         LINE#         1311
  C:0A42H         LINE#         1312
  C:0A47H         LINE#         1313
  C:0A4EH         LINE#         1314
  C:0A51H         LINE#         1315
  C:0A58H         LINE#         1316
  C:0A58H         LINE#         1318
  C:0A60H         LINE#         1319
  C:0A60H         LINE#         1320
  C:0A64H         LINE#         1321
  C:0A69H         LINE#         1322
  C:0A70H         LINE#         1323
  C:0A73H         LINE#         1324
  C:0A7AH         LINE#         1325
  C:0A7AH         LINE#         1327
  C:0A82H         LINE#         1328
  C:0A82H         LINE#         1329
  C:0A88H         LINE#         1330
  C:0A8DH         LINE#         1331
  C:0A94H         LINE#         1332
  C:0A97H         LINE#         1333
  C:0A9EH         LINE#         1334
  C:0A9EH         LINE#         1336
  C:0AA6H         LINE#         1337
  C:0AA6H         LINE#         1338
  C:0AACH         LINE#         1339
  C:0AB1H         LINE#         1340
  C:0AB8H         LINE#         1341
  C:0ABBH         LINE#         1342
  C:0AC2H         LINE#         1343
  C:0AC2H         LINE#         1353
  C:0AD1H         LINE#         1356
  C:0AEAH         LINE#         1357
  C:0AEAH         LINE#         1358
  C:0AF0H         LINE#         1359
  C:0AF5H         LINE#         1360
  C:0AF7H         LINE#         1362
  C:0AF7H         LINE#         1363
  C:0AFCH         LINE#         1364
  C:0B02H         LINE#         1366
  C:0B02H         LINE#         1368
  C:0B0AH         LINE#         1369
  C:0B0AH         LINE#         1370
  C:0B0BH         LINE#         1371
BL51 BANKED LINKER/LOCATER V6.22.2.0                                                  05/20/2021  09:18:45  PAGE 73


  C:0B20H         LINE#         1372
  C:0B27H         LINE#         1376
  C:0B29H         LINE#         1377
  C:0B31H         LINE#         1378
  C:0B31H         LINE#         1379
  C:0B32H         LINE#         1380
  C:0B39H         LINE#         1381
  C:0B39H         LINE#         1413
  C:0B41H         LINE#         1414
  C:0B47H         LINE#         1416
  C:0B4BH         LINE#         1417
  C:0B4EH         LINE#         1419
  C:0B4EH         LINE#         1422
  C:0B5BH         LINE#         1423
  C:0B5BH         LINE#         1427
  C:0B5FH         LINE#         1428
  C:0B62H         LINE#         1429
  C:0B68H         LINE#         1430
  C:0B68H         LINE#         1431
  C:0B6BH         LINE#         1433
  C:0B6BH         LINE#         1449
  C:0B76H         LINE#         1450
  C:0B76H         LINE#         1451
  C:0B83H         LINE#         1452
  C:0B83H         LINE#         1453
  C:0B87H         LINE#         1455
  C:0B89H         LINE#         1460
  C:0B91H         LINE#         1461
  C:0B9AH         LINE#         1462
  C:0B9CH         LINE#         1464
  C:0BA4H         LINE#         1465
  C:0BADH         LINE#         1466
  C:0BAFH         LINE#         1468
  C:0BB7H         LINE#         1469
  C:0BB7H         LINE#         1470
  C:0BBCH         LINE#         1471
  C:0BC0H         LINE#         1472
  C:0BC9H         LINE#         1473
  C:0BC9H         LINE#         1475
  C:0BC9H         LINE#         1477
  C:0BD4H         LINE#         1478
  C:0BD4H         LINE#         1479
  C:0BD6H         LINE#         1480
  C:0BD9H         LINE#         1482
  C:0BD9H         LINE#         1484
  C:0BE3H         LINE#         1485
  C:0BE3H         LINE#         1487
  C:0C06H         LINE#         1488
  C:0C06H         LINE#         1489
  C:0C11H         LINE#         1490
  C:0C15H         LINE#         1492
  C:0C17H         LINE#         1493
  C:0C1AH         LINE#         1494
  C:0C24H         LINE#         1495
  C:0C27H         LINE#         1499
  C:0C31H         LINE#         1500
  C:0C31H         LINE#         1502
BL51 BANKED LINKER/LOCATER V6.22.2.0                                                  05/20/2021  09:18:45  PAGE 74


  C:0C54H         LINE#         1503
  C:0C54H         LINE#         1504
  C:0C5FH         LINE#         1505
  C:0C63H         LINE#         1507
  C:0C65H         LINE#         1508
  C:0C67H         LINE#         1509
  C:0C71H         LINE#         1510
  C:0C73H         LINE#         1512
  C:0C73H         LINE#         1513
  C:0C75H         LINE#         1514
  C:0C7FH         LINE#         1515
  C:0C7FH         LINE#         1517
  C:0CA2H         LINE#         1518
  C:0CA2H         LINE#         1519
  C:0CADH         LINE#         1520
  C:0CB1H         LINE#         1522
  C:0CB3H         LINE#         1523
  C:0CB5H         LINE#         1524
  C:0CBFH         LINE#         1525
  C:0CC6H         LINE#         1527
  C:0CCFH         LINE#         1528
  C:0CCFH         LINE#         1531
  C:0CCFH         LINE#         1533
  C:0CD5H         LINE#         1536
  C:0CD7H         LINE#         1538
  C:0CD7H         LINE#         1539
  C:0CDEH         LINE#         1540
  C:0CE0H         LINE#         1541
  C:0CE3H         LINE#         1542
  C:0CE8H         LINE#         1543
  C:0CF8H         LINE#         1544
  C:0CFDH         LINE#         1545
  C:0D06H         LINE#         1546
  C:0D0FH         LINE#         1547
  C:0D0FH         LINE#         1549
  C:0D11H         LINE#         1551
  C:0D12H         LINE#         1553
  C:0D12H         LINE#         1555
  C:0D45H         LINE#         1557
  C:0D45H         LINE#         1558
  C:0D4BH         LINE#         1559
  C:0D55H         LINE#         1560
  C:0D5DH         LINE#         1565
  C:0D66H         LINE#         1566
  C:0D66H         LINE#         1569
  C:0D67H         LINE#         1571
  C:0D67H         LINE#         1573
  C:0D6FH         LINE#         1574
  C:0D77H         LINE#         1583
  C:0D8EH         LINE#         1584
  C:0D8EH         LINE#         1585
  C:0D93H         LINE#         1586
  C:0D9CH         LINE#         1587
  C:0D9CH         LINE#         1589
  C:0DB3H         LINE#         1590
  C:0DB3H         LINE#         1591
  C:0DB8H         LINE#         1592
BL51 BANKED LINKER/LOCATER V6.22.2.0                                                  05/20/2021  09:18:45  PAGE 75


  C:0DC1H         LINE#         1593
  C:0DC1H         LINE#         1626
  C:0DC9H         LINE#         1627
  C:0DC9H         LINE#         1628
  C:0DD7H         LINE#         1629
  C:0DD7H         LINE#         1633
  C:0DDEH         LINE#         1634
  C:0DE1H         LINE#         1635
  C:0DE1H         LINE#         1637
  C:0DE1H         LINE#         1639
  C:0E07H         LINE#         1640
  C:0E07H         LINE#         1642
  C:0E07H         LINE#         1644
  C:0E14H         LINE#         1645
  C:0E14H         LINE#         1649
  C:0E18H         LINE#         1650
  C:0E18H         LINE#         1659
  C:0E24H         LINE#         1660
  C:0E24H         LINE#         1664
  C:0E28H         LINE#         1665
  C:0E31H         LINE#         1666
  C:0E3BH         LINE#         1667
  C:0E43H         LINE#         1668
  C:0E43H         LINE#         1669
  C:0E4AH         LINE#         1697
  C:0E4DH         LINE#         1698
  C:0E4DH         LINE#         1699
  C:0E4DH         LINE#         1700
  C:0E6CH         LINE#         1701
  C:0E6CH         LINE#         1702
  C:0E71H         LINE#         1704
  C:0E7BH         LINE#         1705
  C:0E83H         LINE#         1710
  C:0E86H         LINE#         1711
  C:0E88H         LINE#         1712
  C:0EA4H         LINE#         1713
  C:0EA4H         LINE#         1714
  C:0EA6H         LINE#         1715
  C:0EADH         LINE#         1717
  C:0EB9H         LINE#         1718
  C:0EBDH         LINE#         1719
  C:0EBDH         LINE#         1721
  C:0EC8H         LINE#         1722
  C:0EC8H         LINE#         1723
  C:0ED0H         LINE#         1727
  C:0ED0H         LINE#         1729
  C:0ED7H         LINE#         1730
  C:0EDCH         LINE#         1731
  C:0EDEH         LINE#         1733
  C:0EDEH         LINE#         1734
  C:0EE5H         LINE#         1736
  C:0EF0H         LINE#         1737
  C:0EF0H         LINE#         1738
  C:0EF8H         LINE#         1742
  C:0EF8H         LINE#         1743
  C:0EFAH         LINE#         1744
  C:0EFAH         LINE#         1745
BL51 BANKED LINKER/LOCATER V6.22.2.0                                                  05/20/2021  09:18:45  PAGE 76


  C:0EFAH         LINE#         1746
  C:0EFAH         LINE#         1747
  C:0EFAH         LINE#         1748
  C:0EFAH         LINE#         1750
  C:0F01H         LINE#         1761
  C:0F08H         LINE#         1762
  C:0F08H         LINE#         1767
  C:0F08H         LINE#         1827
  C:0F0EH         LINE#         1828
  C:0F11H         LINE#         1829
  C:0F11H         LINE#         1843
  C:0F19H         LINE#         1844
  C:0F19H         LINE#         1846
  C:0F27H         LINE#         1847
  C:0F27H         LINE#         1848
  C:0F2FH         LINE#         1849
  C:0F2FH         LINE#         1851
  C:0F38H         LINE#         1852
  C:0F3EH         LINE#         1853
  C:0F40H         LINE#         1855
  C:0F40H         LINE#         1856
  C:0F43H         LINE#         1857
  C:0F43H         LINE#         1861
  C:0F45H         LINE#         1862
  C:0F45H         LINE#         1867
  C:0F4AH         LINE#         1870
  C:0F53H         LINE#         1871
  C:0F53H         LINE#         1873
  C:0F55H         LINE#         1875
  C:0F56H         LINE#         1877
  C:0F56H         LINE#         1878
  C:0F63H         LINE#         1879
  C:0F65H         LINE#         1880
  C:0F67H         LINE#         1882
  C:0F67H         LINE#         1883
  C:0F71H         LINE#         1884
  C:0F73H         LINE#         1885
  C:0F75H         LINE#         1886
  C:0F75H         LINE#         1887
  C:0F7FH         LINE#         1888
  C:0F81H         LINE#         1889
  C:0F83H         LINE#         1891
  C:0F83H         LINE#         1892
  C:0F8DH         LINE#         1893
  C:0F8FH         LINE#         1894
  C:0F91H         LINE#         1897
  C:0F91H         LINE#         1898
  C:0F9BH         LINE#         1899
  C:0FA0H         LINE#         1900
  C:0FA0H         LINE#         1903
  C:0FA0H         LINE#         1905
  C:0FA7H         LINE#         1907
  C:0FACH         LINE#         1908
  C:0FACH         LINE#         1909
  C:0FADH         LINE#         1910
  C:0FB3H         LINE#         1911
  C:0FB3H         LINE#         1913
BL51 BANKED LINKER/LOCATER V6.22.2.0                                                  05/20/2021  09:18:45  PAGE 77


  C:0FBBH         LINE#         1914
  C:0FBBH         LINE#         1915
  C:0FBCH         LINE#         1916
  C:0FC2H         LINE#         1917
  C:0FC2H         LINE#         1919
  C:0FCAH         LINE#         1920
  C:0FCAH         LINE#         1921
  C:0FCBH         LINE#         1922
  C:0FD1H         LINE#         1923
  C:0FD1H         LINE#         1925
  C:0FD4H         LINE#         1927
  C:0FDDH         LINE#         1928
  C:0FDDH         LINE#         1930
  C:0FDDH         LINE#         1932
  C:0FE3H         LINE#         1934
  C:0FE3H         LINE#         1936
  C:0FE3H         LINE#         1937
  C:0FE3H         LINE#         1938
  C:0FE3H         LINE#         1939
  -------         ENDPROC       _SYSTIMEREVENTPROC
  -------         ENDMOD        SYSTIMER

  -------         MODULE        ?C?FPADD
  C:0FEBH         PUBLIC        ?C?FPADD
  C:0FE7H         PUBLIC        ?C?FPSUB
  -------         ENDMOD        ?C?FPADD

  -------         MODULE        ?C?FPMUL
  C:10DCH         PUBLIC        ?C?FPMUL
  -------         ENDMOD        ?C?FPMUL

  -------         MODULE        ?C?FPDIV
  C:11E5H         PUBLIC        ?C?FPDIV
  -------         ENDMOD        ?C?FPDIV

  -------         MODULE        ?C?FPCMP
  C:1284H         PUBLIC        ?C?FPCMP
  C:1282H         PUBLIC        ?C?FPCMP3
  -------         ENDMOD        ?C?FPCMP

  -------         MODULE        ?C?FCAST
  C:1305H         PUBLIC        ?C?FCASTC
  C:1300H         PUBLIC        ?C?FCASTI
  C:12FBH         PUBLIC        ?C?FCASTL
  -------         ENDMOD        ?C?FCAST

  -------         MODULE        ?C?CASTF
  C:1339H         PUBLIC        ?C?CASTF
  -------         ENDMOD        ?C?CASTF

  -------         MODULE        ?C?COPY
  C:148AH         PUBLIC        ?C?COPY
  -------         ENDMOD        ?C?COPY

  -------         MODULE        ?C?CLDPTR
  C:14B0H         PUBLIC        ?C?CLDPTR
  -------         ENDMOD        ?C?CLDPTR
BL51 BANKED LINKER/LOCATER V6.22.2.0                                                  05/20/2021  09:18:45  PAGE 78



  -------         MODULE        ?C?CLDOPTR
  C:14C9H         PUBLIC        ?C?CLDOPTR
  -------         ENDMOD        ?C?CLDOPTR

  -------         MODULE        ?C?CILDPTR
  C:14F6H         PUBLIC        ?C?CILDPTR
  -------         ENDMOD        ?C?CILDPTR

  -------         MODULE        ?C?CSTOPTR
  C:1518H         PUBLIC        ?C?CSTOPTR
  -------         ENDMOD        ?C?CSTOPTR

  -------         MODULE        ?C?IMUL
  C:153AH         PUBLIC        ?C?IMUL
  -------         ENDMOD        ?C?IMUL

  -------         MODULE        ?C?UIDIV
  C:154CH         PUBLIC        ?C?UIDIV
  -------         ENDMOD        ?C?UIDIV

  -------         MODULE        ?C?SIDIV
  C:15A1H         PUBLIC        ?C?SIDIV
  -------         ENDMOD        ?C?SIDIV

  -------         MODULE        ?C?IILDX
  C:15D7H         PUBLIC        ?C?IILDX
  -------         ENDMOD        ?C?IILDX

  -------         MODULE        ?C?ILDIX
  C:15EDH         PUBLIC        ?C?ILDIX
  -------         ENDMOD        ?C?ILDIX

  -------         MODULE        ?C?ILDPTR
  C:1603H         PUBLIC        ?C?ILDPTR
  -------         ENDMOD        ?C?ILDPTR

  -------         MODULE        ?C?ILDOPTR
  C:162EH         PUBLIC        ?C?ILDOPTR
  -------         ENDMOD        ?C?ILDOPTR

  -------         MODULE        ?C?ISTPTR
  C:1666H         PUBLIC        ?C?ISTPTR
  -------         ENDMOD        ?C?ISTPTR

  -------         MODULE        ?C?LMUL
  C:1685H         PUBLIC        ?C?LMUL
  -------         ENDMOD        ?C?LMUL

  -------         MODULE        ?C?ULDIV
  C:1710H         PUBLIC        ?C?ULDIV
  -------         ENDMOD        ?C?ULDIV

  -------         MODULE        ?C?SLDIV
  C:6049H         PUBLIC        ?C?SLDIV
  -------         ENDMOD        ?C?SLDIV

BL51 BANKED LINKER/LOCATER V6.22.2.0                                                  05/20/2021  09:18:45  PAGE 79


  -------         MODULE        ?C?LNEG
  C:17A2H         PUBLIC        ?C?LNEG
  -------         ENDMOD        ?C?LNEG

  -------         MODULE        ?C?SLCMP
  C:17B0H         PUBLIC        ?C?SLCMP
  -------         ENDMOD        ?C?SLCMP

  -------         MODULE        ?C?ULCMP
  C:17C6H         PUBLIC        ?C?ULCMP
  -------         ENDMOD        ?C?ULCMP

  -------         MODULE        ?C?ULSHR
  C:17D7H         PUBLIC        ?C?ULSHR
  -------         ENDMOD        ?C?ULSHR

  -------         MODULE        ?C?SLSHR
  C:17EAH         PUBLIC        ?C?SLSHR
  -------         ENDMOD        ?C?SLSHR

  -------         MODULE        ?C?LSHL
  C:17FEH         PUBLIC        ?C?LSHL
  -------         ENDMOD        ?C?LSHL

  -------         MODULE        ?C?LLDPTR
  C:1811H         PUBLIC        ?C?LLDPTR
  -------         ENDMOD        ?C?LLDPTR

  -------         MODULE        ?C?LSTXDATA
  C:1831H         PUBLIC        ?C?LSTXDATA
  -------         ENDMOD        ?C?LSTXDATA

  -------         MODULE        ?C?LSTKXDATA
  C:183DH         PUBLIC        ?C?LSTKXDATA
  -------         ENDMOD        ?C?LSTKXDATA

  -------         MODULE        ?C?PLDPTR
  C:186EH         PUBLIC        ?C?PLDPTR
  -------         ENDMOD        ?C?PLDPTR

  -------         MODULE        ?C?CCASE
  C:188EH         PUBLIC        ?C?CCASE
  -------         ENDMOD        ?C?CCASE

  -------         MODULE        ABS
  C:6595H         PUBLIC        _ABS
  -------         ENDMOD        ABS

  -------         MODULE        ?C?LLDIDATA
  C:18B4H         PUBLIC        ?C?LLDIDATA
  -------         ENDMOD        ?C?LLDIDATA

  -------         MODULE        ?C?LLDXDATA
  C:18C0H         PUBLIC        ?C?LLDXDATA
  -------         ENDMOD        ?C?LLDXDATA

  -------         MODULE        ?C?LLDPDATA
BL51 BANKED LINKER/LOCATER V6.22.2.0                                                  05/20/2021  09:18:45  PAGE 80


  C:18CCH         PUBLIC        ?C?LLDPDATA
  -------         ENDMOD        ?C?LLDPDATA

  -------         MODULE        ?C?LLDCODE
  C:18D8H         PUBLIC        ?C?LLDCODE
  -------         ENDMOD        ?C?LLDCODE

  -------         MODULE        ?C?PLDIDATA
  C:18E8H         PUBLIC        ?C?PLDIDATA
  -------         ENDMOD        ?C?PLDIDATA

  -------         MODULE        ?C?PLDXDATA
  C:18F1H         PUBLIC        ?C?PLDXDATA
  -------         ENDMOD        ?C?PLDXDATA

  -------         MODULE        ?C?PLDPDATA
  C:18FAH         PUBLIC        ?C?PLDPDATA
  -------         ENDMOD        ?C?PLDPDATA

  -------         MODULE        ?C?PLDCODE
  C:1903H         PUBLIC        ?C?PLDCODE
  -------         ENDMOD        ?C?PLDCODE

Program Size: data=109.5 xdata=710 code=26029
LINK/LOCATE RUN COMPLETE.  0 WARNING(S),  0 ERROR(S)
