BL51 BANKED LINKER/LOCATER V6.22.2.0                                                    05/04/2021  17:40:40  PAGE 1


BL51 BANKED LINKER/LOCATER V6.22.2.0, INVOKED BY:
C:\KEIL_V5\C51\BIN\BL51.EXE .\Output\STARTUP.obj, .\Output\CPU.obj, .\Output\etc_eep.obj, .\Output\HS_DVRProtocol.obj, .
>> \Output\i2c.obj, .\Output\keyremo.obj, .\Output\main.obj, .\Output\monitor.obj, .\Output\Printf.obj, .\Output\SysPowe
>> r.obj, .\Output\SysTimer.obj TO .\Output\ml070i_MRMCU PRINT (.\Listings\ml070i_MRMCU.m51) RAMSIZE (256)


MEMORY MODEL: LARGE WITH FLOATING POINT ARITHMETIC


INPUT MODULES INCLUDED:
  .\Output\STARTUP.obj (?C_STARTUP)
  .\Output\CPU.obj (CPU)
  .\Output\etc_eep.obj (ETC_EEP)
  .\Output\HS_DVRProtocol.obj (HS_DVRPROTOCOL)
  .\Output\i2c.obj (I2C)
  .\Output\keyremo.obj (KEYREMO)
  .\Output\main.obj (MAIN)
  .\Output\monitor.obj (MONITOR)
  .\Output\Printf.obj (PRINTF)
  .\Output\SysPower.obj (SYSPOWER)
  .\Output\SysTimer.obj (SYSTIMER)
  C:\KEIL_V5\C51\LIB\C51FPL.LIB (?C?FPADD)
  C:\KEIL_V5\C51\LIB\C51FPL.LIB (?C?FPMUL)
  C:\KEIL_V5\C51\LIB\C51FPL.LIB (?C?FPDIV)
  C:\KEIL_V5\C51\LIB\C51FPL.LIB (?C?FCAST)
  C:\KEIL_V5\C51\LIB\C51FPL.LIB (?C?CASTF)
  C:\KEIL_V5\C51\LIB\C51FPL.LIB (?C?FPGETOPN)
  C:\KEIL_V5\C51\LIB\C51L.LIB (?C_INIT)
  C:\KEIL_V5\C51\LIB\C51L.LIB (?C?COPY)
  C:\KEIL_V5\C51\LIB\C51L.LIB (?C?CLDPTR)
  C:\KEIL_V5\C51\LIB\C51L.LIB (?C?CLDOPTR)
  C:\KEIL_V5\C51\LIB\C51L.LIB (?C?CILDPTR)
  C:\KEIL_V5\C51\LIB\C51L.LIB (?C?CSTOPTR)
  C:\KEIL_V5\C51\LIB\C51L.LIB (?C?IMUL)
  C:\KEIL_V5\C51\LIB\C51L.LIB (?C?UIDIV)
  C:\KEIL_V5\C51\LIB\C51L.LIB (?C?SIDIV)
  C:\KEIL_V5\C51\LIB\C51L.LIB (?C?IILDX)
  C:\KEIL_V5\C51\LIB\C51L.LIB (?C?ILDIX)
  C:\KEIL_V5\C51\LIB\C51L.LIB (?C?ILDPTR)
  C:\KEIL_V5\C51\LIB\C51L.LIB (?C?ILDOPTR)
  C:\KEIL_V5\C51\LIB\C51L.LIB (?C?ISTPTR)
  C:\KEIL_V5\C51\LIB\C51L.LIB (?C?LMUL)
  C:\KEIL_V5\C51\LIB\C51L.LIB (?C?ULDIV)
  C:\KEIL_V5\C51\LIB\C51L.LIB (?C?LNEG)
  C:\KEIL_V5\C51\LIB\C51L.LIB (?C?SLCMP)
  C:\KEIL_V5\C51\LIB\C51L.LIB (?C?ULCMP)
  C:\KEIL_V5\C51\LIB\C51L.LIB (?C?ULSHR)
  C:\KEIL_V5\C51\LIB\C51L.LIB (?C?SLSHR)
  C:\KEIL_V5\C51\LIB\C51L.LIB (?C?LSHL)
  C:\KEIL_V5\C51\LIB\C51L.LIB (?C?LLDPTR)
  C:\KEIL_V5\C51\LIB\C51L.LIB (?C?LSTXDATA)
  C:\KEIL_V5\C51\LIB\C51L.LIB (?C?LSTKXDATA)
  C:\KEIL_V5\C51\LIB\C51L.LIB (?C?PLDPTR)
  C:\KEIL_V5\C51\LIB\C51L.LIB (?C?CCASE)
  C:\KEIL_V5\C51\LIB\C51L.LIB (ABS)
  C:\KEIL_V5\C51\LIB\C51L.LIB (?C?LLDIDATA)
  C:\KEIL_V5\C51\LIB\C51L.LIB (?C?LLDXDATA)
  C:\KEIL_V5\C51\LIB\C51L.LIB (?C?LLDPDATA)
BL51 BANKED LINKER/LOCATER V6.22.2.0                                                  05/04/2021  17:40:40  PAGE 2


  C:\KEIL_V5\C51\LIB\C51L.LIB (?C?LLDCODE)
  C:\KEIL_V5\C51\LIB\C51L.LIB (?C?PLDIDATA)
  C:\KEIL_V5\C51\LIB\C51L.LIB (?C?PLDXDATA)
  C:\KEIL_V5\C51\LIB\C51L.LIB (?C?PLDPDATA)
  C:\KEIL_V5\C51\LIB\C51L.LIB (?C?PLDCODE)


LINK MAP OF MODULE:  .\Output\ml070i_MRMCU (?C_STARTUP)


            TYPE    BASE      LENGTH    RELOCATION   SEGMENT NAME
            -----------------------------------------------------

            * * * * * * *   D A T A   M E M O R Y   * * * * * * *
            REG     0000H     0008H     ABSOLUTE     "REG BANK 0"
            REG     0008H     0008H     ABSOLUTE     "REG BANK 1"
            DATA    0010H     0001H     UNIT         ?DT?MONITOR
            IDATA   0011H     0002H     UNIT         ?ID?SYSPOWER
                    0013H     000DH                  *** GAP ***
            BIT     0020H.0   0000H.6   UNIT         ?BI?CPU
            BIT     0020H.6   0000H.3   UNIT         ?BI?MONITOR
            BIT     0021H.1   0000H.2   UNIT         ?BI?SYSTIMER
            BIT     0021H.3   0000H.2   UNIT         _BIT_GROUP_
            BIT     0021H.5   0000H.1   UNIT         ?BI?HS_DVRPROTOCOL
                    0021H.6   0000H.2                *** GAP ***
            DATA    0022H     0058H     UNIT         ?DT?CPU
            IDATA   007AH     0001H     UNIT         ?STACK

            * * * * * * *  X D A T A   M E M O R Y  * * * * * * *
            XDATA   0000H     0106H     UNIT         ?XD?HS_DVRPROTOCOL
            XDATA   0106H     00A2H     UNIT         _XDATA_GROUP_
            XDATA   01A8H     007BH     UNIT         ?XD?MAIN
            XDATA   0223H     005DH     UNIT         ?XD?SYSTIMER
            XDATA   0280H     003BH     UNIT         ?XD?MONITOR
            XDATA   02BBH     001CH     UNIT         ?XD?CPU
            XDATA   02D7H     0018H     UNIT         ?XD?PRINTF

            * * * * * * *   C O D E   M E M O R Y   * * * * * * *
            CODE    0000H     0003H     ABSOLUTE     
            CODE    0003H     0008H     UNIT         ?PR?_RS_TX?CPU
            CODE    000BH     0003H     ABSOLUTE     
            CODE    000EH     0004H     UNIT         ?PR?ISP_INIT?MAIN
                    0012H     0001H                  *** GAP ***
            CODE    0013H     0003H     ABSOLUTE     
            CODE    0016H     000DH     UNIT         ?PR?I2CSTOP?I2C
            CODE    0023H     0003H     ABSOLUTE     
            CODE    0026H     0003H     UNIT         ?PR?EXT1_INT?CPU
                    0029H     0002H                  *** GAP ***
            CODE    002BH     0003H     ABSOLUTE     
                    002EH     0005H                  *** GAP ***
            CODE    0033H     0003H     ABSOLUTE     
                    0036H     0005H                  *** GAP ***
            CODE    003BH     0003H     ABSOLUTE     
            CODE    003EH     0023H     UNIT         ?PR?_TOUPPER?MONITOR
                    0061H     0002H                  *** GAP ***
            CODE    0063H     0003H     ABSOLUTE     
            CODE    0066H     0FB8H     UNIT         ?PR?_SYSTIMEREVENTPROC?SYSTIMER
BL51 BANKED LINKER/LOCATER V6.22.2.0                                                  05/04/2021  17:40:40  PAGE 3


            CODE    101EH     0A7AH     UNIT         ?PR?MONITOR?MONITOR
            CODE    1A98H     08B5H     UNIT         ?PR?DVRRECEIVEPASER?HS_DVRPROTOCOL
            CODE    234DH     08B2H     UNIT         ?C?LIB_CODE
            CODE    2BFFH     08A0H     UNIT         ?CO?MONITOR
            CODE    349FH     0727H     UNIT         ?PR?ENCORDERHANDLER_TELI?MAIN
            CODE    3BC6H     06D0H     UNIT         ?PR?ENCORDERHANDLER?MAIN
            CODE    4296H     0556H     UNIT         ?PR?_DOPRINT?PRINTF
            CODE    47ECH     0464H     UNIT         ?CO?CPU
            CODE    4C50H     041BH     UNIT         ?PR?SHOWWORKINGTIMER?CPU
            CODE    506BH     0411H     UNIT         ?PR?_MCU_SENDCMDTODVR?MAIN
            CODE    547CH     03B1H     UNIT         ?PR?TIMER0_INT?CPU
            CODE    582DH     038BH     UNIT         ?PR?LOADEEPROM?MAIN
            CODE    5BB8H     0360H     UNIT         ?CO?MAIN
            CODE    5F18H     033EH     UNIT         ?PR?_SAVEROTATENUMBER?MAIN
            CODE    6256H     0307H     UNIT         ?CO?SYSTIMER
            CODE    655DH     02F4H     UNIT         ?CO?HS_DVRPROTOCOL
            CODE    6851H     02ECH     UNIT         ?PR?_USERINTERFACEBATTERYCHARGEMODE?SYSPOWER
            CODE    6B3DH     0235H     UNIT         ?PR?MONGETCOMMAND?MONITOR
            CODE    6D72H     0220H     UNIT         ?PR?_USERINTERFACETIMEREVENTPROC?SYSTIMER
            CODE    6F92H     0204H     UNIT         ?C_INITSEG
            CODE    7196H     01B7H     UNIT         ?PR?GETROTATENUMBER?MAIN
            CODE    734DH     0176H     UNIT         ?PR?_MAPPING1?MAIN
            CODE    74C3H     0169H     UNIT         ?PR?MONWRITEBIT?MONITOR
            CODE    762CH     0133H     UNIT         ?PR?MAIN_INIT?CPU
            CODE    775FH     012EH     UNIT         ?PR?_MCUTIMERCHECKTIMEREVENT?SYSTIMER
            CODE    788DH     0112H     UNIT         ?PR?WAITPOWERON?MAIN
            CODE    799FH     00E5H     UNIT         ?PR?_MCUTIMERACTIVETIMEREVENT?SYSTIMER
            CODE    7A84H     00E4H     UNIT         ?PR?CLEARBASICEE?ETC_EEP
            CODE    7B68H     00DEH     UNIT         ?PR?_MCUTIMERREACTIVETIMEREVENT?SYSTIMER
            CODE    7C46H     00D9H     UNIT         ?PR?_USERINTERFACEPOWERSWITCH?SYSPOWER
            CODE    7D1FH     00B7H     UNIT         ?PR?PROMPT?MONITOR
            CODE    7DD6H     00B4H     UNIT         ?PR?_MONINCDECI2C?MONITOR
            CODE    7E8AH     00ADH     UNIT         ?PR?_MCULIB_PROTOCOLAPPEND?MAIN
            CODE    7F37H     00ABH     UNIT         ?PR?MONHELP?MONITOR
            CODE    7FE2H     00ABH     UNIT         ?CO?SYSPOWER
            CODE    808DH     00A7H     UNIT         ?PR?_A2I?MONITOR
            CODE    8134H     0098H     UNIT         ?PR?_SET_PWM?CPU
            CODE    81CCH     0090H     UNIT         ?PR?_MCULIB_PROTOCOLSENDCMDWITHPARAMNUM?MAIN
            CODE    825CH     008CH     UNIT         ?C_C51STARTUP
            CODE    82E8H     0085H     UNIT         ?PR?SYSTIMERHANDLER?SYSTIMER
            CODE    836DH     0084H     UNIT         ?PR?SYSPOWERHANDLER?SYSPOWER
            CODE    83F1H     0082H     UNIT         ?PR?MAIN?MAIN
            CODE    8473H     007EH     UNIT         ?PR?_AD5110_I2CWRITEDATA?I2C
            CODE    84F1H     007BH     UNIT         ?PR?_I2CWRITEDATA?I2C
            CODE    856CH     0079H     UNIT         ?PR?_POWERLED?CPU
            CODE    85E5H     006AH     UNIT         ?PR?_STRICMP?MONITOR
            CODE    864FH     005BH     UNIT         ?PR?INITIALTIMEREVENT?MAIN
            CODE    86AAH     0058H     UNIT         ?PR?_GRAPHICSPRINT?PRINTF
            CODE    8702H     0052H     UNIT         ?PR?INITCPU?CPU
            CODE    8754H     0051H     UNIT         ?PR?SCANKEY?KEYREMO
            CODE    87A5H     004FH     UNIT         ?PR?MONTXDUMP?MONITOR
            CODE    87F4H     004EH     UNIT         ?CO?PRINTF
            CODE    8842H     004AH     UNIT         ?PR?GETFWREVEE?ETC_EEP
            CODE    888CH     004AH     UNIT         ?PR?MCUTIMERGETTIMERCOUNTER?SYSTIMER
            CODE    88D6H     0047H     UNIT         ?PR?GETPROJECTNAMEEE?ETC_EEP
            CODE    891DH     0047H     UNIT         ?PR?_WRITEEEP?I2C
            CODE    8964H     0046H     UNIT         ?PR?_DEBUG_MESSAGE?PRINTF
BL51 BANKED LINKER/LOCATER V6.22.2.0                                                  05/04/2021  17:40:40  PAGE 4


            CODE    89AAH     0043H     UNIT         ?PR?_ASC2BIN?MONITOR
            CODE    89EDH     0041H     UNIT         ?PR?_MCUTIMERCANCELTIMEREVENT?SYSTIMER
            CODE    8A2EH     0040H     UNIT         ?PR?MAIN_LOOP?MAIN
            CODE    8A6EH     003EH     UNIT         ?PR?_SETAD5110STEP?MAIN
            CODE    8AACH     003EH     UNIT         ?PR?_PRINTF?PRINTF
            CODE    8AEAH     003BH     UNIT         ?PR?SERIAL2_INT?CPU
            CODE    8B25H     0039H     UNIT         ?PR?_READI2C?I2C
            CODE    8B5EH     0039H     UNIT         ?PR?_READAD5110?I2C
            CODE    8B97H     0037H     UNIT         ?PR?_ASC1BIN?MONITOR
            CODE    8BCEH     0035H     UNIT         ?PR?AD5110_I2CREADDATA?I2C
            CODE    8C03H     0033H     UNIT         ?PR?I2CREADDATA?I2C
            CODE    8C36H     0033H     UNIT         ?PR?_ISP_WRITE?MAIN
            CODE    8C69H     0033H     UNIT         ?PR?_PUTS?PRINTF
            CODE    8C9CH     002FH     UNIT         ?PR?SET_MCU_POWER_DOWN_MODE?CPU
            CODE    8CCBH     002FH     UNIT         ?PR?SERIAL_INT?CPU
            CODE    8CFAH     002CH     UNIT         ?PR?SYSPOWERINITIAL?SYSPOWER
            CODE    8D26H     002CH     UNIT         ?PR?_SYSPOWERSWITCH?SYSPOWER
            CODE    8D52H     0029H     UNIT         ?PR?_WRITEI2C?I2C
            CODE    8D7BH     0026H     UNIT         ?PR?_READEEP?I2C
            CODE    8DA1H     0022H     UNIT         ?PR?MCUTIMERINITIALTIMEREVENT?SYSTIMER
            CODE    8DC3H     0021H     UNIT         ?PR?ENTER_ISP?MAIN
            CODE    8DE4H     0020H     UNIT         ?PR?_WRITEAD5110?I2C
            CODE    8E04H     0020H     UNIT         ?PR?_GETADCVALUE?MAIN
            CODE    8E24H     001FH     UNIT         ?PR?INT2_INT?CPU
            CODE    8E43H     001FH     UNIT         ?PR?INT3_INT?CPU
            CODE    8E62H     001EH     UNIT         ?PR?RS2_RX?CPU
            CODE    8E80H     001CH     UNIT         ?PR?CHECK_ADAP_IN?CPU
            CODE    8E9CH     001CH     UNIT         ?PR?RS_RX?CPU
            CODE    8EB8H     001BH     UNIT         ?PR?_GETKEY?KEYREMO
            CODE    8ED3H     001AH     UNIT         ?PR?SAVEFWREVEE?ETC_EEP
            CODE    8EEDH     0019H     UNIT         ?PR?_MCUTIMERDELAYXMS?SYSTIMER
            CODE    8F06H     0018H     UNIT         ?PR?_DELAY?CPU
            CODE    8F1EH     0016H     UNIT         ?PR?INITVARS?CPU
            CODE    8F34H     0015H     UNIT         ?PR?_MCUTIMERGETEVENTID?SYSTIMER
            CODE    8F49H     0014H     UNIT         ?PR?I2CDELAY?I2C
            CODE    8F5DH     0014H     UNIT         ?PR?_MCUTIMERGETEVENTTIME?SYSTIMER
            CODE    8F71H     0013H     UNIT         ?PR?_MCUTIMERCLREVENTVALID?SYSTIMER
            CODE    8F84H     0012H     UNIT         ?CO?ETC_EEP
            CODE    8F96H     0012H     UNIT         ?PR?I2CSTART?I2C
            CODE    8FA8H     0011H     UNIT         ?PR?_MCUTIMERCHECKEVENTVALID?SYSTIMER
            CODE    8FB9H     000FH     UNIT         ?PR?TIMER2_INT?CPU
            CODE    8FC8H     000CH     UNIT         ?PR?_ABS?ABS
            CODE    8FD4H     000BH     UNIT         ?PR?RS_READY?CPU
            CODE    8FDFH     000BH     UNIT         ?PR?RS2_READY?CPU
            CODE    8FEAH     0009H     UNIT         ?PR?_SAVEDEBUGLEVELEE?ETC_EEP
            CODE    8FF3H     0008H     UNIT         ?PR?_RS2_TX?CPU
            CODE    8FFBH     0008H     UNIT         ?PR?_MON_TX?MONITOR
            CODE    9003H     0007H     UNIT         ?PR?GETBATTERYBTH?MAIN
            CODE    900AH     0007H     UNIT         ?PR?GETBATTERYVOLTAGE?MAIN



OVERLAY MAP OF MODULE:   .\Output\ml070i_MRMCU (?C_STARTUP)


SEGMENT                                             BIT_GROUP          XDATA_GROUP
  +--> CALLED SEGMENT                            START    LENGTH     START    LENGTH
BL51 BANKED LINKER/LOCATER V6.22.2.0                                                  05/04/2021  17:40:40  PAGE 5


------------------------------------------------------------------------------------
?C_C51STARTUP                                    -----    -----      -----    -----
  +--> ?PR?MAIN?MAIN
  +--> ?C_INITSEG

?PR?MAIN?MAIN                                    -----    -----      -----    -----
  +--> ?PR?INITCPU?CPU
  +--> ?PR?SYSPOWERINITIAL?SYSPOWER
  +--> ?CO?MAIN
  +--> ?PR?_PRINTF?PRINTF
  +--> ?PR?MAIN_INIT?CPU
  +--> ?PR?INITVARS?CPU
  +--> ?PR?LOADEEPROM?MAIN
  +--> ?PR?INITIALTIMEREVENT?MAIN
  +--> ?PR?_SETAD5110STEP?MAIN
  +--> ?PR?CHECK_ADAP_IN?CPU
  +--> ?PR?MAIN_LOOP?MAIN
  +--> ?PR?WAITPOWERON?MAIN

?PR?SYSPOWERINITIAL?SYSPOWER                     -----    -----      -----    -----
  +--> ?PR?_MCUTIMERDELAYXMS?SYSTIMER
  +--> ?CO?SYSPOWER
  +--> ?PR?_DEBUG_MESSAGE?PRINTF

?PR?_DEBUG_MESSAGE?PRINTF                        -----    -----      0165H    002EH
  +--> ?PR?_DOPRINT?PRINTF

?PR?_DOPRINT?PRINTF                              0021H.3  0000H.2    0193H    0015H
  +--> ?CO?PRINTF

?PR?_PRINTF?PRINTF                               -----    -----      012AH    002EH
  +--> ?PR?_DOPRINT?PRINTF

?PR?MAIN_INIT?CPU                                -----    -----      0106H    0004H
  +--> ?PR?GETFWREVEE?ETC_EEP
  +--> ?PR?_READEEP?I2C
  +--> ?CO?CPU
  +--> ?PR?_PRINTF?PRINTF
  +--> ?PR?SAVEFWREVEE?ETC_EEP
  +--> ?PR?GETPROJECTNAMEEE?ETC_EEP
  +--> ?PR?CLEARBASICEE?ETC_EEP
  +--> ?PR?_DELAY?CPU

?PR?GETFWREVEE?ETC_EEP                           -----    -----      -----    -----
  +--> ?PR?_READEEP?I2C

?PR?_READEEP?I2C                                 -----    -----      0136H    0001H
  +--> ?PR?_READI2C?I2C
  +--> ?PR?_DELAY?CPU

?PR?_READI2C?I2C                                 -----    -----      0137H    0003H
  +--> ?PR?I2CSTART?I2C
  +--> ?PR?_I2CWRITEDATA?I2C
  +--> ?PR?I2CREADDATA?I2C
  +--> ?PR?I2CSTOP?I2C

?PR?I2CSTART?I2C                                 -----    -----      -----    -----
BL51 BANKED LINKER/LOCATER V6.22.2.0                                                  05/04/2021  17:40:40  PAGE 6


  +--> ?PR?I2CDELAY?I2C

?PR?_I2CWRITEDATA?I2C                            -----    -----      -----    -----
  +--> ?PR?I2CDELAY?I2C

?PR?I2CREADDATA?I2C                              -----    -----      -----    -----
  +--> ?PR?I2CDELAY?I2C

?PR?I2CSTOP?I2C                                  -----    -----      -----    -----
  +--> ?PR?I2CDELAY?I2C

?PR?SAVEFWREVEE?ETC_EEP                          -----    -----      -----    -----
  +--> ?PR?_WRITEEEP?I2C

?PR?_WRITEEEP?I2C                                -----    -----      010EH    0004H
  +--> ?PR?I2CSTART?I2C
  +--> ?PR?_I2CWRITEDATA?I2C
  +--> ?PR?I2CSTOP?I2C
  +--> ?PR?_DELAY?CPU

?PR?GETPROJECTNAMEEE?ETC_EEP                     -----    -----      010AH    0001H
  +--> ?PR?_READEEP?I2C

?PR?CLEARBASICEE?ETC_EEP                         -----    -----      -----    -----
  +--> ?CO?ETC_EEP
  +--> ?PR?_PRINTF?PRINTF
  +--> ?PR?_WRITEEEP?I2C

?PR?LOADEEPROM?MAIN                              -----    -----      -----    -----
  +--> ?PR?_READEEP?I2C
  +--> ?PR?_WRITEEEP?I2C

?PR?INITIALTIMEREVENT?MAIN                       -----    -----      -----    -----
  +--> ?PR?MCUTIMERINITIALTIMEREVENT?SYSTIMER
  +--> ?PR?_MCUTIMERACTIVETIMEREVENT?SYSTIMER

?PR?_MCUTIMERACTIVETIMEREVENT?SYSTIMER           -----    -----      012AH    0004H
  +--> ?PR?_MCUTIMERCHECKTIMEREVENT?SYSTIMER

?PR?_MCUTIMERCHECKTIMEREVENT?SYSTIMER            -----    -----      012EH    0005H
  +--> ?PR?MCUTIMERGETTIMERCOUNTER?SYSTIMER

?PR?MCUTIMERGETTIMERCOUNTER?SYSTIMER             -----    -----      0133H    0002H
  +--> ?PR?_ABS?ABS

?PR?_SETAD5110STEP?MAIN                          -----    -----      010AH    0002H
  +--> ?PR?_MAPPING1?MAIN
  +--> ?PR?_WRITEAD5110?I2C

?PR?_MAPPING1?MAIN                               -----    -----      010CH    000FH

?PR?_WRITEAD5110?I2C                             -----    -----      -----    -----
  +--> ?PR?I2CSTART?I2C
  +--> ?PR?_AD5110_I2CWRITEDATA?I2C
  +--> ?PR?I2CSTOP?I2C
  +--> ?PR?_DELAY?CPU

BL51 BANKED LINKER/LOCATER V6.22.2.0                                                  05/04/2021  17:40:40  PAGE 7


?PR?_AD5110_I2CWRITEDATA?I2C                     -----    -----      -----    -----
  +--> ?PR?I2CDELAY?I2C

?PR?CHECK_ADAP_IN?CPU                            -----    -----      -----    -----
  +--> ?PR?_MCUTIMERDELAYXMS?SYSTIMER

?PR?MAIN_LOOP?MAIN                               -----    -----      -----    -----
  +--> ?CO?MAIN
  +--> ?PR?_PRINTF?PRINTF
  +--> ?PR?GETROTATENUMBER?MAIN
  +--> ?PR?RS_READY?CPU
  +--> ?PR?MONITOR?MONITOR
  +--> ?PR?DVRRECEIVEPASER?HS_DVRPROTOCOL
  +--> ?PR?SYSTIMERHANDLER?SYSTIMER
  +--> ?PR?SYSPOWERHANDLER?SYSPOWER
  +--> ?PR?SCANKEY?KEYREMO
  +--> ?PR?ENCORDERHANDLER_TELI?MAIN
  +--> ?PR?ENCORDERHANDLER?MAIN

?PR?GETROTATENUMBER?MAIN                         -----    -----      0106H    0004H
  +--> ?PR?_READEEP?I2C
  +--> ?CO?MAIN
  +--> ?PR?_PRINTF?PRINTF

?PR?MONITOR?MONITOR                              -----    -----      0106H    0002H
  +--> ?PR?MONGETCOMMAND?MONITOR
  +--> ?CO?MONITOR
  +--> ?PR?_STRICMP?MONITOR
  +--> ?PR?_PRINTF?PRINTF
  +--> ?PR?_READAD5110?I2C
  +--> ?PR?_READEEP?I2C
  +--> ?PR?MONWRITEBIT?MONITOR
  +--> ?PR?_WRITEEEP?I2C
  +--> ?PR?_ASC2BIN?MONITOR
  +--> ?PR?MONHELP?MONITOR
  +--> ?PR?_SAVEDEBUGLEVELEE?ETC_EEP
  +--> ?PR?_PUTS?PRINTF
  +--> ?PR?RS_READY?CPU
  +--> ?PR?_READI2C?I2C
  +--> ?PR?_SET_PWM?CPU
  +--> ?PR?_MCUTIMERACTIVETIMEREVENT?SYSTIMER
  +--> ?PR?MONTXDUMP?MONITOR
  +--> ?PR?PROMPT?MONITOR

?PR?MONGETCOMMAND?MONITOR                        -----    -----      0108H    0003H
  +--> ?PR?RS_READY?CPU
  +--> ?PR?RS_RX?CPU
  +--> ?PR?_MCUTIMERREACTIVETIMEREVENT?SYSTIMER
  +--> ?PR?_MON_TX?MONITOR
  +--> ?PR?PROMPT?MONITOR
  +--> ?PR?_MONINCDECI2C?MONITOR

?PR?_MCUTIMERREACTIVETIMEREVENT?SYSTIMER         -----    -----      010BH    0004H
  +--> ?PR?_MCUTIMERCHECKTIMEREVENT?SYSTIMER

?PR?_MON_TX?MONITOR                              -----    -----      -----    -----
  +--> ?PR?_RS_TX?CPU
BL51 BANKED LINKER/LOCATER V6.22.2.0                                                  05/04/2021  17:40:40  PAGE 8



?PR?PROMPT?MONITOR                               -----    -----      -----    -----
  +--> ?CO?MONITOR
  +--> ?PR?_PRINTF?PRINTF

?PR?_MONINCDECI2C?MONITOR                        -----    -----      -----    -----
  +--> ?PR?_WRITEI2C?I2C
  +--> ?PR?_READI2C?I2C
  +--> ?CO?MONITOR
  +--> ?PR?_PRINTF?PRINTF
  +--> ?PR?PROMPT?MONITOR

?PR?_WRITEI2C?I2C                                -----    -----      010DH    0003H
  +--> ?PR?I2CSTART?I2C
  +--> ?PR?_I2CWRITEDATA?I2C
  +--> ?PR?I2CSTOP?I2C

?PR?_STRICMP?MONITOR                             -----    -----      0108H    0008H
  +--> ?CO?MONITOR
  +--> ?PR?_TOUPPER?MONITOR

?PR?_READAD5110?I2C                              -----    -----      0108H    0001H
  +--> ?PR?I2CSTART?I2C
  +--> ?PR?_AD5110_I2CWRITEDATA?I2C
  +--> ?PR?AD5110_I2CREADDATA?I2C
  +--> ?PR?I2CSTOP?I2C
  +--> ?PR?_DELAY?CPU

?PR?AD5110_I2CREADDATA?I2C                       -----    -----      -----    -----
  +--> ?PR?I2CDELAY?I2C

?PR?MONWRITEBIT?MONITOR                          -----    -----      0108H    0005H
  +--> ?CO?MONITOR
  +--> ?PR?_ASC2BIN?MONITOR
  +--> ?PR?_READI2C?I2C
  +--> ?PR?_WRITEI2C?I2C
  +--> ?PR?_PRINTF?PRINTF

?PR?_ASC2BIN?MONITOR                             -----    -----      -----    -----
  +--> ?PR?_ASC1BIN?MONITOR

?PR?MONHELP?MONITOR                              -----    -----      -----    -----
  +--> ?CO?MONITOR
  +--> ?PR?_PRINTF?PRINTF

?PR?_SAVEDEBUGLEVELEE?ETC_EEP                    -----    -----      -----    -----
  +--> ?PR?_WRITEEEP?I2C

?PR?_PUTS?PRINTF                                 -----    -----      010AH    0003H
  +--> ?PR?_RS_TX?CPU

?PR?_SET_PWM?CPU                                 -----    -----      010BH    0002H
  +--> ?CO?CPU
  +--> ?PR?_PRINTF?PRINTF

?PR?MONTXDUMP?MONITOR                            -----    -----      0108H    0002H
  +--> ?CO?MONITOR
BL51 BANKED LINKER/LOCATER V6.22.2.0                                                  05/04/2021  17:40:40  PAGE 9


  +--> ?PR?_PUTS?PRINTF
  +--> ?PR?_A2I?MONITOR
  +--> ?PR?_RS_TX?CPU

?PR?_A2I?MONITOR                                 -----    -----      010AH    0008H

?PR?DVRRECEIVEPASER?HS_DVRPROTOCOL               -----    -----      0106H    0001H
  +--> ?PR?RS2_READY?CPU
  +--> ?PR?RS2_RX?CPU
  +--> ?CO?HS_DVRPROTOCOL
  +--> ?PR?_GRAPHICSPRINT?PRINTF
  +--> ?PR?_USERINTERFACEBATTERYCHARGEMODE?S...
  +--> ?PR?_MCUTIMERCANCELTIMEREVENT?SYSTIMER
  +--> ?PR?_MCUTIMERACTIVETIMEREVENT?SYSTIMER
  +--> ?PR?_PRINTF?PRINTF
  +--> ?PR?_WRITEEEP?I2C
  +--> ?PR?_MCUTIMERREACTIVETIMEREVENT?SYSTIMER
  +--> ?PR?_READEEP?I2C
  +--> ?PR?_DEBUG_MESSAGE?PRINTF

?PR?_GRAPHICSPRINT?PRINTF                        -----    -----      0136H    002FH
  +--> ?PR?_DEBUG_MESSAGE?PRINTF
  +--> ?PR?_DOPRINT?PRINTF

?PR?_USERINTERFACEBATTERYCHARGEMODE?S...         -----    -----      010AH    0001H
  +--> ?PR?_MCUTIMERCANCELTIMEREVENT?SYSTIMER
  +--> ?PR?_SET_PWM?CPU
  +--> ?CO?SYSPOWER
  +--> ?PR?_GRAPHICSPRINT?PRINTF
  +--> ?PR?_USERINTERFACEPOWERSWITCH?SYSPOWER
  +--> ?PR?_MCUTIMERACTIVETIMEREVENT?SYSTIMER

?PR?_USERINTERFACEPOWERSWITCH?SYSPOWER           -----    -----      010BH    0001H
  +--> ?CO?SYSPOWER
  +--> ?PR?_PRINTF?PRINTF
  +--> ?PR?_MCUTIMERDELAYXMS?SYSTIMER
  +--> ?PR?_MCUTIMERACTIVETIMEREVENT?SYSTIMER
  +--> ?PR?_MCU_SENDCMDTODVR?MAIN

?PR?_MCU_SENDCMDTODVR?MAIN                       -----    -----      012AH    000CH
  +--> ?CO?MAIN
  +--> ?PR?_READEEP?I2C
  +--> ?PR?_GRAPHICSPRINT?PRINTF
  +--> ?PR?_MCULIB_PROTOCOLSENDCMDWITHPARAMN...

?PR?_MCULIB_PROTOCOLSENDCMDWITHPARAMN...         -----    -----      0136H    0017H
  +--> ?PR?_MCULIB_PROTOCOLAPPEND?MAIN
  +--> ?PR?_RS2_TX?CPU

?PR?_MCULIB_PROTOCOLAPPEND?MAIN                  -----    -----      014DH    0007H

?PR?SYSTIMERHANDLER?SYSTIMER                     -----    -----      0106H    0004H
  +--> ?PR?MCUTIMERGETTIMERCOUNTER?SYSTIMER
  +--> ?PR?_MCUTIMERCHECKEVENTVALID?SYSTIMER
  +--> ?PR?_MCUTIMERGETEVENTTIME?SYSTIMER
  +--> ?PR?_MCUTIMERCLREVENTVALID?SYSTIMER
  +--> ?PR?_MCUTIMERGETEVENTID?SYSTIMER
BL51 BANKED LINKER/LOCATER V6.22.2.0                                                  05/04/2021  17:40:40  PAGE 10


  +--> ?PR?_USERINTERFACETIMEREVENTPROC?SYST...
  +--> ?PR?_SYSTIMEREVENTPROC?SYSTIMER

?PR?_USERINTERFACETIMEREVENTPROC?SYST...         -----    -----      -----    -----
  +--> ?PR?_SETAD5110STEP?MAIN
  +--> ?PR?_WRITEEEP?I2C
  +--> ?CO?SYSTIMER
  +--> ?PR?_MCU_SENDCMDTODVR?MAIN
  +--> ?PR?_GRAPHICSPRINT?PRINTF
  +--> ?PR?_USERINTERFACEBATTERYCHARGEMODE?S...
  +--> ?PR?_MCUTIMERACTIVETIMEREVENT?SYSTIMER
  +--> ?PR?ENTER_ISP?MAIN
  +--> ?PR?_USERINTERFACEPOWERSWITCH?SYSPOWER

?PR?ENTER_ISP?MAIN                               -----    -----      010AH    0001H
  +--> ?PR?ISP_INIT?MAIN
  +--> ?PR?_ISP_WRITE?MAIN

?PR?_ISP_WRITE?MAIN                              -----    -----      010BH    0006H

?PR?_SYSTIMEREVENTPROC?SYSTIMER                  -----    -----      -----    -----
  +--> ?PR?_POWERLED?CPU
  +--> ?PR?_MCUTIMERDELAYXMS?SYSTIMER
  +--> ?PR?CHECK_ADAP_IN?CPU
  +--> ?PR?_MCUTIMERCHECKEVENTVALID?SYSTIMER
  +--> ?CO?SYSTIMER
  +--> ?PR?_GRAPHICSPRINT?PRINTF
  +--> ?PR?_MCUTIMERCANCELTIMEREVENT?SYSTIMER
  +--> ?PR?_MCUTIMERACTIVETIMEREVENT?SYSTIMER
  +--> ?PR?_MCU_SENDCMDTODVR?MAIN
  +--> ?PR?GETBATTERYVOLTAGE?MAIN
  +--> ?PR?GETBATTERYBTH?MAIN
  +--> ?PR?_READEEP?I2C
  +--> ?PR?_WRITEEEP?I2C
  +--> ?PR?_USERINTERFACEBATTERYCHARGEMODE?S...
  +--> ?PR?SHOWWORKINGTIMER?CPU

?PR?GETBATTERYVOLTAGE?MAIN                       -----    -----      -----    -----
  +--> ?PR?_GETADCVALUE?MAIN

?PR?GETBATTERYBTH?MAIN                           -----    -----      -----    -----
  +--> ?PR?_GETADCVALUE?MAIN

?PR?SHOWWORKINGTIMER?CPU                         -----    -----      010AH    0002H
  +--> ?CO?CPU
  +--> ?PR?_GRAPHICSPRINT?PRINTF

?PR?SYSPOWERHANDLER?SYSPOWER                     -----    -----      -----    -----
  +--> ?PR?_SYSPOWERSWITCH?SYSPOWER

?PR?_SYSPOWERSWITCH?SYSPOWER                     -----    -----      0106H    0001H
  +--> ?PR?_USERINTERFACEPOWERSWITCH?SYSPOWER

?PR?SCANKEY?KEYREMO                              -----    -----      -----    -----
  +--> ?PR?_GETKEY?KEYREMO
  +--> ?PR?_WRITEEEP?I2C
  +--> ?PR?_MCUTIMERACTIVETIMEREVENT?SYSTIMER
BL51 BANKED LINKER/LOCATER V6.22.2.0                                                  05/04/2021  17:40:40  PAGE 11



?PR?_GETKEY?KEYREMO                              0021H.3  0000H.1    -----    -----

?PR?ENCORDERHANDLER_TELI?MAIN                    -----    -----      0106H    0024H
  +--> ?CO?MAIN
  +--> ?PR?_PRINTF?PRINTF
  +--> ?PR?_MCU_SENDCMDTODVR?MAIN
  +--> ?PR?_MCUTIMERCANCELTIMEREVENT?SYSTIMER
  +--> ?PR?_MCUTIMERACTIVETIMEREVENT?SYSTIMER

?PR?ENCORDERHANDLER?MAIN                         -----    -----      0106H    0022H
  +--> ?CO?MAIN
  +--> ?PR?_PRINTF?PRINTF
  +--> ?PR?_MCU_SENDCMDTODVR?MAIN
  +--> ?PR?_MCUTIMERCANCELTIMEREVENT?SYSTIMER
  +--> ?PR?_MCUTIMERACTIVETIMEREVENT?SYSTIMER

?PR?WAITPOWERON?MAIN                             -----    -----      -----    -----
  +--> ?CO?MAIN
  +--> ?PR?_PRINTF?PRINTF
  +--> ?PR?_MCUTIMERCANCELTIMEREVENT?SYSTIMER
  +--> ?PR?_SAVEROTATENUMBER?MAIN
  +--> ?PR?RS_READY?CPU
  +--> ?PR?MONITOR?MONITOR
  +--> ?PR?SYSPOWERHANDLER?SYSPOWER
  +--> ?PR?SYSTIMERHANDLER?SYSTIMER
  +--> ?PR?SCANKEY?KEYREMO
  +--> ?PR?_MCUTIMERACTIVETIMEREVENT?SYSTIMER
  +--> ?PR?CHECK_ADAP_IN?CPU
  +--> ?PR?SET_MCU_POWER_DOWN_MODE?CPU
  +--> ?PR?_WRITEEEP?I2C

?PR?_SAVEROTATENUMBER?MAIN                       -----    -----      0106H    0008H
  +--> ?PR?_READEEP?I2C
  +--> ?CO?MAIN
  +--> ?PR?_PRINTF?PRINTF
  +--> ?PR?_WRITEEEP?I2C

?PR?SET_MCU_POWER_DOWN_MODE?CPU                  -----    -----      -----    -----
  +--> ?CO?CPU
  +--> ?PR?_PRINTF?PRINTF

?C_INITSEG                                       -----    -----      -----    -----
  +--> ?CO?PRINTF



SYMBOL TABLE OF MODULE:  .\Output\ml070i_MRMCU (?C_STARTUP)

  VALUE           TYPE          NAME
  ----------------------------------

  -------         MODULE        ?C_STARTUP
  C:825CH         SEGMENT       ?C_C51STARTUP
  I:007AH         SEGMENT       ?STACK
  C:0000H         PUBLIC        ?C_STARTUP
  D:00E0H         SYMBOL        ACC
BL51 BANKED LINKER/LOCATER V6.22.2.0                                                  05/04/2021  17:40:40  PAGE 12


  D:00F0H         SYMBOL        B
  D:0083H         SYMBOL        DPH
  D:0082H         SYMBOL        DPL
  N:0000H         SYMBOL        IBPSTACK
  N:0100H         SYMBOL        IBPSTACKTOP
  N:0080H         SYMBOL        IDATALEN
  C:825FH         SYMBOL        IDATALOOP
  N:0000H         SYMBOL        PBPSTACK
  N:0100H         SYMBOL        PBPSTACKTOP
  N:0000H         SYMBOL        PDATALEN
  N:0000H         SYMBOL        PDATASTART
  N:0000H         SYMBOL        PPAGE
  N:0000H         SYMBOL        PPAGEENABLE
  D:00A0H         SYMBOL        PPAGE_SFR
  D:0081H         SYMBOL        SP
  C:825CH         SYMBOL        STARTUP1
  N:0000H         SYMBOL        XBPSTACK
  N:0000H         SYMBOL        XBPSTACKTOP
  N:0000H         SYMBOL        XDATALEN
  N:0000H         SYMBOL        XDATASTART
  C:0000H         LINE#         126
  C:825CH         LINE#         133
  C:825EH         LINE#         134
  C:825FH         LINE#         135
  C:8260H         LINE#         136
  C:8262H         LINE#         185
  C:8265H         LINE#         196
  -------         ENDMOD        ?C_STARTUP

  -------         MODULE        CPU
  C:0000H         SYMBOL        _ICE_DUMMY_
  D:0091H         PUBLIC        P1M0
  X:02BBH         PUBLIC        second
  C:8702H         PUBLIC        InitCPU
  D:00B1H         PUBLIC        P3M0
  D:0096H         PUBLIC        P2M1
  C:547CH         PUBLIC        timer0_int
  X:02BCH         PUBLIC        FormatSDCard
  D:00B3H         PUBLIC        P4M0
  D:00B2H         PUBLIC        P3M1
  D:00B4H         PUBLIC        P4M1
  D:00B0H         PUBLIC        P3
  C:8FB9H         PUBLIC        timer2_int
  D:00E8H         PUBLIC        P4
  X:02BDH         PUBLIC        FormatWait
  X:02BEH         PUBLIC        Power_Msg_Count
  X:02C0H         PUBLIC        IE_Temp
  D:00F9H         PUBLIC        CH
  D:0022H         PUBLIC        DVR_buf
  D:0040H         PUBLIC        keytic
  D:00A8H         PUBLIC        IE
  C:4C50H         PUBLIC        ShowWorkingTimer
  D:00E9H         PUBLIC        CL
  D:0042H         PUBLIC        RS2_in
  B:0020H.0       PUBLIC        RepeatKey
  X:02C1H         PUBLIC        LED_FLASH_COUNT
  D:0043H         PUBLIC        RS2_out
BL51 BANKED LINKER/LOCATER V6.22.2.0                                                  05/04/2021  17:40:40  PAGE 13


  C:8F06H         PUBLIC        _delay
  D:00FCH         PUBLIC        CCAP2H
  B:00E8H.0       PUBLIC        P4_0
  D:00FDH         PUBLIC        CCAP3H
  B:00E8H.1       PUBLIC        P4_1
  B:0090H.4       PUBLIC        P1_4
  B:0080H.5       PUBLIC        P0_5
  X:02C3H         PUBLIC        minute
  B:00E8H.2       PUBLIC        P4_2
  D:00ECH         PUBLIC        CCAP2L
  B:00A8H.4       PUBLIC        ES
  D:00EDH         PUBLIC        CCAP3L
  D:00DCH         PUBLIC        CCAPM2
  D:00DDH         PUBLIC        CCAPM3
  D:00B8H         PUBLIC        IP
  B:0098H.0       PUBLIC        RI
  B:0098H.1       PUBLIC        TI
  C:8FD4H         PUBLIC        RS_ready
  D:0044H         PUBLIC        tic01
  B:0020H.1       PUBLIC        KeyReady
  C:8E62H         PUBLIC        RS2_rx
  B:0020H.2       PUBLIC        RS_Xbusy
  D:0045H         PUBLIC        tic02
  D:00D9H         PUBLIC        CMOD
  D:00D8H         PUBLIC        CCON
  C:8FF3H         PUBLIC        _RS2_tx
  X:02C4H         PUBLIC        Time5ms
  X:02C5H         PUBLIC        month
  X:02C6H         PUBLIC        keyticSec
  D:0046H         PUBLIC        Key
  C:8E24H         PUBLIC        int2_int
  C:8E43H         PUBLIC        int3_int
  X:02C7H         PUBLIC        bytEncorderCountTemp
  C:8CCBH         PUBLIC        serial_int
  C:0026H         PUBLIC        ext1_int
  D:0099H         PUBLIC        SBUF
  D:0087H         PUBLIC        PCON
  D:0098H         PUBLIC        SCON
  C:8F1EH         PUBLIC        InitVars
  D:0089H         PUBLIC        TMOD
  D:0088H         PUBLIC        TCON
  C:762CH         PUBLIC        main_init
  X:02C9H         PUBLIC        day
  X:02CAH         PUBLIC        hour
  B:00C0H.1       PUBLIC        IE2
  B:00C0H.5       PUBLIC        IE3
  C:8134H         PUBLIC        _SET_PWM
  X:02CBH         PUBLIC        PowerDownWait
  D:0047H         PUBLIC        tm01
  D:0049H         PUBLIC        stopWatch
  X:02CCH         PUBLIC        EncorderCount
  D:004BH         SYMBOL        RS_buf
  C:8C9CH         PUBLIC        SET_MCU_POWER_DOWN_MODE
  D:0069H         PUBLIC        tic_PWR_SAVING
  D:006DH         PUBLIC        tic_Init_time
  B:00A8H.5       PUBLIC        ET2
  B:00C8H.7       PUBLIC        TF2
BL51 BANKED LINKER/LOCATER V6.22.2.0                                                  05/04/2021  17:40:40  PAGE 14


  D:008CH         PUBLIC        TH0
  D:008DH         PUBLIC        TH1
  X:02CEH         PUBLIC        bytHoldOn3SPowerOff
  B:00A8H.2       PUBLIC        EX1
  B:00C0H.2       PUBLIC        EX2
  B:00C0H.0       PUBLIC        IT2
  C:8FDFH         PUBLIC        RS2_ready
  C:8E80H         PUBLIC        Check_ADAP_IN
  B:00C0H.6       PUBLIC        EX3
  B:00C0H.4       PUBLIC        IT3
  D:008AH         PUBLIC        TL0
  X:02CFH         PUBLIC        bytHoldOn3SPowerOffMode
  B:0020H.3       PUBLIC        RS2_Xbusy
  B:00C8H.2       PUBLIC        TR2
  X:02D0H         PUBLIC        updn_reg
  B:0020H.4       PUBLIC        PWR_SAVING_ACT_FLAG
  D:0071H         PUBLIC        RS_in
  D:0072H         PUBLIC        RS_out
  C:8AEAH         PUBLIC        serial2_int
  D:009AH         PUBLIC        S2BUF
  X:02D4H         PUBLIC        year1
  X:02D5H         PUBLIC        year2
  C:856CH         PUBLIC        _PowerLED
  D:00AAH         PUBLIC        S2CON
  D:00C8H         PUBLIC        T2CON
  D:00BAH         PUBLIC        S2BRT
  X:02D6H         PUBLIC        DVR_FACTORY_MODE
  C:8E9CH         PUBLIC        RS_rx
  C:0003H         PUBLIC        _RS_tx
  D:0073H         PUBLIC        tm001
  D:00A6H         PUBLIC        AUXR2
  B:0020H.5       PUBLIC        ChangeKey
  D:0074H         PUBLIC        tic_pc
  D:0076H         PUBLIC        SystemClock
  D:0093H         PUBLIC        P0M0
  D:00ADH         PUBLIC        AUXIE
  -------         PROC          MAIN_INIT
  -------         DO            
  X:0106H         SYMBOL        rev
  -------         ENDDO         
  C:762CH         LINE#         95
  C:762CH         LINE#         96
  C:762CH         LINE#         99
  C:7635H         LINE#         102
  C:7677H         LINE#         104
  C:7687H         LINE#         105
  C:7687H         LINE#         106
  C:76A3H         LINE#         107
  C:76A6H         LINE#         108
  C:76E8H         LINE#         109
  C:76E8H         LINE#         113
  C:76F8H         LINE#         114
  C:76F8H         LINE#         117
  C:76F8H         LINE#         118
  C:76FEH         LINE#         119
  C:7701H         LINE#         120
  C:7701H         LINE#         121
BL51 BANKED LINKER/LOCATER V6.22.2.0                                                  05/04/2021  17:40:40  PAGE 15


  C:7703H         LINE#         123
  C:7703H         LINE#         124
  C:770CH         LINE#         125
  C:7715H         LINE#         126
  C:771CH         LINE#         128
  C:771CH         LINE#         130
  C:7728H         LINE#         131
  C:7728H         LINE#         132
  C:7731H         LINE#         133
  C:7734H         LINE#         134
  C:7734H         LINE#         136
  C:774CH         LINE#         138
  C:7751H         LINE#         141
  C:7759H         LINE#         142
  C:775EH         LINE#         144
  -------         ENDPROC       MAIN_INIT
  -------         PROC          INITCPU
  C:8702H         LINE#         152
  C:8702H         LINE#         153
  C:8702H         LINE#         157
  C:8705H         LINE#         165
  C:8708H         LINE#         167
  C:870BH         LINE#         169
  C:870EH         LINE#         177
  C:8714H         LINE#         179
  C:8717H         LINE#         180
  C:871AH         LINE#         184
  C:871DH         LINE#         187
  C:871FH         LINE#         188
  C:8721H         LINE#         207
  C:8724H         LINE#         208
  C:8726H         LINE#         209
  C:8728H         LINE#         216
  C:872BH         LINE#         217
  C:872EH         LINE#         220
  C:8731H         LINE#         223
  C:8734H         LINE#         225
  C:8736H         LINE#         227
  C:8738H         LINE#         228
  C:873AH         LINE#         232
  C:873DH         LINE#         233
  C:8740H         LINE#         243
  C:8743H         LINE#         246
  C:8746H         LINE#         248
  C:8749H         LINE#         250
  C:874CH         LINE#         251
  C:874EH         LINE#         252
  C:8751H         LINE#         253
  C:8753H         LINE#         255
  -------         ENDPROC       INITCPU
  -------         PROC          SET_MCU_POWER_DOWN_MODE
  C:8C9CH         LINE#         258
  C:8C9CH         LINE#         259
  C:8C9CH         LINE#         261
  C:8CA5H         LINE#         263
  C:8CA7H         LINE#         264
  C:8CA9H         LINE#         265
BL51 BANKED LINKER/LOCATER V6.22.2.0                                                  05/04/2021  17:40:40  PAGE 16


  C:8CABH         LINE#         267
  C:8CADH         LINE#         268
  C:8CAFH         LINE#         269
  C:8CB1H         LINE#         271
  C:8CB7H         LINE#         272
  C:8CBAH         LINE#         274
  C:8CC0H         LINE#         275
  C:8CC2H         LINE#         276
  C:8CC4H         LINE#         277
  C:8CC7H         LINE#         278
  C:8CC8H         LINE#         279
  C:8CC9H         LINE#         280
  C:8CCAH         LINE#         284
  -------         ENDPROC       SET_MCU_POWER_DOWN_MODE
  -------         PROC          CHECK_ADAP_IN
  C:8E80H         LINE#         287
  C:8E80H         LINE#         288
  C:8E80H         LINE#         290
  C:8E86H         LINE#         291
  C:8E86H         LINE#         292
  C:8E8DH         LINE#         294
  C:8E93H         LINE#         295
  C:8E96H         LINE#         297
  C:8E99H         LINE#         298
  C:8E99H         LINE#         300
  C:8E9BH         LINE#         301
  -------         ENDPROC       CHECK_ADAP_IN
  -------         PROC          _SET_PWM
  X:010BH         SYMBOL        index
  X:010CH         SYMBOL        val
  C:8134H         LINE#         303
  C:813CH         LINE#         304
  C:813CH         LINE#         306
  C:8155H         LINE#         308
  C:8167H         LINE#         309
  C:8167H         LINE#         310
  C:8167H         LINE#         312
  C:816AH         LINE#         313
  C:8175H         LINE#         314
  C:8178H         LINE#         316
  C:817BH         LINE#         317
  C:817BH         LINE#         318
  C:817DH         LINE#         319
  C:817FH         LINE#         320
  C:817FH         LINE#         322
  C:8187H         LINE#         323
  C:8187H         LINE#         324
  C:818AH         LINE#         325
  C:818DH         LINE#         326
  C:8190H         LINE#         327
  C:8196H         LINE#         328
  C:8198H         LINE#         329
  C:81A0H         LINE#         330
  C:81A0H         LINE#         331
  C:81A3H         LINE#         332
  C:81A6H         LINE#         333
  C:81A9H         LINE#         334
BL51 BANKED LINKER/LOCATER V6.22.2.0                                                  05/04/2021  17:40:40  PAGE 17


  C:81B2H         LINE#         335
  C:81B2H         LINE#         380
  C:81B2H         LINE#         381
  C:81B2H         LINE#         382
  C:81B5H         LINE#         383
  C:81C0H         LINE#         384
  C:81C3H         LINE#         385
  C:81C4H         LINE#         386
  C:81C4H         LINE#         387
  C:81C7H         LINE#         388
  C:81C8H         LINE#         389
  C:81C8H         LINE#         390
  C:81CBH         LINE#         391
  C:81CBH         LINE#         393
  C:81CBH         LINE#         394
  C:81CBH         LINE#         395
  C:81CBH         LINE#         398
  -------         ENDPROC       _SET_PWM
  -------         PROC          TIMER0_INT
  -------         DO            
  D:000FH         SYMBOL        TempKey
  -------         ENDDO         
  C:547CH         LINE#         407
  C:5489H         LINE#         414
  C:548BH         LINE#         417
  C:548DH         LINE#         420
  C:5498H         LINE#         421
  C:5498H         LINE#         422
  C:54A6H         LINE#         423
  C:54A9H         LINE#         424
  C:54ABH         LINE#         425
  C:54ABH         LINE#         427
  C:54B1H         LINE#         428
  C:54B3H         LINE#         429
  C:54BCH         LINE#         430
  C:54BCH         LINE#         432
  C:54C5H         LINE#         433
  C:54CFH         LINE#         434
  C:54CFH         LINE#         435
  C:54D7H         LINE#         436
  C:54DFH         LINE#         437
  C:54E7H         LINE#         438
  C:54EAH         LINE#         439
  C:54ECH         LINE#         442
  C:54F7H         LINE#         443
  C:54FCH         LINE#         445
  C:54FFH         LINE#         447
  C:551AH         LINE#         448
  C:551AH         LINE#         449
  C:5528H         LINE#         450
  C:5536H         LINE#         451
  C:5536H         LINE#         452
  C:554EH         LINE#         453
  C:554EH         LINE#         454
  C:555CH         LINE#         455
  C:556AH         LINE#         456
  C:556AH         LINE#         457
BL51 BANKED LINKER/LOCATER V6.22.2.0                                                  05/04/2021  17:40:40  PAGE 18


  C:5582H         LINE#         458
  C:5582H         LINE#         459
  C:5590H         LINE#         460
  C:559EH         LINE#         461
  C:559EH         LINE#         462
  C:55B9H         LINE#         463
  C:55B9H         LINE#         464
  C:55C7H         LINE#         465
  C:55D5H         LINE#         466
  C:55D5H         LINE#         467
  C:55EDH         LINE#         468
  C:55EDH         LINE#         469
  C:55FBH         LINE#         470
  C:5609H         LINE#         471
  C:5609H         LINE#         472
  C:5621H         LINE#         473
  C:5621H         LINE#         474
  C:562FH         LINE#         475
  C:563DH         LINE#         476
  C:563DH         LINE#         477
  C:5658H         LINE#         478
  C:5658H         LINE#         479
  C:5666H         LINE#         480
  C:5674H         LINE#         481
  C:5674H         LINE#         482
  C:568CH         LINE#         483
  C:568CH         LINE#         484
  C:569AH         LINE#         485
  C:56A8H         LINE#         486
  C:56A8H         LINE#         488
  C:56B0H         LINE#         489
  C:56B0H         LINE#         490
  C:56BFH         LINE#         491
  C:56BFH         LINE#         492
  C:56BFH         LINE#         493
  C:56BFH         LINE#         494
  C:56BFH         LINE#         495
  C:56C1H         LINE#         497
  C:56C1H         LINE#         498
  C:56D0H         LINE#         499
  C:56D0H         LINE#         500
  C:56EFH         LINE#         501
  C:56F6H         LINE#         502
  C:56F6H         LINE#         503
  C:56F6H         LINE#         504
  C:56F6H         LINE#         505
  C:56F6H         LINE#         514
  C:5704H         LINE#         517
  C:570CH         LINE#         518
  C:570FH         LINE#         519
  C:5711H         LINE#         521
  C:5717H         LINE#         522
  C:5717H         LINE#         524
  C:5719H         LINE#         527
  C:5720H         LINE#         528
  C:5725H         LINE#         530
  C:5727H         LINE#         532
BL51 BANKED LINKER/LOCATER V6.22.2.0                                                  05/04/2021  17:40:40  PAGE 19


  C:5727H         LINE#         533
  C:5731H         LINE#         534
  C:5739H         LINE#         537
  C:5747H         LINE#         538
  C:575BH         LINE#         539
  C:5765H         LINE#         540
  C:5773H         LINE#         581
  C:577FH         LINE#         582
  C:577FH         LINE#         583
  C:5787H         LINE#         584
  C:5787H         LINE#         585
  C:5798H         LINE#         586
  C:5798H         LINE#         587
  C:579BH         LINE#         588
  C:579DH         LINE#         589
  C:579FH         LINE#         590
  C:579FH         LINE#         591
  C:57A1H         LINE#         592
  C:57BDH         LINE#         593
  C:57BDH         LINE#         594
  C:57C0H         LINE#         595
  C:57C0H         LINE#         596
  C:57C3H         LINE#         597
  C:57C5H         LINE#         598
  C:57CAH         LINE#         599
  C:57CCH         LINE#         600
  C:57CCH         LINE#         601
  C:57CEH         LINE#         602
  C:57D8H         LINE#         604
  C:57DBH         LINE#         605
  C:57DBH         LINE#         606
  C:57DEH         LINE#         607
  C:57E0H         LINE#         608
  C:57E6H         LINE#         609
  C:57E8H         LINE#         610
  C:57E8H         LINE#         612
  C:57EEH         LINE#         613
  C:57EEH         LINE#         615
  C:57F6H         LINE#         616
  C:57F8H         LINE#         618
  C:57F8H         LINE#         619
  C:580EH         LINE#         620
  C:5811H         LINE#         621
  C:5813H         LINE#         622
  C:5815H         LINE#         624
  C:5815H         LINE#         625
  C:5818H         LINE#         626
  C:581AH         LINE#         627
  C:581AH         LINE#         629
  C:581CH         LINE#         630
  C:5822H         LINE#         631
  C:5822H         LINE#         662
  C:5822H         LINE#         664
  -------         ENDPROC       TIMER0_INT
  -------         PROC          SHOWWORKINGTIMER
  -------         DO            
  X:010AH         SYMBOL        val
BL51 BANKED LINKER/LOCATER V6.22.2.0                                                  05/04/2021  17:40:40  PAGE 20


  -------         ENDDO         
  C:4C50H         LINE#         669
  C:4C50H         LINE#         670
  C:4C50H         LINE#         673
  C:4C5BH         LINE#         675
  C:4C62H         LINE#         676
  C:4C62H         LINE#         677
  C:4C92H         LINE#         678
  C:4C94H         LINE#         679
  C:4C9BH         LINE#         680
  C:4C9BH         LINE#         681
  C:4CBEH         LINE#         682
  C:4CC0H         LINE#         683
  C:4CC9H         LINE#         684
  C:4CC9H         LINE#         685
  C:4CDDH         LINE#         686
  C:4CDFH         LINE#         688
  C:4CDFH         LINE#         689
  C:4CF5H         LINE#         690
  C:4CF5H         LINE#         694
  C:4D3DH         LINE#         698
  C:4D47H         LINE#         699
  C:4D51H         LINE#         700
  C:4D5AH         LINE#         701
  C:4D64H         LINE#         703
  C:4D6EH         LINE#         704
  C:4D78H         LINE#         705
  C:4D85H         LINE#         706
  C:4D8DH         LINE#         708
  C:4D96H         LINE#         714
  C:4DA0H         LINE#         715
  C:4DA0H         LINE#         716
  C:4DFFH         LINE#         717
  C:4E0DH         LINE#         719
  C:4E0FH         LINE#         721
  C:4E0FH         LINE#         725
  C:4E4BH         LINE#         727
  C:4E59H         LINE#         728
  C:4E70H         LINE#         730
  C:4E84H         LINE#         734
  C:4E84H         LINE#         737
  C:4ED7H         LINE#         741
  C:4EE1H         LINE#         742
  C:4EEBH         LINE#         743
  C:4EF5H         LINE#         744
  C:4EFFH         LINE#         745
  C:4F09H         LINE#         746
  C:4F13H         LINE#         747
  C:4F1DH         LINE#         748
  C:4F27H         LINE#         749
  C:4F31H         LINE#         750
  C:4F3CH         LINE#         752
  C:4F46H         LINE#         753
  C:4F4EH         LINE#         754
  C:4F58H         LINE#         755
  C:4F60H         LINE#         756
  C:4F6AH         LINE#         757
BL51 BANKED LINKER/LOCATER V6.22.2.0                                                  05/04/2021  17:40:40  PAGE 21


  C:4F72H         LINE#         758
  C:4F7CH         LINE#         759
  C:4F84H         LINE#         760
  C:4F8CH         LINE#         761
  C:4F96H         LINE#         762
  C:4FA0H         LINE#         763
  C:4FAAH         LINE#         764
  C:4FB4H         LINE#         765
  C:4FBEH         LINE#         766
  C:4FC8H         LINE#         767
  C:4FD2H         LINE#         768
  C:4FDCH         LINE#         769
  C:4FE6H         LINE#         770
  C:4FF0H         LINE#         771
  C:4FFBH         LINE#         773
  C:5007H         LINE#         774
  C:5012H         LINE#         776
  C:501CH         LINE#         777
  C:5024H         LINE#         778
  C:502EH         LINE#         779
  C:5036H         LINE#         780
  C:5042H         LINE#         781
  C:5048H         LINE#         783
  C:5060H         LINE#         801
  -------         ENDPROC       SHOWWORKINGTIMER
  -------         PROC          INITVARS
  -------         DO            
  D:0007H         SYMBOL        j
  -------         ENDDO         
  C:8F1EH         LINE#         811
  C:8F1EH         LINE#         812
  C:8F1EH         LINE#         814
  C:8F2AH         LINE#         815
  C:8F33H         LINE#         817
  -------         ENDPROC       INITVARS
  -------         PROC          _POWERLED
  D:0007H         SYMBOL        flag
  C:856CH         LINE#         823
  C:856CH         LINE#         824
  C:856CH         LINE#         826
  C:85A0H         LINE#         827
  C:85A0H         LINE#         828
  C:85A0H         LINE#         829
  C:85A2H         LINE#         830
  C:85A4H         LINE#         831
  C:85A5H         LINE#         832
  C:85A5H         LINE#         833
  C:85A7H         LINE#         834
  C:85A9H         LINE#         835
  C:85AAH         LINE#         836
  C:85AAH         LINE#         837
  C:85AAH         LINE#         838
  C:85AAH         LINE#         839
  C:85ACH         LINE#         840
  C:85ACH         LINE#         841
  C:85ACH         LINE#         842
  C:85ACH         LINE#         843
BL51 BANKED LINKER/LOCATER V6.22.2.0                                                  05/04/2021  17:40:40  PAGE 22


  C:85AEH         LINE#         844
  C:85AEH         LINE#         845
  C:85B1H         LINE#         846
  C:85B1H         LINE#         847
  C:85B3H         LINE#         848
  C:85B5H         LINE#         849
  C:85B6H         LINE#         856
  C:85B6H         LINE#         857
  C:85B9H         LINE#         858
  C:85B9H         LINE#         859
  C:85BBH         LINE#         860
  C:85BDH         LINE#         861
  C:85BEH         LINE#         863
  C:85BEH         LINE#         864
  C:85BEH         LINE#         865
  C:85BEH         LINE#         866
  C:85BEH         LINE#         867
  C:85C0H         LINE#         868
  C:85C0H         LINE#         869
  C:85C3H         LINE#         870
  C:85C3H         LINE#         871
  C:85C5H         LINE#         872
  C:85C7H         LINE#         873
  C:85C8H         LINE#         875
  C:85C8H         LINE#         876
  C:85CAH         LINE#         877
  C:85CCH         LINE#         878
  C:85CCH         LINE#         879
  C:85CDH         LINE#         880
  C:85CDH         LINE#         881
  C:85D0H         LINE#         882
  C:85D0H         LINE#         883
  C:85D2H         LINE#         884
  C:85D4H         LINE#         886
  C:85D4H         LINE#         887
  C:85D6H         LINE#         888
  C:85D6H         LINE#         890
  C:85D8H         LINE#         892
  C:85D9H         LINE#         893
  C:85D9H         LINE#         894
  C:85DCH         LINE#         895
  C:85DCH         LINE#         896
  C:85DEH         LINE#         897
  C:85E0H         LINE#         899
  C:85E0H         LINE#         900
  C:85E2H         LINE#         901
  C:85E2H         LINE#         903
  C:85E4H         LINE#         906
  C:85E4H         LINE#         907
  C:85E4H         LINE#         908
  C:85E4H         LINE#         909
  C:85E4H         LINE#         910
  -------         ENDPROC       _POWERLED
  -------         PROC          EXT1_INT
  C:0026H         LINE#         919
  C:0026H         LINE#         921
  C:0028H         LINE#         922
BL51 BANKED LINKER/LOCATER V6.22.2.0                                                  05/04/2021  17:40:40  PAGE 23


  -------         ENDPROC       EXT1_INT
  -------         PROC          SERIAL_INT
  C:8CCBH         LINE#         945
  C:8CD2H         LINE#         951
  C:8CD5H         LINE#         960
  C:8CDCH         LINE#         961
  C:8CDEH         LINE#         962
  C:8CECH         LINE#         966
  C:8CEEH         LINE#         968
  C:8CEEH         LINE#         970
  C:8CF1H         LINE#         971
  C:8CF3H         LINE#         972
  C:8CF5H         LINE#         973
  C:8CF5H         LINE#         974
  -------         ENDPROC       SERIAL_INT
  -------         PROC          SERIAL2_INT
  C:8AEAH         LINE#         978
  C:8AF1H         LINE#         983
  C:8AF9H         LINE#         984
  C:8AF9H         LINE#         986
  C:8AFCH         LINE#         988
  C:8B03H         LINE#         991
  C:8B05H         LINE#         992
  C:8B13H         LINE#         993
  C:8B13H         LINE#         995
  C:8B1BH         LINE#         996
  C:8B1BH         LINE#         997
  C:8B1EH         LINE#         998
  C:8B20H         LINE#         999
  C:8B20H         LINE#         1000
  -------         ENDPROC       SERIAL2_INT
  -------         PROC          RS_READY
  C:8FD4H         LINE#         1009
  C:8FD4H         LINE#         1010
  C:8FD4H         LINE#         1011
  C:8FDCH         LINE#         1012
  C:8FDEH         LINE#         1013
  -------         ENDPROC       RS_READY
  -------         PROC          RS_RX
  -------         DO            
  D:0007H         SYMBOL        ret
  -------         ENDDO         
  C:8E9CH         LINE#         1018
  C:8E9CH         LINE#         1019
  C:8E9CH         LINE#         1022
  C:8E9EH         LINE#         1023
  C:8EA5H         LINE#         1024
  C:8EA7H         LINE#         1025
  C:8EB2H         LINE#         1026
  C:8EB5H         LINE#         1027
  C:8EB7H         LINE#         1029
  C:8EB7H         LINE#         1030
  -------         ENDPROC       RS_RX
  -------         PROC          RS2_READY
  C:8FDFH         LINE#         1036
  C:8FDFH         LINE#         1037
  C:8FDFH         LINE#         1038
BL51 BANKED LINKER/LOCATER V6.22.2.0                                                  05/04/2021  17:40:40  PAGE 24


  C:8FE7H         LINE#         1039
  C:8FE9H         LINE#         1040
  -------         ENDPROC       RS2_READY
  -------         PROC          RS2_RX
  -------         DO            
  D:0007H         SYMBOL        ret
  -------         ENDDO         
  C:8E62H         LINE#         1044
  C:8E62H         LINE#         1045
  C:8E62H         LINE#         1048
  C:8E65H         LINE#         1049
  C:8E6CH         LINE#         1050
  C:8E6EH         LINE#         1051
  C:8E79H         LINE#         1052
  C:8E7CH         LINE#         1053
  C:8E7FH         LINE#         1055
  C:8E7FH         LINE#         1056
  -------         ENDPROC       RS2_RX
  -------         PROC          _RS_TX
  D:0007H         SYMBOL        tx_buf
  C:0003H         LINE#         1062
  C:0003H         LINE#         1063
  C:0003H         LINE#         1064
  C:0006H         LINE#         1065
  C:0008H         LINE#         1066
  C:000AH         LINE#         1067
  -------         ENDPROC       _RS_TX
  -------         PROC          _RS2_TX
  D:0007H         SYMBOL        tx_buf
  C:8FF3H         LINE#         1073
  C:8FF3H         LINE#         1074
  C:8FF3H         LINE#         1076
  C:8FF6H         LINE#         1077
  C:8FF8H         LINE#         1078
  C:8FFAH         LINE#         1079
  -------         ENDPROC       _RS2_TX
  -------         PROC          TIMER2_INT
  C:8FB9H         LINE#         1120
  C:8FBBH         LINE#         1279
  C:8FBDH         LINE#         1281
  C:8FC5H         LINE#         1283
  -------         ENDPROC       TIMER2_INT
  -------         PROC          _DELAY
  D:0007H         SYMBOL        cnt
  -------         DO            
  D:0004H         SYMBOL        ttic01
  -------         ENDDO         
  C:8F06H         LINE#         1285
  C:8F06H         LINE#         1286
  C:8F06H         LINE#         1289
  C:8F14H         LINE#         1290
  C:8F14H         LINE#         1292
  C:8F1DH         LINE#         1293
  -------         ENDPROC       _DELAY
  -------         PROC          INT2_INT
  C:8E24H         LINE#         1297
  C:8E2AH         LINE#         1299
BL51 BANKED LINKER/LOCATER V6.22.2.0                                                  05/04/2021  17:40:40  PAGE 25


  C:8E2CH         LINE#         1300
  C:8E2EH         LINE#         1301
  C:8E31H         LINE#         1302
  C:8E37H         LINE#         1303
  C:8E3CH         LINE#         1304
  -------         ENDPROC       INT2_INT
  -------         PROC          INT3_INT
  C:8E43H         LINE#         1306
  C:8E49H         LINE#         1308
  C:8E4BH         LINE#         1309
  C:8E4DH         LINE#         1310
  C:8E50H         LINE#         1311
  C:8E56H         LINE#         1312
  C:8E5BH         LINE#         1313
  -------         ENDPROC       INT3_INT
  -------         ENDMOD        CPU

  -------         MODULE        ETC_EEP
  C:0000H         SYMBOL        _ICE_DUMMY_
  C:8FEAH         PUBLIC        _SaveDebugLevelEE
  C:88D6H         PUBLIC        GetProjectNameEE
  C:7A84H         PUBLIC        ClearBasicEE
  C:8ED3H         PUBLIC        SaveFWRevEE
  C:8842H         PUBLIC        GetFWRevEE
  -------         PROC          GETFWREVEE
  -------         DO            
  D:0004H         SYMBOL        rev
  -------         ENDDO         
  C:8842H         LINE#         17
  C:8842H         LINE#         18
  C:8842H         LINE#         19
  C:8848H         LINE#         26
  C:888BH         LINE#         28
  C:888BH         LINE#         29
  -------         ENDPROC       GETFWREVEE
  -------         PROC          GETPROJECTNAMEEE
  -------         DO            
  X:010AH         SYMBOL        rev
  -------         ENDDO         
  C:88D6H         LINE#         31
  C:88D6H         LINE#         32
  C:88D6H         LINE#         33
  C:88DCH         LINE#         35
  C:88EAH         LINE#         36
  C:88F9H         LINE#         37
  C:8908H         LINE#         38
  C:8917H         LINE#         40
  C:891CH         LINE#         41
  -------         ENDPROC       GETPROJECTNAMEEE
  -------         PROC          SAVEFWREVEE
  C:8ED3H         LINE#         43
  C:8ED3H         LINE#         44
  C:8ED3H         LINE#         51
  C:8EDBH         LINE#         52
  C:8EE4H         LINE#         53
  -------         ENDPROC       SAVEFWREVEE
  -------         PROC          _SAVEDEBUGLEVELEE
BL51 BANKED LINKER/LOCATER V6.22.2.0                                                  05/04/2021  17:40:40  PAGE 26


  D:0007H         SYMBOL        dl
  C:8FEAH         LINE#         59
  C:8FEAH         LINE#         60
  C:8FEAH         LINE#         61
  -------         ENDPROC       _SAVEDEBUGLEVELEE
  -------         PROC          CLEARBASICEE
  C:7A84H         LINE#         67
  C:7A84H         LINE#         68
  C:7A84H         LINE#         70
  C:7A8DH         LINE#         72
  C:7A95H         LINE#         73
  C:7A9EH         LINE#         74
  C:7AA7H         LINE#         75
  C:7AB0H         LINE#         77
  C:7AB9H         LINE#         79
  C:7AC2H         LINE#         82
  C:7ACBH         LINE#         84
  C:7AD3H         LINE#         86
  C:7ADBH         LINE#         88
  C:7AE3H         LINE#         90
  C:7AECH         LINE#         92
  C:7AF4H         LINE#         94
  C:7AFDH         LINE#         95
  C:7B05H         LINE#         97
  C:7B0EH         LINE#         98
  C:7B16H         LINE#         100
  C:7B1FH         LINE#         101
  C:7B27H         LINE#         103
  C:7B30H         LINE#         104
  C:7B38H         LINE#         106
  C:7B40H         LINE#         107
  C:7B48H         LINE#         108
  C:7B50H         LINE#         110
  C:7B58H         LINE#         111
  C:7B60H         LINE#         112
  -------         ENDPROC       CLEARBASICEE
  -------         ENDMOD        ETC_EEP

  -------         MODULE        HS_DVRPROTOCOL
  C:0000H         SYMBOL        _ICE_DUMMY_
  X:0000H         PUBLIC        protocol_data_count
  D:00B2H         PUBLIC        P3M1
  X:0001H         PUBLIC        protocol_len
  X:0002H         PUBLIC        protocol_type
  B:0021H.5       PUBLIC        protocol_escape_flag
  X:0003H         PUBLIC        protocol_chksum
  X:0004H         PUBLIC        protocol_param
  X:0005H         PUBLIC        protocol_data
  C:1A98H         PUBLIC        DvrReceivePaser
  X:0105H         PUBLIC        protocol_state
  -------         PROC          DVRRECEIVEPASER
  -------         DO            
  X:0106H         SYMBOL        c
  -------         ENDDO         
  C:1A98H         LINE#         42
  C:1A98H         LINE#         43
  C:1A98H         LINE#         45
BL51 BANKED LINKER/LOCATER V6.22.2.0                                                  05/04/2021  17:40:40  PAGE 27


  C:1AA1H         LINE#         46
  C:1AA1H         LINE#         47
  C:1AA9H         LINE#         49
  C:1AADH         LINE#         50
  C:1AADH         LINE#         52
  C:1AB8H         LINE#         54
  C:1ABAH         LINE#         55
  C:1AC0H         LINE#         56
  C:1AC6H         LINE#         58
  C:1AC6H         LINE#         60
  C:1ACFH         LINE#         61
  C:1ACFH         LINE#         62
  C:1AD2H         LINE#         64
  C:1AD2H         LINE#         66
  C:1AD5H         LINE#         67
  C:1AD5H         LINE#         68
  C:1AD7H         LINE#         69
  C:1ADEH         LINE#         70
  C:1ADEH         LINE#         72
  C:1AE7H         LINE#         73
  C:1AE7H         LINE#         74
  C:1AF7H         LINE#         75
  C:1AF7H         LINE#         77
  C:1B0FH         LINE#         78
  C:1B0FH         LINE#         79
  C:1B0FH         LINE#         80
  C:1B17H         LINE#         81
  C:1B30H         LINE#         82
  C:1B30H         LINE#         83
  C:1B30H         LINE#         84
  C:1B30H         LINE#         85
  C:1B30H         LINE#         86
  C:1B30H         LINE#         87
  C:1B30H         LINE#         88
  C:1B30H         LINE#         89
  C:1B30H         LINE#         90
  C:1B30H         LINE#         91
  C:1B30H         LINE#         92
  C:1B30H         LINE#         93
  C:1B30H         LINE#         94
  C:1B30H         LINE#         95
  C:1B30H         LINE#         96
  C:1B30H         LINE#         97
  C:1B30H         LINE#         98
  C:1B30H         LINE#         100
  C:1B36H         LINE#         101
  C:1B37H         LINE#         102
  C:1B37H         LINE#         103
  C:1B37H         LINE#         104
  C:1B3AH         LINE#         105
  C:1B3AH         LINE#         106
  C:1B3AH         LINE#         108
  C:1B3AH         LINE#         109
  C:1B42H         LINE#         110
  C:1B5DH         LINE#         111
  C:1B5DH         LINE#         112
  C:1B5DH         LINE#         113
BL51 BANKED LINKER/LOCATER V6.22.2.0                                                  05/04/2021  17:40:40  PAGE 28


  C:1B5DH         LINE#         114
  C:1B5DH         LINE#         115
  C:1B5DH         LINE#         116
  C:1B5DH         LINE#         117
  C:1B5DH         LINE#         118
  C:1B5DH         LINE#         119
  C:1B5DH         LINE#         120
  C:1B5DH         LINE#         121
  C:1B5DH         LINE#         122
  C:1B5DH         LINE#         123
  C:1B5DH         LINE#         124
  C:1B5DH         LINE#         125
  C:1B5DH         LINE#         126
  C:1B5DH         LINE#         127
  C:1B5DH         LINE#         129
  C:1B63H         LINE#         130
  C:1B63H         LINE#         131
  C:1B69H         LINE#         132
  C:1B6AH         LINE#         134
  C:1B6AH         LINE#         135
  C:1B6FH         LINE#         136
  C:1B75H         LINE#         139
  C:1B7BH         LINE#         141
  C:1B7BH         LINE#         142
  C:1B7DH         LINE#         143
  C:1B7DH         LINE#         144
  C:1B7DH         LINE#         145
  C:1B80H         LINE#         146
  C:1B80H         LINE#         147
  C:1B80H         LINE#         149
  C:1B80H         LINE#         150
  C:1B9DH         LINE#         151
  C:1B9DH         LINE#         152
  C:1B9DH         LINE#         153
  C:1B9DH         LINE#         154
  C:1B9DH         LINE#         155
  C:1B9DH         LINE#         156
  C:1B9DH         LINE#         157
  C:1B9DH         LINE#         158
  C:1B9DH         LINE#         159
  C:1B9DH         LINE#         160
  C:1B9DH         LINE#         161
  C:1B9DH         LINE#         162
  C:1B9DH         LINE#         163
  C:1B9DH         LINE#         164
  C:1B9DH         LINE#         165
  C:1B9DH         LINE#         166
  C:1B9DH         LINE#         169
  C:1BB1H         LINE#         170
  C:1BB7H         LINE#         171
  C:1BC1H         LINE#         172
  C:1BC7H         LINE#         174
  C:1BD2H         LINE#         176
  C:1BD2H         LINE#         178
  C:1BDDH         LINE#         181
  C:1BDDH         LINE#         182
  C:1BDDH         LINE#         183
BL51 BANKED LINKER/LOCATER V6.22.2.0                                                  05/04/2021  17:40:40  PAGE 29


  C:1BDDH         LINE#         184
  C:1BE0H         LINE#         185
  C:1BE0H         LINE#         186
  C:1BE0H         LINE#         188
  C:1BE0H         LINE#         189
  C:1BEFH         LINE#         190
  C:1BEFH         LINE#         193
  C:1C07H         LINE#         195
  C:1C42H         LINE#         196
  C:1C42H         LINE#         197
  C:1C42H         LINE#         199
  C:1C4DH         LINE#         201
  C:1C54H         LINE#         202
  C:1C5DH         LINE#         203
  C:1C6AH         LINE#         204
  C:1C6AH         LINE#         205
  C:1C6EH         LINE#         206
  C:1C73H         LINE#         207
  C:1C78H         LINE#         208
  C:1C78H         LINE#         209
  C:1C81H         LINE#         210
  C:1C8AH         LINE#         211
  C:1C8DH         LINE#         212
  C:1C90H         LINE#         213
  C:1C90H         LINE#         215
  C:1C9BH         LINE#         217
  C:1CA0H         LINE#         218
  C:1CACH         LINE#         219
  C:1CB2H         LINE#         220
  C:1CB5H         LINE#         221
  C:1CB5H         LINE#         223
  C:1CC0H         LINE#         226
  C:1CC6H         LINE#         227
  C:1CC9H         LINE#         228
  C:1CC9H         LINE#         230
  C:1CD4H         LINE#         233
  C:1CDAH         LINE#         234
  C:1CDDH         LINE#         235
  C:1CDDH         LINE#         237
  C:1CE8H         LINE#         238
  C:1CFEH         LINE#         239
  C:1D14H         LINE#         240
  C:1D2AH         LINE#         241
  C:1D40H         LINE#         242
  C:1D56H         LINE#         243
  C:1D6CH         LINE#         244
  C:1D82H         LINE#         245
  C:1D98H         LINE#         248
  C:1DB9H         LINE#         249
  C:1DDAH         LINE#         251
  C:1DFBH         LINE#         252
  C:1E1CH         LINE#         254
  C:1E3DH         LINE#         255
  C:1E5EH         LINE#         257
  C:1E7FH         LINE#         258
  C:1EA0H         LINE#         260
  C:1EACH         LINE#         261
BL51 BANKED LINKER/LOCATER V6.22.2.0                                                  05/04/2021  17:40:40  PAGE 30


  C:1EB8H         LINE#         263
  C:1EC4H         LINE#         264
  C:1ED0H         LINE#         266
  C:1EDCH         LINE#         267
  C:1EE8H         LINE#         269
  C:1EF4H         LINE#         270
  C:1F00H         LINE#         272
  C:1F06H         LINE#         274
  C:1F09H         LINE#         276
  C:1F09H         LINE#         278
  C:1F14H         LINE#         282
  C:1F21H         LINE#         283
  C:1F24H         LINE#         285
  C:1F36H         LINE#         287
  C:1F3FH         LINE#         288
  C:1F44H         LINE#         290
  C:1F4EH         LINE#         291
  C:1F57H         LINE#         318
  C:1F5AH         LINE#         320
  C:1F5AH         LINE#         322
  C:1F65H         LINE#         325
  C:1F6BH         LINE#         326
  C:1F6BH         LINE#         327
  C:1F72H         LINE#         329
  C:1F78H         LINE#         331
  C:1F7BH         LINE#         332
  C:1F86H         LINE#         333
  C:1F86H         LINE#         334
  C:1F8BH         LINE#         335
  C:1F92H         LINE#         337
  C:1F98H         LINE#         339
  C:1F98H         LINE#         340
  C:1F9BH         LINE#         342
  C:1F9BH         LINE#         344
  C:1FA6H         LINE#         346
  C:1FACH         LINE#         347
  C:1FAFH         LINE#         349
  C:1FAFH         LINE#         351
  C:1FBAH         LINE#         354
  C:1FC0H         LINE#         355
  C:1FC0H         LINE#         356
  C:1FC7H         LINE#         357
  C:1FCCH         LINE#         360
  C:1FD1H         LINE#         361
  C:1FD6H         LINE#         362
  C:1FDBH         LINE#         363
  C:1FE0H         LINE#         364
  C:1FE5H         LINE#         365
  C:1FEAH         LINE#         367
  C:1FF0H         LINE#         369
  C:1FF3H         LINE#         370
  C:1FFBH         LINE#         371
  C:1FFBH         LINE#         372
  C:2001H         LINE#         373
  C:2001H         LINE#         374
  C:2001H         LINE#         375
  C:2003H         LINE#         376
BL51 BANKED LINKER/LOCATER V6.22.2.0                                                  05/04/2021  17:40:40  PAGE 31


  C:200EH         LINE#         377
  C:200EH         LINE#         378
  C:2015H         LINE#         379
  C:2018H         LINE#         380
  C:2021H         LINE#         381
  C:2026H         LINE#         382
  C:2026H         LINE#         384
  C:2029H         LINE#         386
  C:2029H         LINE#         388
  C:2034H         LINE#         391
  C:203CH         LINE#         392
  C:203CH         LINE#         393
  C:2043H         LINE#         394
  C:2048H         LINE#         396
  C:2053H         LINE#         398
  C:2055H         LINE#         399
  C:2063H         LINE#         400
  C:2063H         LINE#         401
  C:206AH         LINE#         402
  C:206FH         LINE#         403
  C:2076H         LINE#         405
  C:2082H         LINE#         406
  C:2086H         LINE#         407
  C:2086H         LINE#         408
  C:2096H         LINE#         409
  C:2096H         LINE#         410
  C:209DH         LINE#         411
  C:20A4H         LINE#         412
  C:20A9H         LINE#         413
  C:20B0H         LINE#         414
  C:20BAH         LINE#         415
  C:20C2H         LINE#         417
  C:20CDH         LINE#         419
  C:20D9H         LINE#         420
  C:20DDH         LINE#         421
  C:20DFH         LINE#         422
  C:20EFH         LINE#         423
  C:20EFH         LINE#         424
  C:20F4H         LINE#         426
  C:20FEH         LINE#         428
  C:20FEH         LINE#         430
  C:2103H         LINE#         432
  C:210EH         LINE#         433
  C:2114H         LINE#         435
  C:2117H         LINE#         437
  C:2117H         LINE#         439
  C:2122H         LINE#         441
  C:2128H         LINE#         442
  C:212BH         LINE#         444
  C:212BH         LINE#         446
  C:2133H         LINE#         447
  C:2133H         LINE#         448
  C:213BH         LINE#         449
  C:2141H         LINE#         450
  C:2143H         LINE#         452
  C:2143H         LINE#         453
  C:214BH         LINE#         454
BL51 BANKED LINKER/LOCATER V6.22.2.0                                                  05/04/2021  17:40:40  PAGE 32


  C:2150H         LINE#         455
  C:2150H         LINE#         458
  C:2165H         LINE#         462
  C:2168H         LINE#         463
  C:2168H         LINE#         464
  C:2173H         LINE#         465
  C:2178H         LINE#         467
  C:217BH         LINE#         470
  C:2193H         LINE#         472
  C:219CH         LINE#         475
  C:219FH         LINE#         476
  C:219FH         LINE#         478
  C:21AAH         LINE#         480
  C:21B0H         LINE#         481
  C:21B2H         LINE#         482
  C:21B2H         LINE#         484
  C:21BDH         LINE#         486
  C:21C6H         LINE#         487
  C:21C9H         LINE#         488
  C:21C9H         LINE#         490
  C:21D1H         LINE#         491
  C:21D8H         LINE#         493
  C:21DDH         LINE#         495
  C:21E8H         LINE#         496
  C:21E8H         LINE#         497
  C:21F8H         LINE#         498
  C:2211H         LINE#         499
  C:2245H         LINE#         500
  C:225EH         LINE#         501
  C:2276H         LINE#         502
  C:2279H         LINE#         504
  C:2279H         LINE#         505
  C:228AH         LINE#         506
  C:22A3H         LINE#         507
  C:22D7H         LINE#         508
  C:22F0H         LINE#         509
  C:2324H         LINE#         510
  C:2324H         LINE#         513
  C:233CH         LINE#         515
  C:233EH         LINE#         516
  C:233EH         LINE#         517
  C:233EH         LINE#         518
  C:233EH         LINE#         520
  C:233EH         LINE#         522
  C:233EH         LINE#         524
  C:2347H         LINE#         526
  C:2347H         LINE#         527
  C:234CH         LINE#         528
  C:234CH         LINE#         529
  C:234CH         LINE#         530
  C:234CH         LINE#         531
  C:234CH         LINE#         532
  C:234CH         LINE#         535
  -------         ENDPROC       DVRRECEIVEPASER
  -------         ENDMOD        HS_DVRPROTOCOL

  -------         MODULE        I2C
BL51 BANKED LINKER/LOCATER V6.22.2.0                                                  05/04/2021  17:40:40  PAGE 33


  C:0000H         SYMBOL        _ICE_DUMMY_
  B:0090H.0       PUBLIC        P1_0
  B:0090H.1       PUBLIC        P1_1
  C:8C03H         PUBLIC        I2CReadData
  C:8B25H         PUBLIC        _ReadI2C
  C:84F1H         PUBLIC        _I2CWriteData
  C:8B5EH         PUBLIC        _ReadAD5110
  C:8D52H         PUBLIC        _WriteI2C
  C:8F96H         PUBLIC        I2CStart
  C:8F4DH         PUBLIC        I2Cdelay
  C:8D7BH         PUBLIC        _ReadEEP
  C:8DE4H         PUBLIC        _WriteAD5110
  C:0016H         PUBLIC        I2CStop
  C:8BCEH         PUBLIC        AD5110_I2CReadData
  C:891DH         PUBLIC        _WriteEEP
  C:8473H         PUBLIC        _AD5110_I2CWriteData
  C:8F49H         SYMBOL        L?0062
  -------         PROC          L?0061
  -------         ENDPROC       L?0061
  C:8F49H         SYMBOL        L?0062
  -------         PROC          I2CDELAY
  -------         DO            
  D:0007H         SYMBOL        i
  -------         ENDDO         
  C:8F4DH         LINE#         34
  C:8F4DH         LINE#         35
  C:8F4DH         LINE#         37
  C:8F59H         LINE#         38
  C:8F5CH         LINE#         39
  -------         ENDPROC       I2CDELAY
  -------         PROC          _WRITEEEP
  X:010EH         SYMBOL        index
  X:0110H         SYMBOL        dat
  -------         DO            
  X:0111H         SYMBOL        addr
  -------         ENDDO         
  C:891DH         LINE#         42
  C:8928H         LINE#         43
  C:8928H         LINE#         46
  C:8940H         LINE#         48
  C:8943H         LINE#         49
  C:894BH         LINE#         50
  C:8954H         LINE#         51
  C:895CH         LINE#         52
  C:895FH         LINE#         58
  -------         ENDPROC       _WRITEEEP
  -------         PROC          _READEEP
  D:0004H         SYMBOL        index
  -------         DO            
  X:0136H         SYMBOL        val
  D:0007H         SYMBOL        addr
  -------         ENDDO         
  C:8D7BH         LINE#         61
  C:8D7FH         LINE#         62
  C:8D7FH         LINE#         66
  C:8D8EH         LINE#         68
  C:8D96H         LINE#         73
BL51 BANKED LINKER/LOCATER V6.22.2.0                                                  05/04/2021  17:40:40  PAGE 34


  C:8D9BH         LINE#         74
  C:8DA0H         LINE#         75
  -------         ENDPROC       _READEEP
  -------         PROC          _READI2C
  X:0137H         SYMBOL        addr
  X:0138H         SYMBOL        index
  -------         DO            
  X:0139H         SYMBOL        val
  -------         ENDDO         
  C:8B25H         LINE#         77
  C:8B2DH         LINE#         78
  C:8B2DH         LINE#         81
  C:8B30H         LINE#         82
  C:8B38H         LINE#         83
  C:8B40H         LINE#         84
  C:8B43H         LINE#         85
  C:8B4DH         LINE#         86
  C:8B55H         LINE#         87
  C:8B58H         LINE#         89
  C:8B5DH         LINE#         90
  -------         ENDPROC       _READI2C
  -------         PROC          _WRITEI2C
  X:010DH         SYMBOL        addr
  X:010EH         SYMBOL        index
  X:010FH         SYMBOL        val
  C:8D52H         LINE#         94
  C:8D5DH         LINE#         95
  C:8D5DH         LINE#         96
  C:8D60H         LINE#         97
  C:8D68H         LINE#         98
  C:8D70H         LINE#         99
  C:8D78H         LINE#         100
  -------         ENDPROC       _WRITEI2C
  -------         PROC          I2CSTART
  C:8F96H         LINE#         106
  C:8F96H         LINE#         107
  C:8F96H         LINE#         108
  C:8F9BH         LINE#         109
  C:8FA0H         LINE#         110
  C:8FA5H         LINE#         111
  C:8FA7H         LINE#         112
  -------         ENDPROC       I2CSTART
  -------         PROC          I2CSTOP
  C:0016H         LINE#         114
  C:0016H         LINE#         115
  C:0016H         LINE#         116
  C:001BH         LINE#         117
  C:0020H         LINE#         118
  C:0022H         LINE#         119
  -------         ENDPROC       I2CSTOP
  -------         PROC          _I2CWRITEDATA
  D:0006H         SYMBOL        value
  C:84F1H         LINE#         121
  C:84F3H         LINE#         122
  C:84F3H         LINE#         124
  C:8500H         LINE#         125
  C:850DH         LINE#         126
BL51 BANKED LINKER/LOCATER V6.22.2.0                                                  05/04/2021  17:40:40  PAGE 35


  C:851AH         LINE#         127
[...]
  C:0868H         LINE#         1163
  C:0868H         LINE#         1167
  C:0873H         LINE#         1179
  C:0886H         LINE#         1180
  C:0886H         LINE#         1181
  C:088BH         LINE#         1182
  C:088FH         LINE#         1183
  C:0893H         LINE#         1184
  C:0899H         LINE#         1185
  C:089AH         LINE#         1186
BL51 BANKED LINKER/LOCATER V6.22.2.0                                                  05/04/2021  17:40:40  PAGE 86


  C:089DH         LINE#         1187
  C:08B6H         LINE#         1188
  C:08B6H         LINE#         1189
  C:08BBH         LINE#         1190
  C:08BFH         LINE#         1191
  C:08C3H         LINE#         1192
  C:08C7H         LINE#         1193
  C:08CDH         LINE#         1194
  C:08D0H         LINE#         1195
  C:08E2H         LINE#         1196
  C:08E2H         LINE#         1197
  C:08E8H         LINE#         1198
  C:08EDH         LINE#         1199
  C:08F1H         LINE#         1200
  C:08F5H         LINE#         1201
  C:08F5H         LINE#         1202
  C:08F7H         LINE#         1203
  C:0909H         LINE#         1204
  C:0909H         LINE#         1205
  C:090EH         LINE#         1206
  C:0912H         LINE#         1207
  C:0918H         LINE#         1208
  C:091DH         LINE#         1209
  C:091DH         LINE#         1211
  C:091FH         LINE#         1212
  C:0931H         LINE#         1213
  C:0931H         LINE#         1214
  C:0936H         LINE#         1215
  C:093CH         LINE#         1216
  C:0941H         LINE#         1217
  C:0945H         LINE#         1218
  C:0945H         LINE#         1219
  C:0947H         LINE#         1221
  C:0947H         LINE#         1224
  C:094EH         LINE#         1225
  C:0953H         LINE#         1227
  C:0959H         LINE#         1228
  C:095EH         LINE#         1229
  C:0962H         LINE#         1230
  C:0966H         LINE#         1231
  C:096AH         LINE#         1232
  C:096EH         LINE#         1233
  C:096EH         LINE#         1235
  C:09C4H         LINE#         1237
  C:09CAH         LINE#         1240
  C:09D2H         LINE#         1241
  C:09D2H         LINE#         1242
  C:09D8H         LINE#         1243
  C:09DDH         LINE#         1244
  C:09E4H         LINE#         1245
  C:09E7H         LINE#         1246
  C:09EEH         LINE#         1247
  C:09EEH         LINE#         1249
  C:09F6H         LINE#         1250
  C:09F6H         LINE#         1251
  C:09FCH         LINE#         1252
  C:0A01H         LINE#         1253
BL51 BANKED LINKER/LOCATER V6.22.2.0                                                  05/04/2021  17:40:40  PAGE 87


  C:0A08H         LINE#         1254
  C:0A0BH         LINE#         1255
  C:0A12H         LINE#         1256
  C:0A12H         LINE#         1258
  C:0A1AH         LINE#         1259
  C:0A1AH         LINE#         1260
  C:0A1EH         LINE#         1261
  C:0A23H         LINE#         1262
  C:0A2AH         LINE#         1263
  C:0A2DH         LINE#         1264
  C:0A34H         LINE#         1265
  C:0A34H         LINE#         1267
  C:0A3CH         LINE#         1268
  C:0A3CH         LINE#         1269
  C:0A42H         LINE#         1270
  C:0A47H         LINE#         1271
  C:0A4EH         LINE#         1272
  C:0A51H         LINE#         1273
  C:0A58H         LINE#         1274
  C:0A58H         LINE#         1276
  C:0A60H         LINE#         1277
  C:0A60H         LINE#         1278
  C:0A66H         LINE#         1279
  C:0A6BH         LINE#         1280
  C:0A72H         LINE#         1281
  C:0A75H         LINE#         1282
  C:0A7CH         LINE#         1283
  C:0A7CH         LINE#         1293
  C:0A8BH         LINE#         1296
  C:0AA4H         LINE#         1297
  C:0AA4H         LINE#         1298
  C:0AAAH         LINE#         1299
  C:0AAFH         LINE#         1300
  C:0AB1H         LINE#         1302
  C:0AB1H         LINE#         1303
  C:0AB6H         LINE#         1304
  C:0ABCH         LINE#         1306
  C:0ABCH         LINE#         1308
  C:0AC4H         LINE#         1309
  C:0AC4H         LINE#         1310
  C:0AC5H         LINE#         1311
  C:0ADAH         LINE#         1312
  C:0AE1H         LINE#         1316
  C:0AE3H         LINE#         1317
  C:0AEBH         LINE#         1318
  C:0AEBH         LINE#         1319
  C:0AECH         LINE#         1320
  C:0AF3H         LINE#         1321
  C:0AF3H         LINE#         1353
  C:0AFBH         LINE#         1354
  C:0B01H         LINE#         1356
  C:0B05H         LINE#         1357
  C:0B08H         LINE#         1359
  C:0B08H         LINE#         1362
  C:0B14H         LINE#         1363
  C:0B14H         LINE#         1365
  C:0B1FH         LINE#         1367
BL51 BANKED LINKER/LOCATER V6.22.2.0                                                  05/04/2021  17:40:40  PAGE 88


  C:0B26H         LINE#         1368
  C:0B29H         LINE#         1369
  C:0B2FH         LINE#         1370
  C:0B2FH         LINE#         1371
  C:0B32H         LINE#         1373
  C:0B32H         LINE#         1376
  C:0B3DH         LINE#         1377
  C:0B42H         LINE#         1378
  C:0B48H         LINE#         1380
  C:0B51H         LINE#         1382
  C:0B56H         LINE#         1383
  C:0B5CH         LINE#         1385
  C:0B65H         LINE#         1389
  C:0B70H         LINE#         1390
  C:0B70H         LINE#         1391
  C:0B7DH         LINE#         1392
  C:0B7DH         LINE#         1393
  C:0B81H         LINE#         1395
  C:0B83H         LINE#         1400
  C:0B8BH         LINE#         1401
  C:0B94H         LINE#         1402
  C:0B96H         LINE#         1404
  C:0B9EH         LINE#         1405
  C:0BA7H         LINE#         1406
  C:0BA9H         LINE#         1408
  C:0BA9H         LINE#         1410
  C:0BB4H         LINE#         1411
  C:0BB4H         LINE#         1412
  C:0BB6H         LINE#         1413
  C:0BB9H         LINE#         1415
  C:0BB9H         LINE#         1417
  C:0BC3H         LINE#         1418
  C:0BC3H         LINE#         1420
  C:0BE6H         LINE#         1421
  C:0BE6H         LINE#         1422
  C:0BF1H         LINE#         1423
  C:0BF5H         LINE#         1425
  C:0BF7H         LINE#         1426
  C:0BFAH         LINE#         1427
  C:0C04H         LINE#         1428
  C:0C07H         LINE#         1432
  C:0C11H         LINE#         1433
  C:0C11H         LINE#         1435
  C:0C34H         LINE#         1436
  C:0C34H         LINE#         1437
  C:0C3FH         LINE#         1438
  C:0C43H         LINE#         1440
  C:0C45H         LINE#         1441
  C:0C47H         LINE#         1442
  C:0C51H         LINE#         1443
  C:0C53H         LINE#         1445
  C:0C53H         LINE#         1446
  C:0C55H         LINE#         1447
  C:0C5FH         LINE#         1448
  C:0C5FH         LINE#         1450
  C:0C82H         LINE#         1451
  C:0C82H         LINE#         1452
BL51 BANKED LINKER/LOCATER V6.22.2.0                                                  05/04/2021  17:40:40  PAGE 89


  C:0C8DH         LINE#         1453
  C:0C91H         LINE#         1455
  C:0C93H         LINE#         1456
  C:0C95H         LINE#         1457
  C:0C9FH         LINE#         1458
  C:0CA6H         LINE#         1460
  C:0CAFH         LINE#         1461
  C:0CAFH         LINE#         1464
  C:0CAFH         LINE#         1466
  C:0CB5H         LINE#         1469
  C:0CB7H         LINE#         1471
  C:0CB7H         LINE#         1472
  C:0CBEH         LINE#         1473
  C:0CC0H         LINE#         1474
  C:0CC3H         LINE#         1475
  C:0CC8H         LINE#         1476
  C:0CD8H         LINE#         1477
  C:0CDDH         LINE#         1478
  C:0CE6H         LINE#         1479
  C:0CEFH         LINE#         1480
  C:0CEFH         LINE#         1482
  C:0CF1H         LINE#         1484
  C:0CF2H         LINE#         1485
  C:0CF2H         LINE#         1487
  C:0CFAH         LINE#         1488
  C:0D02H         LINE#         1491
  C:0D1AH         LINE#         1494
  C:0D32H         LINE#         1497
  C:0D4AH         LINE#         1498
  C:0D4AH         LINE#         1499
  C:0D4FH         LINE#         1500
  C:0D58H         LINE#         1501
  C:0D58H         LINE#         1503
  C:0D70H         LINE#         1504
  C:0D70H         LINE#         1505
  C:0D75H         LINE#         1506
  C:0D7EH         LINE#         1507
  C:0D7EH         LINE#         1510
  C:0D85H         LINE#         1511
  C:0D85H         LINE#         1512
  C:0D93H         LINE#         1513
  C:0D93H         LINE#         1515
  C:0D9EH         LINE#         1517
  C:0DA5H         LINE#         1518
  C:0DA8H         LINE#         1519
  C:0DA8H         LINE#         1521
  C:0DA8H         LINE#         1523
  C:0DCEH         LINE#         1524
  C:0DCEH         LINE#         1526
  C:0DCEH         LINE#         1528
  C:0DDAH         LINE#         1529
  C:0DDAH         LINE#         1531
  C:0DE5H         LINE#         1533
  C:0DECH         LINE#         1534
  C:0DECH         LINE#         1543
  C:0DF7H         LINE#         1544
  C:0DF7H         LINE#         1546
BL51 BANKED LINKER/LOCATER V6.22.2.0                                                  05/04/2021  17:40:40  PAGE 90


  C:0E02H         LINE#         1548
  C:0E09H         LINE#         1549
  C:0E12H         LINE#         1550
  C:0E1CH         LINE#         1551
  C:0E24H         LINE#         1552
  C:0E24H         LINE#         1553
  C:0E2BH         LINE#         1581
  C:0E2EH         LINE#         1582
  C:0E2EH         LINE#         1583
  C:0E2EH         LINE#         1584
  C:0E4EH         LINE#         1585
  C:0E4EH         LINE#         1586
  C:0E53H         LINE#         1588
  C:0E5DH         LINE#         1589
  C:0E65H         LINE#         1592
  C:0E70H         LINE#         1594
  C:0E73H         LINE#         1595
  C:0E75H         LINE#         1596
  C:0E91H         LINE#         1597
  C:0E91H         LINE#         1598
  C:0E93H         LINE#         1599
  C:0E9AH         LINE#         1601
  C:0EA6H         LINE#         1602
  C:0EAAH         LINE#         1603
  C:0EAAH         LINE#         1605
  C:0EB5H         LINE#         1606
  C:0EB5H         LINE#         1607
  C:0EBDH         LINE#         1609
  C:0EC8H         LINE#         1611
  C:0EC8H         LINE#         1613
  C:0ECFH         LINE#         1614
  C:0ED4H         LINE#         1615
  C:0ED6H         LINE#         1617
  C:0ED6H         LINE#         1618
  C:0EDDH         LINE#         1620
  C:0EE8H         LINE#         1621
  C:0EE8H         LINE#         1622
  C:0EF0H         LINE#         1624
  C:0EFBH         LINE#         1626
  C:0EFBH         LINE#         1627
  C:0EFDH         LINE#         1628
  C:0EFDH         LINE#         1629
  C:0EFDH         LINE#         1630
  C:0EFDH         LINE#         1631
  C:0EFDH         LINE#         1632
  C:0EFDH         LINE#         1634
  C:0F04H         LINE#         1645
  C:0F0BH         LINE#         1646
  C:0F0BH         LINE#         1651
  C:0F0BH         LINE#         1711
  C:0F11H         LINE#         1712
  C:0F14H         LINE#         1713
  C:0F14H         LINE#         1715
  C:0F1FH         LINE#         1716
  C:0F24H         LINE#         1717
  C:0F2CH         LINE#         1719
  C:0F35H         LINE#         1721
BL51 BANKED LINKER/LOCATER V6.22.2.0                                                  05/04/2021  17:40:40  PAGE 91


  C:0F3AH         LINE#         1722
  C:0F42H         LINE#         1724
  C:0F4BH         LINE#         1727
  C:0F53H         LINE#         1728
  C:0F53H         LINE#         1730
  C:0F61H         LINE#         1731
  C:0F61H         LINE#         1732
  C:0F69H         LINE#         1733
  C:0F69H         LINE#         1735
  C:0F72H         LINE#         1736
  C:0F78H         LINE#         1737
  C:0F7AH         LINE#         1739
  C:0F7AH         LINE#         1740
  C:0F7DH         LINE#         1741
  C:0F7DH         LINE#         1745
  C:0F7FH         LINE#         1746
  C:0F7FH         LINE#         1751
  C:0F84H         LINE#         1754
  C:0F8DH         LINE#         1755
  C:0F8DH         LINE#         1757
  C:0F8FH         LINE#         1759
  C:0F90H         LINE#         1761
  C:0F90H         LINE#         1762
  C:0F9DH         LINE#         1763
  C:0F9FH         LINE#         1764
  C:0FA1H         LINE#         1766
  C:0FA1H         LINE#         1767
  C:0FABH         LINE#         1768
  C:0FADH         LINE#         1769
  C:0FAFH         LINE#         1770
  C:0FAFH         LINE#         1771
  C:0FB9H         LINE#         1772
  C:0FBBH         LINE#         1773
  C:0FBDH         LINE#         1775
  C:0FBDH         LINE#         1776
  C:0FC7H         LINE#         1777
  C:0FC9H         LINE#         1778
  C:0FCBH         LINE#         1781
  C:0FCBH         LINE#         1782
  C:0FD5H         LINE#         1783
  C:0FDAH         LINE#         1784
  C:0FDAH         LINE#         1787
  C:0FDAH         LINE#         1789
  C:0FE1H         LINE#         1791
  C:0FE6H         LINE#         1792
  C:0FE6H         LINE#         1793
  C:0FE7H         LINE#         1794
  C:0FEDH         LINE#         1795
  C:0FEDH         LINE#         1797
  C:0FF5H         LINE#         1798
  C:0FF5H         LINE#         1799
  C:0FF6H         LINE#         1800
  C:0FFCH         LINE#         1801
  C:0FFCH         LINE#         1803
  C:1004H         LINE#         1804
  C:1004H         LINE#         1805
  C:1005H         LINE#         1806
BL51 BANKED LINKER/LOCATER V6.22.2.0                                                  05/04/2021  17:40:40  PAGE 92


  C:100BH         LINE#         1807
  C:100BH         LINE#         1809
  C:100EH         LINE#         1811
  C:1017H         LINE#         1812
  C:1017H         LINE#         1814
  C:1017H         LINE#         1816
  C:101DH         LINE#         1818
  C:101DH         LINE#         1820
  C:101DH         LINE#         1821
  C:101DH         LINE#         1822
  C:101DH         LINE#         1823
  -------         ENDPROC       _SYSTIMEREVENTPROC
  -------         ENDMOD        SYSTIMER

  -------         MODULE        ?C?FPADD
  C:2354H         PUBLIC        ?C?FPADD
  C:2350H         PUBLIC        ?C?FPSUB
  -------         ENDMOD        ?C?FPADD

  -------         MODULE        ?C?FPMUL
  C:2445H         PUBLIC        ?C?FPMUL
  -------         ENDMOD        ?C?FPMUL

  -------         MODULE        ?C?FPDIV
  C:254EH         PUBLIC        ?C?FPDIV
  -------         ENDMOD        ?C?FPDIV

  -------         MODULE        ?C?FCAST
  C:25F5H         PUBLIC        ?C?FCASTC
  C:25F0H         PUBLIC        ?C?FCASTI
  C:25EBH         PUBLIC        ?C?FCASTL
  -------         ENDMOD        ?C?FCAST

  -------         MODULE        ?C?CASTF
  C:2629H         PUBLIC        ?C?CASTF
  -------         ENDMOD        ?C?CASTF

  -------         MODULE        ?C?COPY
  C:277AH         PUBLIC        ?C?COPY
  -------         ENDMOD        ?C?COPY

  -------         MODULE        ?C?CLDPTR
  C:27A0H         PUBLIC        ?C?CLDPTR
  -------         ENDMOD        ?C?CLDPTR

  -------         MODULE        ?C?CLDOPTR
  C:27B9H         PUBLIC        ?C?CLDOPTR
  -------         ENDMOD        ?C?CLDOPTR

  -------         MODULE        ?C?CILDPTR
  C:27E6H         PUBLIC        ?C?CILDPTR
  -------         ENDMOD        ?C?CILDPTR

  -------         MODULE        ?C?CSTOPTR
  C:2808H         PUBLIC        ?C?CSTOPTR
  -------         ENDMOD        ?C?CSTOPTR

BL51 BANKED LINKER/LOCATER V6.22.2.0                                                  05/04/2021  17:40:40  PAGE 93


  -------         MODULE        ?C?IMUL
  C:282AH         PUBLIC        ?C?IMUL
  -------         ENDMOD        ?C?IMUL

  -------         MODULE        ?C?UIDIV
  C:283CH         PUBLIC        ?C?UIDIV
  -------         ENDMOD        ?C?UIDIV

  -------         MODULE        ?C?SIDIV
  C:2891H         PUBLIC        ?C?SIDIV
  -------         ENDMOD        ?C?SIDIV

  -------         MODULE        ?C?IILDX
  C:28C7H         PUBLIC        ?C?IILDX
  -------         ENDMOD        ?C?IILDX

  -------         MODULE        ?C?ILDIX
  C:28DDH         PUBLIC        ?C?ILDIX
  -------         ENDMOD        ?C?ILDIX

  -------         MODULE        ?C?ILDPTR
  C:28F3H         PUBLIC        ?C?ILDPTR
  -------         ENDMOD        ?C?ILDPTR

  -------         MODULE        ?C?ILDOPTR
  C:291EH         PUBLIC        ?C?ILDOPTR
  -------         ENDMOD        ?C?ILDOPTR

  -------         MODULE        ?C?ISTPTR
  C:2956H         PUBLIC        ?C?ISTPTR
  -------         ENDMOD        ?C?ISTPTR

  -------         MODULE        ?C?LMUL
  C:2975H         PUBLIC        ?C?LMUL
  -------         ENDMOD        ?C?LMUL

  -------         MODULE        ?C?ULDIV
  C:2A00H         PUBLIC        ?C?ULDIV
  -------         ENDMOD        ?C?ULDIV

  -------         MODULE        ?C?LNEG
  C:2A92H         PUBLIC        ?C?LNEG
  -------         ENDMOD        ?C?LNEG

  -------         MODULE        ?C?SLCMP
  C:2AA0H         PUBLIC        ?C?SLCMP
  -------         ENDMOD        ?C?SLCMP

  -------         MODULE        ?C?ULCMP
  C:2AB6H         PUBLIC        ?C?ULCMP
  -------         ENDMOD        ?C?ULCMP

  -------         MODULE        ?C?ULSHR
  C:2AC7H         PUBLIC        ?C?ULSHR
  -------         ENDMOD        ?C?ULSHR

  -------         MODULE        ?C?SLSHR
BL51 BANKED LINKER/LOCATER V6.22.2.0                                                  05/04/2021  17:40:40  PAGE 94


  C:2ADAH         PUBLIC        ?C?SLSHR
  -------         ENDMOD        ?C?SLSHR

  -------         MODULE        ?C?LSHL
  C:2AEEH         PUBLIC        ?C?LSHL
  -------         ENDMOD        ?C?LSHL

  -------         MODULE        ?C?LLDPTR
  C:2B01H         PUBLIC        ?C?LLDPTR
  -------         ENDMOD        ?C?LLDPTR

  -------         MODULE        ?C?LSTXDATA
  C:2B21H         PUBLIC        ?C?LSTXDATA
  -------         ENDMOD        ?C?LSTXDATA

  -------         MODULE        ?C?LSTKXDATA
  C:2B2DH         PUBLIC        ?C?LSTKXDATA
  -------         ENDMOD        ?C?LSTKXDATA

  -------         MODULE        ?C?PLDPTR
  C:2B5EH         PUBLIC        ?C?PLDPTR
  -------         ENDMOD        ?C?PLDPTR

  -------         MODULE        ?C?CCASE
  C:2B7EH         PUBLIC        ?C?CCASE
  -------         ENDMOD        ?C?CCASE

  -------         MODULE        ABS
  C:8FC8H         PUBLIC        _ABS
  -------         ENDMOD        ABS

  -------         MODULE        ?C?LLDIDATA
  C:2BA4H         PUBLIC        ?C?LLDIDATA
  -------         ENDMOD        ?C?LLDIDATA

  -------         MODULE        ?C?LLDXDATA
  C:2BB0H         PUBLIC        ?C?LLDXDATA
  -------         ENDMOD        ?C?LLDXDATA

  -------         MODULE        ?C?LLDPDATA
  C:2BBCH         PUBLIC        ?C?LLDPDATA
  -------         ENDMOD        ?C?LLDPDATA

  -------         MODULE        ?C?LLDCODE
  C:2BC8H         PUBLIC        ?C?LLDCODE
  -------         ENDMOD        ?C?LLDCODE

  -------         MODULE        ?C?PLDIDATA
  C:2BD8H         PUBLIC        ?C?PLDIDATA
  -------         ENDMOD        ?C?PLDIDATA

  -------         MODULE        ?C?PLDXDATA
  C:2BE1H         PUBLIC        ?C?PLDXDATA
  -------         ENDMOD        ?C?PLDXDATA

  -------         MODULE        ?C?PLDPDATA
  C:2BEAH         PUBLIC        ?C?PLDPDATA
BL51 BANKED LINKER/LOCATER V6.22.2.0                                                  05/04/2021  17:40:40  PAGE 95


  -------         ENDMOD        ?C?PLDPDATA

  -------         MODULE        ?C?PLDCODE
  C:2BF3H         PUBLIC        ?C?PLDCODE
  -------         ENDMOD        ?C?PLDCODE

Program Size: data=109.6 xdata=751 code=36866
LINK/LOCATE RUN COMPLETE.  0 WARNING(S),  0 ERROR(S)
