BL51 BANKED LINKER/LOCATER V6.22.2.0                                                    08/24/2021  10:37:20  PAGE 1


BL51 BANKED LINKER/LOCATER V6.22.2.0, INVOKED BY:
C:\KEIL_V5\C51\BIN\BL51.EXE .\Output\STARTUP.obj, .\Output\CPU.obj, .\Output\etc_eep.obj, .\Output\HS_DVRProtocol.obj, .
>> \Output\i2c.obj, .\Output\keyremo.obj, .\Output\main.obj, .\Output\monitor.obj, .\Output\Printf.obj, .\Output\SysPowe
>> r.obj, .\Output\SysTimer.obj TO .\Output\ml070i_MRMCU PRINT (.\Listings\ml070i_MRMCU.m51) RAMSIZE (256)


MEMORY MODEL: LARGE WITH FLOATING POINT ARITHMETIC


INPUT MODULES INCLUDED:
  .\Output\STARTUP.obj (?C_STARTUP)
  .\Output\CPU.obj (CPU)
  .\Output\etc_eep.obj (ETC_EEP)
  .\Output\HS_DVRProtocol.obj (HS_DVRPROTOCOL)
  .\Output\i2c.obj (I2C)
  .\Output\keyremo.obj (KEYREMO)
  .\Output\main.obj (MAIN)
  .\Output\monitor.obj (MONITOR)
  .\Output\Printf.obj (PRINTF)
  .\Output\SysPower.obj (SYSPOWER)
  .\Output\SysTimer.obj (SYSTIMER)
  C:\KEIL_V5\C51\LIB\C51FPL.LIB (?C?FPADD)
  C:\KEIL_V5\C51\LIB\C51FPL.LIB (?C?FPMUL)
  C:\KEIL_V5\C51\LIB\C51FPL.LIB (?C?FPDIV)
  C:\KEIL_V5\C51\LIB\C51FPL.LIB (?C?FPCMP)
  C:\KEIL_V5\C51\LIB\C51FPL.LIB (?C?FCAST)
  C:\KEIL_V5\C51\LIB\C51FPL.LIB (?C?CASTF)
  C:\KEIL_V5\C51\LIB\C51FPL.LIB (?C?FPGETOPN)
  C:\KEIL_V5\C51\LIB\C51L.LIB (?C_INIT)
  C:\KEIL_V5\C51\LIB\C51L.LIB (?C?COPY)
  C:\KEIL_V5\C51\LIB\C51L.LIB (?C?CLDPTR)
  C:\KEIL_V5\C51\LIB\C51L.LIB (?C?CLDOPTR)
  C:\KEIL_V5\C51\LIB\C51L.LIB (?C?CILDPTR)
  C:\KEIL_V5\C51\LIB\C51L.LIB (?C?CSTOPTR)
  C:\KEIL_V5\C51\LIB\C51L.LIB (?C?IMUL)
  C:\KEIL_V5\C51\LIB\C51L.LIB (?C?UIDIV)
  C:\KEIL_V5\C51\LIB\C51L.LIB (?C?SIDIV)
  C:\KEIL_V5\C51\LIB\C51L.LIB (?C?IILDX)
  C:\KEIL_V5\C51\LIB\C51L.LIB (?C?ILDIX)
  C:\KEIL_V5\C51\LIB\C51L.LIB (?C?ILDPTR)
  C:\KEIL_V5\C51\LIB\C51L.LIB (?C?ILDOPTR)
  C:\KEIL_V5\C51\LIB\C51L.LIB (?C?ISTPTR)
  C:\KEIL_V5\C51\LIB\C51L.LIB (?C?LMUL)
  C:\KEIL_V5\C51\LIB\C51L.LIB (?C?ULDIV)
  C:\KEIL_V5\C51\LIB\C51L.LIB (?C?SLDIV)
  C:\KEIL_V5\C51\LIB\C51L.LIB (?C?LNEG)
  C:\KEIL_V5\C51\LIB\C51L.LIB (?C?SLCMP)
  C:\KEIL_V5\C51\LIB\C51L.LIB (?C?ULCMP)
  C:\KEIL_V5\C51\LIB\C51L.LIB (?C?ULSHR)
  C:\KEIL_V5\C51\LIB\C51L.LIB (?C?SLSHR)
  C:\KEIL_V5\C51\LIB\C51L.LIB (?C?LSHL)
  C:\KEIL_V5\C51\LIB\C51L.LIB (?C?LLDPTR)
  C:\KEIL_V5\C51\LIB\C51L.LIB (?C?LSTXDATA)
  C:\KEIL_V5\C51\LIB\C51L.LIB (?C?LSTKXDATA)
  C:\KEIL_V5\C51\LIB\C51L.LIB (?C?PLDPTR)
  C:\KEIL_V5\C51\LIB\C51L.LIB (?C?CCASE)
  C:\KEIL_V5\C51\LIB\C51L.LIB (ABS)
  C:\KEIL_V5\C51\LIB\C51L.LIB (?C?LLDIDATA)
BL51 BANKED LINKER/LOCATER V6.22.2.0                                                  08/24/2021  10:37:20  PAGE 2


  C:\KEIL_V5\C51\LIB\C51L.LIB (?C?LLDXDATA)
  C:\KEIL_V5\C51\LIB\C51L.LIB (?C?LLDPDATA)
  C:\KEIL_V5\C51\LIB\C51L.LIB (?C?LLDCODE)
  C:\KEIL_V5\C51\LIB\C51L.LIB (?C?PLDIDATA)
  C:\KEIL_V5\C51\LIB\C51L.LIB (?C?PLDXDATA)
  C:\KEIL_V5\C51\LIB\C51L.LIB (?C?PLDPDATA)
  C:\KEIL_V5\C51\LIB\C51L.LIB (?C?PLDCODE)


LINK MAP OF MODULE:  .\Output\ml070i_MRMCU (?C_STARTUP)


            TYPE    BASE      LENGTH    RELOCATION   SEGMENT NAME
            -----------------------------------------------------

            * * * * * * *   D A T A   M E M O R Y   * * * * * * *
            REG     0000H     0008H     ABSOLUTE     "REG BANK 0"
            REG     0008H     0008H     ABSOLUTE     "REG BANK 1"
            DATA    0010H     0001H     UNIT         ?DT?MONITOR
            IDATA   0011H     0002H     UNIT         ?ID?SYSPOWER
                    0013H     000DH                  *** GAP ***
            BIT     0020H.0   0000H.6   UNIT         ?BI?CPU
            BIT     0020H.6   0000H.3   UNIT         ?BI?MONITOR
            BIT     0021H.1   0000H.2   UNIT         _BIT_GROUP_
            BIT     0021H.3   0000H.1   UNIT         ?BI?HS_DVRPROTOCOL
            BIT     0021H.4   0000H.1   UNIT         ?BI?SYSTIMER
                    0021H.5   0000H.3                *** GAP ***
            DATA    0022H     0058H     UNIT         ?DT?CPU
            IDATA   007AH     0001H     UNIT         ?STACK

            * * * * * * *  X D A T A   M E M O R Y  * * * * * * *
            XDATA   0000H     0106H     UNIT         ?XD?HS_DVRPROTOCOL
            XDATA   0106H     009DH     UNIT         ?XD?MAIN
            XDATA   01A3H     005DH     UNIT         ?XD?SYSTIMER
            XDATA   0200H     0052H     UNIT         _XDATA_GROUP_
            XDATA   0252H     0038H     UNIT         ?XD?MONITOR
            XDATA   028AH     0024H     UNIT         ?XD?CPU
            XDATA   02AEH     0018H     UNIT         ?XD?PRINTF

            * * * * * * *   C O D E   M E M O R Y   * * * * * * *
            CODE    0000H     0003H     ABSOLUTE     
            CODE    0003H     0003H     ABSOLUTE     
            CODE    0006H     0004H     UNIT         ?PR?ISP_INIT?MAIN
                    000AH     0001H                  *** GAP ***
            CODE    000BH     0003H     ABSOLUTE     
            CODE    000EH     0003H     UNIT         ?PR?EXT1_INT?CPU
                    0011H     0002H                  *** GAP ***
            CODE    0013H     0003H     ABSOLUTE     
            CODE    0016H     000DH     UNIT         ?PR?I2CSTOP?I2C
            CODE    0023H     0003H     ABSOLUTE     
                    0026H     0005H                  *** GAP ***
            CODE    002BH     0003H     ABSOLUTE     
                    002EH     0005H                  *** GAP ***
            CODE    0033H     0003H     ABSOLUTE     
                    0036H     0005H                  *** GAP ***
            CODE    003BH     0003H     ABSOLUTE     
            CODE    003EH     0022H     UNIT         ?PR?MCUTIMERINITIALTIMEREVENT?SYSTIMER
BL51 BANKED LINKER/LOCATER V6.22.2.0                                                  08/24/2021  10:37:20  PAGE 3


                    0060H     0003H                  *** GAP ***
            CODE    0063H     0003H     ABSOLUTE     
            CODE    0066H     0F84H     UNIT         ?PR?_SYSTIMEREVENTPROC?SYSTIMER
            CODE    0FEAH     092BH     UNIT         ?C?LIB_CODE
            CODE    1915H     07FFH     UNIT         ?PR?LOADEEPROM?MAIN
            CODE    2114H     07C9H     UNIT         ?PR?DVRRECEIVEPASER?HS_DVRPROTOCOL
            CODE    28DDH     0556H     UNIT         ?PR?_DOPRINT?PRINTF
            CODE    2E33H     0543H     UNIT         ?PR?TIMER0_INT?CPU
            CODE    3376H     0461H     UNIT         ?PR?ENCORDERHANDLER_TELI?MAIN
            CODE    37D7H     044CH     UNIT         ?PR?ENCORDERHANDLER?MAIN
            CODE    3C23H     043DH     UNIT         ?CO?CPU
            CODE    4060H     0423H     UNIT         ?PR?_MCU_SENDCMDTODVR?MAIN
            CODE    4483H     041BH     UNIT         ?PR?SHOWWORKINGTIMER?CPU
            CODE    489EH     0325H     UNIT         ?PR?SAVEROTATENUMBER?MAIN
            CODE    4BC3H     030CH     UNIT         ?PR?_USERINTERFACEBATTERYCHARGEMODE?SYSPOWER
            CODE    4ECFH     023EH     UNIT         ?C_INITSEG
            CODE    510DH     0176H     UNIT         ?PR?_MAPPING1?MAIN
            CODE    5283H     015FH     UNIT         ?PR?_GETROTATENUMBER?MAIN
            CODE    53E2H     015BH     UNIT         ?PR?_USERINTERFACETIMEREVENTPROC?SYSTIMER
            CODE    553DH     012EH     UNIT         ?PR?_MCUTIMERCHECKTIMEREVENT?SYSTIMER
            CODE    566BH     011FH     UNIT         ?PR?CLEARBASICEE?ETC_EEP
            CODE    578AH     0112H     UNIT         ?PR?WAITPOWERON?MAIN
            CODE    589CH     00FFH     UNIT         ?PR?MAIN_INIT?CPU
            CODE    599BH     00E5H     UNIT         ?PR?_MCUTIMERACTIVETIMEREVENT?SYSTIMER
            CODE    5A80H     00DEH     UNIT         ?PR?_MCUTIMERREACTIVETIMEREVENT?SYSTIMER
            CODE    5B5EH     00D9H     UNIT         ?PR?_USERINTERFACEPOWERSWITCH?SYSPOWER
            CODE    5C37H     00ADH     UNIT         ?PR?_MCULIB_PROTOCOLAPPEND?MAIN
            CODE    5CE4H     00A5H     UNIT         ?PR?_SET_PWM?CPU
            CODE    5D89H     009CH     UNIT         ?PR?EXT0_INT?CPU
            CODE    5E25H     0090H     UNIT         ?PR?_MCULIB_PROTOCOLSENDCMDWITHPARAMNUM?MAIN
            CODE    5EB5H     008CH     UNIT         ?C_C51STARTUP
            CODE    5F41H     0085H     UNIT         ?PR?SYSTIMERHANDLER?SYSTIMER
            CODE    5FC6H     0084H     UNIT         ?PR?SYSPOWERHANDLER?SYSPOWER
            CODE    604AH     0082H     UNIT         ?PR?MAIN?MAIN
            CODE    60CCH     007EH     UNIT         ?PR?_AD5110_I2CWRITEDATA?I2C
            CODE    614AH     007BH     UNIT         ?PR?_I2CWRITEDATA?I2C
            CODE    61C5H     0079H     UNIT         ?PR?_POWERLED?CPU
            CODE    623EH     0077H     UNIT         ?CO?MAIN
            CODE    62B5H     005CH     UNIT         ?PR?INITIALTIMEREVENT?MAIN
            CODE    6311H     0052H     UNIT         ?PR?INITCPU?CPU
            CODE    6363H     0051H     UNIT         ?PR?SCANKEY?KEYREMO
            CODE    63B4H     004EH     UNIT         ?CO?PRINTF
            CODE    6402H     004AH     UNIT         ?PR?GETFWREVEE?ETC_EEP
            CODE    644CH     004AH     UNIT         ?PR?MCUTIMERGETTIMERCOUNTER?SYSTIMER
            CODE    6496H     0047H     UNIT         ?PR?GETPROJECTNAMEEE?ETC_EEP
            CODE    64DDH     0047H     UNIT         ?PR?_WRITEEEP?I2C
            CODE    6524H     0046H     UNIT         ?PR?_GRAPHICSPRINT?PRINTF
            CODE    656AH     0044H     UNIT         ?C?LDIV
            CODE    65AEH     0042H     UNIT         ?PR?MAIN_LOOP?MAIN
            CODE    65F0H     0041H     UNIT         ?PR?_MCUTIMERCANCELTIMEREVENT?SYSTIMER
            CODE    6631H     003EH     UNIT         ?PR?_SETAD5110STEP?MAIN
            CODE    666FH     003EH     UNIT         ?PR?_PRINTF?PRINTF
            CODE    66ADH     003EH     UNIT         ?PR?_DEBUG_MESSAGE?PRINTF
            CODE    66EBH     003BH     UNIT         ?PR?SERIAL2_INT?CPU
            CODE    6726H     0039H     UNIT         ?PR?_READI2C?I2C
            CODE    675FH     0033H     UNIT         ?PR?I2CREADDATA?I2C
            CODE    6792H     0033H     UNIT         ?PR?_ISP_WRITE?MAIN
BL51 BANKED LINKER/LOCATER V6.22.2.0                                                  08/24/2021  10:37:20  PAGE 4


            CODE    67C5H     002FH     UNIT         ?PR?SET_MCU_POWER_DOWN_MODE?CPU
            CODE    67F4H     002FH     UNIT         ?PR?SERIAL_INT?CPU
            CODE    6823H     002DH     UNIT         ?CO?SYSPOWER
            CODE    6850H     002CH     UNIT         ?PR?SYSPOWERINITIAL?SYSPOWER
            CODE    687CH     002CH     UNIT         ?PR?_SYSPOWERSWITCH?SYSPOWER
            CODE    68A8H     0026H     UNIT         ?PR?_READEEP?I2C
            CODE    68CEH     0021H     UNIT         ?PR?ENTER_ISP?MAIN
            CODE    68EFH     0020H     UNIT         ?PR?_WRITEAD5110?I2C
            CODE    690FH     0020H     UNIT         ?PR?_GETADCVALUE?MAIN
            CODE    692FH     001FH     UNIT         ?PR?INT2_INT?CPU
            CODE    694EH     001FH     UNIT         ?PR?INT3_INT?CPU
            CODE    696DH     001EH     UNIT         ?PR?RS2_RX?CPU
            CODE    698BH     001CH     UNIT         ?PR?CHECK_ADAP_IN?CPU
            CODE    69A7H     001BH     UNIT         ?PR?_GETKEY?KEYREMO
            CODE    69C2H     0019H     UNIT         ?PR?SAVEFWREVEE?ETC_EEP
            CODE    69DBH     0019H     UNIT         ?PR?_MCUTIMERDELAYXMS?SYSTIMER
            CODE    69F4H     0018H     UNIT         ?PR?_DELAY?CPU
            CODE    6A0CH     0016H     UNIT         ?PR?INITVARS?CPU
            CODE    6A22H     0015H     UNIT         ?PR?_MCUTIMERGETEVENTID?SYSTIMER
            CODE    6A37H     0014H     UNIT         ?PR?I2CDELAY?I2C
            CODE    6A4BH     0014H     UNIT         ?PR?_MCUTIMERGETEVENTTIME?SYSTIMER
            CODE    6A5FH     0013H     UNIT         ?PR?_MCUTIMERCLREVENTVALID?SYSTIMER
            CODE    6A72H     0012H     UNIT         ?CO?ETC_EEP
            CODE    6A84H     0012H     UNIT         ?PR?I2CSTART?I2C
            CODE    6A96H     0011H     UNIT         ?PR?_MCUTIMERCHECKEVENTVALID?SYSTIMER
            CODE    6AA7H     000FH     UNIT         ?PR?TIMER2_INT?CPU
            CODE    6AB6H     000CH     UNIT         ?PR?_ABS?ABS
            CODE    6AC2H     000BH     UNIT         ?PR?RS2_READY?CPU
            CODE    6ACDH     0008H     UNIT         ?PR?_RS2_TX?CPU
            CODE    6AD5H     0007H     UNIT         ?PR?GETBATTERYBTH?MAIN
            CODE    6ADCH     0007H     UNIT         ?PR?GETBATTERYVOLTAGE?MAIN



OVERLAY MAP OF MODULE:   .\Output\ml070i_MRMCU (?C_STARTUP)


SEGMENT                                             BIT_GROUP          XDATA_GROUP
  +--> CALLED SEGMENT                            START    LENGTH     START    LENGTH
------------------------------------------------------------------------------------
?C_C51STARTUP                                    -----    -----      -----    -----
  +--> ?PR?MAIN?MAIN
  +--> ?C_INITSEG

?PR?MAIN?MAIN                                    -----    -----      -----    -----
  +--> ?PR?INITCPU?CPU
  +--> ?PR?SYSPOWERINITIAL?SYSPOWER
  +--> ?CO?MAIN
  +--> ?PR?_PRINTF?PRINTF
  +--> ?PR?MAIN_INIT?CPU
  +--> ?PR?INITVARS?CPU
  +--> ?PR?LOADEEPROM?MAIN
  +--> ?PR?INITIALTIMEREVENT?MAIN
  +--> ?PR?_SETAD5110STEP?MAIN
  +--> ?PR?CHECK_ADAP_IN?CPU
  +--> ?PR?MAIN_LOOP?MAIN
  +--> ?PR?WAITPOWERON?MAIN
BL51 BANKED LINKER/LOCATER V6.22.2.0                                                  08/24/2021  10:37:20  PAGE 5



?PR?SYSPOWERINITIAL?SYSPOWER                     -----    -----      -----    -----
  +--> ?PR?_MCUTIMERDELAYXMS?SYSTIMER
  +--> ?CO?SYSPOWER
  +--> ?PR?_DEBUG_MESSAGE?PRINTF

?PR?_DEBUG_MESSAGE?PRINTF                        -----    -----      0200H    002EH
  +--> ?PR?_DOPRINT?PRINTF

?PR?_DOPRINT?PRINTF                              0021H.1  0000H.2    0235H    0015H
  +--> ?CO?PRINTF

?PR?_PRINTF?PRINTF                               -----    -----      0207H    002EH
  +--> ?PR?_DOPRINT?PRINTF

?PR?MAIN_INIT?CPU                                -----    -----      0200H    0004H
  +--> ?PR?GETFWREVEE?ETC_EEP
  +--> ?PR?_READEEP?I2C
  +--> ?CO?CPU
  +--> ?PR?_PRINTF?PRINTF
  +--> ?PR?SAVEFWREVEE?ETC_EEP
  +--> ?PR?GETPROJECTNAMEEE?ETC_EEP
  +--> ?PR?CLEARBASICEE?ETC_EEP
  +--> ?PR?_DELAY?CPU

?PR?GETFWREVEE?ETC_EEP                           -----    -----      -----    -----
  +--> ?PR?_READEEP?I2C

?PR?_READEEP?I2C                                 -----    -----      0234H    0001H
  +--> ?PR?_READI2C?I2C
  +--> ?PR?_DELAY?CPU

?PR?_READI2C?I2C                                 -----    -----      0235H    0003H
  +--> ?PR?I2CSTART?I2C
  +--> ?PR?_I2CWRITEDATA?I2C
  +--> ?PR?I2CREADDATA?I2C
  +--> ?PR?I2CSTOP?I2C

?PR?I2CSTART?I2C                                 -----    -----      -----    -----
  +--> ?PR?I2CDELAY?I2C

?PR?_I2CWRITEDATA?I2C                            -----    -----      -----    -----
  +--> ?PR?I2CDELAY?I2C

?PR?I2CREADDATA?I2C                              -----    -----      -----    -----
  +--> ?PR?I2CDELAY?I2C

?PR?I2CSTOP?I2C                                  -----    -----      -----    -----
  +--> ?PR?I2CDELAY?I2C

?PR?SAVEFWREVEE?ETC_EEP                          -----    -----      -----    -----
  +--> ?PR?_WRITEEEP?I2C

?PR?_WRITEEEP?I2C                                -----    -----      0208H    0004H
  +--> ?PR?I2CSTART?I2C
  +--> ?PR?_I2CWRITEDATA?I2C
  +--> ?PR?I2CSTOP?I2C
BL51 BANKED LINKER/LOCATER V6.22.2.0                                                  08/24/2021  10:37:20  PAGE 6


  +--> ?PR?_DELAY?CPU

?PR?GETPROJECTNAMEEE?ETC_EEP                     -----    -----      0204H    0001H
  +--> ?PR?_READEEP?I2C

?PR?CLEARBASICEE?ETC_EEP                         -----    -----      -----    -----
  +--> ?CO?ETC_EEP
  +--> ?PR?_PRINTF?PRINTF
  +--> ?PR?_WRITEEEP?I2C

?PR?LOADEEPROM?MAIN                              -----    -----      -----    -----
  +--> ?PR?_READEEP?I2C
  +--> ?PR?_WRITEEEP?I2C

?PR?INITIALTIMEREVENT?MAIN                       -----    -----      -----    -----
  +--> ?PR?MCUTIMERINITIALTIMEREVENT?SYSTIMER
  +--> ?PR?_MCUTIMERACTIVETIMEREVENT?SYSTIMER

?PR?_MCUTIMERACTIVETIMEREVENT?SYSTIMER           -----    -----      0228H    0004H
  +--> ?PR?_MCUTIMERCHECKTIMEREVENT?SYSTIMER

?PR?_MCUTIMERCHECKTIMEREVENT?SYSTIMER            -----    -----      022CH    0005H
  +--> ?PR?MCUTIMERGETTIMERCOUNTER?SYSTIMER

?PR?MCUTIMERGETTIMERCOUNTER?SYSTIMER             -----    -----      0231H    0002H
  +--> ?PR?_ABS?ABS

?PR?_SETAD5110STEP?MAIN                          -----    -----      0204H    0002H
  +--> ?PR?_MAPPING1?MAIN
  +--> ?PR?_WRITEAD5110?I2C

?PR?_MAPPING1?MAIN                               -----    -----      0206H    000FH

?PR?_WRITEAD5110?I2C                             -----    -----      -----    -----
  +--> ?PR?I2CSTART?I2C
  +--> ?PR?_AD5110_I2CWRITEDATA?I2C
  +--> ?PR?I2CSTOP?I2C
  +--> ?PR?_DELAY?CPU

?PR?_AD5110_I2CWRITEDATA?I2C                     -----    -----      -----    -----
  +--> ?PR?I2CDELAY?I2C

?PR?CHECK_ADAP_IN?CPU                            -----    -----      -----    -----
  +--> ?PR?_MCUTIMERDELAYXMS?SYSTIMER

?PR?MAIN_LOOP?MAIN                               -----    -----      -----    -----
  +--> ?CO?MAIN
  +--> ?PR?_PRINTF?PRINTF
  +--> ?PR?_GETROTATENUMBER?MAIN
  +--> ?PR?DVRRECEIVEPASER?HS_DVRPROTOCOL
  +--> ?PR?SYSTIMERHANDLER?SYSTIMER
  +--> ?PR?SYSPOWERHANDLER?SYSPOWER
  +--> ?PR?SCANKEY?KEYREMO
  +--> ?PR?ENCORDERHANDLER_TELI?MAIN
  +--> ?PR?ENCORDERHANDLER?MAIN

?PR?_GETROTATENUMBER?MAIN                        -----    -----      0200H    0004H
BL51 BANKED LINKER/LOCATER V6.22.2.0                                                  08/24/2021  10:37:20  PAGE 7


  +--> ?PR?_READEEP?I2C

?PR?DVRRECEIVEPASER?HS_DVRPROTOCOL               -----    -----      0200H    0001H
  +--> ?PR?RS2_READY?CPU
  +--> ?PR?RS2_RX?CPU
  +--> ?PR?_USERINTERFACEBATTERYCHARGEMODE?S...
  +--> ?PR?_MCUTIMERCANCELTIMEREVENT?SYSTIMER
  +--> ?PR?_MCUTIMERACTIVETIMEREVENT?SYSTIMER
  +--> ?PR?_READEEP?I2C
  +--> ?PR?_WRITEEEP?I2C
  +--> ?PR?_MCUTIMERREACTIVETIMEREVENT?SYSTIMER

?PR?_USERINTERFACEBATTERYCHARGEMODE?S...         -----    -----      0204H    0001H
  +--> ?PR?_MCUTIMERCANCELTIMEREVENT?SYSTIMER
  +--> ?PR?_SET_PWM?CPU
  +--> ?PR?_MCUTIMERACTIVETIMEREVENT?SYSTIMER
  +--> ?PR?_USERINTERFACEPOWERSWITCH?SYSPOWER

?PR?_SET_PWM?CPU                                 -----    -----      0205H    0002H
  +--> ?CO?CPU
  +--> ?PR?_PRINTF?PRINTF

?PR?_USERINTERFACEPOWERSWITCH?SYSPOWER           -----    -----      0205H    0001H
  +--> ?CO?SYSPOWER
  +--> ?PR?_PRINTF?PRINTF
  +--> ?PR?_MCUTIMERDELAYXMS?SYSTIMER
  +--> ?PR?_MCUTIMERACTIVETIMEREVENT?SYSTIMER
  +--> ?PR?_MCU_SENDCMDTODVR?MAIN

?PR?_MCU_SENDCMDTODVR?MAIN                       -----    -----      0228H    000CH
  +--> ?CO?MAIN
  +--> ?PR?_READEEP?I2C
  +--> ?PR?_MCULIB_PROTOCOLSENDCMDWITHPARAMN...

?PR?_MCULIB_PROTOCOLSENDCMDWITHPARAMN...         -----    -----      0234H    0017H
  +--> ?PR?_MCULIB_PROTOCOLAPPEND?MAIN
  +--> ?PR?_RS2_TX?CPU

?PR?_MCULIB_PROTOCOLAPPEND?MAIN                  -----    -----      024BH    0007H

?PR?_MCUTIMERREACTIVETIMEREVENT?SYSTIMER         -----    -----      0201H    0004H
  +--> ?PR?_MCUTIMERCHECKTIMEREVENT?SYSTIMER

?PR?SYSTIMERHANDLER?SYSTIMER                     -----    -----      0200H    0004H
  +--> ?PR?MCUTIMERGETTIMERCOUNTER?SYSTIMER
  +--> ?PR?_MCUTIMERCHECKEVENTVALID?SYSTIMER
  +--> ?PR?_MCUTIMERGETEVENTTIME?SYSTIMER
  +--> ?PR?_MCUTIMERCLREVENTVALID?SYSTIMER
  +--> ?PR?_MCUTIMERGETEVENTID?SYSTIMER
  +--> ?PR?_USERINTERFACETIMEREVENTPROC?SYST...
  +--> ?PR?_SYSTIMEREVENTPROC?SYSTIMER

?PR?_USERINTERFACETIMEREVENTPROC?SYST...         -----    -----      -----    -----
  +--> ?PR?_SETAD5110STEP?MAIN
  +--> ?PR?_WRITEEEP?I2C
  +--> ?PR?_MCU_SENDCMDTODVR?MAIN
  +--> ?PR?_USERINTERFACEBATTERYCHARGEMODE?S...
BL51 BANKED LINKER/LOCATER V6.22.2.0                                                  08/24/2021  10:37:20  PAGE 8


  +--> ?PR?_MCUTIMERACTIVETIMEREVENT?SYSTIMER
  +--> ?PR?ENTER_ISP?MAIN
  +--> ?PR?_USERINTERFACEPOWERSWITCH?SYSPOWER

?PR?ENTER_ISP?MAIN                               -----    -----      0204H    0001H
  +--> ?PR?ISP_INIT?MAIN
  +--> ?PR?_ISP_WRITE?MAIN

?PR?_ISP_WRITE?MAIN                              -----    -----      0205H    0006H

?PR?_SYSTIMEREVENTPROC?SYSTIMER                  -----    -----      -----    -----
  +--> ?PR?_POWERLED?CPU
  +--> ?PR?_MCUTIMERDELAYXMS?SYSTIMER
  +--> ?PR?CHECK_ADAP_IN?CPU
  +--> ?PR?_MCUTIMERCHECKEVENTVALID?SYSTIMER
  +--> ?PR?_MCUTIMERCANCELTIMEREVENT?SYSTIMER
  +--> ?PR?_MCUTIMERACTIVETIMEREVENT?SYSTIMER
  +--> ?PR?_MCU_SENDCMDTODVR?MAIN
  +--> ?PR?GETBATTERYVOLTAGE?MAIN
  +--> ?PR?GETBATTERYBTH?MAIN
  +--> ?PR?_SET_PWM?CPU
  +--> ?PR?_READEEP?I2C
  +--> ?PR?_WRITEEEP?I2C
  +--> ?PR?_USERINTERFACEBATTERYCHARGEMODE?S...
  +--> ?PR?SHOWWORKINGTIMER?CPU

?PR?GETBATTERYVOLTAGE?MAIN                       -----    -----      -----    -----
  +--> ?PR?_GETADCVALUE?MAIN

?PR?GETBATTERYBTH?MAIN                           -----    -----      -----    -----
  +--> ?PR?_GETADCVALUE?MAIN

?PR?SHOWWORKINGTIMER?CPU                         -----    -----      0204H    0002H
  +--> ?CO?CPU
  +--> ?PR?_GRAPHICSPRINT?PRINTF

?PR?_GRAPHICSPRINT?PRINTF                        -----    -----      0206H    002FH
  +--> ?PR?_DOPRINT?PRINTF

?PR?SYSPOWERHANDLER?SYSPOWER                     -----    -----      -----    -----
  +--> ?PR?_SYSPOWERSWITCH?SYSPOWER

?PR?_SYSPOWERSWITCH?SYSPOWER                     -----    -----      0200H    0001H
  +--> ?PR?_USERINTERFACEPOWERSWITCH?SYSPOWER

?PR?SCANKEY?KEYREMO                              -----    -----      -----    -----
  +--> ?PR?_GETKEY?KEYREMO
  +--> ?PR?_WRITEEEP?I2C
  +--> ?PR?_MCUTIMERACTIVETIMEREVENT?SYSTIMER

?PR?_GETKEY?KEYREMO                              0021H.1  0000H.1    -----    -----

?PR?ENCORDERHANDLER_TELI?MAIN                    -----    -----      0200H    0028H
  +--> ?PR?_MCU_SENDCMDTODVR?MAIN
  +--> ?PR?_MCUTIMERCANCELTIMEREVENT?SYSTIMER
  +--> ?PR?_MCUTIMERACTIVETIMEREVENT?SYSTIMER

BL51 BANKED LINKER/LOCATER V6.22.2.0                                                  08/24/2021  10:37:20  PAGE 9


?PR?ENCORDERHANDLER?MAIN                         -----    -----      0200H    0020H
  +--> ?PR?_MCU_SENDCMDTODVR?MAIN
  +--> ?PR?_MCUTIMERCANCELTIMEREVENT?SYSTIMER
  +--> ?PR?_MCUTIMERACTIVETIMEREVENT?SYSTIMER

?PR?WAITPOWERON?MAIN                             -----    -----      -----    -----
  +--> ?CO?MAIN
  +--> ?PR?_PRINTF?PRINTF
  +--> ?PR?_MCUTIMERCANCELTIMEREVENT?SYSTIMER
  +--> ?PR?SAVEROTATENUMBER?MAIN
  +--> ?PR?SYSPOWERHANDLER?SYSPOWER
  +--> ?PR?SYSTIMERHANDLER?SYSTIMER
  +--> ?PR?SCANKEY?KEYREMO
  +--> ?PR?_MCUTIMERACTIVETIMEREVENT?SYSTIMER
  +--> ?PR?CHECK_ADAP_IN?CPU
  +--> ?PR?SET_MCU_POWER_DOWN_MODE?CPU
  +--> ?PR?_WRITEEEP?I2C

?PR?SAVEROTATENUMBER?MAIN                        -----    -----      0200H    0008H
  +--> ?PR?_READEEP?I2C
  +--> ?PR?_WRITEEEP?I2C

?PR?SET_MCU_POWER_DOWN_MODE?CPU                  -----    -----      -----    -----
  +--> ?CO?CPU
  +--> ?PR?_PRINTF?PRINTF

?C_INITSEG                                       -----    -----      -----    -----
  +--> ?CO?PRINTF



SYMBOL TABLE OF MODULE:  .\Output\ml070i_MRMCU (?C_STARTUP)

  VALUE           TYPE          NAME
  ----------------------------------

  -------         MODULE        ?C_STARTUP
  C:5EB5H         SEGMENT       ?C_C51STARTUP
  I:007AH         SEGMENT       ?STACK
  C:0000H         PUBLIC        ?C_STARTUP
  D:00E0H         SYMBOL        ACC
  D:00F0H         SYMBOL        B
  D:0083H         SYMBOL        DPH
  D:0082H         SYMBOL        DPL
  N:0000H         SYMBOL        IBPSTACK
  N:0100H         SYMBOL        IBPSTACKTOP
  N:0080H         SYMBOL        IDATALEN
  C:5EB8H         SYMBOL        IDATALOOP
  N:0000H         SYMBOL        PBPSTACK
  N:0100H         SYMBOL        PBPSTACKTOP
  N:0000H         SYMBOL        PDATALEN
  N:0000H         SYMBOL        PDATASTART
  N:0000H         SYMBOL        PPAGE
  N:0000H         SYMBOL        PPAGEENABLE
  D:00A0H         SYMBOL        PPAGE_SFR
  D:0081H         SYMBOL        SP
  C:5EB5H         SYMBOL        STARTUP1
BL51 BANKED LINKER/LOCATER V6.22.2.0                                                  08/24/2021  10:37:20  PAGE 10


  N:0000H         SYMBOL        XBPSTACK
  N:0000H         SYMBOL        XBPSTACKTOP
  N:0000H         SYMBOL        XDATALEN
  N:0000H         SYMBOL        XDATASTART
  C:0000H         LINE#         126
  C:5EB5H         LINE#         133
  C:5EB7H         LINE#         134
  C:5EB8H         LINE#         135
  C:5EB9H         LINE#         136
  C:5EBBH         LINE#         185
  C:5EBEH         LINE#         196
  -------         ENDMOD        ?C_STARTUP

  -------         MODULE        CPU
  C:0000H         SYMBOL        _ICE_DUMMY_
  D:0091H         PUBLIC        P1M0
  X:028AH         PUBLIC        second
  C:6311H         PUBLIC        InitCPU
  D:00B1H         PUBLIC        P3M0
  D:0096H         PUBLIC        P2M1
  C:2E33H         PUBLIC        timer0_int
  X:028BH         PUBLIC        FormatSDCard
  D:00B3H         PUBLIC        P4M0
  D:00B2H         PUBLIC        P3M1
  D:00B4H         PUBLIC        P4M1
  D:00B0H         PUBLIC        P3
  C:6AA7H         PUBLIC        timer2_int
  D:00E8H         PUBLIC        P4
  X:028CH         PUBLIC        FormatWait
  X:028DH         PUBLIC        Power_Msg_Count
  X:028FH         PUBLIC        IE_Temp
  D:00F9H         PUBLIC        CH
  D:0022H         PUBLIC        DVR_buf
  D:0040H         PUBLIC        keytic
  D:00A8H         PUBLIC        IE
  C:4483H         PUBLIC        ShowWorkingTimer
  D:00E9H         PUBLIC        CL
  D:0042H         PUBLIC        RS2_in
  B:0020H.0       PUBLIC        RepeatKey
  X:0290H         PUBLIC        LED_FLASH_COUNT
  D:0043H         PUBLIC        RS2_out
  C:69F4H         PUBLIC        _delay
  D:00FCH         PUBLIC        CCAP2H
  B:00E8H.0       PUBLIC        P4_0
  D:00FDH         PUBLIC        CCAP3H
  B:00E8H.1       PUBLIC        P4_1
  B:0090H.4       PUBLIC        P1_4
  B:0080H.5       PUBLIC        P0_5
  X:0292H         PUBLIC        minute
  B:00E8H.2       PUBLIC        P4_2
  D:00ECH         PUBLIC        CCAP2L
  B:00A8H.4       PUBLIC        ES
  D:00EDH         PUBLIC        CCAP3L
  D:00DCH         PUBLIC        CCAPM2
  D:00DDH         PUBLIC        CCAPM3
  D:00B8H         PUBLIC        IP
  B:0098H.0       PUBLIC        RI
BL51 BANKED LINKER/LOCATER V6.22.2.0                                                  08/24/2021  10:37:20  PAGE 11


  B:0098H.1       PUBLIC        TI
  D:0044H         PUBLIC        tic01
  B:0020H.1       PUBLIC        KeyReady
  C:696DH         PUBLIC        RS2_rx
  B:0020H.2       PUBLIC        RS_Xbusy
  D:0045H         PUBLIC        tic02
  D:00D9H         PUBLIC        CMOD
  D:00D8H         PUBLIC        CCON
  C:6ACDH         PUBLIC        _RS2_tx
  X:0293H         PUBLIC        Time5ms
  X:0294H         PUBLIC        month
  X:0295H         PUBLIC        keyticSec
  D:0046H         PUBLIC        Key
  C:692FH         PUBLIC        int2_int
  C:694EH         PUBLIC        int3_int
  X:0296H         PUBLIC        bytEncorderCountTemp
  C:5D89H         PUBLIC        ext0_int
  C:67F4H         PUBLIC        serial_int
  C:000EH         PUBLIC        ext1_int
  X:0298H         PUBLIC        EncorderCountINT
  D:0099H         PUBLIC        SBUF
  D:0087H         PUBLIC        PCON
  X:029CH         PUBLIC        bytPNFlagEncoder
  D:0098H         PUBLIC        SCON
  C:6A0CH         PUBLIC        InitVars
  D:0089H         PUBLIC        TMOD
  D:0088H         PUBLIC        TCON
  C:589CH         PUBLIC        main_init
  X:029DH         PUBLIC        day
  X:029EH         PUBLIC        bytFastEncorderCountTemp
  X:029FH         PUBLIC        hour
  B:00C0H.1       PUBLIC        IE2
  B:00C0H.5       PUBLIC        IE3
  C:5CE4H         PUBLIC        _SET_PWM
  X:02A0H         PUBLIC        PowerDownWait
  D:0047H         PUBLIC        tm01
  D:0049H         PUBLIC        stopWatch
  X:02A1H         PUBLIC        EncorderCount
  D:004BH         SYMBOL        RS_buf
  C:67C5H         PUBLIC        SET_MCU_POWER_DOWN_MODE
  D:0069H         PUBLIC        tic_PWR_SAVING
  D:006DH         PUBLIC        tic_Init_time
  B:00A8H.5       PUBLIC        ET2
  B:00C8H.7       PUBLIC        TF2
  D:008CH         PUBLIC        TH0
  B:00A8H.0       PUBLIC        EX0
  D:008DH         PUBLIC        TH1
  X:02A5H         PUBLIC        bytHoldOn3SPowerOff
  B:00A8H.2       PUBLIC        EX1
  B:00C0H.2       PUBLIC        EX2
  B:00C0H.0       PUBLIC        IT2
  C:6AC2H         PUBLIC        RS2_ready
  C:698BH         PUBLIC        Check_ADAP_IN
  B:00C0H.6       PUBLIC        EX3
  B:00C0H.4       PUBLIC        IT3
  D:008AH         PUBLIC        TL0
  X:02A6H         PUBLIC        bytHoldOn3SPowerOffMode
BL51 BANKED LINKER/LOCATER V6.22.2.0                                                  08/24/2021  10:37:20  PAGE 12


  B:0020H.3       PUBLIC        RS2_Xbusy
  B:00C8H.2       PUBLIC        TR2
  X:02A7H         PUBLIC        updn_reg
  B:0020H.4       PUBLIC        PWR_SAVING_ACT_FLAG
  D:0071H         PUBLIC        RS_in
  D:0072H         PUBLIC        RS_out
  C:66EBH         PUBLIC        serial2_int
  D:009AH         PUBLIC        S2BUF
  X:02ABH         PUBLIC        year1
  X:02ACH         PUBLIC        year2
  C:61C5H         PUBLIC        _PowerLED
  D:00AAH         PUBLIC        S2CON
  D:00C8H         PUBLIC        T2CON
  D:00BAH         PUBLIC        S2BRT
  X:02ADH         PUBLIC        DVR_FACTORY_MODE
  D:0073H         PUBLIC        tm001
  D:00A6H         PUBLIC        AUXR2
  B:0020H.5       PUBLIC        ChangeKey
  D:0074H         PUBLIC        tic_pc
  D:0076H         PUBLIC        SystemClock
  D:0093H         PUBLIC        P0M0
  D:00ADH         PUBLIC        AUXIE
  -------         PROC          MAIN_INIT
  -------         DO            
  X:0200H         SYMBOL        rev
  -------         ENDDO         
  C:589CH         LINE#         103
  C:589CH         LINE#         104
  C:589CH         LINE#         107
  C:58A5H         LINE#         110
  C:58E7H         LINE#         112
  C:58F6H         LINE#         113
  C:58F6H         LINE#         114
  C:5910H         LINE#         115
  C:5913H         LINE#         116
  C:5955H         LINE#         117
  C:5955H         LINE#         121
  C:5964H         LINE#         122
  C:5964H         LINE#         125
  C:5964H         LINE#         126
  C:596AH         LINE#         127
  C:596DH         LINE#         128
  C:596DH         LINE#         129
  C:596FH         LINE#         131
  C:596FH         LINE#         132
  C:5978H         LINE#         133
  C:5981H         LINE#         134
  C:5988H         LINE#         136
  C:5988H         LINE#         159
  C:598DH         LINE#         162
  C:5995H         LINE#         163
  C:599AH         LINE#         165
  -------         ENDPROC       MAIN_INIT
  -------         PROC          INITCPU
  C:6311H         LINE#         173
  C:6311H         LINE#         174
  C:6311H         LINE#         178
BL51 BANKED LINKER/LOCATER V6.22.2.0                                                  08/24/2021  10:37:20  PAGE 13


  C:6314H         LINE#         186
  C:6317H         LINE#         188
  C:631AH         LINE#         190
  C:631DH         LINE#         198
  C:6323H         LINE#         200
  C:6326H         LINE#         201
  C:6329H         LINE#         205
  C:632CH         LINE#         208
  C:632EH         LINE#         209
  C:6330H         LINE#         228
  C:6333H         LINE#         229
  C:6335H         LINE#         230
  C:6337H         LINE#         237
  C:633AH         LINE#         238
  C:633DH         LINE#         241
  C:6340H         LINE#         244
  C:6343H         LINE#         246
  C:6345H         LINE#         248
  C:6347H         LINE#         249
  C:6349H         LINE#         253
  C:634CH         LINE#         254
  C:634FH         LINE#         264
  C:6352H         LINE#         267
  C:6355H         LINE#         269
  C:6358H         LINE#         271
  C:635BH         LINE#         272
  C:635DH         LINE#         273
  C:6360H         LINE#         274
  C:6362H         LINE#         276
  -------         ENDPROC       INITCPU
  -------         PROC          SET_MCU_POWER_DOWN_MODE
  C:67C5H         LINE#         279
  C:67C5H         LINE#         280
  C:67C5H         LINE#         282
  C:67CEH         LINE#         284
  C:67D0H         LINE#         285
  C:67D2H         LINE#         286
  C:67D4H         LINE#         288
  C:67D6H         LINE#         289
  C:67D8H         LINE#         290
  C:67DAH         LINE#         292
  C:67E0H         LINE#         293
  C:67E3H         LINE#         295
  C:67E9H         LINE#         296
  C:67EBH         LINE#         297
  C:67EDH         LINE#         298
  C:67F0H         LINE#         299
  C:67F1H         LINE#         300
  C:67F2H         LINE#         301
  C:67F3H         LINE#         305
  -------         ENDPROC       SET_MCU_POWER_DOWN_MODE
  -------         PROC          CHECK_ADAP_IN
  C:698BH         LINE#         308
  C:698BH         LINE#         309
  C:698BH         LINE#         311
  C:6991H         LINE#         312
  C:6991H         LINE#         313
BL51 BANKED LINKER/LOCATER V6.22.2.0                                                  08/24/2021  10:37:20  PAGE 14


  C:6998H         LINE#         315
  C:699EH         LINE#         316
  C:69A1H         LINE#         318
  C:69A4H         LINE#         319
  C:69A4H         LINE#         321
  C:69A6H         LINE#         322
  -------         ENDPROC       CHECK_ADAP_IN
  -------         PROC          _SET_PWM
  X:0205H         SYMBOL        index
  X:0206H         SYMBOL        val
  C:5CE4H         LINE#         324
  C:5CECH         LINE#         325
  C:5CECH         LINE#         327
  C:5D05H         LINE#         329
  C:5D17H         LINE#         330
  C:5D17H         LINE#         331
  C:5D17H         LINE#         333
  C:5D1AH         LINE#         334
  C:5D25H         LINE#         335
  C:5D28H         LINE#         337
  C:5D2BH         LINE#         338
  C:5D2BH         LINE#         339
  C:5D2DH         LINE#         340
  C:5D2FH         LINE#         341
  C:5D2FH         LINE#         343
  C:5D37H         LINE#         344
  C:5D37H         LINE#         345
  C:5D3AH         LINE#         346
  C:5D3DH         LINE#         347
  C:5D40H         LINE#         348
  C:5D46H         LINE#         349
  C:5D48H         LINE#         350
  C:5D50H         LINE#         351
  C:5D50H         LINE#         352
  C:5D53H         LINE#         353
  C:5D56H         LINE#         354
  C:5D59H         LINE#         355
  C:5D62H         LINE#         356
  C:5D62H         LINE#         358
  C:5D69H         LINE#         359
  C:5D69H         LINE#         360
  C:5D6CH         LINE#         361
  C:5D6EH         LINE#         362
  C:5D6EH         LINE#         396
  C:5D6FH         LINE#         397
  C:5D6FH         LINE#         398
  C:5D72H         LINE#         399
  C:5D7DH         LINE#         400
  C:5D80H         LINE#         401
  C:5D81H         LINE#         402
  C:5D81H         LINE#         403
  C:5D84H         LINE#         404
  C:5D85H         LINE#         405
  C:5D85H         LINE#         406
  C:5D88H         LINE#         407
  C:5D88H         LINE#         409
  C:5D88H         LINE#         410
BL51 BANKED LINKER/LOCATER V6.22.2.0                                                  08/24/2021  10:37:20  PAGE 15


  C:5D88H         LINE#         411
  C:5D88H         LINE#         414
  -------         ENDPROC       _SET_PWM
  -------         PROC          TIMER0_INT
  -------         DO            
  D:000FH         SYMBOL        TempKey
  -------         ENDDO         
  C:2E33H         LINE#         423
  C:2E40H         LINE#         430
  C:2E42H         LINE#         435
  C:2E44H         LINE#         438
  C:2E4FH         LINE#         439
  C:2E4FH         LINE#         440
  C:2E5DH         LINE#         441
  C:2E60H         LINE#         442
  C:2E62H         LINE#         443
  C:2E62H         LINE#         445
  C:2E68H         LINE#         446
  C:2E6AH         LINE#         447
  C:2E73H         LINE#         448
  C:2E73H         LINE#         450
  C:2E7CH         LINE#         451
  C:2E86H         LINE#         452
  C:2E86H         LINE#         453
  C:2E8EH         LINE#         454
  C:2E96H         LINE#         455
  C:2E9EH         LINE#         456
  C:2EA1H         LINE#         457
  C:2EA3H         LINE#         461
  C:2EB1H         LINE#         462
  C:2EB4H         LINE#         464
  C:2EB7H         LINE#         466
  C:2EC0H         LINE#         467
  C:2EC0H         LINE#         468
  C:2EDBH         LINE#         469
  C:2EDBH         LINE#         470
  C:2EDBH         LINE#         471
  C:2EDDH         LINE#         472
  C:2EF5H         LINE#         473
  C:2EF5H         LINE#         474
  C:2EF5H         LINE#         475
  C:2EF7H         LINE#         476
  C:2F0FH         LINE#         477
  C:2F0FH         LINE#         479
  C:2F0FH         LINE#         480
  C:2F11H         LINE#         481
  C:2F2CH         LINE#         482
  C:2F2CH         LINE#         484
  C:2F30H         LINE#         485
  C:2F33H         LINE#         486
  C:2F4BH         LINE#         487
  C:2F4BH         LINE#         489
  C:2F4BH         LINE#         490
  C:2F4DH         LINE#         491
  C:2F65H         LINE#         492
  C:2F65H         LINE#         494
  C:2F65H         LINE#         495
BL51 BANKED LINKER/LOCATER V6.22.2.0                                                  08/24/2021  10:37:20  PAGE 16


  C:2F67H         LINE#         496
  C:2F82H         LINE#         497
  C:2F82H         LINE#         499
  C:2F82H         LINE#         500
  C:2F84H         LINE#         501
  C:2FA8H         LINE#         502
  C:2FA8H         LINE#         504
  C:2FADH         LINE#         505
  C:2FADH         LINE#         506
  C:2FB0H         LINE#         508
  C:2FB0H         LINE#         509
  C:2FC8H         LINE#         510
  C:2FC8H         LINE#         511
  C:2FEDH         LINE#         512
  C:2FFBH         LINE#         513
  C:2FFBH         LINE#         514
  C:3013H         LINE#         515
  C:3013H         LINE#         516
  C:3038H         LINE#         517
  C:3046H         LINE#         518
  C:3046H         LINE#         519
  C:305EH         LINE#         520
  C:305EH         LINE#         521
  C:3083H         LINE#         522
  C:3091H         LINE#         523
  C:3091H         LINE#         524
  C:30A9H         LINE#         525
  C:30A9H         LINE#         526
  C:30CEH         LINE#         527
  C:30DCH         LINE#         528
  C:30DCH         LINE#         529
  C:30F4H         LINE#         530
  C:30F4H         LINE#         531
  C:3118H         LINE#         532
  C:3126H         LINE#         533
  C:3126H         LINE#         534
  C:313EH         LINE#         535
  C:313EH         LINE#         536
  C:3162H         LINE#         537
  C:3170H         LINE#         538
  C:3170H         LINE#         539
  C:3188H         LINE#         540
  C:3188H         LINE#         541
  C:31ACH         LINE#         542
  C:31BAH         LINE#         543
  C:31BAH         LINE#         544
  C:31D2H         LINE#         545
  C:31D2H         LINE#         546
  C:31F6H         LINE#         547
  C:3204H         LINE#         548
  C:3204H         LINE#         549
  C:3204H         LINE#         561
  C:320AH         LINE#         562
  C:320AH         LINE#         563
  C:3219H         LINE#         564
  C:3219H         LINE#         565
  C:3238H         LINE#         566
BL51 BANKED LINKER/LOCATER V6.22.2.0                                                  08/24/2021  10:37:20  PAGE 17


  C:323FH         LINE#         567
  C:323FH         LINE#         568
  C:323FH         LINE#         569
  C:323FH         LINE#         570
  C:323FH         LINE#         579
  C:324DH         LINE#         582
  C:3255H         LINE#         583
  C:3258H         LINE#         584
  C:325AH         LINE#         586
  C:3260H         LINE#         587
  C:3260H         LINE#         591
  C:3262H         LINE#         594
  C:3269H         LINE#         595
  C:326EH         LINE#         597
  C:3270H         LINE#         599
  C:3270H         LINE#         600
  C:327AH         LINE#         601
  C:3282H         LINE#         604
  C:3290H         LINE#         605
  C:32A4H         LINE#         606
  C:32AEH         LINE#         607
  C:32BCH         LINE#         649
  C:32C8H         LINE#         650
  C:32C8H         LINE#         651
  C:32D0H         LINE#         652
  C:32D0H         LINE#         653
  C:32E1H         LINE#         654
  C:32E1H         LINE#         655
  C:32E4H         LINE#         656
  C:32E6H         LINE#         657
  C:32E8H         LINE#         658
  C:32E8H         LINE#         659
  C:32EAH         LINE#         660
  C:3306H         LINE#         661
  C:3306H         LINE#         662
  C:3309H         LINE#         663
  C:3309H         LINE#         664
  C:330CH         LINE#         665
  C:330EH         LINE#         666
  C:3313H         LINE#         667
  C:3315H         LINE#         668
  C:3315H         LINE#         669
  C:3317H         LINE#         670
  C:3321H         LINE#         672
  C:3324H         LINE#         673
  C:3324H         LINE#         674
  C:3327H         LINE#         675
  C:3329H         LINE#         676
  C:332FH         LINE#         677
  C:3331H         LINE#         678
  C:3331H         LINE#         680
  C:3337H         LINE#         681
  C:3337H         LINE#         683
  C:333FH         LINE#         684
  C:3341H         LINE#         686
  C:3341H         LINE#         687
  C:3357H         LINE#         688
BL51 BANKED LINKER/LOCATER V6.22.2.0                                                  08/24/2021  10:37:20  PAGE 18


  C:335AH         LINE#         689
  C:335CH         LINE#         690
  C:335EH         LINE#         692
  C:335EH         LINE#         693
  C:3361H         LINE#         694
  C:3363H         LINE#         695
  C:3363H         LINE#         697
  C:3365H         LINE#         698
  C:336BH         LINE#         699
  C:336BH         LINE#         731
  C:336BH         LINE#         733
  -------         ENDPROC       TIMER0_INT
  -------         PROC          SHOWWORKINGTIMER
  -------         DO            
  X:0204H         SYMBOL        val
  -------         ENDDO         
  C:4483H         LINE#         738
  C:4483H         LINE#         739
  C:4483H         LINE#         742
  C:448EH         LINE#         744
  C:4495H         LINE#         745
  C:4495H         LINE#         746
  C:44C5H         LINE#         747
  C:44C7H         LINE#         748
  C:44CEH         LINE#         749
  C:44CEH         LINE#         750
  C:44F1H         LINE#         751
  C:44F3H         LINE#         752
  C:44FCH         LINE#         753
  C:44FCH         LINE#         754
  C:4510H         LINE#         755
  C:4512H         LINE#         757
  C:4512H         LINE#         758
  C:4528H         LINE#         759
  C:4528H         LINE#         763
  C:4570H         LINE#         767
  C:457AH         LINE#         768
  C:4584H         LINE#         769
  C:458DH         LINE#         770
  C:4597H         LINE#         772
  C:45A1H         LINE#         773
  C:45ABH         LINE#         774
  C:45B8H         LINE#         775
  C:45C0H         LINE#         777
  C:45C9H         LINE#         783
  C:45D3H         LINE#         784
  C:45D3H         LINE#         785
  C:4632H         LINE#         786
  C:4640H         LINE#         788
  C:4642H         LINE#         790
  C:4642H         LINE#         794
  C:467EH         LINE#         796
  C:468CH         LINE#         797
  C:46A3H         LINE#         799
  C:46B7H         LINE#         803
  C:46B7H         LINE#         806
  C:470AH         LINE#         810
BL51 BANKED LINKER/LOCATER V6.22.2.0                                                  08/24/2021  10:37:20  PAGE 19


  C:4714H         LINE#         811
  C:471EH         LINE#         812
  C:4728H         LINE#         813
  C:4732H         LINE#         814
  C:473CH         LINE#         815
  C:4746H         LINE#         816
  C:4750H         LINE#         817
  C:475AH         LINE#         818
  C:4764H         LINE#         819
  C:476FH         LINE#         821
  C:4779H         LINE#         822
  C:4781H         LINE#         823
  C:478BH         LINE#         824
  C:4793H         LINE#         825
  C:479DH         LINE#         826
  C:47A5H         LINE#         827
  C:47AFH         LINE#         828
  C:47B7H         LINE#         829
  C:47BFH         LINE#         830
  C:47C9H         LINE#         831
  C:47D3H         LINE#         832
  C:47DDH         LINE#         833
  C:47E7H         LINE#         834
  C:47F1H         LINE#         835
  C:47FBH         LINE#         836
  C:4805H         LINE#         837
  C:480FH         LINE#         838
  C:4819H         LINE#         839
  C:4823H         LINE#         840
  C:482EH         LINE#         842
  C:483AH         LINE#         843
  C:4845H         LINE#         845
  C:484FH         LINE#         846
  C:4857H         LINE#         847
  C:4861H         LINE#         848
  C:4869H         LINE#         849
  C:4875H         LINE#         850
  C:487BH         LINE#         852
  C:4893H         LINE#         870
  -------         ENDPROC       SHOWWORKINGTIMER
  -------         PROC          INITVARS
  -------         DO            
  D:0007H         SYMBOL        j
  -------         ENDDO         
  C:6A0CH         LINE#         880
  C:6A0CH         LINE#         881
  C:6A0CH         LINE#         883
  C:6A18H         LINE#         884
  C:6A21H         LINE#         886
  -------         ENDPROC       INITVARS
  -------         PROC          _POWERLED
  D:0007H         SYMBOL        flag
  C:61C5H         LINE#         892
  C:61C5H         LINE#         893
  C:61C5H         LINE#         895
  C:61F9H         LINE#         896
  C:61F9H         LINE#         897
BL51 BANKED LINKER/LOCATER V6.22.2.0                                                  08/24/2021  10:37:20  PAGE 20


  C:61F9H         LINE#         898
  C:61FBH         LINE#         899
  C:61FDH         LINE#         900
  C:61FEH         LINE#         901
  C:61FEH         LINE#         902
  C:6200H         LINE#         903
  C:6202H         LINE#         904
  C:6203H         LINE#         905
  C:6203H         LINE#         906
  C:6203H         LINE#         907
  C:6203H         LINE#         908
  C:6205H         LINE#         909
  C:6205H         LINE#         910
  C:6205H         LINE#         911
  C:6205H         LINE#         912
  C:6207H         LINE#         913
  C:6207H         LINE#         914
  C:620AH         LINE#         915
  C:620AH         LINE#         916
  C:620CH         LINE#         917
  C:620EH         LINE#         918
  C:620FH         LINE#         925
  C:620FH         LINE#         926
  C:6212H         LINE#         927
  C:6212H         LINE#         928
  C:6214H         LINE#         929
  C:6216H         LINE#         930
  C:6217H         LINE#         932
  C:6217H         LINE#         933
  C:6217H         LINE#         934
  C:6217H         LINE#         935
  C:6217H         LINE#         936
  C:6219H         LINE#         937
  C:6219H         LINE#         938
  C:621CH         LINE#         939
  C:621CH         LINE#         940
  C:621EH         LINE#         941
  C:6220H         LINE#         942
  C:6221H         LINE#         944
  C:6221H         LINE#         945
  C:6223H         LINE#         946
  C:6225H         LINE#         947
  C:6225H         LINE#         948
  C:6226H         LINE#         949
  C:6226H         LINE#         950
  C:6229H         LINE#         951
  C:6229H         LINE#         952
  C:622BH         LINE#         953
  C:622DH         LINE#         955
  C:622DH         LINE#         956
  C:622FH         LINE#         957
  C:622FH         LINE#         959
  C:6231H         LINE#         961
  C:6232H         LINE#         962
  C:6232H         LINE#         963
  C:6235H         LINE#         964
  C:6235H         LINE#         965
BL51 BANKED LINKER/LOCATER V6.22.2.0                                                  08/24/2021  10:37:20  PAGE 21


  C:6237H         LINE#         966
  C:6239H         LINE#         968
  C:6239H         LINE#         969
  C:623BH         LINE#         970
  C:623BH         LINE#         972
  C:623DH         LINE#         975
  C:623DH         LINE#         976
  C:623DH         LINE#         977
  C:623DH         LINE#         978
  C:623DH         LINE#         979
  -------         ENDPROC       _POWERLED
  -------         PROC          EXT0_INT
  C:5D89H         LINE#         988
  C:5D96H         LINE#         990
  C:5D98H         LINE#         991
  C:5DA1H         LINE#         992
  C:5DBEH         LINE#         994
  C:5DDFH         LINE#         996
  C:5DECH         LINE#         997
  C:5DECH         LINE#         998
  C:5E0BH         LINE#         999
  C:5E10H         LINE#         1000
  C:5E12H         LINE#         1002
  C:5E18H         LINE#         1004
  C:5E1AH         LINE#         1005
  -------         ENDPROC       EXT0_INT
  -------         PROC          EXT1_INT
  C:000EH         LINE#         1007
  C:000EH         LINE#         1009
  C:0010H         LINE#         1012
  -------         ENDPROC       EXT1_INT
  -------         PROC          SERIAL_INT
  C:67F4H         LINE#         1035
  C:67FBH         LINE#         1041
  C:67FEH         LINE#         1050
  C:6805H         LINE#         1051
  C:6807H         LINE#         1052
  C:6815H         LINE#         1056
  C:6817H         LINE#         1058
  C:6817H         LINE#         1060
  C:681AH         LINE#         1061
  C:681CH         LINE#         1062
  C:681EH         LINE#         1063
  C:681EH         LINE#         1064
  -------         ENDPROC       SERIAL_INT
  -------         PROC          SERIAL2_INT
  C:66EBH         LINE#         1068
  C:66F2H         LINE#         1073
  C:66FAH         LINE#         1074
  C:66FAH         LINE#         1076
  C:66FDH         LINE#         1078
  C:6704H         LINE#         1081
  C:6706H         LINE#         1082
  C:6714H         LINE#         1083
  C:6714H         LINE#         1085
  C:671CH         LINE#         1086
  C:671CH         LINE#         1087
BL51 BANKED LINKER/LOCATER V6.22.2.0                                                  08/24/2021  10:37:20  PAGE 22


  C:671FH         LINE#         1088
  C:6721H         LINE#         1089
  C:6721H         LINE#         1090
  -------         ENDPROC       SERIAL2_INT
  -------         PROC          RS2_READY
  C:6AC2H         LINE#         1126
  C:6AC2H         LINE#         1127
  C:6AC2H         LINE#         1128
  C:6ACAH         LINE#         1129
  C:6ACCH         LINE#         1130
  -------         ENDPROC       RS2_READY
  -------         PROC          RS2_RX
  -------         DO            
  D:0007H         SYMBOL        ret
  -------         ENDDO         
  C:696DH         LINE#         1134
  C:696DH         LINE#         1135
  C:696DH         LINE#         1138
  C:6970H         LINE#         1139
  C:6977H         LINE#         1140
  C:6979H         LINE#         1141
  C:6984H         LINE#         1142
  C:6987H         LINE#         1143
  C:698AH         LINE#         1145
  C:698AH         LINE#         1146
  -------         ENDPROC       RS2_RX
  -------         PROC          _RS2_TX
  D:0007H         SYMBOL        tx_buf
  C:6ACDH         LINE#         1163
  C:6ACDH         LINE#         1164
  C:6ACDH         LINE#         1166
  C:6AD0H         LINE#         1167
  C:6AD2H         LINE#         1168
  C:6AD4H         LINE#         1169
  -------         ENDPROC       _RS2_TX
  -------         PROC          TIMER2_INT
  C:6AA7H         LINE#         1210
  C:6AA9H         LINE#         1369
  C:6AABH         LINE#         1371
  C:6AB3H         LINE#         1373
  -------         ENDPROC       TIMER2_INT
  -------         PROC          _DELAY
  D:0007H         SYMBOL        cnt
  -------         DO            
  D:0004H         SYMBOL        ttic01
  -------         ENDDO         
  C:69F4H         LINE#         1375
  C:69F4H         LINE#         1376
  C:69F4H         LINE#         1379
  C:6A02H         LINE#         1380
  C:6A02H         LINE#         1382
  C:6A0BH         LINE#         1383
  -------         ENDPROC       _DELAY
  -------         PROC          INT2_INT
  C:692FH         LINE#         1387
  C:6935H         LINE#         1389
  C:6937H         LINE#         1390
BL51 BANKED LINKER/LOCATER V6.22.2.0                                                  08/24/2021  10:37:20  PAGE 23


  C:6939H         LINE#         1391
  C:693CH         LINE#         1392
  C:6942H         LINE#         1393
  C:6947H         LINE#         1394
  -------         ENDPROC       INT2_INT
  -------         PROC          INT3_INT
  C:694EH         LINE#         1396
  C:6954H         LINE#         1398
  C:6956H         LINE#         1399
  C:6958H         LINE#         1400
  C:695BH         LINE#         1401
  C:6961H         LINE#         1402
  C:6966H         LINE#         1403
  -------         ENDPROC       INT3_INT
  -------         ENDMOD        CPU

  -------         MODULE        ETC_EEP
  C:0000H         SYMBOL        _ICE_DUMMY_
  C:6496H         PUBLIC        GetProjectNameEE
  C:566BH         PUBLIC        ClearBasicEE
  C:69C2H         PUBLIC        SaveFWRevEE
  C:6402H         PUBLIC        GetFWRevEE
  -------         PROC          GETFWREVEE
  -------         DO            
  D:0004H         SYMBOL        rev
  -------         ENDDO         
  C:6402H         LINE#         17
  C:6402H         LINE#         18
  C:6402H         LINE#         19
  C:6408H         LINE#         26
  C:644BH         LINE#         28
  C:644BH         LINE#         29
  -------         ENDPROC       GETFWREVEE
  -------         PROC          GETPROJECTNAMEEE
  -------         DO            
  X:0204H         SYMBOL        rev
  -------         ENDDO         
  C:6496H         LINE#         31
  C:6496H         LINE#         32
  C:6496H         LINE#         33
  C:649CH         LINE#         35
  C:64AAH         LINE#         36
  C:64B9H         LINE#         37
  C:64C8H         LINE#         38
  C:64D7H         LINE#         40
  C:64DCH         LINE#         41
  -------         ENDPROC       GETPROJECTNAMEEE
  -------         PROC          SAVEFWREVEE
  C:69C2H         LINE#         43
  C:69C2H         LINE#         44
  C:69C2H         LINE#         51
  C:69CAH         LINE#         52
  C:69D2H         LINE#         53
  -------         ENDPROC       SAVEFWREVEE
  -------         PROC          CLEARBASICEE
  C:566BH         LINE#         67
  C:566BH         LINE#         68
BL51 BANKED LINKER/LOCATER V6.22.2.0                                                  08/24/2021  10:37:20  PAGE 24


  C:566BH         LINE#         70
  C:5674H         LINE#         72
  C:567CH         LINE#         73
  C:5685H         LINE#         74
  C:568EH         LINE#         75
  C:5697H         LINE#         79
  C:56A0H         LINE#         82
  C:56A9H         LINE#         84
  C:56B1H         LINE#         86
  C:56B9H         LINE#         88
  C:56C1H         LINE#         90
  C:56CAH         LINE#         92
  C:56D2H         LINE#         94
  C:56DBH         LINE#         95
  C:56E3H         LINE#         97
  C:56ECH         LINE#         98
  C:56F4H         LINE#         100
  C:56FDH         LINE#         101
  C:5705H         LINE#         103
  C:570EH         LINE#         104
  C:5716H         LINE#         106
  C:571EH         LINE#         107
  C:5726H         LINE#         108
  C:572EH         LINE#         110
  C:5736H         LINE#         111
  C:573EH         LINE#         112
  C:5746H         LINE#         114
  C:574FH         LINE#         115
  C:5757H         LINE#         117
  C:5760H         LINE#         118
  C:5768H         LINE#         120
  C:5771H         LINE#         121
  C:5779H         LINE#         123
  C:5782H         LINE#         124
  -------         ENDPROC       CLEARBASICEE
  -------         ENDMOD        ETC_EEP

  -------         MODULE        HS_DVRPROTOCOL
  C:0000H         SYMBOL        _ICE_DUMMY_
  X:0000H         PUBLIC        protocol_data_count
  D:00B2H         PUBLIC        P3M1
  D:00A8H         PUBLIC        IE
  X:0001H         PUBLIC        protocol_len
  D:00B8H         PUBLIC        IP
  X:0002H         PUBLIC        protocol_type
  B:0021H.3       PUBLIC        protocol_escape_flag
  D:00B7H         PUBLIC        IPH
  X:0003H         PUBLIC        protocol_chksum
  X:0004H         PUBLIC        protocol_param
  X:0005H         PUBLIC        protocol_data
  C:2114H         PUBLIC        DvrReceivePaser
  X:0105H         PUBLIC        protocol_state
  -------         PROC          DVRRECEIVEPASER
  -------         DO            
  X:0200H         SYMBOL        c
  -------         ENDDO         
  C:2114H         LINE#         47
BL51 BANKED LINKER/LOCATER V6.22.2.0                                                  08/24/2021  10:37:20  PAGE 25


  C:2114H         LINE#         48
  C:2114H         LINE#         50
  C:211DH         LINE#         51
  C:211DH         LINE#         52
  C:2125H         LINE#         54
  C:212BH         LINE#         55
  C:212BH         LINE#         59
  C:212DH         LINE#         60
  C:2132H         LINE#         61
  C:2138H         LINE#         63
  C:2138H         LINE#         65
  C:213EH         LINE#         66
  C:213EH         LINE#         67
  C:2141H         LINE#         69
  C:2141H         LINE#         71
  C:2144H         LINE#         72
  C:2144H         LINE#         73
  C:2146H         LINE#         74
  C:214DH         LINE#         75
  C:214DH         LINE#         77
  C:2156H         LINE#         78
  C:2156H         LINE#         79
  C:2166H         LINE#         80
  C:2166H         LINE#         82
  C:217BH         LINE#         83
  C:217BH         LINE#         84
  C:217BH         LINE#         85
  C:2183H         LINE#         86
  C:219CH         LINE#         87
  C:219CH         LINE#         88
  C:219CH         LINE#         89
  C:219CH         LINE#         90
  C:219CH         LINE#         91
  C:219CH         LINE#         92
  C:219CH         LINE#         93
  C:219CH         LINE#         94
  C:219CH         LINE#         95
  C:219CH         LINE#         96
  C:219CH         LINE#         97
  C:219CH         LINE#         98
  C:219CH         LINE#         99
  C:219CH         LINE#         100
  C:219CH         LINE#         101
  C:219CH         LINE#         102
  C:219CH         LINE#         103
  C:219CH         LINE#         105
  C:21A2H         LINE#         106
  C:21A3H         LINE#         107
  C:21A3H         LINE#         108
  C:21A3H         LINE#         109
  C:21A6H         LINE#         110
  C:21A6H         LINE#         111
  C:21A6H         LINE#         113
  C:21A6H         LINE#         114
  C:21AEH         LINE#         115
  C:21C9H         LINE#         116
  C:21C9H         LINE#         117
BL51 BANKED LINKER/LOCATER V6.22.2.0                                                  08/24/2021  10:37:20  PAGE 26


  C:21C9H         LINE#         118
  C:21C9H         LINE#         119
  C:21C9H         LINE#         120
  C:21C9H         LINE#         121
  C:21C9H         LINE#         122
  C:21C9H         LINE#         123
  C:21C9H         LINE#         124
  C:21C9H         LINE#         125
  C:21C9H         LINE#         126
  C:21C9H         LINE#         127
  C:21C9H         LINE#         128
  C:21C9H         LINE#         129
  C:21C9H         LINE#         130
  C:21C9H         LINE#         131
  C:21C9H         LINE#         132
  C:21C9H         LINE#         134
  C:21CFH         LINE#         135
  C:21CFH         LINE#         136
  C:21CFH         LINE#         137
  C:21D1H         LINE#         139
  C:21D1H         LINE#         140
  C:21D6H         LINE#         141
  C:21DCH         LINE#         146
  C:21DCH         LINE#         147
  C:21DDH         LINE#         148
  C:21DDH         LINE#         149
  C:21DDH         LINE#         150
  C:21E0H         LINE#         151
  C:21E0H         LINE#         152
  C:21E0H         LINE#         154
  C:21E0H         LINE#         155
  C:21FDH         LINE#         156
  C:21FDH         LINE#         157
  C:21FDH         LINE#         158
  C:21FDH         LINE#         159
  C:21FDH         LINE#         160
  C:21FDH         LINE#         161
  C:21FDH         LINE#         162
  C:21FDH         LINE#         163
  C:21FDH         LINE#         164
  C:21FDH         LINE#         165
  C:21FDH         LINE#         166
  C:21FDH         LINE#         167
  C:21FDH         LINE#         168
  C:21FDH         LINE#         169
  C:21FDH         LINE#         170
  C:21FDH         LINE#         171
  C:21FDH         LINE#         174
  C:2211H         LINE#         175
  C:2217H         LINE#         176
  C:2224H         LINE#         177
  C:222AH         LINE#         181
  C:222AH         LINE#         186
  C:222BH         LINE#         187
  C:222BH         LINE#         188
  C:222BH         LINE#         189
  C:222EH         LINE#         190
BL51 BANKED LINKER/LOCATER V6.22.2.0                                                  08/24/2021  10:37:20  PAGE 27


  C:222EH         LINE#         191
  C:222EH         LINE#         193
  C:222EH         LINE#         194
  C:223DH         LINE#         195
  C:223DH         LINE#         200
  C:2278H         LINE#         201
  C:2278H         LINE#         202
  C:2278H         LINE#         206
  C:227FH         LINE#         207
  C:2288H         LINE#         208
  C:2295H         LINE#         209
  C:2295H         LINE#         210
  C:2299H         LINE#         211
  C:229EH         LINE#         212
  C:22A3H         LINE#         213
  C:22A3H         LINE#         214
  C:22ACH         LINE#         215
  C:22B5H         LINE#         216
  C:22B8H         LINE#         217
  C:22BBH         LINE#         218
  C:22BBH         LINE#         222
  C:22C0H         LINE#         223
  C:22CCH         LINE#         224
  C:22D2H         LINE#         225
  C:22D5H         LINE#         226
  C:22D5H         LINE#         231
  C:22DBH         LINE#         232
  C:22DEH         LINE#         233
  C:22DEH         LINE#         238
  C:22E4H         LINE#         239
  C:22E7H         LINE#         240
  C:22E7H         LINE#         243
  C:22F0H         LINE#         244
  C:22F0H         LINE#         257
  C:2358H         LINE#         266
  C:2358H         LINE#         267
  C:2364H         LINE#         268
  C:2370H         LINE#         270
  C:237CH         LINE#         271
  C:2388H         LINE#         273
  C:2394H         LINE#         274
  C:23A0H         LINE#         276
  C:23ACH         LINE#         277
  C:23B8H         LINE#         282
  C:23B8H         LINE#         284
  C:23D9H         LINE#         285
  C:23FAH         LINE#         287
  C:241BH         LINE#         288
  C:243CH         LINE#         290
  C:245DH         LINE#         291
  C:247EH         LINE#         293
  C:249FH         LINE#         294
  C:24BDH         LINE#         296
  C:24C0H         LINE#         298
  C:24C0H         LINE#         312
  C:2529H         LINE#         321
  C:2529H         LINE#         322
BL51 BANKED LINKER/LOCATER V6.22.2.0                                                  08/24/2021  10:37:20  PAGE 28


  C:2535H         LINE#         323
  C:2541H         LINE#         325
  C:254DH         LINE#         326
  C:2559H         LINE#         328
  C:2565H         LINE#         329
  C:2571H         LINE#         331
  C:257DH         LINE#         332
  C:2589H         LINE#         337
  C:2589H         LINE#         339
  C:25AAH         LINE#         340
  C:25CBH         LINE#         342
  C:25ECH         LINE#         343
  C:260DH         LINE#         345
  C:262EH         LINE#         346
  C:264FH         LINE#         348
  C:2670H         LINE#         349
  C:2691H         LINE#         353
  C:2691H         LINE#         354
  C:2697H         LINE#         356
  C:269AH         LINE#         358
  C:269AH         LINE#         364
  C:26A7H         LINE#         365
  C:26AAH         LINE#         367
  C:26BCH         LINE#         369
  C:26C5H         LINE#         370
  C:26CAH         LINE#         372
  C:26D4H         LINE#         373
  C:26DDH         LINE#         400
  C:26E0H         LINE#         402
  C:26E0H         LINE#         407
  C:26E9H         LINE#         408
  C:26E9H         LINE#         409
  C:26F0H         LINE#         413
  C:26F3H         LINE#         414
  C:26FCH         LINE#         415
  C:26FCH         LINE#         416
  C:2701H         LINE#         417
  C:2708H         LINE#         421
  C:2708H         LINE#         422
  C:270BH         LINE#         424
  C:270BH         LINE#         428
  C:2711H         LINE#         429
  C:2714H         LINE#         431
  C:2714H         LINE#         436
  C:271AH         LINE#         437
  C:271AH         LINE#         438
  C:2721H         LINE#         439
  C:2726H         LINE#         442
  C:272BH         LINE#         443
  C:2730H         LINE#         444
  C:2735H         LINE#         445
  C:273AH         LINE#         446
  C:273FH         LINE#         447
  C:2744H         LINE#         449
  C:274AH         LINE#         451
  C:274DH         LINE#         452
  C:2755H         LINE#         453
BL51 BANKED LINKER/LOCATER V6.22.2.0                                                  08/24/2021  10:37:20  PAGE 29


  C:2755H         LINE#         454
  C:275BH         LINE#         455
  C:275BH         LINE#         456
  C:275BH         LINE#         457
  C:275DH         LINE#         458
  C:2768H         LINE#         459
  C:2768H         LINE#         460
  C:276FH         LINE#         461
  C:2772H         LINE#         462
  C:277BH         LINE#         463
  C:2780H         LINE#         464
  C:2780H         LINE#         466
  C:2783H         LINE#         468
  C:2783H         LINE#         473
  C:278EH         LINE#         474
  C:278EH         LINE#         475
  C:2795H         LINE#         476
  C:279AH         LINE#         480
  C:279CH         LINE#         481
  C:27A8H         LINE#         482
  C:27A8H         LINE#         483
  C:27AFH         LINE#         484
  C:27B4H         LINE#         485
  C:27BBH         LINE#         487
  C:27C7H         LINE#         488
  C:27CBH         LINE#         489
  C:27CBH         LINE#         490
  C:27DBH         LINE#         491
  C:27DBH         LINE#         492
  C:27E2H         LINE#         493
  C:27E9H         LINE#         494
  C:27EEH         LINE#         495
  C:27F5H         LINE#         496
  C:27FFH         LINE#         497
  C:2807H         LINE#         501
  C:2813H         LINE#         502
  C:2817H         LINE#         503
  C:2819H         LINE#         504
  C:2829H         LINE#         505
  C:2829H         LINE#         506
  C:282EH         LINE#         510
  C:282EH         LINE#         512
  C:2833H         LINE#         514
  C:283EH         LINE#         515
  C:2844H         LINE#         517
  C:2846H         LINE#         519
  C:2846H         LINE#         523
  C:284CH         LINE#         524
  C:284EH         LINE#         526
  C:284EH         LINE#         528
  C:2856H         LINE#         529
  C:2856H         LINE#         530
  C:285EH         LINE#         531
  C:2864H         LINE#         532
  C:2866H         LINE#         534
  C:2866H         LINE#         535
  C:286EH         LINE#         536
BL51 BANKED LINKER/LOCATER V6.22.2.0                                                  08/24/2021  10:37:20  PAGE 30


  C:2873H         LINE#         537
  C:2873H         LINE#         544
  C:2875H         LINE#         545
  C:2875H         LINE#         546
  C:2880H         LINE#         547
  C:2885H         LINE#         549
  C:2888H         LINE#         554
  C:2891H         LINE#         557
  C:2893H         LINE#         558
  C:2893H         LINE#         562
  C:2899H         LINE#         563
  C:289BH         LINE#         564
  C:289BH         LINE#         568
  C:28A4H         LINE#         569
  C:28A6H         LINE#         570
  C:28A6H         LINE#         572
  C:28AEH         LINE#         573
  C:28AEH         LINE#         574
  C:28B3H         LINE#         575
  C:28B6H         LINE#         576
  C:28B9H         LINE#         577
  C:28BCH         LINE#         578
  C:28C1H         LINE#         579
  C:28C3H         LINE#         581
  C:28C3H         LINE#         582
  C:28C8H         LINE#         583
  C:28CBH         LINE#         584
  C:28CEH         LINE#         585
  C:28D1H         LINE#         586
  C:28D7H         LINE#         587
  C:28D7H         LINE#         594
  C:28D7H         LINE#         595
  C:28D7H         LINE#         596
  C:28D7H         LINE#         597
  C:28D7H         LINE#         599
  C:28D7H         LINE#         601
  C:28D7H         LINE#         605
  C:28D7H         LINE#         606
  C:28DCH         LINE#         607
  C:28DCH         LINE#         608
  C:28DCH         LINE#         609
  C:28DCH         LINE#         610
  C:28DCH         LINE#         611
  C:28DCH         LINE#         614
  -------         ENDPROC       DVRRECEIVEPASER
  -------         ENDMOD        HS_DVRPROTOCOL

  -------         MODULE        I2C
  C:0000H         SYMBOL        _ICE_DUMMY_
  B:0090H.0       PUBLIC        P1_0
  B:0090H.1       PUBLIC        P1_1
  C:675FH         PUBLIC        I2CReadData
  C:6726H         PUBLIC        _ReadI2C
  C:614AH         PUBLIC        _I2CWriteData
  C:6A84H         PUBLIC        I2CStart
  C:6A3BH         PUBLIC        I2Cdelay
  C:68A8H         PUBLIC        _ReadEEP
BL51 BANKED LINKER/LOCATER V6.22.2.0                                                  08/24/2021  10:37:20  PAGE 31


  C:68EFH         PUBLIC        _WriteAD5110
  C:0016H         PUBLIC        I2CStop
  C:64DDH         PUBLIC        _WriteEEP
  C:60CCH         PUBLIC        _AD5110_I2CWriteData
  C:6A37H         SYMBOL        L?0054
  -------         PROC          L?0053
  -------         ENDPROC       L?0053
  C:6A37H         SYMBOL        L?0054
  -------         PROC          I2CDELAY
  -------         DO            
  D:0007H         SYMBOL        i
  -------         ENDDO         
  C:6A3BH         LINE#         34
  C:6A3BH         LINE#         35
  C:6A3BH         LINE#         37
  C:6A47H         LINE#         38
  C:6A4AH         LINE#         39
  -------         ENDPROC       I2CDELAY
  -------         PROC          _WRITEEEP
  X:0208H         SYMBOL        index
  X:020AH         SYMBOL        dat
  -------         DO            
  X:020BH         SYMBOL        addr
  -------         ENDDO         
  C:64DDH         LINE#         42
  C:64E8H         LINE#         43
  C:64E8H         LINE#         46
  C:6500H         LINE#         48
  C:6503H         LINE#         49
  C:650BH         LINE#         50
  C:6514H         LINE#         51
  C:651CH         LINE#         52
  C:651FH         LINE#         58
  -------         ENDPROC       _WRITEEEP
  -------         PROC          _READEEP
  D:0004H         SYMBOL        index
  -------         DO            
  X:0234H         SYMBOL        val
  D:0007H         SYMBOL        addr
  -------         ENDDO         
  C:68A8H         LINE#         61
  C:68ACH         LINE#         62
  C:68ACH         LINE#         66
  C:68BBH         LINE#         68
  C:68C3H         LINE#         73
  C:68C8H         LINE#         74
  C:68CDH         LINE#         75
  -------         ENDPROC       _READEEP
  -------         PROC          _READI2C
  X:0235H         SYMBOL        addr
  X:0236H         SYMBOL        index
  -------         DO            
  X:0237H         SYMBOL        val
  -------         ENDDO         
  C:6726H         LINE#         77
  C:672EH         LINE#         78
  C:672EH         LINE#         81
BL51 BANKED LINKER/LOCATER V6.22.2.0                                                  08/24/2021  10:37:20  PAGE 32


  C:6731H         LINE#         82
  C:6739H         LINE#         83
  C:6741H         LINE#         84
  C:6744H         LINE#         85
  C:674EH         LINE#         86
  C:6756H         LINE#         87
  C:6759H         LINE#         89
  C:675EH         LINE#         90
  -------         ENDPROC       _READI2C
  -------         PROC          I2CSTART
  C:6A84H         LINE#         106
  C:6A84H         LINE#         107
  C:6A84H         LINE#         108
  C:6A89H         LINE#         109
  C:6A8EH         LINE#         110
  C:6A93H         LINE#         111
  C:6A95H         LINE#         112
  -------         ENDPROC       I2CSTART
  -------         PROC          I2CSTOP
  C:0016H         LINE#         114
  C:0016H         LINE#         115
  C:0016H         LINE#         116
  C:001BH         LINE#         117
  C:0020H         LINE#         118
  C:0022H         LINE#         119
  -------         ENDPROC       I2CSTOP
  -------         PROC          _I2CWRITEDATA
  D:0006H         SYMBOL        value
  C:614AH         LINE#         121
  C:614CH         LINE#         122
  C:614CH         LINE#         124
  C:6159H         LINE#         125
  C:6166H         LINE#         126
  C:6173H         LINE#         127
  C:6180H         LINE#         129
  C:618DH         LINE#         130
  C:619AH         LINE#         131
  C:61A7H         LINE#         132
  C:61B4H         LINE#         135
  C:61B6H         LINE#         136
  C:61B8H         LINE#         137
  C:61BAH         LINE#         138
  C:61BCH         LINE#         140
  C:61BEH         LINE#         141
  C:61C0H         LINE#         142
  C:61C2H         LINE#         143
  C:61C4H         LINE#         144
  -------         ENDPROC       _I2CWRITEDATA
  -------         PROC          I2CREADDATA
  -------         DO            
  D:0004H         SYMBOL        i
  D:0006H         SYMBOL        value
  -------         ENDDO         
  C:675FH         LINE#         146
  C:675FH         LINE#         147
  C:675FH         LINE#         149
  C:6761H         LINE#         151
BL51 BANKED LINKER/LOCATER V6.22.2.0                                                  08/24/2021  10:37:20  PAGE 33


  C:6766H         LINE#         152
  C:6768H         LINE#         154
  C:676BH         LINE#         155
  C:676DH         LINE#         156
  C:6771H         LINE#         157
  C:6777H         LINE#         158
  C:6779H         LINE#         159
  C:6784H         LINE#         160
  C:6787H         LINE#         162
  C:6789H         LINE#         163
  C:678BH         LINE#         164
  C:678DH         LINE#         165
  C:678FH         LINE#         167
  C:6791H         LINE#         169
  -------         ENDPROC       I2CREADDATA
  -------         PROC          _AD5110_I2CWRITEDATA
  D:0006H         SYMBOL        value
  C:60CCH         LINE#         172
  C:60CEH         LINE#         173
  C:60CEH         LINE#         175
  C:60DBH         LINE#         176
  C:60E8H         LINE#         177
  C:60F5H         LINE#         178
  C:6102H         LINE#         180
  C:610FH         LINE#         181
  C:611CH         LINE#         182
  C:6129H         LINE#         183
  C:6136H         LINE#         186
  C:6138H         LINE#         187
  C:613AH         LINE#         188
  C:613CH         LINE#         189
  C:613EH         LINE#         190
  C:6141H         LINE#         191
  C:6143H         LINE#         192
  C:6145H         LINE#         193
  C:6147H         LINE#         194
  C:6149H         LINE#         196
  -------         ENDPROC       _AD5110_I2CWRITEDATA
  -------         PROC          _WRITEAD5110
  D:0002H         SYMBOL        index
  D:0005H         SYMBOL        dat
  -------         DO            
  D:0006H         SYMBOL        addr
  -------         ENDDO         
  C:68EFH         LINE#         229
  C:68F3H         LINE#         230
  C:68F3H         LINE#         233
  C:68F5H         LINE#         235
  C:68F8H         LINE#         236
  C:68FDH         LINE#         237
  C:6902H         LINE#         238
  C:6907H         LINE#         239
  C:690AH         LINE#         245
  -------         ENDPROC       _WRITEAD5110
  -------         ENDMOD        I2C

  -------         MODULE        KEYREMO
BL51 BANKED LINKER/LOCATER V6.22.2.0                                                  08/24/2021  10:37:20  PAGE 34


  C:0000H         SYMBOL        _ICE_DUMMY_
  C:69A7H         PUBLIC        _GetKey
  C:6363H         PUBLIC        Scankey
  -------         PROC          SCANKEY
  C:6363H         LINE#         33
  C:6363H         LINE#         34
  C:6363H         LINE#         36
  C:636BH         LINE#         37
  C:636BH         LINE#         39
  C:637BH         LINE#         40
  C:637BH         LINE#         41
  C:637FH         LINE#         42
  C:6385H         LINE#         43
  C:6387H         LINE#         44
  C:6397H         LINE#         45
  C:6397H         LINE#         46
  C:639BH         LINE#         47
  C:639FH         LINE#         48
  C:63A3H         LINE#         49
  C:63AAH         LINE#         50
  C:63AAH         LINE#         52
  C:63B3H         LINE#         53
  C:63B3H         LINE#         55
  -------         ENDPROC       SCANKEY
  -------         PROC          _GETKEY
  D:0007H         SYMBOL        repeat
  -------         DO            
  B:0021H.1       SYMBOL        ready
  -------         ENDDO         
  C:69A7H         LINE#         60
  C:69A7H         LINE#         61
  C:69A7H         LINE#         65
  C:69ABH         LINE#         66
  C:69ADH         LINE#         68
  C:69B3H         LINE#         69
  C:69B9H         LINE#         70
  C:69BFH         LINE#         72
  C:69C1H         LINE#         73
  -------         ENDPROC       _GETKEY
  -------         ENDMOD        KEYREMO

  -------         MODULE        MAIN
  C:0000H         SYMBOL        _ICE_DUMMY_
  C:510DH         PUBLIC        _Mapping1
  C:5E25H         PUBLIC        _mcuLib_ProtocolSendCmdWithParamNum
  D:00B2H         PUBLIC        P3M1
  C:5283H         PUBLIC        _GetRotateNumber
  D:00E7H         PUBLIC        ISPCR
  D:00E8H         PUBLIC        P4
  X:0106H         PUBLIC        ulongRotateNumber
  C:3376H         PUBLIC        EncorderHandler_TELI
  X:010AH         PUBLIC        PowerFlag
  B:0080H.0       PUBLIC        P0_0
  X:010BH         PUBLIC        LowBatteryFlag
  B:0080H.1       PUBLIC        P0_1
  X:010CH         PUBLIC        UserRange
  B:00B0H.4       PUBLIC        P3_4
BL51 BANKED LINKER/LOCATER V6.22.2.0                                                  08/24/2021  10:37:20  PAGE 35


  B:00B0H.5       PUBLIC        P3_5
  C:6631H         PUBLIC        _SetAD5110Step
[...]
  C:08A1H         LINE#         1220
  C:08ACH         LINE#         1221
  C:08B1H         LINE#         1222
  C:08B4H         LINE#         1223
  C:08B4H         LINE#         1227
  C:08BFH         LINE#         1239
  C:08D2H         LINE#         1240
  C:08D2H         LINE#         1241
  C:08D7H         LINE#         1242
  C:08DBH         LINE#         1243
  C:08DFH         LINE#         1244
  C:08E5H         LINE#         1245
  C:08E6H         LINE#         1246
  C:08E9H         LINE#         1247
  C:0902H         LINE#         1248
  C:0902H         LINE#         1249
  C:0907H         LINE#         1250
  C:090BH         LINE#         1251
  C:090FH         LINE#         1252
  C:0913H         LINE#         1253
  C:0919H         LINE#         1254
  C:091CH         LINE#         1255
  C:092EH         LINE#         1256
  C:092EH         LINE#         1257
  C:0934H         LINE#         1258
  C:0939H         LINE#         1259
  C:093DH         LINE#         1260
  C:0941H         LINE#         1261
  C:0941H         LINE#         1262
  C:0943H         LINE#         1263
  C:0955H         LINE#         1264
  C:0955H         LINE#         1265
  C:095AH         LINE#         1266
  C:095EH         LINE#         1267
  C:0964H         LINE#         1268
  C:0969H         LINE#         1269
  C:0969H         LINE#         1271
  C:096BH         LINE#         1272
  C:097DH         LINE#         1273
  C:097DH         LINE#         1274
BL51 BANKED LINKER/LOCATER V6.22.2.0                                                  08/24/2021  10:37:20  PAGE 73


  C:0982H         LINE#         1275
  C:0988H         LINE#         1276
  C:098DH         LINE#         1277
  C:0991H         LINE#         1278
  C:0991H         LINE#         1279
  C:0993H         LINE#         1281
  C:0993H         LINE#         1284
  C:099AH         LINE#         1285
  C:099FH         LINE#         1287
  C:09A5H         LINE#         1288
  C:09AAH         LINE#         1289
  C:09AEH         LINE#         1290
  C:09B2H         LINE#         1291
  C:09B6H         LINE#         1292
  C:09BAH         LINE#         1293
  C:09BAH         LINE#         1295
  C:0A10H         LINE#         1297
  C:0A16H         LINE#         1300
  C:0A1EH         LINE#         1301
  C:0A1EH         LINE#         1302
  C:0A24H         LINE#         1303
  C:0A29H         LINE#         1304
  C:0A30H         LINE#         1305
  C:0A33H         LINE#         1306
  C:0A3AH         LINE#         1307
  C:0A3AH         LINE#         1309
  C:0A42H         LINE#         1310
  C:0A42H         LINE#         1311
  C:0A48H         LINE#         1312
  C:0A4DH         LINE#         1313
  C:0A54H         LINE#         1314
  C:0A57H         LINE#         1315
  C:0A5EH         LINE#         1316
  C:0A5EH         LINE#         1318
  C:0A66H         LINE#         1319
  C:0A66H         LINE#         1320
  C:0A6AH         LINE#         1321
  C:0A6FH         LINE#         1322
  C:0A76H         LINE#         1323
  C:0A79H         LINE#         1324
  C:0A80H         LINE#         1325
  C:0A80H         LINE#         1327
  C:0A88H         LINE#         1328
  C:0A88H         LINE#         1329
  C:0A8EH         LINE#         1330
  C:0A93H         LINE#         1331
  C:0A9AH         LINE#         1332
  C:0A9DH         LINE#         1333
  C:0AA4H         LINE#         1334
  C:0AA4H         LINE#         1336
  C:0AACH         LINE#         1337
  C:0AACH         LINE#         1338
  C:0AB2H         LINE#         1339
  C:0AB7H         LINE#         1340
  C:0ABEH         LINE#         1341
  C:0AC1H         LINE#         1342
  C:0AC8H         LINE#         1343
BL51 BANKED LINKER/LOCATER V6.22.2.0                                                  08/24/2021  10:37:20  PAGE 74


  C:0AC8H         LINE#         1353
  C:0AD7H         LINE#         1356
  C:0AF0H         LINE#         1357
  C:0AF0H         LINE#         1358
  C:0AF6H         LINE#         1359
  C:0AFBH         LINE#         1360
  C:0AFDH         LINE#         1362
  C:0AFDH         LINE#         1363
  C:0B02H         LINE#         1364
  C:0B08H         LINE#         1366
  C:0B08H         LINE#         1368
  C:0B10H         LINE#         1369
  C:0B10H         LINE#         1370
  C:0B11H         LINE#         1371
  C:0B26H         LINE#         1372
  C:0B2DH         LINE#         1376
  C:0B2FH         LINE#         1377
  C:0B37H         LINE#         1378
  C:0B37H         LINE#         1379
  C:0B38H         LINE#         1380
  C:0B3FH         LINE#         1381
  C:0B3FH         LINE#         1413
  C:0B47H         LINE#         1414
  C:0B4DH         LINE#         1416
  C:0B51H         LINE#         1417
  C:0B54H         LINE#         1419
  C:0B54H         LINE#         1422
  C:0B61H         LINE#         1423
  C:0B61H         LINE#         1427
  C:0B65H         LINE#         1428
  C:0B68H         LINE#         1429
  C:0B6EH         LINE#         1430
  C:0B6EH         LINE#         1431
  C:0B71H         LINE#         1433
  C:0B71H         LINE#         1449
  C:0B7CH         LINE#         1450
  C:0B7CH         LINE#         1451
  C:0B89H         LINE#         1452
  C:0B89H         LINE#         1453
  C:0B8DH         LINE#         1455
  C:0B8FH         LINE#         1460
  C:0B97H         LINE#         1461
  C:0BA0H         LINE#         1462
  C:0BA2H         LINE#         1464
  C:0BAAH         LINE#         1465
  C:0BB3H         LINE#         1466
  C:0BB5H         LINE#         1468
  C:0BBDH         LINE#         1469
  C:0BBDH         LINE#         1470
  C:0BC2H         LINE#         1471
  C:0BC6H         LINE#         1472
  C:0BCFH         LINE#         1473
  C:0BCFH         LINE#         1475
  C:0BCFH         LINE#         1477
  C:0BDAH         LINE#         1478
  C:0BDAH         LINE#         1479
  C:0BDCH         LINE#         1480
BL51 BANKED LINKER/LOCATER V6.22.2.0                                                  08/24/2021  10:37:20  PAGE 75


  C:0BDFH         LINE#         1482
  C:0BDFH         LINE#         1484
  C:0BE9H         LINE#         1485
  C:0BE9H         LINE#         1487
  C:0C0CH         LINE#         1488
  C:0C0CH         LINE#         1489
  C:0C17H         LINE#         1490
  C:0C1BH         LINE#         1492
  C:0C1DH         LINE#         1493
  C:0C20H         LINE#         1494
  C:0C2AH         LINE#         1495
  C:0C2DH         LINE#         1499
  C:0C37H         LINE#         1500
  C:0C37H         LINE#         1502
  C:0C5AH         LINE#         1503
  C:0C5AH         LINE#         1504
  C:0C65H         LINE#         1505
  C:0C69H         LINE#         1507
  C:0C6BH         LINE#         1508
  C:0C6DH         LINE#         1509
  C:0C77H         LINE#         1510
  C:0C79H         LINE#         1512
  C:0C79H         LINE#         1513
  C:0C7BH         LINE#         1514
  C:0C85H         LINE#         1515
  C:0C85H         LINE#         1517
  C:0CA8H         LINE#         1518
  C:0CA8H         LINE#         1519
  C:0CB3H         LINE#         1520
  C:0CB7H         LINE#         1522
  C:0CB9H         LINE#         1523
  C:0CBBH         LINE#         1524
  C:0CC5H         LINE#         1525
  C:0CCCH         LINE#         1527
  C:0CD5H         LINE#         1528
  C:0CD5H         LINE#         1531
  C:0CD5H         LINE#         1533
  C:0CDBH         LINE#         1536
  C:0CDDH         LINE#         1538
  C:0CDDH         LINE#         1539
  C:0CE4H         LINE#         1540
  C:0CE6H         LINE#         1541
  C:0CE9H         LINE#         1542
  C:0CEEH         LINE#         1543
  C:0CFEH         LINE#         1544
  C:0D03H         LINE#         1545
  C:0D0CH         LINE#         1546
  C:0D15H         LINE#         1547
  C:0D15H         LINE#         1549
  C:0D17H         LINE#         1551
  C:0D18H         LINE#         1553
  C:0D18H         LINE#         1555
  C:0D4BH         LINE#         1557
  C:0D4BH         LINE#         1558
  C:0D51H         LINE#         1559
  C:0D5BH         LINE#         1560
  C:0D63H         LINE#         1565
BL51 BANKED LINKER/LOCATER V6.22.2.0                                                  08/24/2021  10:37:20  PAGE 76


  C:0D6CH         LINE#         1566
  C:0D6CH         LINE#         1569
  C:0D6DH         LINE#         1571
  C:0D6DH         LINE#         1573
  C:0D75H         LINE#         1574
  C:0D7DH         LINE#         1583
  C:0D94H         LINE#         1584
  C:0D94H         LINE#         1585
  C:0D99H         LINE#         1586
  C:0DA2H         LINE#         1587
  C:0DA2H         LINE#         1589
  C:0DB9H         LINE#         1590
  C:0DB9H         LINE#         1591
  C:0DBEH         LINE#         1592
  C:0DC7H         LINE#         1593
  C:0DC7H         LINE#         1626
  C:0DCFH         LINE#         1627
  C:0DCFH         LINE#         1628
  C:0DDDH         LINE#         1629
  C:0DDDH         LINE#         1633
  C:0DE4H         LINE#         1634
  C:0DE7H         LINE#         1635
  C:0DE7H         LINE#         1637
  C:0DE7H         LINE#         1639
  C:0E0DH         LINE#         1640
  C:0E0DH         LINE#         1642
  C:0E0DH         LINE#         1644
  C:0E1AH         LINE#         1645
  C:0E1AH         LINE#         1649
  C:0E1EH         LINE#         1650
  C:0E1EH         LINE#         1659
  C:0E2AH         LINE#         1660
  C:0E2AH         LINE#         1664
  C:0E2EH         LINE#         1665
  C:0E37H         LINE#         1666
  C:0E41H         LINE#         1667
  C:0E49H         LINE#         1668
  C:0E49H         LINE#         1669
  C:0E50H         LINE#         1697
  C:0E53H         LINE#         1698
  C:0E53H         LINE#         1699
  C:0E53H         LINE#         1700
  C:0E72H         LINE#         1701
  C:0E72H         LINE#         1702
  C:0E77H         LINE#         1704
  C:0E81H         LINE#         1705
  C:0E89H         LINE#         1710
  C:0E8CH         LINE#         1711
  C:0E8EH         LINE#         1712
  C:0EAAH         LINE#         1713
  C:0EAAH         LINE#         1714
  C:0EACH         LINE#         1715
  C:0EB3H         LINE#         1717
  C:0EBFH         LINE#         1718
  C:0EC3H         LINE#         1719
  C:0EC3H         LINE#         1721
  C:0ECEH         LINE#         1722
BL51 BANKED LINKER/LOCATER V6.22.2.0                                                  08/24/2021  10:37:20  PAGE 77


  C:0ECEH         LINE#         1723
  C:0ED6H         LINE#         1727
  C:0ED6H         LINE#         1729
  C:0EDDH         LINE#         1730
  C:0EE2H         LINE#         1731
  C:0EE4H         LINE#         1733
  C:0EE4H         LINE#         1734
  C:0EEBH         LINE#         1736
  C:0EF6H         LINE#         1737
  C:0EF6H         LINE#         1738
  C:0EFEH         LINE#         1742
  C:0EFEH         LINE#         1743
  C:0F00H         LINE#         1744
  C:0F00H         LINE#         1745
  C:0F00H         LINE#         1746
  C:0F00H         LINE#         1747
  C:0F00H         LINE#         1748
  C:0F00H         LINE#         1750
  C:0F07H         LINE#         1761
  C:0F0EH         LINE#         1762
  C:0F0EH         LINE#         1767
  C:0F0EH         LINE#         1827
  C:0F14H         LINE#         1828
  C:0F17H         LINE#         1829
  C:0F17H         LINE#         1843
  C:0F1FH         LINE#         1844
  C:0F1FH         LINE#         1846
  C:0F2DH         LINE#         1847
  C:0F2DH         LINE#         1848
  C:0F35H         LINE#         1849
  C:0F35H         LINE#         1851
  C:0F3EH         LINE#         1852
  C:0F44H         LINE#         1853
  C:0F46H         LINE#         1855
  C:0F46H         LINE#         1856
  C:0F49H         LINE#         1857
  C:0F49H         LINE#         1861
  C:0F4BH         LINE#         1862
  C:0F4BH         LINE#         1867
  C:0F50H         LINE#         1870
  C:0F59H         LINE#         1871
  C:0F59H         LINE#         1873
  C:0F5BH         LINE#         1875
  C:0F5CH         LINE#         1877
  C:0F5CH         LINE#         1878
  C:0F69H         LINE#         1879
  C:0F6BH         LINE#         1880
  C:0F6DH         LINE#         1882
  C:0F6DH         LINE#         1883
  C:0F77H         LINE#         1884
  C:0F79H         LINE#         1885
  C:0F7BH         LINE#         1886
  C:0F7BH         LINE#         1887
  C:0F85H         LINE#         1888
  C:0F87H         LINE#         1889
  C:0F89H         LINE#         1891
  C:0F89H         LINE#         1892
BL51 BANKED LINKER/LOCATER V6.22.2.0                                                  08/24/2021  10:37:20  PAGE 78


  C:0F93H         LINE#         1893
  C:0F95H         LINE#         1894
  C:0F97H         LINE#         1897
  C:0F97H         LINE#         1898
  C:0FA1H         LINE#         1899
  C:0FA6H         LINE#         1900
  C:0FA6H         LINE#         1903
  C:0FA6H         LINE#         1905
  C:0FADH         LINE#         1907
  C:0FB2H         LINE#         1908
  C:0FB2H         LINE#         1909
  C:0FB3H         LINE#         1910
  C:0FB9H         LINE#         1911
  C:0FB9H         LINE#         1913
  C:0FC1H         LINE#         1914
  C:0FC1H         LINE#         1915
  C:0FC2H         LINE#         1916
  C:0FC8H         LINE#         1917
  C:0FC8H         LINE#         1919
  C:0FD0H         LINE#         1920
  C:0FD0H         LINE#         1921
  C:0FD1H         LINE#         1922
  C:0FD7H         LINE#         1923
  C:0FD7H         LINE#         1925
  C:0FDAH         LINE#         1927
  C:0FE3H         LINE#         1928
  C:0FE3H         LINE#         1930
  C:0FE3H         LINE#         1932
  C:0FE9H         LINE#         1934
  C:0FE9H         LINE#         1936
  C:0FE9H         LINE#         1937
  C:0FE9H         LINE#         1938
  C:0FE9H         LINE#         1939
  -------         ENDPROC       _SYSTIMEREVENTPROC
  -------         ENDMOD        SYSTIMER

  -------         MODULE        ?C?FPADD
  C:0FF1H         PUBLIC        ?C?FPADD
  C:0FEDH         PUBLIC        ?C?FPSUB
  -------         ENDMOD        ?C?FPADD

  -------         MODULE        ?C?FPMUL
  C:10E2H         PUBLIC        ?C?FPMUL
  -------         ENDMOD        ?C?FPMUL

  -------         MODULE        ?C?FPDIV
  C:11EBH         PUBLIC        ?C?FPDIV
  -------         ENDMOD        ?C?FPDIV

  -------         MODULE        ?C?FPCMP
  C:128AH         PUBLIC        ?C?FPCMP
  C:1288H         PUBLIC        ?C?FPCMP3
  -------         ENDMOD        ?C?FPCMP

  -------         MODULE        ?C?FCAST
  C:130BH         PUBLIC        ?C?FCASTC
  C:1306H         PUBLIC        ?C?FCASTI
BL51 BANKED LINKER/LOCATER V6.22.2.0                                                  08/24/2021  10:37:20  PAGE 79


  C:1301H         PUBLIC        ?C?FCASTL
  -------         ENDMOD        ?C?FCAST

  -------         MODULE        ?C?CASTF
  C:133FH         PUBLIC        ?C?CASTF
  -------         ENDMOD        ?C?CASTF

  -------         MODULE        ?C?COPY
  C:1490H         PUBLIC        ?C?COPY
  -------         ENDMOD        ?C?COPY

  -------         MODULE        ?C?CLDPTR
  C:14B6H         PUBLIC        ?C?CLDPTR
  -------         ENDMOD        ?C?CLDPTR

  -------         MODULE        ?C?CLDOPTR
  C:14CFH         PUBLIC        ?C?CLDOPTR
  -------         ENDMOD        ?C?CLDOPTR

  -------         MODULE        ?C?CILDPTR
  C:14FCH         PUBLIC        ?C?CILDPTR
  -------         ENDMOD        ?C?CILDPTR

  -------         MODULE        ?C?CSTOPTR
  C:151EH         PUBLIC        ?C?CSTOPTR
  -------         ENDMOD        ?C?CSTOPTR

  -------         MODULE        ?C?IMUL
  C:1540H         PUBLIC        ?C?IMUL
  -------         ENDMOD        ?C?IMUL

  -------         MODULE        ?C?UIDIV
  C:1552H         PUBLIC        ?C?UIDIV
  -------         ENDMOD        ?C?UIDIV

  -------         MODULE        ?C?SIDIV
  C:15A7H         PUBLIC        ?C?SIDIV
  -------         ENDMOD        ?C?SIDIV

  -------         MODULE        ?C?IILDX
  C:15DDH         PUBLIC        ?C?IILDX
  -------         ENDMOD        ?C?IILDX

  -------         MODULE        ?C?ILDIX
  C:15F3H         PUBLIC        ?C?ILDIX
  -------         ENDMOD        ?C?ILDIX

  -------         MODULE        ?C?ILDPTR
  C:1609H         PUBLIC        ?C?ILDPTR
  -------         ENDMOD        ?C?ILDPTR

  -------         MODULE        ?C?ILDOPTR
  C:1634H         PUBLIC        ?C?ILDOPTR
  -------         ENDMOD        ?C?ILDOPTR

  -------         MODULE        ?C?ISTPTR
  C:166CH         PUBLIC        ?C?ISTPTR
BL51 BANKED LINKER/LOCATER V6.22.2.0                                                  08/24/2021  10:37:20  PAGE 80


  -------         ENDMOD        ?C?ISTPTR

  -------         MODULE        ?C?LMUL
  C:168BH         PUBLIC        ?C?LMUL
  -------         ENDMOD        ?C?LMUL

  -------         MODULE        ?C?ULDIV
  C:1716H         PUBLIC        ?C?ULDIV
  -------         ENDMOD        ?C?ULDIV

  -------         MODULE        ?C?SLDIV
  C:656AH         PUBLIC        ?C?SLDIV
  -------         ENDMOD        ?C?SLDIV

  -------         MODULE        ?C?LNEG
  C:17A8H         PUBLIC        ?C?LNEG
  -------         ENDMOD        ?C?LNEG

  -------         MODULE        ?C?SLCMP
  C:17B6H         PUBLIC        ?C?SLCMP
  -------         ENDMOD        ?C?SLCMP

  -------         MODULE        ?C?ULCMP
  C:17CCH         PUBLIC        ?C?ULCMP
  -------         ENDMOD        ?C?ULCMP

  -------         MODULE        ?C?ULSHR
  C:17DDH         PUBLIC        ?C?ULSHR
  -------         ENDMOD        ?C?ULSHR

  -------         MODULE        ?C?SLSHR
  C:17F0H         PUBLIC        ?C?SLSHR
  -------         ENDMOD        ?C?SLSHR

  -------         MODULE        ?C?LSHL
  C:1804H         PUBLIC        ?C?LSHL
  -------         ENDMOD        ?C?LSHL

  -------         MODULE        ?C?LLDPTR
  C:1817H         PUBLIC        ?C?LLDPTR
  -------         ENDMOD        ?C?LLDPTR

  -------         MODULE        ?C?LSTXDATA
  C:1837H         PUBLIC        ?C?LSTXDATA
  -------         ENDMOD        ?C?LSTXDATA

  -------         MODULE        ?C?LSTKXDATA
  C:1843H         PUBLIC        ?C?LSTKXDATA
  -------         ENDMOD        ?C?LSTKXDATA

  -------         MODULE        ?C?PLDPTR
  C:1874H         PUBLIC        ?C?PLDPTR
  -------         ENDMOD        ?C?PLDPTR

  -------         MODULE        ?C?CCASE
  C:1894H         PUBLIC        ?C?CCASE
  -------         ENDMOD        ?C?CCASE
BL51 BANKED LINKER/LOCATER V6.22.2.0                                                  08/24/2021  10:37:20  PAGE 81



  -------         MODULE        ABS
  C:6AB6H         PUBLIC        _ABS
  -------         ENDMOD        ABS

  -------         MODULE        ?C?LLDIDATA
  C:18BAH         PUBLIC        ?C?LLDIDATA
  -------         ENDMOD        ?C?LLDIDATA

  -------         MODULE        ?C?LLDXDATA
  C:18C6H         PUBLIC        ?C?LLDXDATA
  -------         ENDMOD        ?C?LLDXDATA

  -------         MODULE        ?C?LLDPDATA
  C:18D2H         PUBLIC        ?C?LLDPDATA
  -------         ENDMOD        ?C?LLDPDATA

  -------         MODULE        ?C?LLDCODE
  C:18DEH         PUBLIC        ?C?LLDCODE
  -------         ENDMOD        ?C?LLDCODE

  -------         MODULE        ?C?PLDIDATA
  C:18EEH         PUBLIC        ?C?PLDIDATA
  -------         ENDMOD        ?C?PLDIDATA

  -------         MODULE        ?C?PLDXDATA
  C:18F7H         PUBLIC        ?C?PLDXDATA
  -------         ENDMOD        ?C?PLDXDATA

  -------         MODULE        ?C?PLDPDATA
  C:1900H         PUBLIC        ?C?PLDPDATA
  -------         ENDMOD        ?C?PLDPDATA

  -------         MODULE        ?C?PLDCODE
  C:1909H         PUBLIC        ?C?PLDCODE
  -------         ENDMOD        ?C?PLDCODE

Program Size: data=109.5 xdata=710 code=27342
LINK/LOCATE RUN COMPLETE.  0 WARNING(S),  0 ERROR(S)
