BL51 BANKED LINKER/LOCATER V6.22.2.0                                                    05/07/2020  10:14:06  PAGE 1


BL51 BANKED LINKER/LOCATER V6.22.2.0, INVOKED BY:
C:\KEIL_V5\C51\BIN\BL51.EXE .\Output\STARTUP.obj, .\Output\CPU.obj, .\Output\etc_eep.obj, .\Output\HS_DVRProtocol.obj, .
>> \Output\i2c.obj, .\Output\keyremo.obj, .\Output\main.obj, .\Output\monitor.obj, .\Output\Printf.obj, .\Output\SysPowe
>> r.obj, .\Output\SysTimer.obj TO .\Output\ML070I PRINT (.\Listings\ML070I.m51) RAMSIZE (256)


MEMORY MODEL: LARGE WITH FLOATING POINT ARITHMETIC


INPUT MODULES INCLUDED:
  .\Output\STARTUP.obj (?C_STARTUP)
  .\Output\CPU.obj (CPU)
  .\Output\etc_eep.obj (ETC_EEP)
  .\Output\HS_DVRProtocol.obj (HS_DVRPROTOCOL)
  .\Output\i2c.obj (I2C)
  .\Output\keyremo.obj (KEYREMO)
  .\Output\main.obj (MAIN)
  .\Output\monitor.obj (MONITOR)
  .\Output\Printf.obj (PRINTF)
  .\Output\SysPower.obj (SYSPOWER)
  .\Output\SysTimer.obj (SYSTIMER)
  C:\KEIL_V5\C51\LIB\C51FPL.LIB (?C?FPADD)
  C:\KEIL_V5\C51\LIB\C51FPL.LIB (?C?FPMUL)
  C:\KEIL_V5\C51\LIB\C51FPL.LIB (?C?FPDIV)
  C:\KEIL_V5\C51\LIB\C51FPL.LIB (?C?FCAST)
  C:\KEIL_V5\C51\LIB\C51FPL.LIB (?C?CASTF)
  C:\KEIL_V5\C51\LIB\C51FPL.LIB (?C?FPGETOPN)
  C:\KEIL_V5\C51\LIB\C51L.LIB (?C_INIT)
  C:\KEIL_V5\C51\LIB\C51L.LIB (?C?COPY)
  C:\KEIL_V5\C51\LIB\C51L.LIB (?C?CLDPTR)
  C:\KEIL_V5\C51\LIB\C51L.LIB (?C?CLDOPTR)
  C:\KEIL_V5\C51\LIB\C51L.LIB (?C?CILDPTR)
  C:\KEIL_V5\C51\LIB\C51L.LIB (?C?CSTOPTR)
  C:\KEIL_V5\C51\LIB\C51L.LIB (?C?IMUL)
  C:\KEIL_V5\C51\LIB\C51L.LIB (?C?UIDIV)
  C:\KEIL_V5\C51\LIB\C51L.LIB (?C?SIDIV)
  C:\KEIL_V5\C51\LIB\C51L.LIB (?C?IILDX)
  C:\KEIL_V5\C51\LIB\C51L.LIB (?C?ILDIX)
  C:\KEIL_V5\C51\LIB\C51L.LIB (?C?ILDPTR)
  C:\KEIL_V5\C51\LIB\C51L.LIB (?C?ILDOPTR)
  C:\KEIL_V5\C51\LIB\C51L.LIB (?C?ISTPTR)
  C:\KEIL_V5\C51\LIB\C51L.LIB (?C?LMUL)
  C:\KEIL_V5\C51\LIB\C51L.LIB (?C?ULDIV)
  C:\KEIL_V5\C51\LIB\C51L.LIB (?C?LNEG)
  C:\KEIL_V5\C51\LIB\C51L.LIB (?C?SLCMP)
  C:\KEIL_V5\C51\LIB\C51L.LIB (?C?ULCMP)
  C:\KEIL_V5\C51\LIB\C51L.LIB (?C?SLSHR)
  C:\KEIL_V5\C51\LIB\C51L.LIB (?C?LLDPTR)
  C:\KEIL_V5\C51\LIB\C51L.LIB (?C?LSTXDATA)
  C:\KEIL_V5\C51\LIB\C51L.LIB (?C?LSTKXDATA)
  C:\KEIL_V5\C51\LIB\C51L.LIB (?C?PLDPTR)
  C:\KEIL_V5\C51\LIB\C51L.LIB (?C?CCASE)
  C:\KEIL_V5\C51\LIB\C51L.LIB (ABS)
  C:\KEIL_V5\C51\LIB\C51L.LIB (?C?LLDIDATA)
  C:\KEIL_V5\C51\LIB\C51L.LIB (?C?LLDXDATA)
  C:\KEIL_V5\C51\LIB\C51L.LIB (?C?LLDPDATA)
  C:\KEIL_V5\C51\LIB\C51L.LIB (?C?LLDCODE)
  C:\KEIL_V5\C51\LIB\C51L.LIB (?C?PLDIDATA)
BL51 BANKED LINKER/LOCATER V6.22.2.0                                                  05/07/2020  10:14:06  PAGE 2


  C:\KEIL_V5\C51\LIB\C51L.LIB (?C?PLDXDATA)
  C:\KEIL_V5\C51\LIB\C51L.LIB (?C?PLDPDATA)
  C:\KEIL_V5\C51\LIB\C51L.LIB (?C?PLDCODE)


LINK MAP OF MODULE:  .\Output\ML070I (?C_STARTUP)


            TYPE    BASE      LENGTH    RELOCATION   SEGMENT NAME
            -----------------------------------------------------

            * * * * * * *   D A T A   M E M O R Y   * * * * * * *
            REG     0000H     0008H     ABSOLUTE     "REG BANK 0"
            REG     0008H     0008H     ABSOLUTE     "REG BANK 1"
            DATA    0010H     0001H     UNIT         ?DT?MONITOR
            IDATA   0011H     0002H     UNIT         ?ID?SYSPOWER
                    0013H     000DH                  *** GAP ***
            BIT     0020H.0   0000H.6   UNIT         ?BI?CPU
            BIT     0020H.6   0000H.3   UNIT         ?BI?MONITOR
            BIT     0021H.1   0000H.2   UNIT         _BIT_GROUP_
            BIT     0021H.3   0000H.1   UNIT         ?BI?HS_DVRPROTOCOL
            BIT     0021H.4   0000H.1   UNIT         ?BI?SYSTIMER
                    0021H.5   0000H.3                *** GAP ***
            DATA    0022H     0058H     UNIT         ?DT?CPU
            IDATA   007AH     0001H     UNIT         ?STACK

            * * * * * * *  X D A T A   M E M O R Y  * * * * * * *
            XDATA   0000H     0106H     UNIT         ?XD?HS_DVRPROTOCOL
            XDATA   0106H     006AH     UNIT         ?XD?MAIN
            XDATA   0170H     0065H     UNIT         _XDATA_GROUP_
            XDATA   01D5H     0037H     UNIT         ?XD?MONITOR
            XDATA   020CH     0025H     UNIT         ?XD?SYSTIMER
            XDATA   0231H     0018H     UNIT         ?XD?PRINTF
            XDATA   0249H     0017H     UNIT         ?XD?CPU

            * * * * * * *   C O D E   M E M O R Y   * * * * * * *
            CODE    0000H     0003H     ABSOLUTE     
            CODE    0003H     0008H     UNIT         ?PR?_RS2_TX?CPU
            CODE    000BH     0003H     ABSOLUTE     
            CODE    000EH     0004H     UNIT         ?PR?ISP_INIT?MAIN
                    0012H     0001H                  *** GAP ***
            CODE    0013H     0003H     ABSOLUTE     
            CODE    0016H     000DH     UNIT         ?PR?I2CSTOP?I2C
            CODE    0023H     0003H     ABSOLUTE     
            CODE    0026H     0003H     UNIT         ?PR?EXT1_INT?CPU
                    0029H     0002H                  *** GAP ***
            CODE    002BH     0003H     ABSOLUTE     
            CODE    002EH     0033H     UNIT         ?PR?I2CREADDATA?I2C
                    0061H     0002H                  *** GAP ***
            CODE    0063H     0003H     ABSOLUTE     
            CODE    0066H     088CH     UNIT         ?C?LIB_CODE
            CODE    08F2H     0688H     UNIT         ?PR?ENCORDERHANDLER?MAIN
            CODE    0F7AH     0556H     UNIT         ?PR?_DOPRINT?PRINTF
            CODE    14D0H     0444H     UNIT         ?PR?_SYSTIMEREVENTPROC?SYSTIMER
            CODE    1914H     03ECH     UNIT         ?PR?DVRRECEIVEPASER?HS_DVRPROTOCOL
            CODE    1D00H     02AAH     UNIT         ?CO?CPU
            CODE    1FAAH     027EH     UNIT         ?PR?TIMER0_INT?CPU
BL51 BANKED LINKER/LOCATER V6.22.2.0                                                  05/07/2020  10:14:06  PAGE 3


            CODE    2228H     0235H     UNIT         ?PR?SHOWWORKINGTIMER?CPU
            CODE    245DH     01C8H     UNIT         ?PR?_USERINTERFACEBATTERYCHARGEMODE?SYSPOWER
            CODE    2625H     0197H     UNIT         ?PR?_MCU_SENDCMDTODVR?MAIN
            CODE    27BCH     0176H     UNIT         ?PR?_MAPPING1?MAIN
            CODE    2932H     015CH     UNIT         ?CO?MAIN
            CODE    2A8EH     0134H     UNIT         ?C_INITSEG
            CODE    2BC2H     012EH     UNIT         ?PR?_MCUTIMERCHECKTIMEREVENT?SYSTIMER
            CODE    2CF0H     0112H     UNIT         ?PR?MAIN_INIT?CPU
            CODE    2E02H     00E8H     UNIT         ?PR?_MCUTIMERACTIVETIMEREVENT?SYSTIMER
            CODE    2EEAH     00DEH     UNIT         ?PR?_MCUTIMERREACTIVETIMEREVENT?SYSTIMER
            CODE    2FC8H     00D5H     UNIT         ?PR?_USERINTERFACETIMEREVENTPROC?SYSTIMER
            CODE    309DH     00ADH     UNIT         ?PR?_MCULIB_PROTOCOLAPPEND?MAIN
            CODE    314AH     009FH     UNIT         ?PR?GETFWREVEE?ETC_EEP
            CODE    31E9H     0090H     UNIT         ?PR?_MCULIB_PROTOCOLSENDCMDWITHPARAMNUM?MAIN
            CODE    3279H     008CH     UNIT         ?C_C51STARTUP
            CODE    3305H     0085H     UNIT         ?PR?SYSTIMERHANDLER?SYSTIMER
            CODE    338AH     0084H     UNIT         ?PR?SYSPOWERHANDLER?SYSPOWER
            CODE    340EH     007EH     UNIT         ?PR?_AD5110_I2CWRITEDATA?I2C
            CODE    348CH     007BH     UNIT         ?PR?_I2CWRITEDATA?I2C
            CODE    3507H     0079H     UNIT         ?PR?_POWERLED?CPU
            CODE    3580H     0072H     UNIT         ?PR?MAIN?MAIN
            CODE    35F2H     0068H     UNIT         ?PR?_SET_PWM?CPU
            CODE    365AH     0064H     UNIT         ?PR?_USERINTERFACEPOWERSWITCH?SYSPOWER
            CODE    36BEH     0050H     UNIT         ?PR?WAITPOWERON?MAIN
            CODE    370EH     004EH     UNIT         ?PR?INITCPU?CPU
            CODE    375CH     004EH     UNIT         ?CO?PRINTF
            CODE    37AAH     004AH     UNIT         ?PR?MCUTIMERGETTIMERCOUNTER?SYSTIMER
            CODE    37F4H     0047H     UNIT         ?PR?_WRITEEEP?I2C
            CODE    383BH     0046H     UNIT         ?PR?_GRAPHICSPRINT?PRINTF
            CODE    3881H     0041H     UNIT         ?PR?_MCUTIMERCANCELTIMEREVENT?SYSTIMER
            CODE    38C2H     003EH     UNIT         ?PR?_SETAD5110STEP?MAIN
            CODE    3900H     003EH     UNIT         ?PR?_PRINTF?PRINTF
            CODE    393EH     003EH     UNIT         ?PR?_DEBUG_MESSAGE?PRINTF
            CODE    397CH     003CH     UNIT         ?PR?SAVEFWREVEE?ETC_EEP
            CODE    39B8H     003BH     UNIT         ?PR?SERIAL2_INT?CPU
            CODE    39F3H     0039H     UNIT         ?PR?_READI2C?I2C
            CODE    3A2CH     0038H     UNIT         ?PR?INITIALTIMEREVENT?MAIN
            CODE    3A64H     0033H     UNIT         ?PR?_ISP_WRITE?MAIN
            CODE    3A97H     002FH     UNIT         ?PR?SERIAL_INT?CPU
            CODE    3AC6H     002BH     UNIT         ?PR?CLEARBASICEE?ETC_EEP
            CODE    3AF1H     002AH     UNIT         ?PR?SCANKEY?KEYREMO
            CODE    3B1BH     002AH     UNIT         ?PR?_SYSPOWERSWITCH?SYSPOWER
            CODE    3B45H     0028H     UNIT         ?PR?SYSPOWERINITIAL?SYSPOWER
            CODE    3B6DH     0026H     UNIT         ?PR?_READEEP?I2C
            CODE    3B93H     0025H     UNIT         ?PR?LOADEEPROM?MAIN
            CODE    3BB8H     0022H     UNIT         ?PR?MCUTIMERINITIALTIMEREVENT?SYSTIMER
            CODE    3BDAH     0021H     UNIT         ?PR?ENTER_ISP?MAIN
            CODE    3BFBH     0020H     UNIT         ?PR?_WRITEAD5110?I2C
            CODE    3C1BH     0020H     UNIT         ?PR?_GETADCVALUE?MAIN
            CODE    3C3BH     001FH     UNIT         ?PR?MAIN_LOOP?MAIN
            CODE    3C5AH     001EH     UNIT         ?PR?RS2_RX?CPU
            CODE    3C78H     001BH     UNIT         ?PR?_GETKEY?KEYREMO
            CODE    3C93H     0018H     UNIT         ?PR?_DELAY?CPU
            CODE    3CABH     0018H     UNIT         ?CO?SYSPOWER
            CODE    3CC3H     0016H     UNIT         ?PR?CHECK_ADAP_IN?CPU
            CODE    3CD9H     0016H     UNIT         ?PR?INITVARS?CPU
            CODE    3CEFH     0015H     UNIT         ?PR?_MCUTIMERDELAYXMS?SYSTIMER
BL51 BANKED LINKER/LOCATER V6.22.2.0                                                  05/07/2020  10:14:06  PAGE 4


            CODE    3D04H     0015H     UNIT         ?PR?_MCUTIMERGETEVENTID?SYSTIMER
            CODE    3D19H     0014H     UNIT         ?PR?I2CDELAY?I2C
            CODE    3D2DH     0014H     UNIT         ?PR?_MCUTIMERGETEVENTTIME?SYSTIMER
            CODE    3D41H     0013H     UNIT         ?PR?_MCUTIMERCLREVENTVALID?SYSTIMER
            CODE    3D54H     0012H     UNIT         ?CO?ETC_EEP
            CODE    3D66H     0012H     UNIT         ?PR?I2CSTART?I2C
            CODE    3D78H     0011H     UNIT         ?PR?_MCUTIMERCHECKEVENTVALID?SYSTIMER
            CODE    3D89H     000FH     UNIT         ?PR?TIMER2_INT?CPU
            CODE    3D98H     000CH     UNIT         ?PR?_ABS?ABS
            CODE    3DA4H     000BH     UNIT         ?PR?RS2_READY?CPU
            CODE    3DAFH     0007H     UNIT         ?PR?GETBATTERYBTH?MAIN
            CODE    3DB6H     0007H     UNIT         ?PR?GETBATTERYVOLTAGE?MAIN



OVERLAY MAP OF MODULE:   .\Output\ML070I (?C_STARTUP)


SEGMENT                                             BIT_GROUP          XDATA_GROUP
  +--> CALLED SEGMENT                            START    LENGTH     START    LENGTH
------------------------------------------------------------------------------------
?C_C51STARTUP                                    -----    -----      -----    -----
  +--> ?PR?MAIN?MAIN
  +--> ?C_INITSEG

?PR?MAIN?MAIN                                    -----    -----      -----    -----
  +--> ?PR?INITCPU?CPU
  +--> ?PR?SYSPOWERINITIAL?SYSPOWER
  +--> ?CO?MAIN
  +--> ?PR?_PRINTF?PRINTF
  +--> ?PR?MAIN_INIT?CPU
  +--> ?PR?INITVARS?CPU
  +--> ?PR?LOADEEPROM?MAIN
  +--> ?PR?INITIALTIMEREVENT?MAIN
  +--> ?PR?_SETAD5110STEP?MAIN
  +--> ?PR?MAIN_LOOP?MAIN
  +--> ?PR?WAITPOWERON?MAIN

?PR?SYSPOWERINITIAL?SYSPOWER                     -----    -----      -----    -----
  +--> ?PR?_MCUTIMERDELAYXMS?SYSTIMER
  +--> ?CO?SYSPOWER
  +--> ?PR?_DEBUG_MESSAGE?PRINTF

?PR?_DEBUG_MESSAGE?PRINTF                        -----    -----      0170H    002EH
  +--> ?PR?_DOPRINT?PRINTF

?PR?_DOPRINT?PRINTF                              0021H.1  0000H.2    01C0H    0015H
  +--> ?CO?PRINTF

?PR?_PRINTF?PRINTF                               -----    -----      0192H    002EH
  +--> ?PR?_DOPRINT?PRINTF

?PR?MAIN_INIT?CPU                                -----    -----      0170H    0004H
  +--> ?PR?GETFWREVEE?ETC_EEP
  +--> ?PR?_READEEP?I2C
  +--> ?CO?CPU
  +--> ?PR?_PRINTF?PRINTF
BL51 BANKED LINKER/LOCATER V6.22.2.0                                                  05/07/2020  10:14:06  PAGE 5


  +--> ?PR?SAVEFWREVEE?ETC_EEP
  +--> ?PR?CLEARBASICEE?ETC_EEP
  +--> ?PR?_DELAY?CPU

?PR?GETFWREVEE?ETC_EEP                           -----    -----      0174H    0004H
  +--> ?PR?_READEEP?I2C

?PR?_READEEP?I2C                                 -----    -----      0179H    0001H
  +--> ?PR?_READI2C?I2C
  +--> ?PR?_DELAY?CPU

?PR?_READI2C?I2C                                 -----    -----      017AH    0003H
  +--> ?PR?I2CSTART?I2C
  +--> ?PR?_I2CWRITEDATA?I2C
  +--> ?PR?I2CREADDATA?I2C
  +--> ?PR?I2CSTOP?I2C

?PR?I2CSTART?I2C                                 -----    -----      -----    -----
  +--> ?PR?I2CDELAY?I2C

?PR?_I2CWRITEDATA?I2C                            -----    -----      -----    -----
  +--> ?PR?I2CDELAY?I2C

?PR?I2CREADDATA?I2C                              -----    -----      -----    -----
  +--> ?PR?I2CDELAY?I2C

?PR?I2CSTOP?I2C                                  -----    -----      -----    -----
  +--> ?PR?I2CDELAY?I2C

?PR?SAVEFWREVEE?ETC_EEP                          -----    -----      -----    -----
  +--> ?PR?_WRITEEEP?I2C

?PR?_WRITEEEP?I2C                                -----    -----      0174H    0004H
  +--> ?PR?I2CSTART?I2C
  +--> ?PR?_I2CWRITEDATA?I2C
  +--> ?PR?I2CSTOP?I2C
  +--> ?PR?_DELAY?CPU

?PR?CLEARBASICEE?ETC_EEP                         -----    -----      -----    -----
  +--> ?CO?ETC_EEP
  +--> ?PR?_PRINTF?PRINTF
  +--> ?PR?_WRITEEEP?I2C

?PR?LOADEEPROM?MAIN                              -----    -----      -----    -----
  +--> ?PR?_READEEP?I2C

?PR?INITIALTIMEREVENT?MAIN                       -----    -----      -----    -----
  +--> ?PR?MCUTIMERINITIALTIMEREVENT?SYSTIMER
  +--> ?PR?_MCUTIMERACTIVETIMEREVENT?SYSTIMER

?PR?_MCUTIMERACTIVETIMEREVENT?SYSTIMER           -----    -----      0175H    0004H
  +--> ?PR?_MCUTIMERCANCELTIMEREVENT?SYSTIMER
  +--> ?PR?_MCUTIMERCHECKTIMEREVENT?SYSTIMER

?PR?_MCUTIMERCHECKTIMEREVENT?SYSTIMER            -----    -----      0179H    0005H
  +--> ?PR?MCUTIMERGETTIMERCOUNTER?SYSTIMER

BL51 BANKED LINKER/LOCATER V6.22.2.0                                                  05/07/2020  10:14:06  PAGE 6


?PR?MCUTIMERGETTIMERCOUNTER?SYSTIMER             -----    -----      017EH    0002H
  +--> ?PR?_ABS?ABS

?PR?_SETAD5110STEP?MAIN                          -----    -----      0174H    0002H
  +--> ?PR?_MAPPING1?MAIN
  +--> ?PR?_WRITEAD5110?I2C

?PR?_MAPPING1?MAIN                               -----    -----      0176H    000FH

?PR?_WRITEAD5110?I2C                             -----    -----      -----    -----
  +--> ?PR?I2CSTART?I2C
  +--> ?PR?_AD5110_I2CWRITEDATA?I2C
  +--> ?PR?I2CSTOP?I2C
  +--> ?PR?_DELAY?CPU

?PR?_AD5110_I2CWRITEDATA?I2C                     -----    -----      -----    -----
  +--> ?PR?I2CDELAY?I2C

?PR?MAIN_LOOP?MAIN                               -----    -----      -----    -----
  +--> ?CO?MAIN
  +--> ?PR?_PRINTF?PRINTF
  +--> ?PR?DVRRECEIVEPASER?HS_DVRPROTOCOL
  +--> ?PR?SYSTIMERHANDLER?SYSTIMER
  +--> ?PR?SYSPOWERHANDLER?SYSPOWER
  +--> ?PR?SCANKEY?KEYREMO
  +--> ?PR?ENCORDERHANDLER?MAIN

?PR?DVRRECEIVEPASER?HS_DVRPROTOCOL               -----    -----      0170H    0001H
  +--> ?PR?RS2_READY?CPU
  +--> ?PR?RS2_RX?CPU
  +--> ?PR?_USERINTERFACEBATTERYCHARGEMODE?S...
  +--> ?PR?_MCUTIMERCANCELTIMEREVENT?SYSTIMER
  +--> ?PR?_MCUTIMERREACTIVETIMEREVENT?SYSTIMER
  +--> ?PR?_MCUTIMERACTIVETIMEREVENT?SYSTIMER
  +--> ?PR?_WRITEEEP?I2C

?PR?_USERINTERFACEBATTERYCHARGEMODE?S...         -----    -----      0174H    0001H
  +--> ?PR?_MCUTIMERCANCELTIMEREVENT?SYSTIMER
  +--> ?PR?_SET_PWM?CPU
  +--> ?PR?_MCUTIMERACTIVETIMEREVENT?SYSTIMER

?PR?_SET_PWM?CPU                                 -----    -----      0175H    0002H
  +--> ?CO?CPU
  +--> ?PR?_PRINTF?PRINTF

?PR?_MCUTIMERREACTIVETIMEREVENT?SYSTIMER         -----    -----      0171H    0004H
  +--> ?PR?_MCUTIMERCHECKTIMEREVENT?SYSTIMER

?PR?SYSTIMERHANDLER?SYSTIMER                     -----    -----      0170H    0004H
  +--> ?PR?MCUTIMERGETTIMERCOUNTER?SYSTIMER
  +--> ?PR?_MCUTIMERCHECKEVENTVALID?SYSTIMER
  +--> ?PR?_MCUTIMERGETEVENTTIME?SYSTIMER
  +--> ?PR?_MCUTIMERCLREVENTVALID?SYSTIMER
  +--> ?PR?_MCUTIMERGETEVENTID?SYSTIMER
  +--> ?PR?_USERINTERFACETIMEREVENTPROC?SYST...
  +--> ?PR?_SYSTIMEREVENTPROC?SYSTIMER

BL51 BANKED LINKER/LOCATER V6.22.2.0                                                  05/07/2020  10:14:06  PAGE 7


?PR?_USERINTERFACETIMEREVENTPROC?SYST...         -----    -----      -----    -----
  +--> ?PR?_SETAD5110STEP?MAIN
  +--> ?PR?_WRITEEEP?I2C
  +--> ?PR?_MCU_SENDCMDTODVR?MAIN
  +--> ?PR?_USERINTERFACEBATTERYCHARGEMODE?S...
  +--> ?PR?_MCUTIMERACTIVETIMEREVENT?SYSTIMER
  +--> ?PR?ENTER_ISP?MAIN

?PR?_MCU_SENDCMDTODVR?MAIN                       -----    -----      0174H    0005H
  +--> ?CO?MAIN
  +--> ?PR?_READEEP?I2C
  +--> ?PR?_MCULIB_PROTOCOLSENDCMDWITHPARAMN...

?PR?_MCULIB_PROTOCOLSENDCMDWITHPARAMN...         -----    -----      0179H    0017H
  +--> ?PR?_MCULIB_PROTOCOLAPPEND?MAIN
  +--> ?PR?_RS2_TX?CPU

?PR?_MCULIB_PROTOCOLAPPEND?MAIN                  -----    -----      0190H    0007H

?PR?ENTER_ISP?MAIN                               -----    -----      0174H    0001H
  +--> ?PR?ISP_INIT?MAIN
  +--> ?PR?_ISP_WRITE?MAIN

?PR?_ISP_WRITE?MAIN                              -----    -----      0175H    0006H

?PR?_SYSTIMEREVENTPROC?SYSTIMER                  -----    -----      -----    -----
  +--> ?PR?_POWERLED?CPU
  +--> ?PR?CHECK_ADAP_IN?CPU
  +--> ?PR?_MCUTIMERCHECKEVENTVALID?SYSTIMER
  +--> ?PR?_MCUTIMERACTIVETIMEREVENT?SYSTIMER
  +--> ?PR?_MCUTIMERCANCELTIMEREVENT?SYSTIMER
  +--> ?PR?_MCU_SENDCMDTODVR?MAIN
  +--> ?PR?GETBATTERYVOLTAGE?MAIN
  +--> ?PR?_WRITEEEP?I2C
  +--> ?PR?GETBATTERYBTH?MAIN
  +--> ?PR?_MCUTIMERDELAYXMS?SYSTIMER
  +--> ?PR?_SET_PWM?CPU
  +--> ?PR?_USERINTERFACEBATTERYCHARGEMODE?S...
  +--> ?PR?SHOWWORKINGTIMER?CPU

?PR?CHECK_ADAP_IN?CPU                            -----    -----      -----    -----
  +--> ?PR?_MCUTIMERDELAYXMS?SYSTIMER

?PR?GETBATTERYVOLTAGE?MAIN                       -----    -----      -----    -----
  +--> ?PR?_GETADCVALUE?MAIN

?PR?GETBATTERYBTH?MAIN                           -----    -----      -----    -----
  +--> ?PR?_GETADCVALUE?MAIN

?PR?SHOWWORKINGTIMER?CPU                         -----    -----      -----    -----
  +--> ?CO?CPU
  +--> ?PR?_GRAPHICSPRINT?PRINTF

?PR?_GRAPHICSPRINT?PRINTF                        -----    -----      0174H    002FH
  +--> ?PR?_DOPRINT?PRINTF

?PR?SYSPOWERHANDLER?SYSPOWER                     -----    -----      -----    -----
BL51 BANKED LINKER/LOCATER V6.22.2.0                                                  05/07/2020  10:14:06  PAGE 8


  +--> ?PR?_SYSPOWERSWITCH?SYSPOWER

?PR?_SYSPOWERSWITCH?SYSPOWER                     -----    -----      0170H    0001H
  +--> ?PR?_USERINTERFACEPOWERSWITCH?SYSPOWER

?PR?_USERINTERFACEPOWERSWITCH?SYSPOWER           -----    -----      -----    -----
  +--> ?PR?_MCUTIMERDELAYXMS?SYSTIMER

?PR?SCANKEY?KEYREMO                              -----    -----      -----    -----
  +--> ?PR?_GETKEY?KEYREMO
  +--> ?PR?_MCUTIMERACTIVETIMEREVENT?SYSTIMER

?PR?_GETKEY?KEYREMO                              0021H.1  0000H.1    -----    -----

?PR?ENCORDERHANDLER?MAIN                         -----    -----      0170H    0022H
  +--> ?CO?MAIN
  +--> ?PR?_PRINTF?PRINTF

?PR?WAITPOWERON?MAIN                             -----    -----      -----    -----
  +--> ?CO?MAIN
  +--> ?PR?_PRINTF?PRINTF
  +--> ?PR?_MCUTIMERCANCELTIMEREVENT?SYSTIMER
  +--> ?PR?SYSPOWERHANDLER?SYSPOWER
  +--> ?PR?SYSTIMERHANDLER?SYSTIMER
  +--> ?PR?SCANKEY?KEYREMO

?C_INITSEG                                       -----    -----      -----    -----
  +--> ?CO?PRINTF



SYMBOL TABLE OF MODULE:  .\Output\ML070I (?C_STARTUP)

  VALUE           TYPE          NAME
  ----------------------------------

  -------         MODULE        ?C_STARTUP
  C:3279H         SEGMENT       ?C_C51STARTUP
  I:007AH         SEGMENT       ?STACK
  C:0000H         PUBLIC        ?C_STARTUP
  D:00E0H         SYMBOL        ACC
  D:00F0H         SYMBOL        B
  D:0083H         SYMBOL        DPH
  D:0082H         SYMBOL        DPL
  N:0000H         SYMBOL        IBPSTACK
  N:0100H         SYMBOL        IBPSTACKTOP
  N:0080H         SYMBOL        IDATALEN
  C:327CH         SYMBOL        IDATALOOP
  N:0000H         SYMBOL        PBPSTACK
  N:0100H         SYMBOL        PBPSTACKTOP
  N:0000H         SYMBOL        PDATALEN
  N:0000H         SYMBOL        PDATASTART
  N:0000H         SYMBOL        PPAGE
  N:0000H         SYMBOL        PPAGEENABLE
  D:00A0H         SYMBOL        PPAGE_SFR
  D:0081H         SYMBOL        SP
  C:3279H         SYMBOL        STARTUP1
BL51 BANKED LINKER/LOCATER V6.22.2.0                                                  05/07/2020  10:14:06  PAGE 9


  N:0000H         SYMBOL        XBPSTACK
  N:0000H         SYMBOL        XBPSTACKTOP
  N:0000H         SYMBOL        XDATALEN
  N:0000H         SYMBOL        XDATASTART
  C:0000H         LINE#         126
  C:3279H         LINE#         133
  C:327BH         LINE#         134
  C:327CH         LINE#         135
  C:327DH         LINE#         136
  C:327FH         LINE#         185
  C:3282H         LINE#         196
  -------         ENDMOD        ?C_STARTUP

  -------         MODULE        CPU
  C:0000H         SYMBOL        _ICE_DUMMY_
  D:0091H         PUBLIC        P1M0
  X:0249H         PUBLIC        second
  C:370EH         PUBLIC        InitCPU
  D:00B1H         PUBLIC        P3M0
  C:1FAAH         PUBLIC        timer0_int
  X:024AH         PUBLIC        FormatSDCard
  D:00B3H         PUBLIC        P4M0
  D:00B2H         PUBLIC        P3M1
  D:00B4H         PUBLIC        P4M1
  D:00B0H         PUBLIC        P3
  C:3D89H         PUBLIC        timer2_int
  D:00E8H         PUBLIC        P4
  X:024BH         PUBLIC        FormatWait
  X:024CH         PUBLIC        Power_Msg_Count
  D:00F9H         PUBLIC        CH
  D:0022H         PUBLIC        DVR_buf
  D:0040H         PUBLIC        keytic
  D:00A8H         PUBLIC        IE
  C:2228H         PUBLIC        ShowWorkingTimer
  D:00E9H         PUBLIC        CL
  D:0042H         PUBLIC        RS2_in
  B:0020H.0       PUBLIC        RepeatKey
  X:024EH         PUBLIC        LED_FLASH_COUNT
  D:0043H         PUBLIC        RS2_out
  C:3C93H         PUBLIC        _delay
  D:00FCH         PUBLIC        CCAP2H
  B:00E8H.0       PUBLIC        P4_0
  D:00FDH         PUBLIC        CCAP3H
  B:00E8H.1       PUBLIC        P4_1
  B:0090H.4       PUBLIC        P1_4
  B:0080H.5       PUBLIC        P0_5
  X:0250H         PUBLIC        minute
  D:00ECH         PUBLIC        CCAP2L
  B:00A8H.4       PUBLIC        ES
  D:00EDH         PUBLIC        CCAP3L
  D:00DCH         PUBLIC        CCAPM2
  D:00DDH         PUBLIC        CCAPM3
  D:00B8H         PUBLIC        IP
  B:0098H.0       PUBLIC        RI
  B:0098H.1       PUBLIC        TI
  D:0044H         PUBLIC        tic01
  B:0020H.1       PUBLIC        KeyReady
BL51 BANKED LINKER/LOCATER V6.22.2.0                                                  05/07/2020  10:14:06  PAGE 10


  C:3C5AH         PUBLIC        RS2_rx
  B:0020H.2       PUBLIC        RS_Xbusy
  D:0045H         PUBLIC        tic02
  D:00D9H         PUBLIC        CMOD
  D:00D8H         PUBLIC        CCON
  C:0003H         PUBLIC        _RS2_tx
  X:0251H         PUBLIC        Time5ms
  X:0252H         PUBLIC        month
  X:0253H         PUBLIC        keyticSec
  D:0046H         PUBLIC        Key
  C:3A97H         PUBLIC        serial_int
  C:0026H         PUBLIC        ext1_int
  D:0099H         PUBLIC        SBUF
  D:0087H         PUBLIC        PCON
  D:0098H         PUBLIC        SCON
  C:3CD9H         PUBLIC        InitVars
  D:0089H         PUBLIC        TMOD
  D:0088H         PUBLIC        TCON
  C:2CF0H         PUBLIC        main_init
  X:0254H         PUBLIC        day
  X:0255H         PUBLIC        hour
  C:35F2H         PUBLIC        _SET_PWM
  X:0256H         PUBLIC        PowerDownWait
  D:0047H         PUBLIC        tm01
  D:0049H         PUBLIC        stopWatch
  X:0257H         PUBLIC        EncorderCount
  D:004BH         SYMBOL        RS_buf
  D:0069H         PUBLIC        tic_PWR_SAVING
  D:006DH         PUBLIC        tic_Init_time
  B:00A8H.5       PUBLIC        ET2
  B:00C8H.7       PUBLIC        TF2
  D:008CH         PUBLIC        TH0
  D:008DH         PUBLIC        TH1
  B:00A8H.2       PUBLIC        EX1
  C:3DA4H         PUBLIC        RS2_ready
  C:3CC3H         PUBLIC        Check_ADAP_IN
  D:008AH         PUBLIC        TL0
  B:0020H.3       PUBLIC        RS2_Xbusy
  B:00C8H.2       PUBLIC        TR2
  X:0259H         PUBLIC        updn_reg
  B:0020H.4       PUBLIC        PWR_SAVING_ACT_FLAG
  D:0071H         PUBLIC        RS_in
  D:0072H         PUBLIC        RS_out
  C:39B8H         PUBLIC        serial2_int
  D:009AH         PUBLIC        S2BUF
  X:025DH         PUBLIC        year1
  X:025EH         PUBLIC        year2
  C:3507H         PUBLIC        _PowerLED
  D:00AAH         PUBLIC        S2CON
  D:00C8H         PUBLIC        T2CON
  D:00BAH         PUBLIC        S2BRT
  X:025FH         PUBLIC        DVR_FACTORY_MODE
  D:0073H         PUBLIC        tm001
  D:00A6H         PUBLIC        AUXR2
  B:0020H.5       PUBLIC        ChangeKey
  D:0074H         PUBLIC        tic_pc
  D:0076H         PUBLIC        SystemClock
BL51 BANKED LINKER/LOCATER V6.22.2.0                                                  05/07/2020  10:14:06  PAGE 11


  D:0093H         PUBLIC        P0M0
  D:00ADH         PUBLIC        AUXIE
  -------         PROC          MAIN_INIT
  -------         DO            
  X:0170H         SYMBOL        rev
  -------         ENDDO         
  C:2CF0H         LINE#         82
  C:2CF0H         LINE#         83
  C:2CF0H         LINE#         86
  C:2CF9H         LINE#         87
  C:2D3BH         LINE#         89
  C:2D4AH         LINE#         90
  C:2D4AH         LINE#         91
  C:2D64H         LINE#         92
  C:2D67H         LINE#         93
  C:2DA9H         LINE#         94
  C:2DA9H         LINE#         97
  C:2DB8H         LINE#         98
  C:2DB8H         LINE#         100
  C:2DD1H         LINE#         101
  C:2DD4H         LINE#         102
  C:2DD6H         LINE#         104
  C:2DD6H         LINE#         105
  C:2DDFH         LINE#         106
  C:2DE8H         LINE#         107
  C:2DEFH         LINE#         109
  C:2DEFH         LINE#         111
  C:2DF4H         LINE#         114
  C:2DFCH         LINE#         115
  C:2E01H         LINE#         117
  -------         ENDPROC       MAIN_INIT
  -------         PROC          INITCPU
  C:370EH         LINE#         125
  C:370EH         LINE#         126
  C:370EH         LINE#         130
  C:3711H         LINE#         138
  C:3714H         LINE#         140
  C:3717H         LINE#         142
  C:371AH         LINE#         146
  C:3720H         LINE#         148
  C:3723H         LINE#         149
  C:3726H         LINE#         153
  C:3729H         LINE#         156
  C:372BH         LINE#         157
  C:372DH         LINE#         163
  C:3730H         LINE#         164
  C:3732H         LINE#         165
  C:3734H         LINE#         171
  C:3737H         LINE#         172
  C:373AH         LINE#         175
  C:373DH         LINE#         178
  C:3740H         LINE#         180
  C:3742H         LINE#         182
  C:3744H         LINE#         183
  C:3746H         LINE#         185
  C:3748H         LINE#         188
  C:374BH         LINE#         198
BL51 BANKED LINKER/LOCATER V6.22.2.0                                                  05/07/2020  10:14:06  PAGE 12


  C:374EH         LINE#         200
  C:3751H         LINE#         203
  C:3754H         LINE#         204
  C:3756H         LINE#         205
  C:3759H         LINE#         206
  C:375BH         LINE#         208
  -------         ENDPROC       INITCPU
  -------         PROC          CHECK_ADAP_IN
  C:3CC3H         LINE#         210
  C:3CC3H         LINE#         211
  C:3CC3H         LINE#         213
  C:3CC6H         LINE#         214
  C:3CC6H         LINE#         215
  C:3CCDH         LINE#         217
  C:3CD0H         LINE#         218
  C:3CD3H         LINE#         220
  C:3CD6H         LINE#         221
  C:3CD6H         LINE#         223
  C:3CD8H         LINE#         224
  -------         ENDPROC       CHECK_ADAP_IN
  -------         PROC          _SET_PWM
  X:0175H         SYMBOL        index
  X:0176H         SYMBOL        val
  C:35F2H         LINE#         226
  C:35FAH         LINE#         227
  C:35FAH         LINE#         228
  C:3613H         LINE#         230
  C:3625H         LINE#         231
  C:3625H         LINE#         232
  C:3625H         LINE#         240
  C:3628H         LINE#         241
  C:3633H         LINE#         242
  C:3636H         LINE#         244
  C:363BH         LINE#         245
  C:363BH         LINE#         246
  C:363DH         LINE#         247
  C:363FH         LINE#         248
  C:363FH         LINE#         251
  C:3640H         LINE#         252
  C:3640H         LINE#         253
  C:3643H         LINE#         254
  C:364EH         LINE#         255
  C:3651H         LINE#         256
  C:3652H         LINE#         257
  C:3652H         LINE#         258
  C:3655H         LINE#         259
  C:3656H         LINE#         260
  C:3656H         LINE#         261
  C:3659H         LINE#         262
  C:3659H         LINE#         264
  C:3659H         LINE#         265
  C:3659H         LINE#         266
  C:3659H         LINE#         269
  -------         ENDPROC       _SET_PWM
  -------         PROC          TIMER0_INT
  -------         DO            
  D:000FH         SYMBOL        TempKey
BL51 BANKED LINKER/LOCATER V6.22.2.0                                                  05/07/2020  10:14:06  PAGE 13


  -------         ENDDO         
  C:1FAAH         LINE#         278
  C:1FB5H         LINE#         282
  C:1FB7H         LINE#         285
  C:1FB9H         LINE#         288
  C:1FC4H         LINE#         289
  C:1FC4H         LINE#         290
  C:1FD2H         LINE#         291
  C:1FD5H         LINE#         292
  C:1FD7H         LINE#         293
  C:1FD7H         LINE#         302
  C:1FE5H         LINE#         305
  C:1FEDH         LINE#         306
  C:1FF0H         LINE#         307
  C:1FF2H         LINE#         309
  C:1FF8H         LINE#         310
  C:1FF8H         LINE#         312
  C:1FFAH         LINE#         315
  C:2001H         LINE#         316
  C:2006H         LINE#         318
  C:2008H         LINE#         320
  C:2008H         LINE#         321
  C:2012H         LINE#         322
  C:201AH         LINE#         325
  C:2028H         LINE#         326
  C:203CH         LINE#         327
  C:2046H         LINE#         328
  C:2054H         LINE#         333
  C:2054H         LINE#         335
  C:205DH         LINE#         336
  C:2067H         LINE#         337
  C:2067H         LINE#         338
  C:206FH         LINE#         339
  C:2077H         LINE#         340
  C:207FH         LINE#         341
  C:2082H         LINE#         342
  C:2084H         LINE#         345
  C:208AH         LINE#         347
  C:20A5H         LINE#         348
  C:20B3H         LINE#         349
  C:20CBH         LINE#         350
  C:20D9H         LINE#         351
  C:20F1H         LINE#         352
  C:20FFH         LINE#         353
  C:211AH         LINE#         354
  C:2128H         LINE#         356
  C:2140H         LINE#         357
  C:214EH         LINE#         358
  C:2166H         LINE#         359
  C:2174H         LINE#         360
  C:218FH         LINE#         361
  C:219DH         LINE#         362
  C:21B5H         LINE#         363
  C:21C3H         LINE#         364
  C:21C3H         LINE#         365
  C:21C3H         LINE#         369
  C:21CFH         LINE#         370
BL51 BANKED LINKER/LOCATER V6.22.2.0                                                  05/07/2020  10:14:06  PAGE 14


  C:21CFH         LINE#         371
  C:21D9H         LINE#         372
  C:21DCH         LINE#         373
  C:21DEH         LINE#         374
  C:21E0H         LINE#         375
  C:21E6H         LINE#         376
  C:21ECH         LINE#         377
  C:21ECH         LINE#         378
  C:21F4H         LINE#         379
  C:21F6H         LINE#         381
  C:21F6H         LINE#         382
  C:2207H         LINE#         383
  C:220AH         LINE#         384
  C:220CH         LINE#         385
  C:220EH         LINE#         386
  C:2212H         LINE#         387
  C:2214H         LINE#         389
  C:2214H         LINE#         390
  C:2219H         LINE#         391
  C:221DH         LINE#         392
  C:221FH         LINE#         393
  C:221FH         LINE#         394
  C:221FH         LINE#         397
  C:221FH         LINE#         399
  -------         ENDPROC       TIMER0_INT
  -------         PROC          SHOWWORKINGTIMER
  C:2228H         LINE#         404
  C:2228H         LINE#         405
  C:2228H         LINE#         406
  C:222FH         LINE#         407
  C:222FH         LINE#         408
  C:225FH         LINE#         409
  C:2261H         LINE#         410
  C:2268H         LINE#         411
  C:2268H         LINE#         412
  C:228BH         LINE#         413
  C:228DH         LINE#         414
  C:2296H         LINE#         415
  C:2296H         LINE#         416
  C:22AAH         LINE#         417
  C:22ACH         LINE#         419
  C:22ACH         LINE#         420
  C:22C2H         LINE#         421
  C:22C2H         LINE#         425
  C:230AH         LINE#         429
  C:2314H         LINE#         430
  C:231EH         LINE#         431
  C:232AH         LINE#         432
  C:2332H         LINE#         434
  C:233BH         LINE#         437
  C:2383H         LINE#         440
  C:238DH         LINE#         441
  C:2397H         LINE#         442
  C:23A1H         LINE#         443
  C:23ABH         LINE#         444
  C:23B5H         LINE#         445
  C:23BFH         LINE#         446
BL51 BANKED LINKER/LOCATER V6.22.2.0                                                  05/07/2020  10:14:06  PAGE 15


  C:23C9H         LINE#         447
  C:23D4H         LINE#         449
  C:23DEH         LINE#         450
  C:23E6H         LINE#         451
  C:23F0H         LINE#         452
  C:23F8H         LINE#         453
  C:2402H         LINE#         454
  C:240AH         LINE#         455
  C:2414H         LINE#         456
  C:241CH         LINE#         457
  C:2424H         LINE#         458
  C:242EH         LINE#         459
  C:2438H         LINE#         460
  C:2443H         LINE#         462
  -------         ENDPROC       SHOWWORKINGTIMER
  -------         PROC          INITVARS
  -------         DO            
  D:0007H         SYMBOL        j
  -------         ENDDO         
  C:3CD9H         LINE#         472
  C:3CD9H         LINE#         473
  C:3CD9H         LINE#         475
  C:3CE5H         LINE#         476
  C:3CEEH         LINE#         478
  -------         ENDPROC       INITVARS
  -------         PROC          _POWERLED
  D:0007H         SYMBOL        flag
  C:3507H         LINE#         484
  C:3507H         LINE#         485
  C:3507H         LINE#         487
  C:353BH         LINE#         488
  C:353BH         LINE#         489
  C:353BH         LINE#         490
  C:353DH         LINE#         491
  C:353FH         LINE#         492
  C:3540H         LINE#         493
  C:3540H         LINE#         494
  C:3542H         LINE#         495
  C:3544H         LINE#         496
  C:3545H         LINE#         497
  C:3545H         LINE#         498
  C:3545H         LINE#         499
  C:3545H         LINE#         500
  C:3547H         LINE#         501
  C:3547H         LINE#         502
  C:3547H         LINE#         503
  C:3547H         LINE#         504
  C:3549H         LINE#         505
  C:3549H         LINE#         506
  C:354CH         LINE#         507
  C:354CH         LINE#         508
  C:354EH         LINE#         509
  C:3550H         LINE#         510
  C:3551H         LINE#         517
  C:3551H         LINE#         518
  C:3554H         LINE#         519
  C:3554H         LINE#         520
BL51 BANKED LINKER/LOCATER V6.22.2.0                                                  05/07/2020  10:14:06  PAGE 16


  C:3556H         LINE#         521
  C:3558H         LINE#         522
  C:3559H         LINE#         524
  C:3559H         LINE#         525
  C:3559H         LINE#         526
  C:3559H         LINE#         527
  C:3559H         LINE#         528
  C:355BH         LINE#         529
  C:355BH         LINE#         530
  C:355EH         LINE#         531
  C:355EH         LINE#         532
  C:3560H         LINE#         533
  C:3562H         LINE#         534
  C:3563H         LINE#         536
  C:3563H         LINE#         537
  C:3565H         LINE#         538
  C:3567H         LINE#         539
  C:3567H         LINE#         540
  C:3568H         LINE#         541
  C:3568H         LINE#         542
  C:356BH         LINE#         543
  C:356BH         LINE#         544
  C:356DH         LINE#         545
  C:356FH         LINE#         547
  C:356FH         LINE#         548
  C:3571H         LINE#         549
  C:3571H         LINE#         551
  C:3573H         LINE#         553
  C:3574H         LINE#         554
  C:3574H         LINE#         555
  C:3577H         LINE#         556
  C:3577H         LINE#         557
  C:3579H         LINE#         558
  C:357BH         LINE#         560
  C:357BH         LINE#         561
  C:357DH         LINE#         562
  C:357DH         LINE#         564
  C:357FH         LINE#         567
  C:357FH         LINE#         568
  C:357FH         LINE#         569
  C:357FH         LINE#         570
  C:357FH         LINE#         571
  -------         ENDPROC       _POWERLED
  -------         PROC          EXT1_INT
  C:0026H         LINE#         580
  C:0026H         LINE#         582
  C:0028H         LINE#         583
  -------         ENDPROC       EXT1_INT
  -------         PROC          SERIAL_INT
  C:3A97H         LINE#         606
  C:3A9EH         LINE#         612
  C:3AA1H         LINE#         621
  C:3AA8H         LINE#         622
  C:3AAAH         LINE#         623
  C:3AB8H         LINE#         627
  C:3ABAH         LINE#         629
  C:3ABAH         LINE#         631
BL51 BANKED LINKER/LOCATER V6.22.2.0                                                  05/07/2020  10:14:06  PAGE 17


  C:3ABDH         LINE#         632
  C:3ABFH         LINE#         633
  C:3AC1H         LINE#         634
  C:3AC1H         LINE#         635
  -------         ENDPROC       SERIAL_INT
  -------         PROC          SERIAL2_INT
  C:39B8H         LINE#         639
  C:39BFH         LINE#         644
  C:39C7H         LINE#         645
  C:39C7H         LINE#         647
  C:39CAH         LINE#         649
  C:39D1H         LINE#         652
  C:39D3H         LINE#         653
  C:39E1H         LINE#         654
  C:39E1H         LINE#         656
  C:39E9H         LINE#         657
  C:39E9H         LINE#         658
  C:39ECH         LINE#         659
  C:39EEH         LINE#         660
  C:39EEH         LINE#         661
  -------         ENDPROC       SERIAL2_INT
  -------         PROC          RS2_READY
  C:3DA4H         LINE#         697
  C:3DA4H         LINE#         698
  C:3DA4H         LINE#         699
  C:3DACH         LINE#         700
  C:3DAEH         LINE#         701
  -------         ENDPROC       RS2_READY
  -------         PROC          RS2_RX
  -------         DO            
  D:0007H         SYMBOL        ret
  -------         ENDDO         
  C:3C5AH         LINE#         705
  C:3C5AH         LINE#         706
  C:3C5AH         LINE#         709
  C:3C5DH         LINE#         710
  C:3C64H         LINE#         711
  C:3C66H         LINE#         712
  C:3C71H         LINE#         713
  C:3C74H         LINE#         714
  C:3C77H         LINE#         716
  C:3C77H         LINE#         717
  -------         ENDPROC       RS2_RX
  -------         PROC          _RS2_TX
  D:0007H         SYMBOL        tx_buf
  C:0003H         LINE#         734
  C:0003H         LINE#         735
  C:0003H         LINE#         737
  C:0006H         LINE#         738
  C:0008H         LINE#         739
  C:000AH         LINE#         740
  -------         ENDPROC       _RS2_TX
  -------         PROC          TIMER2_INT
  C:3D89H         LINE#         781
  C:3D8BH         LINE#         783
  C:3D8DH         LINE#         785
  C:3D95H         LINE#         787
BL51 BANKED LINKER/LOCATER V6.22.2.0                                                  05/07/2020  10:14:06  PAGE 18


  -------         ENDPROC       TIMER2_INT
  -------         PROC          _DELAY
  D:0007H         SYMBOL        cnt
  -------         DO            
  D:0004H         SYMBOL        ttic01
  -------         ENDDO         
  C:3C93H         LINE#         789
  C:3C93H         LINE#         790
  C:3C93H         LINE#         793
  C:3CA1H         LINE#         794
  C:3CA1H         LINE#         796
  C:3CAAH         LINE#         797
  -------         ENDPROC       _DELAY
  -------         ENDMOD        CPU

  -------         MODULE        ETC_EEP
  C:0000H         SYMBOL        _ICE_DUMMY_
  C:3AC6H         PUBLIC        ClearBasicEE
  C:397CH         PUBLIC        SaveFWRevEE
  C:314AH         PUBLIC        GetFWRevEE
  -------         PROC          GETFWREVEE
  -------         DO            
  X:0174H         SYMBOL        rev
  -------         ENDDO         
  C:314AH         LINE#         17
  C:314AH         LINE#         18
  C:314AH         LINE#         19
  C:3154H         LINE#         21
  C:3161H         LINE#         22
  C:316FH         LINE#         23
  C:317DH         LINE#         24
  C:318FH         LINE#         26
  C:31DAH         LINE#         28
  C:31E8H         LINE#         29
  -------         ENDPROC       GETFWREVEE
  -------         PROC          SAVEFWREVEE
  C:397CH         LINE#         31
  C:397CH         LINE#         32
  C:397CH         LINE#         33
  C:3984H         LINE#         34
  C:398DH         LINE#         35
  C:3996H         LINE#         36
  C:399FH         LINE#         38
  C:39A7H         LINE#         39
  C:39AFH         LINE#         40
  -------         ENDPROC       SAVEFWREVEE
  -------         PROC          CLEARBASICEE
  C:3AC6H         LINE#         54
  C:3AC6H         LINE#         55
  C:3AC6H         LINE#         57
  C:3ACFH         LINE#         59
  C:3AD8H         LINE#         61
  C:3AE1H         LINE#         63
  C:3AE9H         LINE#         65
  -------         ENDPROC       CLEARBASICEE
  -------         ENDMOD        ETC_EEP

BL51 BANKED LINKER/LOCATER V6.22.2.0                                                  05/07/2020  10:14:06  PAGE 19


  -------         MODULE        HS_DVRPROTOCOL
  C:0000H         SYMBOL        _ICE_DUMMY_
  X:0000H         PUBLIC        protocol_data_count
  X:0001H         PUBLIC        protocol_len
  X:0002H         PUBLIC        protocol_type
  B:0021H.3       PUBLIC        protocol_escape_flag
  X:0003H         PUBLIC        protocol_chksum
  X:0004H         PUBLIC        protocol_param
  X:0005H         PUBLIC        protocol_data
  C:1914H         PUBLIC        DvrReceivePaser
  X:0105H         PUBLIC        protocol_state
  -------         PROC          DVRRECEIVEPASER
  -------         DO            
  X:0170H         SYMBOL        c
  -------         ENDDO         
  C:1914H         LINE#         38
  C:1914H         LINE#         39
  C:1914H         LINE#         41
  C:191DH         LINE#         42
  C:191DH         LINE#         43
  C:1925H         LINE#         45
  C:192BH         LINE#         46
  C:192BH         LINE#         50
  C:192DH         LINE#         51
  C:1932H         LINE#         52
  C:1938H         LINE#         54
  C:1938H         LINE#         56
  C:193EH         LINE#         57
  C:193EH         LINE#         58
  C:1941H         LINE#         60
  C:1941H         LINE#         62
  C:1944H         LINE#         63
  C:1944H         LINE#         64
  C:1946H         LINE#         65
  C:194DH         LINE#         66
  C:194DH         LINE#         68
  C:1956H         LINE#         69
  C:1956H         LINE#         70
  C:1966H         LINE#         71
  C:1966H         LINE#         73
  C:197BH         LINE#         74
  C:197BH         LINE#         75
  C:197BH         LINE#         76
  C:1983H         LINE#         77
  C:1992H         LINE#         78
  C:1992H         LINE#         79
  C:1992H         LINE#         80
  C:1992H         LINE#         81
  C:1992H         LINE#         82
  C:1992H         LINE#         83
  C:1992H         LINE#         84
  C:1992H         LINE#         85
  C:1992H         LINE#         86
  C:1992H         LINE#         87
  C:1992H         LINE#         88
  C:1992H         LINE#         89
  C:1992H         LINE#         90
BL51 BANKED LINKER/LOCATER V6.22.2.0                                                  05/07/2020  10:14:06  PAGE 20


  C:1992H         LINE#         91
  C:1998H         LINE#         92
  C:1999H         LINE#         93
  C:1999H         LINE#         96
  C:1999H         LINE#         97
  C:1999H         LINE#         99
  C:1999H         LINE#         100
  C:19A1H         LINE#         101
  C:19B2H         LINE#         102
  C:19B2H         LINE#         103
  C:19B2H         LINE#         104
  C:19B2H         LINE#         105
  C:19B2H         LINE#         106
  C:19B2H         LINE#         107
  C:19B2H         LINE#         108
  C:19B2H         LINE#         109
  C:19B2H         LINE#         110
  C:19B2H         LINE#         111
  C:19B2H         LINE#         112
  C:19B2H         LINE#         113
  C:19B2H         LINE#         114
  C:19B2H         LINE#         115
  C:19B8H         LINE#         116
  C:19B8H         LINE#         117
  C:19B8H         LINE#         118
  C:19BAH         LINE#         120
  C:19BAH         LINE#         121
  C:19BFH         LINE#         122
  C:19C5H         LINE#         127
  C:19C5H         LINE#         128
  C:19C6H         LINE#         129
  C:19C6H         LINE#         130
  C:19C6H         LINE#         131
  C:19C9H         LINE#         132
  C:19C9H         LINE#         133
  C:19C9H         LINE#         135
  C:19C9H         LINE#         136
  C:19DCH         LINE#         137
  C:19DCH         LINE#         138
  C:19DCH         LINE#         139
  C:19DCH         LINE#         140
  C:19DCH         LINE#         141
  C:19DCH         LINE#         142
  C:19DCH         LINE#         143
  C:19DCH         LINE#         144
  C:19DCH         LINE#         145
  C:19DCH         LINE#         146
  C:19DCH         LINE#         147
  C:19DCH         LINE#         148
  C:19DCH         LINE#         150
  C:19F0H         LINE#         151
  C:19F6H         LINE#         152
  C:1A03H         LINE#         153
  C:1A09H         LINE#         157
  C:1A09H         LINE#         162
  C:1A0AH         LINE#         163
  C:1A0AH         LINE#         164
BL51 BANKED LINKER/LOCATER V6.22.2.0                                                  05/07/2020  10:14:06  PAGE 21


  C:1A0AH         LINE#         165
  C:1A0DH         LINE#         166
  C:1A0DH         LINE#         167
  C:1A0DH         LINE#         169
  C:1A0DH         LINE#         170
  C:1A1CH         LINE#         171
  C:1A1CH         LINE#         176
  C:1A4BH         LINE#         177
  C:1A4BH         LINE#         178
  C:1A4BH         LINE#         182
  C:1A52H         LINE#         183
  C:1A59H         LINE#         184
  C:1A66H         LINE#         185
  C:1A66H         LINE#         186
  C:1A6AH         LINE#         187
  C:1A6FH         LINE#         188
  C:1A74H         LINE#         189
  C:1A74H         LINE#         190
  C:1A80H         LINE#         191
  C:1A80H         LINE#         193
  C:1A82H         LINE#         194
  C:1A82H         LINE#         198
  C:1A87H         LINE#         199
  C:1A93H         LINE#         200
  C:1A99H         LINE#         201
  C:1A9CH         LINE#         202
  C:1A9CH         LINE#         207
  C:1AA2H         LINE#         208
  C:1AA5H         LINE#         209
  C:1AA5H         LINE#         214
  C:1AABH         LINE#         215
  C:1AAEH         LINE#         216
  C:1AAEH         LINE#         229
  C:1ACFH         LINE#         230
  C:1AF0H         LINE#         232
  C:1B11H         LINE#         233
  C:1B32H         LINE#         235
  C:1B53H         LINE#         236
  C:1B74H         LINE#         238
  C:1B95H         LINE#         239
  C:1BB6H         LINE#         241
  C:1BBCH         LINE#         243
  C:1BBFH         LINE#         245
  C:1BBFH         LINE#         249
  C:1BC5H         LINE#         250
  C:1BC5H         LINE#         251
  C:1BCBH         LINE#         252
  C:1BCBH         LINE#         253
  C:1BCDH         LINE#         254
  C:1BCFH         LINE#         256
  C:1BCFH         LINE#         257
  C:1BD4H         LINE#         258
  C:1BD4H         LINE#         259
  C:1BD6H         LINE#         260
  C:1BD8H         LINE#         262
  C:1BD8H         LINE#         263
  C:1BE5H         LINE#         264
BL51 BANKED LINKER/LOCATER V6.22.2.0                                                  05/07/2020  10:14:06  PAGE 22


  C:1BE5H         LINE#         265
  C:1BE8H         LINE#         266
  C:1BEAH         LINE#         268
  C:1BEAH         LINE#         269
  C:1BF0H         LINE#         270
  C:1BF0H         LINE#         271
  C:1BF9H         LINE#         272
  C:1BF9H         LINE#         274
  C:1BFCH         LINE#         276
  C:1BFCH         LINE#         281
  C:1C05H         LINE#         282
  C:1C05H         LINE#         283
  C:1C0CH         LINE#         287
  C:1C0FH         LINE#         288
  C:1C18H         LINE#         289
  C:1C18H         LINE#         290
  C:1C1DH         LINE#         291
  C:1C24H         LINE#         295
  C:1C24H         LINE#         296
  C:1C27H         LINE#         298
  C:1C27H         LINE#         302
  C:1C2DH         LINE#         303
  C:1C30H         LINE#         305
  C:1C30H         LINE#         310
  C:1C36H         LINE#         311
  C:1C36H         LINE#         312
  C:1C3DH         LINE#         313
  C:1C42H         LINE#         314
  C:1C4BH         LINE#         316
  C:1C50H         LINE#         317
  C:1C55H         LINE#         318
  C:1C5AH         LINE#         319
  C:1C5FH         LINE#         320
  C:1C64H         LINE#         321
  C:1C69H         LINE#         323
  C:1C6FH         LINE#         325
  C:1C71H         LINE#         326
  C:1C7CH         LINE#         327
  C:1C7CH         LINE#         328
  C:1C83H         LINE#         329
  C:1C8CH         LINE#         330
  C:1C8EH         LINE#         331
  C:1C8EH         LINE#         333
  C:1C90H         LINE#         335
  C:1C90H         LINE#         340
  C:1C9BH         LINE#         341
  C:1C9BH         LINE#         342
  C:1CA2H         LINE#         343
  C:1CA4H         LINE#         344
  C:1CB0H         LINE#         345
  C:1CB0H         LINE#         346
  C:1CB7H         LINE#         347
  C:1CBCH         LINE#         348
  C:1CC3H         LINE#         349
  C:1CC3H         LINE#         350
  C:1CC8H         LINE#         352
  C:1CCAH         LINE#         354
BL51 BANKED LINKER/LOCATER V6.22.2.0                                                  05/07/2020  10:14:06  PAGE 23


  C:1CCAH         LINE#         358
  C:1CD3H         LINE#         359
  C:1CD5H         LINE#         361
  C:1CD5H         LINE#         363
  C:1CDDH         LINE#         364
  C:1CDDH         LINE#         365
  C:1CE5H         LINE#         366
  C:1CEBH         LINE#         367
  C:1CEDH         LINE#         369
  C:1CEDH         LINE#         370
  C:1CF5H         LINE#         371
  C:1CFAH         LINE#         372
  C:1CFAH         LINE#         379
  C:1CFAH         LINE#         380
  C:1CFAH         LINE#         381
  C:1CFAH         LINE#         382
  C:1CFAH         LINE#         384
  C:1CFAH         LINE#         386
  C:1CFAH         LINE#         390
  C:1CFAH         LINE#         391
  C:1CFFH         LINE#         392
  C:1CFFH         LINE#         393
  C:1CFFH         LINE#         394
  C:1CFFH         LINE#         395
  C:1CFFH         LINE#         396
  C:1CFFH         LINE#         399
  -------         ENDPROC       DVRRECEIVEPASER
  -------         ENDMOD        HS_DVRPROTOCOL

  -------         MODULE        I2C
  C:0000H         SYMBOL        _ICE_DUMMY_
  B:0090H.0       PUBLIC        P1_0
  B:0090H.1       PUBLIC        P1_1
  C:002EH         PUBLIC        I2CReadData
  C:39F3H         PUBLIC        _ReadI2C
  C:348CH         PUBLIC        _I2CWriteData
  C:3D66H         PUBLIC        I2CStart
  C:3D1DH         PUBLIC        I2Cdelay
  C:3B6DH         PUBLIC        _ReadEEP
  C:3BFBH         PUBLIC        _WriteAD5110
  C:0016H         PUBLIC        I2CStop
  C:37F4H         PUBLIC        _WriteEEP
  C:340EH         PUBLIC        _AD5110_I2CWriteData
  C:3D19H         SYMBOL        L?0054
  -------         PROC          L?0053
  -------         ENDPROC       L?0053
  C:3D19H         SYMBOL        L?0054
  -------         PROC          I2CDELAY
  -------         DO            
  D:0007H         SYMBOL        i
  -------         ENDDO         
  C:3D1DH         LINE#         34
  C:3D1DH         LINE#         35
  C:3D1DH         LINE#         37
  C:3D29H         LINE#         38
  C:3D2CH         LINE#         39
  -------         ENDPROC       I2CDELAY
BL51 BANKED LINKER/LOCATER V6.22.2.0                                                  05/07/2020  10:14:06  PAGE 24


  -------         PROC          _WRITEEEP
  X:0174H         SYMBOL        index
  X:0176H         SYMBOL        dat
  -------         DO            
  X:0177H         SYMBOL        addr
  -------         ENDDO         
  C:37F4H         LINE#         42
  C:37FFH         LINE#         43
  C:37FFH         LINE#         46
  C:3817H         LINE#         48
  C:381AH         LINE#         49
  C:3822H         LINE#         50
  C:382BH         LINE#         51
  C:3833H         LINE#         52
  C:3836H         LINE#         58
  -------         ENDPROC       _WRITEEEP
  -------         PROC          _READEEP
  D:0004H         SYMBOL        index
  -------         DO            
  X:0179H         SYMBOL        val
  D:0007H         SYMBOL        addr
  -------         ENDDO         
  C:3B6DH         LINE#         61
  C:3B71H         LINE#         62
  C:3B71H         LINE#         66
  C:3B80H         LINE#         68
  C:3B88H         LINE#         73
  C:3B8DH         LINE#         74
  C:3B92H         LINE#         75
  -------         ENDPROC       _READEEP
  -------         PROC          _READI2C
  X:017AH         SYMBOL        addr
  X:017BH         SYMBOL        index
  -------         DO            
  X:017CH         SYMBOL        val
  -------         ENDDO         
  C:39F3H         LINE#         77
  C:39FBH         LINE#         78
  C:39FBH         LINE#         81
  C:39FEH         LINE#         82
  C:3A06H         LINE#         83
  C:3A0EH         LINE#         84
  C:3A11H         LINE#         85
  C:3A1BH         LINE#         86
  C:3A23H         LINE#         87
  C:3A26H         LINE#         89
  C:3A2BH         LINE#         90
  -------         ENDPROC       _READI2C
  -------         PROC          I2CSTART
  C:3D66H         LINE#         106
  C:3D66H         LINE#         107
  C:3D66H         LINE#         108
  C:3D6BH         LINE#         109
  C:3D70H         LINE#         110
  C:3D75H         LINE#         111
  C:3D77H         LINE#         112
  -------         ENDPROC       I2CSTART
BL51 BANKED LINKER/LOCATER V6.22.2.0                                                  05/07/2020  10:14:06  PAGE 25


  -------         PROC          I2CSTOP
  C:0016H         LINE#         114
  C:0016H         LINE#         115
  C:0016H         LINE#         116
  C:001BH         LINE#         117
  C:0020H         LINE#         118
  C:0022H         LINE#         119
  -------         ENDPROC       I2CSTOP
  -------         PROC          _I2CWRITEDATA
  D:0006H         SYMBOL        value
  C:348CH         LINE#         121
  C:348EH         LINE#         122
  C:348EH         LINE#         124
  C:349BH         LINE#         125
  C:34A8H         LINE#         126
  C:34B5H         LINE#         127
  C:34C2H         LINE#         129
  C:34CFH         LINE#         130
  C:34DCH         LINE#         131
  C:34E9H         LINE#         132
  C:34F6H         LINE#         135
  C:34F8H         LINE#         136
  C:34FAH         LINE#         137
  C:34FCH         LINE#         138
  C:34FEH         LINE#         140
  C:3500H         LINE#         141
  C:3502H         LINE#         142
  C:3504H         LINE#         143
  C:3506H         LINE#         144
  -------         ENDPROC       _I2CWRITEDATA
  -------         PROC          I2CREADDATA
  -------         DO            
  D:0004H         SYMBOL        i
  D:0006H         SYMBOL        value
  -------         ENDDO         
  C:002EH         LINE#         146
  C:002EH         LINE#         147
  C:002EH         LINE#         149
  C:0030H         LINE#         151
  C:0035H         LINE#         152
  C:0037H         LINE#         154
  C:003AH         LINE#         155
  C:003CH         LINE#         156
  C:0040H         LINE#         157
  C:0046H         LINE#         158
  C:0048H         LINE#         159
  C:0053H         LINE#         160
  C:0056H         LINE#         162
  C:0058H         LINE#         163
  C:005AH         LINE#         164
  C:005CH         LINE#         165
  C:005EH         LINE#         167
  C:0060H         LINE#         169
  -------         ENDPROC       I2CREADDATA
  -------         PROC          _AD5110_I2CWRITEDATA
  D:0006H         SYMBOL        value
  C:340EH         LINE#         172
BL51 BANKED LINKER/LOCATER V6.22.2.0                                                  05/07/2020  10:14:06  PAGE 26


  C:3410H         LINE#         173
  C:3410H         LINE#         175
  C:341DH         LINE#         176
  C:342AH         LINE#         177
  C:3437H         LINE#         178
  C:3444H         LINE#         180
  C:3451H         LINE#         181
  C:345EH         LINE#         182
  C:346BH         LINE#         183
  C:3478H         LINE#         186
  C:347AH         LINE#         187
  C:347CH         LINE#         188
  C:347EH         LINE#         189
  C:3480H         LINE#         190
  C:3483H         LINE#         191
  C:3485H         LINE#         192
  C:3487H         LINE#         193
  C:3489H         LINE#         194
  C:348BH         LINE#         196
  -------         ENDPROC       _AD5110_I2CWRITEDATA
  -------         PROC          _WRITEAD5110
  D:0002H         SYMBOL        index
  D:0005H         SYMBOL        dat
  -------         DO            
  D:0006H         SYMBOL        addr
  -------         ENDDO         
  C:3BFBH         LINE#         229
  C:3BFFH         LINE#         230
  C:3BFFH         LINE#         233
  C:3C01H         LINE#         235
  C:3C04H         LINE#         236
  C:3C09H         LINE#         237
  C:3C0EH         LINE#         238
  C:3C13H         LINE#         239
  C:3C16H         LINE#         245
  -------         ENDPROC       _WRITEAD5110
  -------         ENDMOD        I2C

  -------         MODULE        KEYREMO
  C:0000H         SYMBOL        _ICE_DUMMY_
  C:3C78H         PUBLIC        _GetKey
  C:3AF1H         PUBLIC        Scankey
  -------         PROC          SCANKEY
  C:3AF1H         LINE#         31
  C:3AF1H         LINE#         32
  C:3AF1H         LINE#         34
  C:3AF9H         LINE#         35
  C:3AF9H         LINE#         37
  C:3B09H         LINE#         38
  C:3B09H         LINE#         39
  C:3B0FH         LINE#         40
  C:3B11H         LINE#         42
  C:3B1AH         LINE#         43
  C:3B1AH         LINE#         45
  -------         ENDPROC       SCANKEY
  -------         PROC          _GETKEY
  D:0007H         SYMBOL        repeat
BL51 BANKED LINKER/LOCATER V6.22.2.0                                                  05/07/2020  10:14:06  PAGE 27


  -------         DO            
  B:0021H.1       SYMBOL        ready
  -------         ENDDO         
  C:3C78H         LINE#         50
  C:3C78H         LINE#         51
  C:3C78H         LINE#         55
  C:3C7CH         LINE#         56
  C:3C7EH         LINE#         58
  C:3C84H         LINE#         59
  C:3C8AH         LINE#         60
  C:3C90H         LINE#         62
  C:3C92H         LINE#         63
  -------         ENDPROC       _GETKEY
  -------         ENDMOD        KEYREMO

  -------         MODULE        MAIN
  C:0000H         SYMBOL        _ICE_DUMMY_
  C:27BCH         PUBLIC        _Mapping1
  C:31E9H         PUBLIC        _mcuLib_ProtocolSendCmdWithParamNum
  D:00E7H         PUBLIC        ISPCR
  X:0106H         PUBLIC        PowerFlag
  X:0107H         PUBLIC        UserRange
  B:00B0H.4       PUBLIC        P3_4
  B:00B0H.5       PUBLIC        P3_5
  C:38C2H         PUBLIC        _SetAD5110Step
  C:2625H         PUBLIC        _MCU_SendCmdToDVR
  X:010DH         PUBLIC        g_stBatteryInfo
  D:00C6H         PUBLIC        ADCV
  X:0112H         PUBLIC        EncorderLen_Offset
  X:0114H         PUBLIC        EncorderLenint
  C:3580H         PUBLIC        main
  D:00E6H         PUBLIC        SCMD
  X:0115H         PUBLIC        g_stDVRInfo
  D:00E3H         PUBLIC        IFADRH
  D:00E5H         PUBLIC        IFMT
  D:00E4H         PUBLIC        IFADRL
  X:0116H         PUBLIC        AD5110Range
  C:2A8AH         SYMBOL        _?ix1000
  C:3C3BH         PUBLIC        main_loop
  C:3B93H         PUBLIC        LoadEEPROM
  X:011CH         PUBLIC        EncorderCountPN_offset
  C:3BDAH         PUBLIC        enter_isp
  D:00E2H         PUBLIC        IFD
  X:011DH         PUBLIC        EncorderLenfloaat
  X:011FH         PUBLIC        EncorderLen
  C:3DB6H         PUBLIC        GetBatteryVoltage
  C:3A2CH         PUBLIC        InitialTimerEvent
  C:3A64H         PUBLIC        _isp_write
  C:3DAFH         PUBLIC        GetBatteryBTH
  X:0123H         PUBLIC        EncorderCountPN
  C:000EH         PUBLIC        isp_init
  X:0124H         PUBLIC        Decimal1
  X:0128H         PUBLIC        DebugLevel
  X:0129H         PUBLIC        Decimal2
  X:012DH         PUBLIC        Decimal3
  C:36BEH         PUBLIC        WaitPowerOn
  X:0131H         PUBLIC        Decimal4
BL51 BANKED LINKER/LOCATER V6.22.2.0                                                  05/07/2020  10:14:06  PAGE 28


  X:0135H         PUBLIC        PWR_START_flag
  X:0136H         PUBLIC        Encorder1
  X:013AH         PUBLIC        Encorder2
  D:00C5H         PUBLIC        ADCTL
  X:013EH         PUBLIC        Encorder3
  C:3C1BH         PUBLIC        _GetADCValue
  X:0142H         PUBLIC        Encorder4
  D:00E8H         PUBLIC        ADCVL
  X:0146H         PUBLIC        AD5110_setp
  X:016FH         PUBLIC        CameraVolt
  C:30B7H         PUBLIC        _mcuLib_ProtocolAppend
  C:08F2H         PUBLIC        EncorderHandler
  -------         PROC          _ISP_WRITE
  D:0001H         SYMBOL        buf
  D:0005H         SYMBOL        addr_high
  X:0179H         SYMBOL        addr_low
  X:017AH         SYMBOL        len
  C:3A64H         LINE#         76
  C:3A64H         LINE#         77
  C:3A64H         LINE#         78
  C:3A67H         LINE#         79
  C:3A69H         LINE#         81
  C:3A69H         LINE#         82
  C:3A6FH         LINE#         83
  C:3A74H         LINE#         84
  C:3A77H         LINE#         85
  C:3A7AH         LINE#         87
  C:3A81H         LINE#         88
  C:3A87H         LINE#         89
  C:3A8AH         LINE#         90
  C:3A8AH         LINE#         91
  C:3A8BH         LINE#         92
  C:3A8DH         LINE#         93
  C:3A8DH         LINE#         94
  C:3A93H         LINE#         95
  C:3A93H         LINE#         96
  C:3A96H         LINE#         97
  -------         ENDPROC       _ISP_WRITE
  -------         PROC          ISP_INIT
  C:000EH         LINE#         99
  C:000EH         LINE#         100
  C:000EH         LINE#         101
  C:0011H         LINE#         102
  -------         ENDPROC       ISP_INIT
  -------         PROC          ENTER_ISP
  -------         DO            
  X:0174H         SYMBOL        mark
  -------         ENDDO         
  C:3BDAH         LINE#         104
  C:3BDAH         LINE#         105
  C:3BDAH         LINE#         107
  C:3BDFH         LINE#         108
  C:3BE2H         LINE#         109
  C:3BF7H         LINE#         110
  C:3BFAH         LINE#         111
  -------         ENDPROC       ENTER_ISP
  C:309FH         SYMBOL        L?0084
BL51 BANKED LINKER/LOCATER V6.22.2.0                                                  05/07/2020  10:14:06  PAGE 29


  C:30AFH         SYMBOL        L?0085
  -------         PROC          L?0083
  -------         ENDPROC       L?0083
  C:309FH         SYMBOL        L?0084
  C:30AFH         SYMBOL        L?0085
  -------         PROC          _MCULIB_PROTOCOLAPPEND
  X:0190H         SYMBOL        pucBuf
  X:0193H         SYMBOL        piLen
  X:0196H         SYMBOL        ucByte
  C:30B7H         LINE#         114
  C:30C2H         LINE#         115
  C:30D0H         LINE#         116
  C:30F4H         LINE#         117
  C:3104H         LINE#         118
  C:310DH         LINE#         119
  C:310DH         LINE#         120
  C:310FH         LINE#         121
  C:3137H         LINE#         122
  C:3147H         LINE#         123
  C:3147H         LINE#         124
  C:3149H         LINE#         125
  -------         ENDPROC       _MCULIB_PROTOCOLAPPEND
  -------         PROC          _MCULIB_PROTOCOLSENDCMDWITHPARAMNUM
  D:0007H         SYMBOL        ucType
  X:017AH         SYMBOL        pucParam
  X:017DH         SYMBOL        ucSize
  -------         DO            
  D:0005H         SYMBOL        ucChecksum
  X:017EH         SYMBOL        pucBuf
  X:018EH         SYMBOL        iLen
  X:018FH         SYMBOL        i
  -------         ENDDO         
  C:31E9H         LINE#         127
  C:31F4H         LINE#         128
  C:31F4H         LINE#         133
  C:31FAH         LINE#         134
  C:3200H         LINE#         135
  C:3201H         LINE#         136
  C:3204H         LINE#         137
  C:3208H         LINE#         138
  C:320BH         LINE#         140
  C:321EH         LINE#         141
  C:3231H         LINE#         142
  C:3234H         LINE#         143
  C:323CH         LINE#         145
  C:324EH         LINE#         147
  C:325FH         LINE#         148
  C:326EH         LINE#         149
  C:3276H         LINE#         152
  C:3278H         LINE#         153
  -------         ENDPROC       _MCULIB_PROTOCOLSENDCMDWITHPARAMNUM
  -------         PROC          _MCU_SENDCMDTODVR
  X:0174H         SYMBOL        ucType
  -------         DO            
  X:0175H         SYMBOL        buf
  -------         ENDDO         
  C:2625H         LINE#         156
BL51 BANKED LINKER/LOCATER V6.22.2.0                                                  05/07/2020  10:14:06  PAGE 30


  C:262AH         LINE#         157
  C:262AH         LINE#         158
  C:263DH         LINE#         160
  C:265EH         LINE#         161
  C:265EH         LINE#         162
  C:265EH         LINE#         163
  C:266AH         LINE#         164
  C:2676H         LINE#         165
  C:2682H         LINE#         166
  C:2690H         LINE#         167
  C:2693H         LINE#         169
  C:2693H         LINE#         170
  C:269EH         LINE#         171
  C:26B7H         LINE#         174
  C:26E0H         LINE#         178
  C:26E8H         LINE#         180
  C:26F1H         LINE#         181
  C:26F8H         LINE#         183
  C:2705H         LINE#         184
  C:270CH         LINE#         186
  C:2712H         LINE#         187
  C:2719H         LINE#         189
  C:2724H         LINE#         190
  C:272BH         LINE#         192
  C:2735H         LINE#         193
  C:273CH         LINE#         195
  C:2748H         LINE#         196
  C:274FH         LINE#         198
  C:2758H         LINE#         199
  C:275FH         LINE#         201
  C:276DH         LINE#         202
  C:276FH         LINE#         204
  C:276FH         LINE#         205
  C:277DH         LINE#         206
  C:277DH         LINE#         207
  C:2783H         LINE#         208
  C:278AH         LINE#         212
  C:278AH         LINE#         213
  C:2798H         LINE#         214
  C:279AH         LINE#         216
  C:279AH         LINE#         217
  C:27A8H         LINE#         218
  C:27AAH         LINE#         220
  C:27AAH         LINE#         221
  C:27BBH         LINE#         222
  C:27BBH         LINE#         224
  C:27BBH         LINE#         225
  C:27BBH         LINE#         227
  C:27BBH         LINE#         229
  -------         ENDPROC       _MCU_SENDCMDTODVR
  -------         PROC          INITIALTIMEREVENT
  C:3A2CH         LINE#         232
  C:3A2CH         LINE#         233
  C:3A2CH         LINE#         234
  C:3A2FH         LINE#         235
  C:3A38H         LINE#         236
  C:3A41H         LINE#         237
BL51 BANKED LINKER/LOCATER V6.22.2.0                                                  05/07/2020  10:14:06  PAGE 31


  C:3A4AH         LINE#         238
  C:3A53H         LINE#         239
  C:3A5CH         LINE#         240
  C:3A63H         LINE#         246
  -------         ENDPROC       INITIALTIMEREVENT
  -------         PROC          _MAPPING1
  X:0176H         SYMBOL        fromValue
  X:0178H         SYMBOL        fromRange
  X:017BH         SYMBOL        toValue
  X:017EH         SYMBOL        toRange
  -------         DO            
  X:0181H         SYMBOL        a
  X:0183H         SYMBOL        b
  -------         ENDDO         
  C:27BCH         LINE#         248
  C:27CDH         LINE#         249
  C:27CDH         LINE#         256
  C:27E5H         LINE#         257
  C:280BH         LINE#         258
  C:2833H         LINE#         260
  C:2838H         LINE#         262
  C:286DH         LINE#         263
  C:2870H         LINE#         264
  C:2870H         LINE#         265
  C:2897H         LINE#         266
  C:28BFH         LINE#         268
  C:28C4H         LINE#         270
  C:292FH         LINE#         271
  C:292FH         LINE#         273
  C:2931H         LINE#         275
  -------         ENDPROC       _MAPPING1
  -------         PROC          _SETAD5110STEP
  D:0007H         SYMBOL        newv
  -------         DO            
  X:0174H         SYMBOL        regv
  -------         ENDDO         
  C:38C2H         LINE#         277
  C:38C2H         LINE#         278
  C:38C2H         LINE#         282
  C:38E7H         LINE#         284
  -------         ENDPROC       _SETAD5110STEP
  -------         PROC          LOADEEPROM
  C:3B93H         LINE#         288
  C:3B93H         LINE#         289
  C:3B93H         LINE#         291
  C:3B9FH         LINE#         292
  C:3BABH         LINE#         293
  C:3BB7H         LINE#         294
  -------         ENDPROC       LOADEEPROM
  -------         PROC          _GETADCVALUE
  D:0007H         SYMBOL        sel
  C:3C1BH         LINE#         296
  C:3C1BH         LINE#         297
  C:3C1BH         LINE#         299
  C:3C20H         LINE#         301
  C:3C25H         LINE#         303
  C:3C3AH         LINE#         305
BL51 BANKED LINKER/LOCATER V6.22.2.0                                                  05/07/2020  10:14:06  PAGE 32


  -------         ENDPROC       _GETADCVALUE
  -------         PROC          GETBATTERYBTH
  -------         DO            
  D:0006H         SYMBOL        max
  -------         ENDDO         
  C:3DAFH         LINE#         307
  C:3DAFH         LINE#         308
  C:3DAFH         LINE#         309
  C:3DB1H         LINE#         310
  -------         ENDPROC       GETBATTERYBTH
  -------         PROC          GETBATTERYVOLTAGE
  -------         DO            
  D:0006H         SYMBOL        max
  -------         ENDDO         
  C:3DB6H         LINE#         317
  C:3DB6H         LINE#         318
  C:3DB6H         LINE#         319
  C:3DB8H         LINE#         320
  -------         ENDPROC       GETBATTERYVOLTAGE
  -------         PROC          ENCORDERHANDLER
  -------         DO            
  X:0170H         SYMBOL        EncorderCountTemp
  X:0172H         SYMBOL        temp_val
  X:0174H         SYMBOL        temp_EncorderCountTemp
  X:0176H         SYMBOL        EncorderParaTemp1
  X:017AH         SYMBOL        EncorderParaTemp2
  X:017EH         SYMBOL        EncorderParaTemp3
  X:0182H         SYMBOL        EncorderParaTemp4
  X:0186H         SYMBOL        EncorderOffset1
  X:018AH         SYMBOL        EncorderOffset2
  X:018EH         SYMBOL        EncorderOffset3
  -------         ENDDO         
  C:08F2H         LINE#         330
  C:08F2H         LINE#         331
  C:08F2H         LINE#         337
  C:08F8H         LINE#         338
  C:08F8H         LINE#         339
  C:0910H         LINE#         347
  C:0940H         LINE#         348
  C:0970H         LINE#         349
  C:09A0H         LINE#         350
  C:09D0H         LINE#         381
  C:09F9H         LINE#         382
  C:0A33H         LINE#         383
  C:0A6DH         LINE#         392
  C:0A7DH         LINE#         393
  C:0A7DH         LINE#         394
  C:0A82H         LINE#         395
  C:0A83H         LINE#         396
  C:0A85H         LINE#         398
  C:0A85H         LINE#         399
  C:0A8BH         LINE#         400
  C:0AA9H         LINE#         401
  C:0AA9H         LINE#         422
  C:0AC4H         LINE#         423
  C:0AC4H         LINE#         424
  C:0ADBH         LINE#         425
BL51 BANKED LINKER/LOCATER V6.22.2.0                                                  05/07/2020  10:14:06  PAGE 33


  C:0AF3H         LINE#         426
  C:0B09H         LINE#         431
  C:0B50H         LINE#         436
  C:0B92H         LINE#         437
  C:0BB3H         LINE#         441
  C:0BE1H         LINE#         442
  C:0BF0H         LINE#         455
  C:0BF3H         LINE#         456
  C:0C12H         LINE#         457
  C:0C12H         LINE#         462
  C:0C71H         LINE#         465
  C:0C9DH         LINE#         466
  C:0CB5H         LINE#         467
  C:0CCDH         LINE#         468
  C:0CEFH         LINE#         470
  C:0D07H         LINE#         472
  C:0D28H         LINE#         473
  C:0D3BH         LINE#         476
  C:0D3BH         LINE#         477
  C:0D3BH         LINE#         482
  C:0D3BH         LINE#         483
  C:0D3EH         LINE#         485
  C:0D5DH         LINE#         486
  C:0D5DH         LINE#         490
  C:0DBCH         LINE#         492
  C:0DD4H         LINE#         494
  C:0DF5H         LINE#         498
  C:0E23H         LINE#         499
  C:0E23H         LINE#         504
  C:0E23H         LINE#         505
  C:0E26H         LINE#         534
  C:0E38H         LINE#         535
  C:0E38H         LINE#         539
  C:0E97H         LINE#         541
  C:0EAFH         LINE#         543
  C:0ED1H         LINE#         544
  C:0EF2H         LINE#         545
  C:0F05H         LINE#         548
  C:0F33H         LINE#         549
  C:0F44H         LINE#         550
  C:0F5BH         LINE#         551
  C:0F77H         LINE#         558
  C:0F77H         LINE#         560
  C:0F79H         LINE#         571
  C:0F79H         LINE#         573
  -------         ENDPROC       ENCORDERHANDLER
  -------         PROC          MAIN_LOOP
  C:3C3BH         LINE#         576
  C:3C3BH         LINE#         577
  C:3C3BH         LINE#         579
  C:3C44H         LINE#         583
  C:3C44H         LINE#         584
  C:3C44H         LINE#         591
  C:3C47H         LINE#         592
  C:3C4AH         LINE#         594
  C:3C4DH         LINE#         595
  C:3C50H         LINE#         596
BL51 BANKED LINKER/LOCATER V6.22.2.0                                                  05/07/2020  10:14:06  PAGE 34


  C:3C53H         LINE#         600
  C:3C59H         LINE#         601
  C:3C59H         LINE#         603
  C:3C59H         LINE#         605
  -------         ENDPROC       MAIN_LOOP
  -------         PROC          MAIN
  C:3580H         LINE#         607
  C:3580H         LINE#         608
  C:3580H         LINE#         610
  C:3583H         LINE#         612
  C:3586H         LINE#         614
  C:358FH         LINE#         616
  C:3592H         LINE#         620
  C:3594H         LINE#         622
  C:3596H         LINE#         625
  C:3599H         LINE#         628
  C:359CH         LINE#         631
  C:359FH         LINE#         633
  C:35A7H         LINE#         634
  C:35BDH         LINE#         636
  C:35C5H         LINE#         637
  C:35CAH         LINE#         639
  C:35D4H         LINE#         640
  C:35DCH         LINE#         642
  C:35E2H         LINE#         646
  C:35E2H         LINE#         647
  C:35EAH         LINE#         648
  C:35EDH         LINE#         650
  C:35F0H         LINE#         651
  -------         ENDPROC       MAIN
  -------         PROC          WAITPOWERON
  C:36BEH         LINE#         654
  C:36BEH         LINE#         655
  C:36BEH         LINE#         657
  C:36C7H         LINE#         658
  C:36CFH         LINE#         659
  C:36D6H         LINE#         660
  C:36DBH         LINE#         661
  C:36E2H         LINE#         662
  C:36E7H         LINE#         664
  C:36E7H         LINE#         665
  C:36E7H         LINE#         667
  C:36EAH         LINE#         668
  C:36EDH         LINE#         669
  C:36F0H         LINE#         671
  C:36F8H         LINE#         672
  C:36F8H         LINE#         674
  C:36F8H         LINE#         675
  C:36FBH         LINE#         676
  C:36FDH         LINE#         677
  C:3705H         LINE#         678
  -------         ENDPROC       WAITPOWERON
  -------         ENDMOD        MAIN

  -------         MODULE        MONITOR
  C:0000H         SYMBOL        _ICE_DUMMY_
  X:01D5H         PUBLIC        MonRdata
BL51 BANKED LINKER/LOCATER V6.22.2.0                                                  05/07/2020  10:14:06  PAGE 35


  X:01D6H         PUBLIC        argc
  X:01D7H         PUBLIC        MonWdata
  B:0020H.6       PUBLIC        AccessEnable
  B:0020H.7       PUBLIC        echo
[...]
  C:2EF5H         LINE#         319
  C:2EF5H         LINE#         320
  C:2EF8H         LINE#         323
  C:2F07H         LINE#         324
  C:2F07H         LINE#         325
  C:2F1DH         LINE#         326
  C:2F1DH         LINE#         327
  C:2F2AH         LINE#         328
  C:2F2AH         LINE#         329
  C:2F2CH         LINE#         331
  C:2F2CH         LINE#         332
  C:2F2CH         LINE#         333
  C:2F34H         LINE#         336
  C:2F4AH         LINE#         337
  C:2F4AH         LINE#         338
  C:2F5EH         LINE#         339
  C:2F5EH         LINE#         340
  C:2F74H         LINE#         341
  C:2F90H         LINE#         342
  C:2FBEH         LINE#         344
  C:2FBEH         LINE#         345
  C:2FC7H         LINE#         346
  -------         ENDPROC       _MCUTIMERREACTIVETIMEREVENT
  -------         PROC          _USERINTERFACETIMEREVENTPROC
  D:0007H         SYMBOL        ucEventID
  C:2FC8H         LINE#         349
  C:2FC8H         LINE#         350
  C:2FC8H         LINE#         352
  C:3004H         LINE#         353
  C:3004H         LINE#         360
  C:3004H         LINE#         361
  C:3004H         LINE#         362
  C:3004H         LINE#         366
  C:3004H         LINE#         368
  C:300CH         LINE#         370
  C:3018H         LINE#         374
  C:3018H         LINE#         376
  C:3018H         LINE#         377
  C:301AH         LINE#         381
  C:301CH         LINE#         383
  C:301CH         LINE#         385
BL51 BANKED LINKER/LOCATER V6.22.2.0                                                  05/07/2020  10:14:06  PAGE 47


  C:3028H         LINE#         386
  C:3028H         LINE#         387
  C:302DH         LINE#         391
  C:302DH         LINE#         399
  C:302DH         LINE#         401
  C:302DH         LINE#         403
  C:3039H         LINE#         404
  C:3039H         LINE#         405
  C:3041H         LINE#         406
  C:3045H         LINE#         410
  C:3045H         LINE#         411
  C:3046H         LINE#         413
  C:3046H         LINE#         414
  C:304DH         LINE#         415
  C:3051H         LINE#         416
  C:3057H         LINE#         417
  C:305BH         LINE#         422
  C:305CH         LINE#         424
  C:305CH         LINE#         428
  C:3069H         LINE#         429
  C:3069H         LINE#         430
  C:306DH         LINE#         431
  C:3070H         LINE#         432
  C:3075H         LINE#         433
  C:307BH         LINE#         434
  C:307DH         LINE#         436
  C:307DH         LINE#         437
  C:3082H         LINE#         438
  C:3082H         LINE#         439
  C:3082H         LINE#         441
  C:3082H         LINE#         445
  C:3089H         LINE#         446
  C:308EH         LINE#         447
  C:3097H         LINE#         448
  C:3097H         LINE#         450
  C:3097H         LINE#         454
  C:309AH         LINE#         455
  C:309AH         LINE#         457
  C:309AH         LINE#         461
  C:309AH         LINE#         463
  C:309AH         LINE#         464
  C:309CH         LINE#         468
  C:309CH         LINE#         470
  C:309CH         LINE#         474
  C:309CH         LINE#         482
  C:309CH         LINE#         485
  C:309CH         LINE#         487
  -------         ENDPROC       _USERINTERFACETIMEREVENTPROC
  -------         PROC          SYSTIMERHANDLER
  -------         DO            
  X:0170H         SYMBOL        ucTimerEventIndex
  X:0171H         SYMBOL        ucTimerEventID
  X:0172H         SYMBOL        usPresentTime
  -------         ENDDO         
  C:3305H         LINE#         494
  C:3305H         LINE#         495
  C:3305H         LINE#         496
BL51 BANKED LINKER/LOCATER V6.22.2.0                                                  05/07/2020  10:14:06  PAGE 48


  C:330AH         LINE#         497
  C:330CH         LINE#         498
  C:3310H         LINE#         500
  C:3321H         LINE#         501
  C:3321H         LINE#         502
  C:332CH         LINE#         504
  C:3336H         LINE#         505
  C:3336H         LINE#         506
  C:3336H         LINE#         507
  C:3336H         LINE#         509
  C:334BH         LINE#         510
  C:334BH         LINE#         511
  C:3353H         LINE#         514
  C:3360H         LINE#         516
  C:3369H         LINE#         517
  C:3369H         LINE#         518
  C:336EH         LINE#         520
  C:3370H         LINE#         521
  C:3370H         LINE#         523
  C:337EH         LINE#         524
  C:337EH         LINE#         525
  C:3381H         LINE#         527
  C:3381H         LINE#         528
  C:3381H         LINE#         531
  C:3381H         LINE#         532
  C:3389H         LINE#         534
  -------         ENDPROC       SYSTIMERHANDLER
  -------         PROC          _SYSTIMEREVENTPROC
  D:0007H         SYMBOL        enumEventID
  C:14D0H         LINE#         541
  C:14D0H         LINE#         542
  C:14D0H         LINE#         544
  C:152EH         LINE#         545
  C:152EH         LINE#         546
  C:152EH         LINE#         547
  C:1530H         LINE#         548
  C:1532H         LINE#         550
  C:1532H         LINE#         551
  C:1534H         LINE#         552
  C:1536H         LINE#         554
  C:1536H         LINE#         555
  C:1538H         LINE#         556
  C:153AH         LINE#         558
  C:153AH         LINE#         559
  C:153FH         LINE#         560
  C:153FH         LINE#         562
  C:153FH         LINE#         563
  C:1544H         LINE#         564
  C:1548H         LINE#         565
  C:154BH         LINE#         567
  C:154BH         LINE#         568
  C:1550H         LINE#         569
  C:1552H         LINE#         570
  C:1555H         LINE#         572
  C:1555H         LINE#         573
  C:155AH         LINE#         574
  C:155CH         LINE#         576
BL51 BANKED LINKER/LOCATER V6.22.2.0                                                  05/07/2020  10:14:06  PAGE 49


  C:155FH         LINE#         578
  C:155FH         LINE#         579
  C:1564H         LINE#         580
  C:1566H         LINE#         582
  C:1569H         LINE#         584
  C:1569H         LINE#         585
  C:156EH         LINE#         586
  C:1570H         LINE#         587
  C:1573H         LINE#         588
  C:1573H         LINE#         590
  C:1573H         LINE#         591
  C:1578H         LINE#         592
  C:157AH         LINE#         593
  C:157DH         LINE#         595
  C:157DH         LINE#         598
  C:1585H         LINE#         599
  C:1585H         LINE#         601
  C:1591H         LINE#         602
  C:1591H         LINE#         604
  C:1598H         LINE#         605
  C:1598H         LINE#         606
  C:1598H         LINE#         607
  C:159BH         LINE#         608
  C:159BH         LINE#         610
  C:15A2H         LINE#         611
  C:15A2H         LINE#         612
  C:15A2H         LINE#         613
  C:15A2H         LINE#         614
  C:15A2H         LINE#         616
  C:15A2H         LINE#         618
  C:15A4H         LINE#         620
  C:15A4H         LINE#         621
  C:15B0H         LINE#         622
  C:15B0H         LINE#         623
  C:15B7H         LINE#         624
  C:15B7H         LINE#         625
  C:15B7H         LINE#         626
  C:15BAH         LINE#         627
  C:15BAH         LINE#         629
  C:15C1H         LINE#         630
  C:15C1H         LINE#         631
  C:15C4H         LINE#         632
  C:15C9H         LINE#         633
  C:15C9H         LINE#         634
  C:15C9H         LINE#         635
  C:15C9H         LINE#         679
  C:15D0H         LINE#         680
  C:15D5H         LINE#         682
  C:15D7H         LINE#         683
  C:15DAH         LINE#         685
  C:15DAH         LINE#         686
  C:15E5H         LINE#         688
  C:15EDH         LINE#         689
  C:15EDH         LINE#         690
  C:15F4H         LINE#         691
  C:15F9H         LINE#         692
  C:15FCH         LINE#         694
BL51 BANKED LINKER/LOCATER V6.22.2.0                                                  05/07/2020  10:14:06  PAGE 50


  C:15FCH         LINE#         695
  C:1603H         LINE#         697
  C:1613H         LINE#         698
  C:161EH         LINE#         699
  C:1636H         LINE#         700
  C:1641H         LINE#         701
  C:165AH         LINE#         702
  C:1665H         LINE#         703
  C:167EH         LINE#         704
  C:1689H         LINE#         706
  C:1690H         LINE#         707
  C:1690H         LINE#         709
  C:1692H         LINE#         710
  C:1695H         LINE#         712
  C:1695H         LINE#         717
  C:16A1H         LINE#         718
  C:16A1H         LINE#         719
  C:16A9H         LINE#         720
  C:16ADH         LINE#         721
  C:16B2H         LINE#         726
  C:16B2H         LINE#         727
  C:16BAH         LINE#         728
  C:16C2H         LINE#         730
  C:16C2H         LINE#         731
  C:16C8H         LINE#         732
  C:16D0H         LINE#         738
  C:16D0H         LINE#         740
  C:16D0H         LINE#         742
  C:16D0H         LINE#         744
  C:16DBH         LINE#         746
  C:16E5H         LINE#         747
  C:16EFH         LINE#         749
  C:16EFH         LINE#         750
  C:16FFH         LINE#         751
  C:1708H         LINE#         752
  C:171FH         LINE#         753
  C:171FH         LINE#         754
  C:1725H         LINE#         755
  C:1725H         LINE#         756
  C:1727H         LINE#         757
  C:173FH         LINE#         758
  C:173FH         LINE#         759
  C:1746H         LINE#         760
  C:1749H         LINE#         761
  C:174BH         LINE#         762
  C:175EH         LINE#         763
  C:1765H         LINE#         765
  C:1765H         LINE#         766
  C:1768H         LINE#         767
  C:176BH         LINE#         768
  C:176EH         LINE#         769
  C:176EH         LINE#         771
  C:176EH         LINE#         773
  C:1774H         LINE#         774
  C:1777H         LINE#         776
  C:1777H         LINE#         781
  C:177EH         LINE#         782
BL51 BANKED LINKER/LOCATER V6.22.2.0                                                  05/07/2020  10:14:06  PAGE 51


  C:1784H         LINE#         783
  C:1787H         LINE#         785
  C:1787H         LINE#         791
  C:1792H         LINE#         792
  C:1792H         LINE#         793
  C:179FH         LINE#         794
  C:179FH         LINE#         795
  C:17A3H         LINE#         796
  C:17A5H         LINE#         797
  C:17ACH         LINE#         798
  C:17AEH         LINE#         799
  C:17B5H         LINE#         800
  C:17B5H         LINE#         810
  C:17C0H         LINE#         811
  C:17C4H         LINE#         812
  C:17CEH         LINE#         813
  C:17CEH         LINE#         815
  C:17D8H         LINE#         816
  C:17DCH         LINE#         818
  C:17DEH         LINE#         819
  C:17E0H         LINE#         820
  C:17EAH         LINE#         821
  C:17EAH         LINE#         822
  C:17F4H         LINE#         823
  C:17F8H         LINE#         825
  C:17FAH         LINE#         826
  C:17FCH         LINE#         827
  C:1806H         LINE#         828
  C:1806H         LINE#         830
  C:1810H         LINE#         831
  C:1810H         LINE#         832
  C:1812H         LINE#         834
  C:1814H         LINE#         836
  C:1814H         LINE#         839
  C:1819H         LINE#         840
  C:1819H         LINE#         841
  C:1819H         LINE#         844
  C:181FH         LINE#         847
  C:1822H         LINE#         849
  C:1822H         LINE#         850
  C:1829H         LINE#         851
  C:182BH         LINE#         852
  C:182EH         LINE#         858
  C:1837H         LINE#         859
  C:183DH         LINE#         860
  C:183DH         LINE#         862
  C:1840H         LINE#         864
  C:1840H         LINE#         869
  C:1848H         LINE#         870
  C:1848H         LINE#         872
  C:1850H         LINE#         873
  C:1850H         LINE#         874
  C:1858H         LINE#         875
  C:1858H         LINE#         877
  C:185FH         LINE#         878
  C:1865H         LINE#         879
  C:1868H         LINE#         881
BL51 BANKED LINKER/LOCATER V6.22.2.0                                                  05/07/2020  10:14:06  PAGE 52


  C:1868H         LINE#         882
  C:186BH         LINE#         883
  C:186BH         LINE#         884
  C:186DH         LINE#         885
  C:1874H         LINE#         886
  C:1876H         LINE#         887
  C:1876H         LINE#         889
  C:1888H         LINE#         890
  C:1890H         LINE#         892
  C:1895H         LINE#         895
  C:189BH         LINE#         896
  C:189BH         LINE#         897
  C:189DH         LINE#         899
  C:189DH         LINE#         900
  C:18A7H         LINE#         901
  C:18A9H         LINE#         902
  C:18ABH         LINE#         904
  C:18ABH         LINE#         905
  C:18B5H         LINE#         906
  C:18B7H         LINE#         908
  C:18B9H         LINE#         910
  C:18B9H         LINE#         911
  C:18C3H         LINE#         912
  C:18C5H         LINE#         913
  C:18C7H         LINE#         916
  C:18C7H         LINE#         917
  C:18D1H         LINE#         918
  C:18D6H         LINE#         919
  C:18D6H         LINE#         922
  C:18D6H         LINE#         924
  C:18DDH         LINE#         926
  C:18E2H         LINE#         927
  C:18E2H         LINE#         928
  C:18E3H         LINE#         929
  C:18E9H         LINE#         930
  C:18E9H         LINE#         932
  C:18F1H         LINE#         933
  C:18F1H         LINE#         934
  C:18F2H         LINE#         935
  C:18F8H         LINE#         936
  C:18F8H         LINE#         938
  C:1900H         LINE#         939
  C:1900H         LINE#         940
  C:1901H         LINE#         941
  C:1907H         LINE#         942
  C:1907H         LINE#         944
  C:190AH         LINE#         946
  C:1913H         LINE#         947
  C:1913H         LINE#         949
  C:1913H         LINE#         950
  C:1913H         LINE#         951
  C:1913H         LINE#         952
  -------         ENDPROC       _SYSTIMEREVENTPROC
  -------         ENDMOD        SYSTIMER

  -------         MODULE        ?C?FPADD
  C:006DH         PUBLIC        ?C?FPADD
BL51 BANKED LINKER/LOCATER V6.22.2.0                                                  05/07/2020  10:14:06  PAGE 53


  C:0069H         PUBLIC        ?C?FPSUB
  -------         ENDMOD        ?C?FPADD

  -------         MODULE        ?C?FPMUL
  C:015EH         PUBLIC        ?C?FPMUL
  -------         ENDMOD        ?C?FPMUL

  -------         MODULE        ?C?FPDIV
  C:0267H         PUBLIC        ?C?FPDIV
  -------         ENDMOD        ?C?FPDIV

  -------         MODULE        ?C?FCAST
  C:030EH         PUBLIC        ?C?FCASTC
  C:0309H         PUBLIC        ?C?FCASTI
  C:0304H         PUBLIC        ?C?FCASTL
  -------         ENDMOD        ?C?FCAST

  -------         MODULE        ?C?CASTF
  C:0342H         PUBLIC        ?C?CASTF
  -------         ENDMOD        ?C?CASTF

  -------         MODULE        ?C?COPY
  C:0493H         PUBLIC        ?C?COPY
  -------         ENDMOD        ?C?COPY

  -------         MODULE        ?C?CLDPTR
  C:04B9H         PUBLIC        ?C?CLDPTR
  -------         ENDMOD        ?C?CLDPTR

  -------         MODULE        ?C?CLDOPTR
  C:04D2H         PUBLIC        ?C?CLDOPTR
  -------         ENDMOD        ?C?CLDOPTR

  -------         MODULE        ?C?CILDPTR
  C:04FFH         PUBLIC        ?C?CILDPTR
  -------         ENDMOD        ?C?CILDPTR

  -------         MODULE        ?C?CSTOPTR
  C:0521H         PUBLIC        ?C?CSTOPTR
  -------         ENDMOD        ?C?CSTOPTR

  -------         MODULE        ?C?IMUL
  C:0543H         PUBLIC        ?C?IMUL
  -------         ENDMOD        ?C?IMUL

  -------         MODULE        ?C?UIDIV
  C:0555H         PUBLIC        ?C?UIDIV
  -------         ENDMOD        ?C?UIDIV

  -------         MODULE        ?C?SIDIV
  C:05AAH         PUBLIC        ?C?SIDIV
  -------         ENDMOD        ?C?SIDIV

  -------         MODULE        ?C?IILDX
  C:05E0H         PUBLIC        ?C?IILDX
  -------         ENDMOD        ?C?IILDX

BL51 BANKED LINKER/LOCATER V6.22.2.0                                                  05/07/2020  10:14:06  PAGE 54


  -------         MODULE        ?C?ILDIX
  C:05F6H         PUBLIC        ?C?ILDIX
  -------         ENDMOD        ?C?ILDIX

  -------         MODULE        ?C?ILDPTR
  C:060CH         PUBLIC        ?C?ILDPTR
  -------         ENDMOD        ?C?ILDPTR

  -------         MODULE        ?C?ILDOPTR
  C:0637H         PUBLIC        ?C?ILDOPTR
  -------         ENDMOD        ?C?ILDOPTR

  -------         MODULE        ?C?ISTPTR
  C:066FH         PUBLIC        ?C?ISTPTR
  -------         ENDMOD        ?C?ISTPTR

  -------         MODULE        ?C?LMUL
  C:068EH         PUBLIC        ?C?LMUL
  -------         ENDMOD        ?C?LMUL

  -------         MODULE        ?C?ULDIV
  C:0719H         PUBLIC        ?C?ULDIV
  -------         ENDMOD        ?C?ULDIV

  -------         MODULE        ?C?LNEG
  C:07ABH         PUBLIC        ?C?LNEG
  -------         ENDMOD        ?C?LNEG

  -------         MODULE        ?C?SLCMP
  C:07B9H         PUBLIC        ?C?SLCMP
  -------         ENDMOD        ?C?SLCMP

  -------         MODULE        ?C?ULCMP
  C:07CFH         PUBLIC        ?C?ULCMP
  -------         ENDMOD        ?C?ULCMP

  -------         MODULE        ?C?SLSHR
  C:07E0H         PUBLIC        ?C?SLSHR
  -------         ENDMOD        ?C?SLSHR

  -------         MODULE        ?C?LLDPTR
  C:07F4H         PUBLIC        ?C?LLDPTR
  -------         ENDMOD        ?C?LLDPTR

  -------         MODULE        ?C?LSTXDATA
  C:0814H         PUBLIC        ?C?LSTXDATA
  -------         ENDMOD        ?C?LSTXDATA

  -------         MODULE        ?C?LSTKXDATA
  C:0820H         PUBLIC        ?C?LSTKXDATA
  -------         ENDMOD        ?C?LSTKXDATA

  -------         MODULE        ?C?PLDPTR
  C:0851H         PUBLIC        ?C?PLDPTR
  -------         ENDMOD        ?C?PLDPTR

  -------         MODULE        ?C?CCASE
BL51 BANKED LINKER/LOCATER V6.22.2.0                                                  05/07/2020  10:14:06  PAGE 55


  C:0871H         PUBLIC        ?C?CCASE
  -------         ENDMOD        ?C?CCASE

  -------         MODULE        ABS
  C:3D98H         PUBLIC        _ABS
  -------         ENDMOD        ABS

  -------         MODULE        ?C?LLDIDATA
  C:0897H         PUBLIC        ?C?LLDIDATA
  -------         ENDMOD        ?C?LLDIDATA

  -------         MODULE        ?C?LLDXDATA
  C:08A3H         PUBLIC        ?C?LLDXDATA
  -------         ENDMOD        ?C?LLDXDATA

  -------         MODULE        ?C?LLDPDATA
  C:08AFH         PUBLIC        ?C?LLDPDATA
  -------         ENDMOD        ?C?LLDPDATA

  -------         MODULE        ?C?LLDCODE
  C:08BBH         PUBLIC        ?C?LLDCODE
  -------         ENDMOD        ?C?LLDCODE

  -------         MODULE        ?C?PLDIDATA
  C:08CBH         PUBLIC        ?C?PLDIDATA
  -------         ENDMOD        ?C?PLDIDATA

  -------         MODULE        ?C?PLDXDATA
  C:08D4H         PUBLIC        ?C?PLDXDATA
  -------         ENDMOD        ?C?PLDXDATA

  -------         MODULE        ?C?PLDPDATA
  C:08DDH         PUBLIC        ?C?PLDPDATA
  -------         ENDMOD        ?C?PLDPDATA

  -------         MODULE        ?C?PLDCODE
  C:08E6H         PUBLIC        ?C?PLDCODE
  -------         ENDMOD        ?C?PLDCODE

Program Size: data=109.5 xdata=608 code=15800
LINK/LOCATE RUN COMPLETE.  0 WARNING(S),  0 ERROR(S)
