BL51 BANKED LINKER/LOCATER V6.22.2.0                                                    05/11/2021  17:46:10  PAGE 1


BL51 BANKED LINKER/LOCATER V6.22.2.0, INVOKED BY:
C:\KEIL_V5\C51\BIN\BL51.EXE .\Output\STARTUP.obj, .\Output\CPU.obj, .\Output\etc_eep.obj, .\Output\HS_DVRProtocol.obj, .
>> \Output\i2c.obj, .\Output\keyremo.obj, .\Output\main.obj, .\Output\monitor.obj, .\Output\Printf.obj, .\Output\SysPowe
>> r.obj, .\Output\SysTimer.obj TO .\Output\ml070i_MRMCU PRINT (.\Listings\ml070i_MRMCU.m51) RAMSIZE (256)


MEMORY MODEL: LARGE WITH FLOATING POINT ARITHMETIC


INPUT MODULES INCLUDED:
  .\Output\STARTUP.obj (?C_STARTUP)
  .\Output\CPU.obj (CPU)
  .\Output\etc_eep.obj (ETC_EEP)
  .\Output\HS_DVRProtocol.obj (HS_DVRPROTOCOL)
  .\Output\i2c.obj (I2C)
  .\Output\keyremo.obj (KEYREMO)
  .\Output\main.obj (MAIN)
  .\Output\monitor.obj (MONITOR)
  .\Output\Printf.obj (PRINTF)
  .\Output\SysPower.obj (SYSPOWER)
  .\Output\SysTimer.obj (SYSTIMER)
  C:\KEIL_V5\C51\LIB\C51FPL.LIB (?C?FPADD)
  C:\KEIL_V5\C51\LIB\C51FPL.LIB (?C?FPMUL)
  C:\KEIL_V5\C51\LIB\C51FPL.LIB (?C?FPDIV)
  C:\KEIL_V5\C51\LIB\C51FPL.LIB (?C?FCAST)
  C:\KEIL_V5\C51\LIB\C51FPL.LIB (?C?CASTF)
  C:\KEIL_V5\C51\LIB\C51FPL.LIB (?C?FPGETOPN)
  C:\KEIL_V5\C51\LIB\C51L.LIB (?C_INIT)
  C:\KEIL_V5\C51\LIB\C51L.LIB (?C?COPY)
  C:\KEIL_V5\C51\LIB\C51L.LIB (?C?CLDPTR)
  C:\KEIL_V5\C51\LIB\C51L.LIB (?C?CLDOPTR)
  C:\KEIL_V5\C51\LIB\C51L.LIB (?C?CILDPTR)
  C:\KEIL_V5\C51\LIB\C51L.LIB (?C?CSTOPTR)
  C:\KEIL_V5\C51\LIB\C51L.LIB (?C?IMUL)
  C:\KEIL_V5\C51\LIB\C51L.LIB (?C?UIDIV)
  C:\KEIL_V5\C51\LIB\C51L.LIB (?C?SIDIV)
  C:\KEIL_V5\C51\LIB\C51L.LIB (?C?IILDX)
  C:\KEIL_V5\C51\LIB\C51L.LIB (?C?ILDIX)
  C:\KEIL_V5\C51\LIB\C51L.LIB (?C?ILDPTR)
  C:\KEIL_V5\C51\LIB\C51L.LIB (?C?ILDOPTR)
  C:\KEIL_V5\C51\LIB\C51L.LIB (?C?ISTPTR)
  C:\KEIL_V5\C51\LIB\C51L.LIB (?C?LMUL)
  C:\KEIL_V5\C51\LIB\C51L.LIB (?C?ULDIV)
  C:\KEIL_V5\C51\LIB\C51L.LIB (?C?SLDIV)
  C:\KEIL_V5\C51\LIB\C51L.LIB (?C?LNEG)
  C:\KEIL_V5\C51\LIB\C51L.LIB (?C?SLCMP)
  C:\KEIL_V5\C51\LIB\C51L.LIB (?C?ULCMP)
  C:\KEIL_V5\C51\LIB\C51L.LIB (?C?ULSHR)
  C:\KEIL_V5\C51\LIB\C51L.LIB (?C?SLSHR)
  C:\KEIL_V5\C51\LIB\C51L.LIB (?C?LSHL)
  C:\KEIL_V5\C51\LIB\C51L.LIB (?C?LLDPTR)
  C:\KEIL_V5\C51\LIB\C51L.LIB (?C?LSTXDATA)
  C:\KEIL_V5\C51\LIB\C51L.LIB (?C?LSTKXDATA)
  C:\KEIL_V5\C51\LIB\C51L.LIB (?C?PLDPTR)
  C:\KEIL_V5\C51\LIB\C51L.LIB (?C?CCASE)
  C:\KEIL_V5\C51\LIB\C51L.LIB (ABS)
  C:\KEIL_V5\C51\LIB\C51L.LIB (?C?LLDIDATA)
  C:\KEIL_V5\C51\LIB\C51L.LIB (?C?LLDXDATA)
BL51 BANKED LINKER/LOCATER V6.22.2.0                                                  05/11/2021  17:46:10  PAGE 2


  C:\KEIL_V5\C51\LIB\C51L.LIB (?C?LLDPDATA)
  C:\KEIL_V5\C51\LIB\C51L.LIB (?C?LLDCODE)
  C:\KEIL_V5\C51\LIB\C51L.LIB (?C?PLDIDATA)
  C:\KEIL_V5\C51\LIB\C51L.LIB (?C?PLDXDATA)
  C:\KEIL_V5\C51\LIB\C51L.LIB (?C?PLDPDATA)
  C:\KEIL_V5\C51\LIB\C51L.LIB (?C?PLDCODE)


LINK MAP OF MODULE:  .\Output\ml070i_MRMCU (?C_STARTUP)


            TYPE    BASE      LENGTH    RELOCATION   SEGMENT NAME
            -----------------------------------------------------

            * * * * * * *   D A T A   M E M O R Y   * * * * * * *
            REG     0000H     0008H     ABSOLUTE     "REG BANK 0"
            REG     0008H     0008H     ABSOLUTE     "REG BANK 1"
            DATA    0010H     0001H     UNIT         ?DT?MONITOR
            IDATA   0011H     0002H     UNIT         ?ID?SYSPOWER
                    0013H     000DH                  *** GAP ***
            BIT     0020H.0   0000H.6   UNIT         ?BI?CPU
            BIT     0020H.6   0000H.3   UNIT         ?BI?MONITOR
            BIT     0021H.1   0000H.2   UNIT         _BIT_GROUP_
            BIT     0021H.3   0000H.1   UNIT         ?BI?HS_DVRPROTOCOL
            BIT     0021H.4   0000H.1   UNIT         ?BI?SYSTIMER
                    0021H.5   0000H.3                *** GAP ***
            DATA    0022H     0058H     UNIT         ?DT?CPU
            IDATA   007AH     0001H     UNIT         ?STACK

            * * * * * * *  X D A T A   M E M O R Y  * * * * * * *
            XDATA   0000H     0106H     UNIT         ?XD?HS_DVRPROTOCOL
            XDATA   0106H     009DH     UNIT         ?XD?MAIN
            XDATA   01A3H     005CH     UNIT         ?XD?SYSTIMER
            XDATA   01FFH     0052H     UNIT         _XDATA_GROUP_
            XDATA   0251H     0038H     UNIT         ?XD?MONITOR
            XDATA   0289H     0024H     UNIT         ?XD?CPU
            XDATA   02ADH     0018H     UNIT         ?XD?PRINTF

            * * * * * * *   C O D E   M E M O R Y   * * * * * * *
            CODE    0000H     0003H     ABSOLUTE     
            CODE    0003H     0003H     ABSOLUTE     
            CODE    0006H     0004H     UNIT         ?PR?ISP_INIT?MAIN
                    000AH     0001H                  *** GAP ***
            CODE    000BH     0003H     ABSOLUTE     
            CODE    000EH     0003H     UNIT         ?PR?EXT1_INT?CPU
                    0011H     0002H                  *** GAP ***
            CODE    0013H     0003H     ABSOLUTE     
            CODE    0016H     000DH     UNIT         ?PR?I2CSTOP?I2C
            CODE    0023H     0003H     ABSOLUTE     
                    0026H     0005H                  *** GAP ***
            CODE    002BH     0003H     ABSOLUTE     
                    002EH     0005H                  *** GAP ***
            CODE    0033H     0003H     ABSOLUTE     
                    0036H     0005H                  *** GAP ***
            CODE    003BH     0003H     ABSOLUTE     
            CODE    003EH     0022H     UNIT         ?PR?MCUTIMERINITIALTIMEREVENT?SYSTIMER
                    0060H     0003H                  *** GAP ***
BL51 BANKED LINKER/LOCATER V6.22.2.0                                                  05/11/2021  17:46:10  PAGE 3


            CODE    0063H     0003H     ABSOLUTE     
            CODE    0066H     0ED1H     UNIT         ?PR?_SYSTIMEREVENTPROC?SYSTIMER
            CODE    0F37H     08B2H     UNIT         ?C?LIB_CODE
            CODE    17E9H     0587H     UNIT         ?PR?DVRRECEIVEPASER?HS_DVRPROTOCOL
            CODE    1D70H     0556H     UNIT         ?PR?_DOPRINT?PRINTF
            CODE    22C6H     0543H     UNIT         ?PR?TIMER0_INT?CPU
            CODE    2809H     047AH     UNIT         ?CO?CPU
            CODE    2C83H     0461H     UNIT         ?PR?ENCORDERHANDLER_TELI?MAIN
            CODE    30E4H     044CH     UNIT         ?PR?ENCORDERHANDLER?MAIN
            CODE    3530H     0423H     UNIT         ?PR?_MCU_SENDCMDTODVR?MAIN
            CODE    3953H     041BH     UNIT         ?PR?SHOWWORKINGTIMER?CPU
            CODE    3D6EH     039BH     UNIT         ?PR?LOADEEPROM?MAIN
            CODE    4109H     0325H     UNIT         ?PR?SAVEROTATENUMBER?MAIN
            CODE    442EH     030BH     UNIT         ?PR?_USERINTERFACEBATTERYCHARGEMODE?SYSPOWER
            CODE    4739H     023AH     UNIT         ?C_INITSEG
            CODE    4973H     0176H     UNIT         ?PR?_MAPPING1?MAIN
            CODE    4AE9H     016EH     UNIT         ?PR?MAIN_INIT?CPU
            CODE    4C57H     015FH     UNIT         ?PR?_GETROTATENUMBER?MAIN
            CODE    4DB6H     015BH     UNIT         ?PR?_USERINTERFACETIMEREVENTPROC?SYSTIMER
            CODE    4F11H     012EH     UNIT         ?PR?_MCUTIMERCHECKTIMEREVENT?SYSTIMER
            CODE    503FH     0102H     UNIT         ?PR?WAITPOWERON?MAIN
            CODE    5141H     00E5H     UNIT         ?PR?_MCUTIMERACTIVETIMEREVENT?SYSTIMER
            CODE    5226H     00DEH     UNIT         ?PR?_MCUTIMERREACTIVETIMEREVENT?SYSTIMER
            CODE    5304H     00DBH     UNIT         ?PR?CLEARBASICEE?ETC_EEP
            CODE    53DFH     00D9H     UNIT         ?PR?_USERINTERFACEPOWERSWITCH?SYSPOWER
            CODE    54B8H     00ADH     UNIT         ?PR?_MCULIB_PROTOCOLAPPEND?MAIN
            CODE    5565H     00A5H     UNIT         ?PR?_SET_PWM?CPU
            CODE    560AH     009CH     UNIT         ?PR?EXT0_INT?CPU
            CODE    56A6H     0090H     UNIT         ?PR?_MCULIB_PROTOCOLSENDCMDWITHPARAMNUM?MAIN
            CODE    5736H     008CH     UNIT         ?C_C51STARTUP
            CODE    57C2H     0085H     UNIT         ?PR?SYSTIMERHANDLER?SYSTIMER
            CODE    5847H     0084H     UNIT         ?PR?SYSPOWERHANDLER?SYSPOWER
            CODE    58CBH     0082H     UNIT         ?PR?MAIN?MAIN
            CODE    594DH     007EH     UNIT         ?PR?_AD5110_I2CWRITEDATA?I2C
            CODE    59CBH     007BH     UNIT         ?PR?_I2CWRITEDATA?I2C
            CODE    5A46H     0079H     UNIT         ?PR?_POWERLED?CPU
            CODE    5ABFH     0077H     UNIT         ?CO?MAIN
            CODE    5B36H     0053H     UNIT         ?PR?INITIALTIMEREVENT?MAIN
            CODE    5B89H     0052H     UNIT         ?PR?INITCPU?CPU
            CODE    5BDBH     0051H     UNIT         ?PR?SCANKEY?KEYREMO
            CODE    5C2CH     004EH     UNIT         ?CO?PRINTF
            CODE    5C7AH     004AH     UNIT         ?PR?GETFWREVEE?ETC_EEP
            CODE    5CC4H     004AH     UNIT         ?PR?MCUTIMERGETTIMERCOUNTER?SYSTIMER
            CODE    5D0EH     0047H     UNIT         ?PR?GETPROJECTNAMEEE?ETC_EEP
            CODE    5D55H     0047H     UNIT         ?PR?_WRITEEEP?I2C
            CODE    5D9CH     0046H     UNIT         ?PR?_GRAPHICSPRINT?PRINTF
            CODE    5DE2H     0044H     UNIT         ?C?LDIV
            CODE    5E26H     0042H     UNIT         ?PR?MAIN_LOOP?MAIN
            CODE    5E68H     0041H     UNIT         ?PR?_MCUTIMERCANCELTIMEREVENT?SYSTIMER
            CODE    5EA9H     003EH     UNIT         ?PR?_SETAD5110STEP?MAIN
            CODE    5EE7H     003EH     UNIT         ?PR?_PRINTF?PRINTF
            CODE    5F25H     003EH     UNIT         ?PR?_DEBUG_MESSAGE?PRINTF
            CODE    5F63H     003BH     UNIT         ?PR?SERIAL2_INT?CPU
            CODE    5F9EH     0039H     UNIT         ?PR?_READI2C?I2C
            CODE    5FD7H     0033H     UNIT         ?PR?I2CREADDATA?I2C
            CODE    600AH     0033H     UNIT         ?PR?_ISP_WRITE?MAIN
            CODE    603DH     002FH     UNIT         ?PR?SET_MCU_POWER_DOWN_MODE?CPU
BL51 BANKED LINKER/LOCATER V6.22.2.0                                                  05/11/2021  17:46:10  PAGE 4


            CODE    606CH     002FH     UNIT         ?PR?SERIAL_INT?CPU
            CODE    609BH     002DH     UNIT         ?CO?SYSPOWER
            CODE    60C8H     002CH     UNIT         ?PR?SYSPOWERINITIAL?SYSPOWER
            CODE    60F4H     002CH     UNIT         ?PR?_SYSPOWERSWITCH?SYSPOWER
            CODE    6120H     0026H     UNIT         ?PR?_READEEP?I2C
            CODE    6146H     0021H     UNIT         ?PR?ENTER_ISP?MAIN
            CODE    6167H     0020H     UNIT         ?PR?_WRITEAD5110?I2C
            CODE    6187H     0020H     UNIT         ?PR?_GETADCVALUE?MAIN
            CODE    61A7H     001FH     UNIT         ?PR?INT2_INT?CPU
            CODE    61C6H     001FH     UNIT         ?PR?INT3_INT?CPU
            CODE    61E5H     001EH     UNIT         ?PR?RS2_RX?CPU
            CODE    6203H     001CH     UNIT         ?PR?CHECK_ADAP_IN?CPU
            CODE    621FH     001BH     UNIT         ?PR?_GETKEY?KEYREMO
            CODE    623AH     0019H     UNIT         ?PR?SAVEFWREVEE?ETC_EEP
            CODE    6253H     0019H     UNIT         ?PR?_MCUTIMERDELAYXMS?SYSTIMER
            CODE    626CH     0018H     UNIT         ?PR?_DELAY?CPU
            CODE    6284H     0016H     UNIT         ?PR?INITVARS?CPU
            CODE    629AH     0015H     UNIT         ?PR?_MCUTIMERGETEVENTID?SYSTIMER
            CODE    62AFH     0014H     UNIT         ?PR?I2CDELAY?I2C
            CODE    62C3H     0014H     UNIT         ?PR?_MCUTIMERGETEVENTTIME?SYSTIMER
            CODE    62D7H     0013H     UNIT         ?PR?_MCUTIMERCLREVENTVALID?SYSTIMER
            CODE    62EAH     0012H     UNIT         ?CO?ETC_EEP
            CODE    62FCH     0012H     UNIT         ?PR?I2CSTART?I2C
            CODE    630EH     0011H     UNIT         ?PR?_MCUTIMERCHECKEVENTVALID?SYSTIMER
            CODE    631FH     000FH     UNIT         ?PR?TIMER2_INT?CPU
            CODE    632EH     000CH     UNIT         ?PR?_ABS?ABS
            CODE    633AH     000BH     UNIT         ?PR?RS2_READY?CPU
            CODE    6345H     0008H     UNIT         ?PR?_RS2_TX?CPU
            CODE    634DH     0007H     UNIT         ?PR?GETBATTERYBTH?MAIN
            CODE    6354H     0007H     UNIT         ?PR?GETBATTERYVOLTAGE?MAIN



OVERLAY MAP OF MODULE:   .\Output\ml070i_MRMCU (?C_STARTUP)


SEGMENT                                             BIT_GROUP          XDATA_GROUP
  +--> CALLED SEGMENT                            START    LENGTH     START    LENGTH
------------------------------------------------------------------------------------
?C_C51STARTUP                                    -----    -----      -----    -----
  +--> ?PR?MAIN?MAIN
  +--> ?C_INITSEG

?PR?MAIN?MAIN                                    -----    -----      -----    -----
  +--> ?PR?INITCPU?CPU
  +--> ?PR?SYSPOWERINITIAL?SYSPOWER
  +--> ?CO?MAIN
  +--> ?PR?_PRINTF?PRINTF
  +--> ?PR?MAIN_INIT?CPU
  +--> ?PR?INITVARS?CPU
  +--> ?PR?LOADEEPROM?MAIN
  +--> ?PR?INITIALTIMEREVENT?MAIN
  +--> ?PR?_SETAD5110STEP?MAIN
  +--> ?PR?CHECK_ADAP_IN?CPU
  +--> ?PR?MAIN_LOOP?MAIN
  +--> ?PR?WAITPOWERON?MAIN

BL51 BANKED LINKER/LOCATER V6.22.2.0                                                  05/11/2021  17:46:10  PAGE 5


?PR?SYSPOWERINITIAL?SYSPOWER                     -----    -----      -----    -----
  +--> ?PR?_MCUTIMERDELAYXMS?SYSTIMER
  +--> ?CO?SYSPOWER
  +--> ?PR?_DEBUG_MESSAGE?PRINTF

?PR?_DEBUG_MESSAGE?PRINTF                        -----    -----      01FFH    002EH
  +--> ?PR?_DOPRINT?PRINTF

?PR?_DOPRINT?PRINTF                              0021H.1  0000H.2    0234H    0015H
  +--> ?CO?PRINTF

?PR?_PRINTF?PRINTF                               -----    -----      0206H    002EH
  +--> ?PR?_DOPRINT?PRINTF

?PR?MAIN_INIT?CPU                                -----    -----      01FFH    0004H
  +--> ?PR?GETFWREVEE?ETC_EEP
  +--> ?PR?_READEEP?I2C
  +--> ?CO?CPU
  +--> ?PR?_PRINTF?PRINTF
  +--> ?PR?SAVEFWREVEE?ETC_EEP
  +--> ?PR?GETPROJECTNAMEEE?ETC_EEP
  +--> ?PR?CLEARBASICEE?ETC_EEP
  +--> ?PR?_WRITEEEP?I2C
  +--> ?PR?_DELAY?CPU

?PR?GETFWREVEE?ETC_EEP                           -----    -----      -----    -----
  +--> ?PR?_READEEP?I2C

?PR?_READEEP?I2C                                 -----    -----      0233H    0001H
  +--> ?PR?_READI2C?I2C
  +--> ?PR?_DELAY?CPU

?PR?_READI2C?I2C                                 -----    -----      0234H    0003H
  +--> ?PR?I2CSTART?I2C
  +--> ?PR?_I2CWRITEDATA?I2C
  +--> ?PR?I2CREADDATA?I2C
  +--> ?PR?I2CSTOP?I2C

?PR?I2CSTART?I2C                                 -----    -----      -----    -----
  +--> ?PR?I2CDELAY?I2C

?PR?_I2CWRITEDATA?I2C                            -----    -----      -----    -----
  +--> ?PR?I2CDELAY?I2C

?PR?I2CREADDATA?I2C                              -----    -----      -----    -----
  +--> ?PR?I2CDELAY?I2C

?PR?I2CSTOP?I2C                                  -----    -----      -----    -----
  +--> ?PR?I2CDELAY?I2C

?PR?SAVEFWREVEE?ETC_EEP                          -----    -----      -----    -----
  +--> ?PR?_WRITEEEP?I2C

?PR?_WRITEEEP?I2C                                -----    -----      0207H    0004H
  +--> ?PR?I2CSTART?I2C
  +--> ?PR?_I2CWRITEDATA?I2C
  +--> ?PR?I2CSTOP?I2C
BL51 BANKED LINKER/LOCATER V6.22.2.0                                                  05/11/2021  17:46:10  PAGE 6


  +--> ?PR?_DELAY?CPU

?PR?GETPROJECTNAMEEE?ETC_EEP                     -----    -----      0203H    0001H
  +--> ?PR?_READEEP?I2C

?PR?CLEARBASICEE?ETC_EEP                         -----    -----      -----    -----
  +--> ?CO?ETC_EEP
  +--> ?PR?_PRINTF?PRINTF
  +--> ?PR?_WRITEEEP?I2C

?PR?LOADEEPROM?MAIN                              -----    -----      -----    -----
  +--> ?PR?_READEEP?I2C
  +--> ?PR?_WRITEEEP?I2C

?PR?INITIALTIMEREVENT?MAIN                       -----    -----      -----    -----
  +--> ?PR?MCUTIMERINITIALTIMEREVENT?SYSTIMER
  +--> ?PR?_MCUTIMERACTIVETIMEREVENT?SYSTIMER

?PR?_MCUTIMERACTIVETIMEREVENT?SYSTIMER           -----    -----      0227H    0004H
  +--> ?PR?_MCUTIMERCHECKTIMEREVENT?SYSTIMER

?PR?_MCUTIMERCHECKTIMEREVENT?SYSTIMER            -----    -----      022BH    0005H
  +--> ?PR?MCUTIMERGETTIMERCOUNTER?SYSTIMER

?PR?MCUTIMERGETTIMERCOUNTER?SYSTIMER             -----    -----      0230H    0002H
  +--> ?PR?_ABS?ABS

?PR?_SETAD5110STEP?MAIN                          -----    -----      0203H    0002H
  +--> ?PR?_MAPPING1?MAIN
  +--> ?PR?_WRITEAD5110?I2C

?PR?_MAPPING1?MAIN                               -----    -----      0205H    000FH

?PR?_WRITEAD5110?I2C                             -----    -----      -----    -----
  +--> ?PR?I2CSTART?I2C
  +--> ?PR?_AD5110_I2CWRITEDATA?I2C
  +--> ?PR?I2CSTOP?I2C
  +--> ?PR?_DELAY?CPU

?PR?_AD5110_I2CWRITEDATA?I2C                     -----    -----      -----    -----
  +--> ?PR?I2CDELAY?I2C

?PR?CHECK_ADAP_IN?CPU                            -----    -----      -----    -----
  +--> ?PR?_MCUTIMERDELAYXMS?SYSTIMER

?PR?MAIN_LOOP?MAIN                               -----    -----      -----    -----
  +--> ?CO?MAIN
  +--> ?PR?_PRINTF?PRINTF
  +--> ?PR?_GETROTATENUMBER?MAIN
  +--> ?PR?DVRRECEIVEPASER?HS_DVRPROTOCOL
  +--> ?PR?SYSTIMERHANDLER?SYSTIMER
  +--> ?PR?SYSPOWERHANDLER?SYSPOWER
  +--> ?PR?SCANKEY?KEYREMO
  +--> ?PR?ENCORDERHANDLER_TELI?MAIN
  +--> ?PR?ENCORDERHANDLER?MAIN

?PR?_GETROTATENUMBER?MAIN                        -----    -----      01FFH    0004H
BL51 BANKED LINKER/LOCATER V6.22.2.0                                                  05/11/2021  17:46:10  PAGE 7


  +--> ?PR?_READEEP?I2C

?PR?DVRRECEIVEPASER?HS_DVRPROTOCOL               -----    -----      01FFH    0001H
  +--> ?PR?RS2_READY?CPU
  +--> ?PR?RS2_RX?CPU
  +--> ?PR?_USERINTERFACEBATTERYCHARGEMODE?S...
  +--> ?PR?_MCUTIMERCANCELTIMEREVENT?SYSTIMER
  +--> ?PR?_MCUTIMERACTIVETIMEREVENT?SYSTIMER
  +--> ?PR?_WRITEEEP?I2C
  +--> ?PR?_MCUTIMERREACTIVETIMEREVENT?SYSTIMER
  +--> ?PR?_READEEP?I2C

?PR?_USERINTERFACEBATTERYCHARGEMODE?S...         -----    -----      0203H    0001H
  +--> ?PR?_MCUTIMERCANCELTIMEREVENT?SYSTIMER
  +--> ?PR?_SET_PWM?CPU
  +--> ?PR?_MCUTIMERACTIVETIMEREVENT?SYSTIMER
  +--> ?PR?_USERINTERFACEPOWERSWITCH?SYSPOWER

?PR?_SET_PWM?CPU                                 -----    -----      0204H    0002H
  +--> ?CO?CPU
  +--> ?PR?_PRINTF?PRINTF

?PR?_USERINTERFACEPOWERSWITCH?SYSPOWER           -----    -----      0204H    0001H
  +--> ?CO?SYSPOWER
  +--> ?PR?_PRINTF?PRINTF
  +--> ?PR?_MCUTIMERDELAYXMS?SYSTIMER
  +--> ?PR?_MCUTIMERACTIVETIMEREVENT?SYSTIMER
  +--> ?PR?_MCU_SENDCMDTODVR?MAIN

?PR?_MCU_SENDCMDTODVR?MAIN                       -----    -----      0227H    000CH
  +--> ?CO?MAIN
  +--> ?PR?_READEEP?I2C
  +--> ?PR?_MCULIB_PROTOCOLSENDCMDWITHPARAMN...

?PR?_MCULIB_PROTOCOLSENDCMDWITHPARAMN...         -----    -----      0233H    0017H
  +--> ?PR?_MCULIB_PROTOCOLAPPEND?MAIN
  +--> ?PR?_RS2_TX?CPU

?PR?_MCULIB_PROTOCOLAPPEND?MAIN                  -----    -----      024AH    0007H

?PR?_MCUTIMERREACTIVETIMEREVENT?SYSTIMER         -----    -----      0200H    0004H
  +--> ?PR?_MCUTIMERCHECKTIMEREVENT?SYSTIMER

?PR?SYSTIMERHANDLER?SYSTIMER                     -----    -----      01FFH    0004H
  +--> ?PR?MCUTIMERGETTIMERCOUNTER?SYSTIMER
  +--> ?PR?_MCUTIMERCHECKEVENTVALID?SYSTIMER
  +--> ?PR?_MCUTIMERGETEVENTTIME?SYSTIMER
  +--> ?PR?_MCUTIMERCLREVENTVALID?SYSTIMER
  +--> ?PR?_MCUTIMERGETEVENTID?SYSTIMER
  +--> ?PR?_USERINTERFACETIMEREVENTPROC?SYST...
  +--> ?PR?_SYSTIMEREVENTPROC?SYSTIMER

?PR?_USERINTERFACETIMEREVENTPROC?SYST...         -----    -----      -----    -----
  +--> ?PR?_SETAD5110STEP?MAIN
  +--> ?PR?_WRITEEEP?I2C
  +--> ?PR?_MCU_SENDCMDTODVR?MAIN
  +--> ?PR?_USERINTERFACEBATTERYCHARGEMODE?S...
BL51 BANKED LINKER/LOCATER V6.22.2.0                                                  05/11/2021  17:46:10  PAGE 8


  +--> ?PR?_MCUTIMERACTIVETIMEREVENT?SYSTIMER
  +--> ?PR?ENTER_ISP?MAIN
  +--> ?PR?_USERINTERFACEPOWERSWITCH?SYSPOWER

?PR?ENTER_ISP?MAIN                               -----    -----      0203H    0001H
  +--> ?PR?ISP_INIT?MAIN
  +--> ?PR?_ISP_WRITE?MAIN

?PR?_ISP_WRITE?MAIN                              -----    -----      0204H    0006H

?PR?_SYSTIMEREVENTPROC?SYSTIMER                  -----    -----      -----    -----
  +--> ?PR?_POWERLED?CPU
  +--> ?PR?_MCUTIMERDELAYXMS?SYSTIMER
  +--> ?PR?CHECK_ADAP_IN?CPU
  +--> ?PR?_MCUTIMERCHECKEVENTVALID?SYSTIMER
  +--> ?PR?_MCUTIMERCANCELTIMEREVENT?SYSTIMER
  +--> ?PR?_MCUTIMERACTIVETIMEREVENT?SYSTIMER
  +--> ?PR?_MCU_SENDCMDTODVR?MAIN
  +--> ?PR?GETBATTERYVOLTAGE?MAIN
  +--> ?PR?GETBATTERYBTH?MAIN
  +--> ?PR?_READEEP?I2C
  +--> ?PR?_WRITEEEP?I2C
  +--> ?PR?_USERINTERFACEBATTERYCHARGEMODE?S...
  +--> ?PR?SHOWWORKINGTIMER?CPU

?PR?GETBATTERYVOLTAGE?MAIN                       -----    -----      -----    -----
  +--> ?PR?_GETADCVALUE?MAIN

?PR?GETBATTERYBTH?MAIN                           -----    -----      -----    -----
  +--> ?PR?_GETADCVALUE?MAIN

?PR?SHOWWORKINGTIMER?CPU                         -----    -----      0203H    0002H
  +--> ?CO?CPU
  +--> ?PR?_GRAPHICSPRINT?PRINTF

?PR?_GRAPHICSPRINT?PRINTF                        -----    -----      0205H    002FH
  +--> ?PR?_DOPRINT?PRINTF

?PR?SYSPOWERHANDLER?SYSPOWER                     -----    -----      -----    -----
  +--> ?PR?_SYSPOWERSWITCH?SYSPOWER

?PR?_SYSPOWERSWITCH?SYSPOWER                     -----    -----      01FFH    0001H
  +--> ?PR?_USERINTERFACEPOWERSWITCH?SYSPOWER

?PR?SCANKEY?KEYREMO                              -----    -----      -----    -----
  +--> ?PR?_GETKEY?KEYREMO
  +--> ?PR?_WRITEEEP?I2C
  +--> ?PR?_MCUTIMERACTIVETIMEREVENT?SYSTIMER

?PR?_GETKEY?KEYREMO                              0021H.1  0000H.1    -----    -----

?PR?ENCORDERHANDLER_TELI?MAIN                    -----    -----      01FFH    0028H
  +--> ?PR?_MCU_SENDCMDTODVR?MAIN
  +--> ?PR?_MCUTIMERCANCELTIMEREVENT?SYSTIMER
  +--> ?PR?_MCUTIMERACTIVETIMEREVENT?SYSTIMER

?PR?ENCORDERHANDLER?MAIN                         -----    -----      01FFH    0020H
BL51 BANKED LINKER/LOCATER V6.22.2.0                                                  05/11/2021  17:46:10  PAGE 9


  +--> ?PR?_MCU_SENDCMDTODVR?MAIN
  +--> ?PR?_MCUTIMERCANCELTIMEREVENT?SYSTIMER
  +--> ?PR?_MCUTIMERACTIVETIMEREVENT?SYSTIMER

?PR?WAITPOWERON?MAIN                             -----    -----      -----    -----
  +--> ?CO?MAIN
  +--> ?PR?_PRINTF?PRINTF
  +--> ?PR?_MCUTIMERCANCELTIMEREVENT?SYSTIMER
  +--> ?PR?SAVEROTATENUMBER?MAIN
  +--> ?PR?SYSPOWERHANDLER?SYSPOWER
  +--> ?PR?SYSTIMERHANDLER?SYSTIMER
  +--> ?PR?SCANKEY?KEYREMO
  +--> ?PR?_MCUTIMERACTIVETIMEREVENT?SYSTIMER
  +--> ?PR?CHECK_ADAP_IN?CPU
  +--> ?PR?SET_MCU_POWER_DOWN_MODE?CPU
  +--> ?PR?_WRITEEEP?I2C

?PR?SAVEROTATENUMBER?MAIN                        -----    -----      01FFH    0008H
  +--> ?PR?_READEEP?I2C
  +--> ?PR?_WRITEEEP?I2C

?PR?SET_MCU_POWER_DOWN_MODE?CPU                  -----    -----      -----    -----
  +--> ?CO?CPU
  +--> ?PR?_PRINTF?PRINTF

?C_INITSEG                                       -----    -----      -----    -----
  +--> ?CO?PRINTF



SYMBOL TABLE OF MODULE:  .\Output\ml070i_MRMCU (?C_STARTUP)

  VALUE           TYPE          NAME
  ----------------------------------

  -------         MODULE        ?C_STARTUP
  C:5736H         SEGMENT       ?C_C51STARTUP
  I:007AH         SEGMENT       ?STACK
  C:0000H         PUBLIC        ?C_STARTUP
  D:00E0H         SYMBOL        ACC
  D:00F0H         SYMBOL        B
  D:0083H         SYMBOL        DPH
  D:0082H         SYMBOL        DPL
  N:0000H         SYMBOL        IBPSTACK
  N:0100H         SYMBOL        IBPSTACKTOP
  N:0080H         SYMBOL        IDATALEN
  C:5739H         SYMBOL        IDATALOOP
  N:0000H         SYMBOL        PBPSTACK
  N:0100H         SYMBOL        PBPSTACKTOP
  N:0000H         SYMBOL        PDATALEN
  N:0000H         SYMBOL        PDATASTART
  N:0000H         SYMBOL        PPAGE
  N:0000H         SYMBOL        PPAGEENABLE
  D:00A0H         SYMBOL        PPAGE_SFR
  D:0081H         SYMBOL        SP
  C:5736H         SYMBOL        STARTUP1
  N:0000H         SYMBOL        XBPSTACK
BL51 BANKED LINKER/LOCATER V6.22.2.0                                                  05/11/2021  17:46:10  PAGE 10


  N:0000H         SYMBOL        XBPSTACKTOP
  N:0000H         SYMBOL        XDATALEN
  N:0000H         SYMBOL        XDATASTART
  C:0000H         LINE#         126
  C:5736H         LINE#         133
  C:5738H         LINE#         134
  C:5739H         LINE#         135
  C:573AH         LINE#         136
  C:573CH         LINE#         185
  C:573FH         LINE#         196
  -------         ENDMOD        ?C_STARTUP

  -------         MODULE        CPU
  C:0000H         SYMBOL        _ICE_DUMMY_
  D:0091H         PUBLIC        P1M0
  X:0289H         PUBLIC        second
  C:5B89H         PUBLIC        InitCPU
  D:00B1H         PUBLIC        P3M0
  D:0096H         PUBLIC        P2M1
  C:22C6H         PUBLIC        timer0_int
  X:028AH         PUBLIC        FormatSDCard
  D:00B3H         PUBLIC        P4M0
  D:00B2H         PUBLIC        P3M1
  D:00B4H         PUBLIC        P4M1
  D:00B0H         PUBLIC        P3
  C:631FH         PUBLIC        timer2_int
  D:00E8H         PUBLIC        P4
  X:028BH         PUBLIC        FormatWait
  X:028CH         PUBLIC        Power_Msg_Count
  X:028EH         PUBLIC        IE_Temp
  D:00F9H         PUBLIC        CH
  D:0022H         PUBLIC        DVR_buf
  D:0040H         PUBLIC        keytic
  D:00A8H         PUBLIC        IE
  C:3953H         PUBLIC        ShowWorkingTimer
  D:00E9H         PUBLIC        CL
  D:0042H         PUBLIC        RS2_in
  B:0020H.0       PUBLIC        RepeatKey
  X:028FH         PUBLIC        LED_FLASH_COUNT
  D:0043H         PUBLIC        RS2_out
  C:626CH         PUBLIC        _delay
  D:00FCH         PUBLIC        CCAP2H
  B:00E8H.0       PUBLIC        P4_0
  D:00FDH         PUBLIC        CCAP3H
  B:00E8H.1       PUBLIC        P4_1
  B:0090H.4       PUBLIC        P1_4
  B:0080H.5       PUBLIC        P0_5
  X:0291H         PUBLIC        minute
  B:00E8H.2       PUBLIC        P4_2
  D:00ECH         PUBLIC        CCAP2L
  B:00A8H.4       PUBLIC        ES
  D:00EDH         PUBLIC        CCAP3L
  D:00DCH         PUBLIC        CCAPM2
  D:00DDH         PUBLIC        CCAPM3
  D:00B8H         PUBLIC        IP
  B:0098H.0       PUBLIC        RI
  B:0098H.1       PUBLIC        TI
BL51 BANKED LINKER/LOCATER V6.22.2.0                                                  05/11/2021  17:46:10  PAGE 11


  D:0044H         PUBLIC        tic01
  B:0020H.1       PUBLIC        KeyReady
  C:61E5H         PUBLIC        RS2_rx
  B:0020H.2       PUBLIC        RS_Xbusy
  D:0045H         PUBLIC        tic02
  D:00D9H         PUBLIC        CMOD
  D:00D8H         PUBLIC        CCON
  C:6345H         PUBLIC        _RS2_tx
  X:0292H         PUBLIC        Time5ms
  X:0293H         PUBLIC        month
  X:0294H         PUBLIC        keyticSec
  D:0046H         PUBLIC        Key
  C:61A7H         PUBLIC        int2_int
  C:61C6H         PUBLIC        int3_int
  X:0295H         PUBLIC        bytEncorderCountTemp
  C:560AH         PUBLIC        ext0_int
  C:606CH         PUBLIC        serial_int
  C:000EH         PUBLIC        ext1_int
  X:0297H         PUBLIC        EncorderCountINT
  D:0099H         PUBLIC        SBUF
  D:0087H         PUBLIC        PCON
  X:029BH         PUBLIC        bytPNFlagEncoder
  D:0098H         PUBLIC        SCON
  C:6284H         PUBLIC        InitVars
  D:0089H         PUBLIC        TMOD
  D:0088H         PUBLIC        TCON
  C:4AE9H         PUBLIC        main_init
  X:029CH         PUBLIC        day
  X:029DH         PUBLIC        bytFastEncorderCountTemp
  X:029EH         PUBLIC        hour
  B:00C0H.1       PUBLIC        IE2
  B:00C0H.5       PUBLIC        IE3
  C:5565H         PUBLIC        _SET_PWM
  X:029FH         PUBLIC        PowerDownWait
  D:0047H         PUBLIC        tm01
  D:0049H         PUBLIC        stopWatch
  X:02A0H         PUBLIC        EncorderCount
  D:004BH         SYMBOL        RS_buf
  C:603DH         PUBLIC        SET_MCU_POWER_DOWN_MODE
  D:0069H         PUBLIC        tic_PWR_SAVING
  D:006DH         PUBLIC        tic_Init_time
  B:00A8H.5       PUBLIC        ET2
  B:00C8H.7       PUBLIC        TF2
  D:008CH         PUBLIC        TH0
  B:00A8H.0       PUBLIC        EX0
  D:008DH         PUBLIC        TH1
  X:02A4H         PUBLIC        bytHoldOn3SPowerOff
  B:00A8H.2       PUBLIC        EX1
  B:00C0H.2       PUBLIC        EX2
  B:00C0H.0       PUBLIC        IT2
  C:633AH         PUBLIC        RS2_ready
  C:6203H         PUBLIC        Check_ADAP_IN
  B:00C0H.6       PUBLIC        EX3
  B:00C0H.4       PUBLIC        IT3
  D:008AH         PUBLIC        TL0
  X:02A5H         PUBLIC        bytHoldOn3SPowerOffMode
  B:0020H.3       PUBLIC        RS2_Xbusy
BL51 BANKED LINKER/LOCATER V6.22.2.0                                                  05/11/2021  17:46:10  PAGE 12


  B:00C8H.2       PUBLIC        TR2
  X:02A6H         PUBLIC        updn_reg
  B:0020H.4       PUBLIC        PWR_SAVING_ACT_FLAG
  D:0071H         PUBLIC        RS_in
  D:0072H         PUBLIC        RS_out
  C:5F63H         PUBLIC        serial2_int
  D:009AH         PUBLIC        S2BUF
  X:02AAH         PUBLIC        year1
  X:02ABH         PUBLIC        year2
  C:5A46H         PUBLIC        _PowerLED
  D:00AAH         PUBLIC        S2CON
  D:00C8H         PUBLIC        T2CON
  D:00BAH         PUBLIC        S2BRT
  X:02ACH         PUBLIC        DVR_FACTORY_MODE
  D:0073H         PUBLIC        tm001
  D:00A6H         PUBLIC        AUXR2
  B:0020H.5       PUBLIC        ChangeKey
  D:0074H         PUBLIC        tic_pc
  D:0076H         PUBLIC        SystemClock
  D:0093H         PUBLIC        P0M0
  D:00ADH         PUBLIC        AUXIE
  -------         PROC          MAIN_INIT
  -------         DO            
  X:01FFH         SYMBOL        rev
  -------         ENDDO         
  C:4AE9H         LINE#         100
  C:4AE9H         LINE#         101
  C:4AE9H         LINE#         104
  C:4AF2H         LINE#         107
  C:4B34H         LINE#         109
  C:4B43H         LINE#         110
  C:4B43H         LINE#         111
  C:4B5DH         LINE#         112
  C:4B60H         LINE#         113
  C:4BA2H         LINE#         114
  C:4BA2H         LINE#         118
  C:4BB1H         LINE#         119
  C:4BB1H         LINE#         122
  C:4BB1H         LINE#         123
  C:4BB7H         LINE#         124
  C:4BBAH         LINE#         125
  C:4BBAH         LINE#         126
  C:4BBCH         LINE#         128
  C:4BBCH         LINE#         129
  C:4BC5H         LINE#         130
  C:4BCEH         LINE#         131
  C:4BD5H         LINE#         133
  C:4BD5H         LINE#         136
  C:4BE1H         LINE#         137
  C:4BE1H         LINE#         138
  C:4BEAH         LINE#         139
  C:4BF3H         LINE#         141
  C:4BFBH         LINE#         142
  C:4C03H         LINE#         143
  C:4C0BH         LINE#         145
  C:4C13H         LINE#         146
  C:4C1BH         LINE#         147
BL51 BANKED LINKER/LOCATER V6.22.2.0                                                  05/11/2021  17:46:10  PAGE 13


  C:4C23H         LINE#         149
  C:4C2CH         LINE#         150
  C:4C2CH         LINE#         153
  C:4C44H         LINE#         156
  C:4C49H         LINE#         159
  C:4C51H         LINE#         160
  C:4C56H         LINE#         162
  -------         ENDPROC       MAIN_INIT
  -------         PROC          INITCPU
  C:5B89H         LINE#         170
  C:5B89H         LINE#         171
  C:5B89H         LINE#         175
  C:5B8CH         LINE#         183
  C:5B8FH         LINE#         185
  C:5B92H         LINE#         187
  C:5B95H         LINE#         195
  C:5B9BH         LINE#         197
  C:5B9EH         LINE#         198
  C:5BA1H         LINE#         202
  C:5BA4H         LINE#         205
  C:5BA6H         LINE#         206
  C:5BA8H         LINE#         225
  C:5BABH         LINE#         226
  C:5BADH         LINE#         227
  C:5BAFH         LINE#         234
  C:5BB2H         LINE#         235
  C:5BB5H         LINE#         238
  C:5BB8H         LINE#         241
  C:5BBBH         LINE#         243
  C:5BBDH         LINE#         245
  C:5BBFH         LINE#         246
  C:5BC1H         LINE#         250
  C:5BC4H         LINE#         251
  C:5BC7H         LINE#         261
  C:5BCAH         LINE#         264
  C:5BCDH         LINE#         266
  C:5BD0H         LINE#         268
  C:5BD3H         LINE#         269
  C:5BD5H         LINE#         270
  C:5BD8H         LINE#         271
  C:5BDAH         LINE#         273
  -------         ENDPROC       INITCPU
  -------         PROC          SET_MCU_POWER_DOWN_MODE
  C:603DH         LINE#         276
  C:603DH         LINE#         277
  C:603DH         LINE#         279
  C:6046H         LINE#         281
  C:6048H         LINE#         282
  C:604AH         LINE#         283
  C:604CH         LINE#         285
  C:604EH         LINE#         286
  C:6050H         LINE#         287
  C:6052H         LINE#         289
  C:6058H         LINE#         290
  C:605BH         LINE#         292
  C:6061H         LINE#         293
  C:6063H         LINE#         294
BL51 BANKED LINKER/LOCATER V6.22.2.0                                                  05/11/2021  17:46:10  PAGE 14


  C:6065H         LINE#         295
  C:6068H         LINE#         296
  C:6069H         LINE#         297
  C:606AH         LINE#         298
  C:606BH         LINE#         302
  -------         ENDPROC       SET_MCU_POWER_DOWN_MODE
  -------         PROC          CHECK_ADAP_IN
  C:6203H         LINE#         305
  C:6203H         LINE#         306
  C:6203H         LINE#         308
  C:6209H         LINE#         309
  C:6209H         LINE#         310
  C:6210H         LINE#         312
  C:6216H         LINE#         313
  C:6219H         LINE#         315
  C:621CH         LINE#         316
  C:621CH         LINE#         318
  C:621EH         LINE#         319
  -------         ENDPROC       CHECK_ADAP_IN
  -------         PROC          _SET_PWM
  X:0204H         SYMBOL        index
  X:0205H         SYMBOL        val
  C:5565H         LINE#         321
  C:556DH         LINE#         322
  C:556DH         LINE#         324
  C:5586H         LINE#         326
  C:5598H         LINE#         327
  C:5598H         LINE#         328
  C:5598H         LINE#         330
  C:559BH         LINE#         331
  C:55A6H         LINE#         332
  C:55A9H         LINE#         334
  C:55ACH         LINE#         335
  C:55ACH         LINE#         336
  C:55AEH         LINE#         337
  C:55B0H         LINE#         338
  C:55B0H         LINE#         340
  C:55B8H         LINE#         341
  C:55B8H         LINE#         342
  C:55BBH         LINE#         343
  C:55BEH         LINE#         344
  C:55C1H         LINE#         345
  C:55C7H         LINE#         346
  C:55C9H         LINE#         347
  C:55D1H         LINE#         348
  C:55D1H         LINE#         349
  C:55D4H         LINE#         350
  C:55D7H         LINE#         351
  C:55DAH         LINE#         352
  C:55E3H         LINE#         353
  C:55E3H         LINE#         355
  C:55EAH         LINE#         356
  C:55EAH         LINE#         357
  C:55EDH         LINE#         358
  C:55EFH         LINE#         359
  C:55EFH         LINE#         393
  C:55F0H         LINE#         394
BL51 BANKED LINKER/LOCATER V6.22.2.0                                                  05/11/2021  17:46:10  PAGE 15


  C:55F0H         LINE#         395
  C:55F3H         LINE#         396
  C:55FEH         LINE#         397
  C:5601H         LINE#         398
  C:5602H         LINE#         399
  C:5602H         LINE#         400
  C:5605H         LINE#         401
  C:5606H         LINE#         402
  C:5606H         LINE#         403
  C:5609H         LINE#         404
  C:5609H         LINE#         406
  C:5609H         LINE#         407
  C:5609H         LINE#         408
  C:5609H         LINE#         411
  -------         ENDPROC       _SET_PWM
  -------         PROC          TIMER0_INT
  -------         DO            
  D:000FH         SYMBOL        TempKey
  -------         ENDDO         
  C:22C6H         LINE#         420
  C:22D3H         LINE#         427
  C:22D5H         LINE#         432
  C:22D7H         LINE#         435
  C:22E2H         LINE#         436
  C:22E2H         LINE#         437
  C:22F0H         LINE#         438
  C:22F3H         LINE#         439
  C:22F5H         LINE#         440
  C:22F5H         LINE#         442
  C:22FBH         LINE#         443
  C:22FDH         LINE#         444
  C:2306H         LINE#         445
  C:2306H         LINE#         447
  C:230FH         LINE#         448
  C:2319H         LINE#         449
  C:2319H         LINE#         450
  C:2321H         LINE#         451
  C:2329H         LINE#         452
  C:2331H         LINE#         453
  C:2334H         LINE#         454
  C:2336H         LINE#         458
  C:2344H         LINE#         459
  C:2347H         LINE#         461
  C:234AH         LINE#         463
  C:2353H         LINE#         464
  C:2353H         LINE#         465
  C:236EH         LINE#         466
  C:236EH         LINE#         467
  C:236EH         LINE#         468
  C:2370H         LINE#         469
  C:2388H         LINE#         470
  C:2388H         LINE#         471
  C:2388H         LINE#         472
  C:238AH         LINE#         473
  C:23A2H         LINE#         474
  C:23A2H         LINE#         476
  C:23A2H         LINE#         477
BL51 BANKED LINKER/LOCATER V6.22.2.0                                                  05/11/2021  17:46:10  PAGE 16


  C:23A4H         LINE#         478
  C:23BFH         LINE#         479
  C:23BFH         LINE#         481
  C:23C3H         LINE#         482
  C:23C6H         LINE#         483
  C:23DEH         LINE#         484
  C:23DEH         LINE#         486
  C:23DEH         LINE#         487
  C:23E0H         LINE#         488
  C:23F8H         LINE#         489
  C:23F8H         LINE#         491
  C:23F8H         LINE#         492
  C:23FAH         LINE#         493
  C:2415H         LINE#         494
  C:2415H         LINE#         496
  C:2415H         LINE#         497
  C:2417H         LINE#         498
  C:243BH         LINE#         499
  C:243BH         LINE#         501
  C:2440H         LINE#         502
  C:2440H         LINE#         503
  C:2443H         LINE#         505
  C:2443H         LINE#         506
  C:245BH         LINE#         507
  C:245BH         LINE#         508
  C:2480H         LINE#         509
  C:248EH         LINE#         510
  C:248EH         LINE#         511
  C:24A6H         LINE#         512
  C:24A6H         LINE#         513
  C:24CBH         LINE#         514
  C:24D9H         LINE#         515
  C:24D9H         LINE#         516
  C:24F1H         LINE#         517
  C:24F1H         LINE#         518
  C:2516H         LINE#         519
  C:2524H         LINE#         520
  C:2524H         LINE#         521
  C:253CH         LINE#         522
  C:253CH         LINE#         523
  C:2561H         LINE#         524
  C:256FH         LINE#         525
  C:256FH         LINE#         526
  C:2587H         LINE#         527
  C:2587H         LINE#         528
  C:25ABH         LINE#         529
  C:25B9H         LINE#         530
  C:25B9H         LINE#         531
  C:25D1H         LINE#         532
  C:25D1H         LINE#         533
  C:25F5H         LINE#         534
  C:2603H         LINE#         535
  C:2603H         LINE#         536
  C:261BH         LINE#         537
  C:261BH         LINE#         538
  C:263FH         LINE#         539
  C:264DH         LINE#         540
BL51 BANKED LINKER/LOCATER V6.22.2.0                                                  05/11/2021  17:46:10  PAGE 17


  C:264DH         LINE#         541
  C:2665H         LINE#         542
  C:2665H         LINE#         543
  C:2689H         LINE#         544
  C:2697H         LINE#         545
  C:2697H         LINE#         546
  C:2697H         LINE#         558
  C:269DH         LINE#         559
  C:269DH         LINE#         560
  C:26ACH         LINE#         561
  C:26ACH         LINE#         562
  C:26CBH         LINE#         563
  C:26D2H         LINE#         564
  C:26D2H         LINE#         565
  C:26D2H         LINE#         566
  C:26D2H         LINE#         567
  C:26D2H         LINE#         576
  C:26E0H         LINE#         579
  C:26E8H         LINE#         580
  C:26EBH         LINE#         581
  C:26EDH         LINE#         583
  C:26F3H         LINE#         584
  C:26F3H         LINE#         588
  C:26F5H         LINE#         591
  C:26FCH         LINE#         592
  C:2701H         LINE#         594
  C:2703H         LINE#         596
  C:2703H         LINE#         597
  C:270DH         LINE#         598
  C:2715H         LINE#         601
  C:2723H         LINE#         602
  C:2737H         LINE#         603
  C:2741H         LINE#         604
  C:274FH         LINE#         646
  C:275BH         LINE#         647
  C:275BH         LINE#         648
  C:2763H         LINE#         649
  C:2763H         LINE#         650
  C:2774H         LINE#         651
  C:2774H         LINE#         652
  C:2777H         LINE#         653
  C:2779H         LINE#         654
  C:277BH         LINE#         655
  C:277BH         LINE#         656
  C:277DH         LINE#         657
  C:2799H         LINE#         658
  C:2799H         LINE#         659
  C:279CH         LINE#         660
  C:279CH         LINE#         661
  C:279FH         LINE#         662
  C:27A1H         LINE#         663
  C:27A6H         LINE#         664
  C:27A8H         LINE#         665
  C:27A8H         LINE#         666
  C:27AAH         LINE#         667
  C:27B4H         LINE#         669
  C:27B7H         LINE#         670
BL51 BANKED LINKER/LOCATER V6.22.2.0                                                  05/11/2021  17:46:10  PAGE 18


  C:27B7H         LINE#         671
  C:27BAH         LINE#         672
  C:27BCH         LINE#         673
  C:27C2H         LINE#         674
  C:27C4H         LINE#         675
  C:27C4H         LINE#         677
  C:27CAH         LINE#         678
  C:27CAH         LINE#         680
  C:27D2H         LINE#         681
  C:27D4H         LINE#         683
  C:27D4H         LINE#         684
  C:27EAH         LINE#         685
  C:27EDH         LINE#         686
  C:27EFH         LINE#         687
  C:27F1H         LINE#         689
  C:27F1H         LINE#         690
  C:27F4H         LINE#         691
  C:27F6H         LINE#         692
  C:27F6H         LINE#         694
  C:27F8H         LINE#         695
  C:27FEH         LINE#         696
  C:27FEH         LINE#         728
  C:27FEH         LINE#         730
  -------         ENDPROC       TIMER0_INT
  -------         PROC          SHOWWORKINGTIMER
  -------         DO            
  X:0203H         SYMBOL        val
  -------         ENDDO         
  C:3953H         LINE#         735
  C:3953H         LINE#         736
  C:3953H         LINE#         739
  C:395EH         LINE#         741
  C:3965H         LINE#         742
  C:3965H         LINE#         743
  C:3995H         LINE#         744
  C:3997H         LINE#         745
  C:399EH         LINE#         746
  C:399EH         LINE#         747
  C:39C1H         LINE#         748
  C:39C3H         LINE#         749
  C:39CCH         LINE#         750
  C:39CCH         LINE#         751
  C:39E0H         LINE#         752
  C:39E2H         LINE#         754
  C:39E2H         LINE#         755
  C:39F8H         LINE#         756
  C:39F8H         LINE#         760
  C:3A40H         LINE#         764
  C:3A4AH         LINE#         765
  C:3A54H         LINE#         766
  C:3A5DH         LINE#         767
  C:3A67H         LINE#         769
  C:3A71H         LINE#         770
  C:3A7BH         LINE#         771
  C:3A88H         LINE#         772
  C:3A90H         LINE#         774
  C:3A99H         LINE#         780
BL51 BANKED LINKER/LOCATER V6.22.2.0                                                  05/11/2021  17:46:10  PAGE 19


  C:3AA3H         LINE#         781
  C:3AA3H         LINE#         782
  C:3B02H         LINE#         783
  C:3B10H         LINE#         785
  C:3B12H         LINE#         787
  C:3B12H         LINE#         791
  C:3B4EH         LINE#         793
  C:3B5CH         LINE#         794
  C:3B73H         LINE#         796
  C:3B87H         LINE#         800
  C:3B87H         LINE#         803
  C:3BDAH         LINE#         807
  C:3BE4H         LINE#         808
  C:3BEEH         LINE#         809
  C:3BF8H         LINE#         810
  C:3C02H         LINE#         811
  C:3C0CH         LINE#         812
  C:3C16H         LINE#         813
  C:3C20H         LINE#         814
  C:3C2AH         LINE#         815
  C:3C34H         LINE#         816
  C:3C3FH         LINE#         818
  C:3C49H         LINE#         819
  C:3C51H         LINE#         820
  C:3C5BH         LINE#         821
  C:3C63H         LINE#         822
  C:3C6DH         LINE#         823
  C:3C75H         LINE#         824
  C:3C7FH         LINE#         825
  C:3C87H         LINE#         826
  C:3C8FH         LINE#         827
  C:3C99H         LINE#         828
  C:3CA3H         LINE#         829
  C:3CADH         LINE#         830
  C:3CB7H         LINE#         831
  C:3CC1H         LINE#         832
  C:3CCBH         LINE#         833
  C:3CD5H         LINE#         834
  C:3CDFH         LINE#         835
  C:3CE9H         LINE#         836
  C:3CF3H         LINE#         837
  C:3CFEH         LINE#         839
  C:3D0AH         LINE#         840
  C:3D15H         LINE#         842
  C:3D1FH         LINE#         843
  C:3D27H         LINE#         844
  C:3D31H         LINE#         845
  C:3D39H         LINE#         846
  C:3D45H         LINE#         847
  C:3D4BH         LINE#         849
  C:3D63H         LINE#         867
  -------         ENDPROC       SHOWWORKINGTIMER
  -------         PROC          INITVARS
  -------         DO            
  D:0007H         SYMBOL        j
  -------         ENDDO         
  C:6284H         LINE#         877
BL51 BANKED LINKER/LOCATER V6.22.2.0                                                  05/11/2021  17:46:10  PAGE 20


  C:6284H         LINE#         878
  C:6284H         LINE#         880
  C:6290H         LINE#         881
  C:6299H         LINE#         883
  -------         ENDPROC       INITVARS
  -------         PROC          _POWERLED
  D:0007H         SYMBOL        flag
  C:5A46H         LINE#         889
  C:5A46H         LINE#         890
  C:5A46H         LINE#         892
  C:5A7AH         LINE#         893
  C:5A7AH         LINE#         894
  C:5A7AH         LINE#         895
  C:5A7CH         LINE#         896
  C:5A7EH         LINE#         897
  C:5A7FH         LINE#         898
  C:5A7FH         LINE#         899
  C:5A81H         LINE#         900
  C:5A83H         LINE#         901
  C:5A84H         LINE#         902
  C:5A84H         LINE#         903
  C:5A84H         LINE#         904
  C:5A84H         LINE#         905
  C:5A86H         LINE#         906
  C:5A86H         LINE#         907
  C:5A86H         LINE#         908
  C:5A86H         LINE#         909
  C:5A88H         LINE#         910
  C:5A88H         LINE#         911
  C:5A8BH         LINE#         912
  C:5A8BH         LINE#         913
  C:5A8DH         LINE#         914
  C:5A8FH         LINE#         915
  C:5A90H         LINE#         922
  C:5A90H         LINE#         923
  C:5A93H         LINE#         924
  C:5A93H         LINE#         925
  C:5A95H         LINE#         926
  C:5A97H         LINE#         927
  C:5A98H         LINE#         929
  C:5A98H         LINE#         930
  C:5A98H         LINE#         931
  C:5A98H         LINE#         932
  C:5A98H         LINE#         933
  C:5A9AH         LINE#         934
  C:5A9AH         LINE#         935
  C:5A9DH         LINE#         936
  C:5A9DH         LINE#         937
  C:5A9FH         LINE#         938
  C:5AA1H         LINE#         939
  C:5AA2H         LINE#         941
  C:5AA2H         LINE#         942
  C:5AA4H         LINE#         943
  C:5AA6H         LINE#         944
  C:5AA6H         LINE#         945
  C:5AA7H         LINE#         946
  C:5AA7H         LINE#         947
BL51 BANKED LINKER/LOCATER V6.22.2.0                                                  05/11/2021  17:46:10  PAGE 21


  C:5AAAH         LINE#         948
  C:5AAAH         LINE#         949
  C:5AACH         LINE#         950
  C:5AAEH         LINE#         952
  C:5AAEH         LINE#         953
  C:5AB0H         LINE#         954
  C:5AB0H         LINE#         956
  C:5AB2H         LINE#         958
  C:5AB3H         LINE#         959
  C:5AB3H         LINE#         960
  C:5AB6H         LINE#         961
  C:5AB6H         LINE#         962
  C:5AB8H         LINE#         963
  C:5ABAH         LINE#         965
  C:5ABAH         LINE#         966
  C:5ABCH         LINE#         967
  C:5ABCH         LINE#         969
  C:5ABEH         LINE#         972
  C:5ABEH         LINE#         973
  C:5ABEH         LINE#         974
  C:5ABEH         LINE#         975
  C:5ABEH         LINE#         976
  -------         ENDPROC       _POWERLED
  -------         PROC          EXT0_INT
  C:560AH         LINE#         985
  C:5617H         LINE#         987
  C:5619H         LINE#         988
  C:5622H         LINE#         989
  C:563FH         LINE#         991
  C:5660H         LINE#         993
  C:566DH         LINE#         994
  C:566DH         LINE#         995
  C:568CH         LINE#         996
  C:5691H         LINE#         997
  C:5693H         LINE#         999
  C:5699H         LINE#         1001
  C:569BH         LINE#         1002
  -------         ENDPROC       EXT0_INT
  -------         PROC          EXT1_INT
  C:000EH         LINE#         1004
  C:000EH         LINE#         1006
  C:0010H         LINE#         1009
  -------         ENDPROC       EXT1_INT
  -------         PROC          SERIAL_INT
  C:606CH         LINE#         1032
  C:6073H         LINE#         1038
  C:6076H         LINE#         1047
  C:607DH         LINE#         1048
  C:607FH         LINE#         1049
  C:608DH         LINE#         1053
  C:608FH         LINE#         1055
  C:608FH         LINE#         1057
  C:6092H         LINE#         1058
  C:6094H         LINE#         1059
  C:6096H         LINE#         1060
  C:6096H         LINE#         1061
  -------         ENDPROC       SERIAL_INT
BL51 BANKED LINKER/LOCATER V6.22.2.0                                                  05/11/2021  17:46:10  PAGE 22


  -------         PROC          SERIAL2_INT
  C:5F63H         LINE#         1065
  C:5F6AH         LINE#         1070
  C:5F72H         LINE#         1071
  C:5F72H         LINE#         1073
  C:5F75H         LINE#         1075
  C:5F7CH         LINE#         1078
  C:5F7EH         LINE#         1079
  C:5F8CH         LINE#         1080
  C:5F8CH         LINE#         1082
  C:5F94H         LINE#         1083
  C:5F94H         LINE#         1084
  C:5F97H         LINE#         1085
  C:5F99H         LINE#         1086
  C:5F99H         LINE#         1087
  -------         ENDPROC       SERIAL2_INT
  -------         PROC          RS2_READY
  C:633AH         LINE#         1123
  C:633AH         LINE#         1124
  C:633AH         LINE#         1125
  C:6342H         LINE#         1126
  C:6344H         LINE#         1127
  -------         ENDPROC       RS2_READY
  -------         PROC          RS2_RX
  -------         DO            
  D:0007H         SYMBOL        ret
  -------         ENDDO         
  C:61E5H         LINE#         1131
  C:61E5H         LINE#         1132
  C:61E5H         LINE#         1135
  C:61E8H         LINE#         1136
  C:61EFH         LINE#         1137
  C:61F1H         LINE#         1138
  C:61FCH         LINE#         1139
  C:61FFH         LINE#         1140
  C:6202H         LINE#         1142
  C:6202H         LINE#         1143
  -------         ENDPROC       RS2_RX
  -------         PROC          _RS2_TX
  D:0007H         SYMBOL        tx_buf
  C:6345H         LINE#         1160
  C:6345H         LINE#         1161
  C:6345H         LINE#         1163
  C:6348H         LINE#         1164
  C:634AH         LINE#         1165
  C:634CH         LINE#         1166
  -------         ENDPROC       _RS2_TX
  -------         PROC          TIMER2_INT
  C:631FH         LINE#         1207
  C:6321H         LINE#         1366
  C:6323H         LINE#         1368
  C:632BH         LINE#         1370
  -------         ENDPROC       TIMER2_INT
  -------         PROC          _DELAY
  D:0007H         SYMBOL        cnt
  -------         DO            
  D:0004H         SYMBOL        ttic01
BL51 BANKED LINKER/LOCATER V6.22.2.0                                                  05/11/2021  17:46:10  PAGE 23


  -------         ENDDO         
  C:626CH         LINE#         1372
  C:626CH         LINE#         1373
  C:626CH         LINE#         1376
  C:627AH         LINE#         1377
  C:627AH         LINE#         1379
  C:6283H         LINE#         1380
  -------         ENDPROC       _DELAY
  -------         PROC          INT2_INT
  C:61A7H         LINE#         1384
  C:61ADH         LINE#         1386
  C:61AFH         LINE#         1387
  C:61B1H         LINE#         1388
  C:61B4H         LINE#         1389
  C:61BAH         LINE#         1390
  C:61BFH         LINE#         1391
  -------         ENDPROC       INT2_INT
  -------         PROC          INT3_INT
  C:61C6H         LINE#         1393
  C:61CCH         LINE#         1395
  C:61CEH         LINE#         1396
  C:61D0H         LINE#         1397
  C:61D3H         LINE#         1398
  C:61D9H         LINE#         1399
  C:61DEH         LINE#         1400
  -------         ENDPROC       INT3_INT
  -------         ENDMOD        CPU

  -------         MODULE        ETC_EEP
  C:0000H         SYMBOL        _ICE_DUMMY_
  C:5D0EH         PUBLIC        GetProjectNameEE
  C:5304H         PUBLIC        ClearBasicEE
  C:623AH         PUBLIC        SaveFWRevEE
  C:5C7AH         PUBLIC        GetFWRevEE
  -------         PROC          GETFWREVEE
  -------         DO            
  D:0004H         SYMBOL        rev
  -------         ENDDO         
  C:5C7AH         LINE#         17
  C:5C7AH         LINE#         18
  C:5C7AH         LINE#         19
  C:5C80H         LINE#         26
  C:5CC3H         LINE#         28
  C:5CC3H         LINE#         29
  -------         ENDPROC       GETFWREVEE
  -------         PROC          GETPROJECTNAMEEE
  -------         DO            
  X:0203H         SYMBOL        rev
  -------         ENDDO         
  C:5D0EH         LINE#         31
  C:5D0EH         LINE#         32
  C:5D0EH         LINE#         33
  C:5D14H         LINE#         35
  C:5D22H         LINE#         36
  C:5D31H         LINE#         37
  C:5D40H         LINE#         38
  C:5D4FH         LINE#         40
BL51 BANKED LINKER/LOCATER V6.22.2.0                                                  05/11/2021  17:46:10  PAGE 24


  C:5D54H         LINE#         41
  -------         ENDPROC       GETPROJECTNAMEEE
  -------         PROC          SAVEFWREVEE
  C:623AH         LINE#         43
  C:623AH         LINE#         44
  C:623AH         LINE#         51
  C:6242H         LINE#         52
  C:624AH         LINE#         53
  -------         ENDPROC       SAVEFWREVEE
  -------         PROC          CLEARBASICEE
  C:5304H         LINE#         67
  C:5304H         LINE#         68
  C:5304H         LINE#         70
  C:530DH         LINE#         72
  C:5315H         LINE#         73
  C:531EH         LINE#         74
  C:5327H         LINE#         75
  C:5330H         LINE#         79
  C:5339H         LINE#         82
  C:5342H         LINE#         84
  C:534AH         LINE#         86
  C:5352H         LINE#         88
  C:535AH         LINE#         90
  C:5363H         LINE#         92
  C:536BH         LINE#         94
  C:5374H         LINE#         95
  C:537CH         LINE#         97
  C:5385H         LINE#         98
  C:538DH         LINE#         100
  C:5396H         LINE#         101
  C:539EH         LINE#         103
  C:53A7H         LINE#         104
  C:53AFH         LINE#         106
  C:53B7H         LINE#         107
  C:53BFH         LINE#         108
  C:53C7H         LINE#         110
  C:53CFH         LINE#         111
  C:53D7H         LINE#         112
  -------         ENDPROC       CLEARBASICEE
  -------         ENDMOD        ETC_EEP

  -------         MODULE        HS_DVRPROTOCOL
  C:0000H         SYMBOL        _ICE_DUMMY_
  X:0000H         PUBLIC        protocol_data_count
  D:00B2H         PUBLIC        P3M1
  D:00A8H         PUBLIC        IE
  X:0001H         PUBLIC        protocol_len
  D:00B8H         PUBLIC        IP
  X:0002H         PUBLIC        protocol_type
  B:0021H.3       PUBLIC        protocol_escape_flag
  D:00B7H         PUBLIC        IPH
  X:0003H         PUBLIC        protocol_chksum
  X:0004H         PUBLIC        protocol_param
  X:0005H         PUBLIC        protocol_data
  C:17E9H         PUBLIC        DvrReceivePaser
  X:0105H         PUBLIC        protocol_state
  -------         PROC          DVRRECEIVEPASER
BL51 BANKED LINKER/LOCATER V6.22.2.0                                                  05/11/2021  17:46:10  PAGE 25


  -------         DO            
  X:01FFH         SYMBOL        c
  -------         ENDDO         
  C:17E9H         LINE#         45
  C:17E9H         LINE#         46
  C:17E9H         LINE#         48
  C:17F2H         LINE#         49
  C:17F2H         LINE#         50
  C:17FAH         LINE#         52
  C:1800H         LINE#         53
  C:1800H         LINE#         57
  C:1802H         LINE#         58
  C:1807H         LINE#         59
  C:180DH         LINE#         61
  C:180DH         LINE#         63
  C:1813H         LINE#         64
  C:1813H         LINE#         65
  C:1816H         LINE#         67
  C:1816H         LINE#         69
  C:1819H         LINE#         70
  C:1819H         LINE#         71
  C:181BH         LINE#         72
  C:1822H         LINE#         73
  C:1822H         LINE#         75
  C:182BH         LINE#         76
  C:182BH         LINE#         77
  C:183BH         LINE#         78
  C:183BH         LINE#         80
  C:1850H         LINE#         81
  C:1850H         LINE#         82
  C:1850H         LINE#         83
  C:1858H         LINE#         84
  C:1871H         LINE#         85
  C:1871H         LINE#         86
  C:1871H         LINE#         87
  C:1871H         LINE#         88
  C:1871H         LINE#         89
  C:1871H         LINE#         90
  C:1871H         LINE#         91
  C:1871H         LINE#         92
  C:1871H         LINE#         93
  C:1871H         LINE#         94
  C:1871H         LINE#         95
  C:1871H         LINE#         96
  C:1871H         LINE#         97
  C:1871H         LINE#         98
  C:1871H         LINE#         99
  C:1871H         LINE#         100
  C:1871H         LINE#         101
  C:1871H         LINE#         103
  C:1877H         LINE#         104
  C:1878H         LINE#         105
  C:1878H         LINE#         106
  C:1878H         LINE#         107
  C:187BH         LINE#         108
  C:187BH         LINE#         109
  C:187BH         LINE#         111
BL51 BANKED LINKER/LOCATER V6.22.2.0                                                  05/11/2021  17:46:10  PAGE 26


  C:187BH         LINE#         112
  C:1883H         LINE#         113
  C:189EH         LINE#         114
  C:189EH         LINE#         115
  C:189EH         LINE#         116
  C:189EH         LINE#         117
  C:189EH         LINE#         118
  C:189EH         LINE#         119
  C:189EH         LINE#         120
  C:189EH         LINE#         121
  C:189EH         LINE#         122
  C:189EH         LINE#         123
  C:189EH         LINE#         124
  C:189EH         LINE#         125
  C:189EH         LINE#         126
  C:189EH         LINE#         127
  C:189EH         LINE#         128
  C:189EH         LINE#         129
  C:189EH         LINE#         130
  C:189EH         LINE#         132
  C:18A4H         LINE#         133
  C:18A4H         LINE#         134
  C:18A4H         LINE#         135
  C:18A6H         LINE#         137
  C:18A6H         LINE#         138
  C:18ABH         LINE#         139
  C:18B1H         LINE#         144
  C:18B1H         LINE#         145
  C:18B2H         LINE#         146
  C:18B2H         LINE#         147
  C:18B2H         LINE#         148
  C:18B5H         LINE#         149
  C:18B5H         LINE#         150
  C:18B5H         LINE#         152
  C:18B5H         LINE#         153
  C:18D2H         LINE#         154
  C:18D2H         LINE#         155
  C:18D2H         LINE#         156
  C:18D2H         LINE#         157
  C:18D2H         LINE#         158
  C:18D2H         LINE#         159
  C:18D2H         LINE#         160
  C:18D2H         LINE#         161
  C:18D2H         LINE#         162
  C:18D2H         LINE#         163
  C:18D2H         LINE#         164
  C:18D2H         LINE#         165
  C:18D2H         LINE#         166
  C:18D2H         LINE#         167
  C:18D2H         LINE#         168
  C:18D2H         LINE#         169
  C:18D2H         LINE#         172
  C:18E6H         LINE#         173
  C:18ECH         LINE#         174
  C:18F9H         LINE#         175
  C:18FFH         LINE#         179
  C:18FFH         LINE#         184
BL51 BANKED LINKER/LOCATER V6.22.2.0                                                  05/11/2021  17:46:10  PAGE 27


  C:1900H         LINE#         185
  C:1900H         LINE#         186
  C:1900H         LINE#         187
  C:1903H         LINE#         188
  C:1903H         LINE#         189
  C:1903H         LINE#         191
  C:1903H         LINE#         192
  C:1912H         LINE#         193
  C:1912H         LINE#         198
  C:194DH         LINE#         199
  C:194DH         LINE#         200
  C:194DH         LINE#         204
  C:1954H         LINE#         205
  C:195DH         LINE#         206
  C:196AH         LINE#         207
  C:196AH         LINE#         208
  C:196EH         LINE#         209
  C:1973H         LINE#         210
  C:1978H         LINE#         211
  C:1978H         LINE#         212
  C:1981H         LINE#         213
  C:198AH         LINE#         214
  C:198DH         LINE#         215
  C:1990H         LINE#         216
  C:1990H         LINE#         220
  C:1995H         LINE#         221
  C:19A1H         LINE#         222
  C:19A7H         LINE#         223
  C:19AAH         LINE#         224
  C:19AAH         LINE#         229
  C:19B0H         LINE#         230
  C:19B3H         LINE#         231
  C:19B3H         LINE#         236
  C:19B9H         LINE#         237
  C:19BCH         LINE#         238
  C:19BCH         LINE#         251
  C:19DDH         LINE#         252
  C:19FEH         LINE#         254
  C:1A1FH         LINE#         255
  C:1A40H         LINE#         257
  C:1A61H         LINE#         258
  C:1A82H         LINE#         260
  C:1AA3H         LINE#         261
  C:1AC4H         LINE#         263
  C:1AD0H         LINE#         264
  C:1ADCH         LINE#         266
  C:1AE8H         LINE#         267
  C:1AF4H         LINE#         269
  C:1B00H         LINE#         270
  C:1B0CH         LINE#         272
  C:1B18H         LINE#         273
  C:1B24H         LINE#         275
  C:1B2AH         LINE#         277
  C:1B2DH         LINE#         279
  C:1B2DH         LINE#         285
  C:1B3AH         LINE#         286
  C:1B3DH         LINE#         288
BL51 BANKED LINKER/LOCATER V6.22.2.0                                                  05/11/2021  17:46:10  PAGE 28


  C:1B4FH         LINE#         290
  C:1B58H         LINE#         291
  C:1B5DH         LINE#         293
  C:1B67H         LINE#         294
  C:1B70H         LINE#         321
  C:1B73H         LINE#         323
  C:1B73H         LINE#         328
  C:1B7CH         LINE#         329
  C:1B7CH         LINE#         330
  C:1B83H         LINE#         334
  C:1B86H         LINE#         335
  C:1B8FH         LINE#         336
  C:1B8FH         LINE#         337
  C:1B94H         LINE#         338
  C:1B9BH         LINE#         342
  C:1B9BH         LINE#         343
  C:1B9EH         LINE#         345
  C:1B9EH         LINE#         349
  C:1BA4H         LINE#         350
  C:1BA7H         LINE#         352
  C:1BA7H         LINE#         357
  C:1BADH         LINE#         358
  C:1BADH         LINE#         359
  C:1BB4H         LINE#         360
  C:1BB9H         LINE#         363
  C:1BBEH         LINE#         364
  C:1BC3H         LINE#         365
  C:1BC8H         LINE#         366
  C:1BCDH         LINE#         367
  C:1BD2H         LINE#         368
  C:1BD7H         LINE#         370
  C:1BDDH         LINE#         372
  C:1BE0H         LINE#         373
  C:1BE8H         LINE#         374
  C:1BE8H         LINE#         375
  C:1BEEH         LINE#         376
  C:1BEEH         LINE#         377
  C:1BEEH         LINE#         378
  C:1BF0H         LINE#         379
  C:1BFBH         LINE#         380
  C:1BFBH         LINE#         381
  C:1C02H         LINE#         382
  C:1C05H         LINE#         383
  C:1C0EH         LINE#         384
  C:1C13H         LINE#         385
  C:1C13H         LINE#         387
  C:1C16H         LINE#         389
  C:1C16H         LINE#         394
  C:1C21H         LINE#         395
  C:1C21H         LINE#         396
  C:1C28H         LINE#         397
  C:1C2DH         LINE#         401
  C:1C2FH         LINE#         402
  C:1C3BH         LINE#         403
  C:1C3BH         LINE#         404
  C:1C42H         LINE#         405
  C:1C47H         LINE#         406
BL51 BANKED LINKER/LOCATER V6.22.2.0                                                  05/11/2021  17:46:10  PAGE 29


  C:1C4EH         LINE#         408
  C:1C5AH         LINE#         409
  C:1C5EH         LINE#         410
  C:1C5EH         LINE#         411
  C:1C6EH         LINE#         412
  C:1C6EH         LINE#         413
  C:1C75H         LINE#         414
  C:1C7CH         LINE#         415
  C:1C81H         LINE#         416
  C:1C88H         LINE#         417
  C:1C92H         LINE#         418
  C:1C9AH         LINE#         422
  C:1CA6H         LINE#         423
  C:1CAAH         LINE#         424
  C:1CACH         LINE#         425
  C:1CBCH         LINE#         426
  C:1CBCH         LINE#         427
  C:1CC1H         LINE#         431
  C:1CC1H         LINE#         433
  C:1CC6H         LINE#         435
  C:1CD1H         LINE#         436
  C:1CD7H         LINE#         438
  C:1CD9H         LINE#         440
  C:1CD9H         LINE#         444
  C:1CDFH         LINE#         445
  C:1CE1H         LINE#         447
  C:1CE1H         LINE#         449
  C:1CE9H         LINE#         450
  C:1CE9H         LINE#         451
  C:1CF1H         LINE#         452
  C:1CF7H         LINE#         453
  C:1CF9H         LINE#         455
  C:1CF9H         LINE#         456
  C:1D01H         LINE#         457
  C:1D06H         LINE#         458
  C:1D06H         LINE#         465
  C:1D08H         LINE#         466
  C:1D08H         LINE#         467
  C:1D13H         LINE#         468
  C:1D18H         LINE#         470
  C:1D1BH         LINE#         475
  C:1D24H         LINE#         478
  C:1D26H         LINE#         479
  C:1D26H         LINE#         483
  C:1D2CH         LINE#         484
  C:1D2EH         LINE#         485
  C:1D2EH         LINE#         489
  C:1D37H         LINE#         490
  C:1D39H         LINE#         491
  C:1D39H         LINE#         493
  C:1D41H         LINE#         494
  C:1D41H         LINE#         495
  C:1D46H         LINE#         496
  C:1D49H         LINE#         497
  C:1D4CH         LINE#         498
  C:1D4FH         LINE#         499
  C:1D54H         LINE#         500
BL51 BANKED LINKER/LOCATER V6.22.2.0                                                  05/11/2021  17:46:10  PAGE 30


  C:1D56H         LINE#         502
  C:1D56H         LINE#         503
  C:1D5BH         LINE#         504
  C:1D5EH         LINE#         505
  C:1D61H         LINE#         506
  C:1D64H         LINE#         507
  C:1D6AH         LINE#         508
  C:1D6AH         LINE#         515
  C:1D6AH         LINE#         516
  C:1D6AH         LINE#         517
  C:1D6AH         LINE#         518
  C:1D6AH         LINE#         520
  C:1D6AH         LINE#         522
  C:1D6AH         LINE#         526
  C:1D6AH         LINE#         527
  C:1D6FH         LINE#         528
  C:1D6FH         LINE#         529
  C:1D6FH         LINE#         530
  C:1D6FH         LINE#         531
  C:1D6FH         LINE#         532
  C:1D6FH         LINE#         535
  -------         ENDPROC       DVRRECEIVEPASER
  -------         ENDMOD        HS_DVRPROTOCOL

  -------         MODULE        I2C
  C:0000H         SYMBOL        _ICE_DUMMY_
  B:0090H.0       PUBLIC        P1_0
  B:0090H.1       PUBLIC        P1_1
  C:5FD7H         PUBLIC        I2CReadData
  C:5F9EH         PUBLIC        _ReadI2C
  C:59CBH         PUBLIC        _I2CWriteData
  C:62FCH         PUBLIC        I2CStart
  C:62B3H         PUBLIC        I2Cdelay
  C:6120H         PUBLIC        _ReadEEP
  C:6167H         PUBLIC        _WriteAD5110
  C:0016H         PUBLIC        I2CStop
  C:5D55H         PUBLIC        _WriteEEP
  C:594DH         PUBLIC        _AD5110_I2CWriteData
  C:62AFH         SYMBOL        L?0054
  -------         PROC          L?0053
  -------         ENDPROC       L?0053
  C:62AFH         SYMBOL        L?0054
  -------         PROC          I2CDELAY
  -------         DO            
  D:0007H         SYMBOL        i
  -------         ENDDO         
  C:62B3H         LINE#         34
  C:62B3H         LINE#         35
  C:62B3H         LINE#         37
  C:62BFH         LINE#         38
  C:62C2H         LINE#         39
  -------         ENDPROC       I2CDELAY
  -------         PROC          _WRITEEEP
  X:0207H         SYMBOL        index
  X:0209H         SYMBOL        dat
  -------         DO            
  X:020AH         SYMBOL        addr
BL51 BANKED LINKER/LOCATER V6.22.2.0                                                  05/11/2021  17:46:10  PAGE 31


  -------         ENDDO         
  C:5D55H         LINE#         42
  C:5D60H         LINE#         43
  C:5D60H         LINE#         46
  C:5D78H         LINE#         48
  C:5D7BH         LINE#         49
  C:5D83H         LINE#         50
  C:5D8CH         LINE#         51
  C:5D94H         LINE#         52
  C:5D97H         LINE#         58
  -------         ENDPROC       _WRITEEEP
  -------         PROC          _READEEP
  D:0004H         SYMBOL        index
  -------         DO            
  X:0233H         SYMBOL        val
  D:0007H         SYMBOL        addr
  -------         ENDDO         
  C:6120H         LINE#         61
  C:6124H         LINE#         62
  C:6124H         LINE#         66
  C:6133H         LINE#         68
  C:613BH         LINE#         73
  C:6140H         LINE#         74
  C:6145H         LINE#         75
  -------         ENDPROC       _READEEP
  -------         PROC          _READI2C
  X:0234H         SYMBOL        addr
  X:0235H         SYMBOL        index
  -------         DO            
  X:0236H         SYMBOL        val
  -------         ENDDO         
  C:5F9EH         LINE#         77
  C:5FA6H         LINE#         78
  C:5FA6H         LINE#         81
  C:5FA9H         LINE#         82
  C:5FB1H         LINE#         83
  C:5FB9H         LINE#         84
  C:5FBCH         LINE#         85
  C:5FC6H         LINE#         86
  C:5FCEH         LINE#         87
  C:5FD1H         LINE#         89
  C:5FD6H         LINE#         90
  -------         ENDPROC       _READI2C
  -------         PROC          I2CSTART
  C:62FCH         LINE#         106
  C:62FCH         LINE#         107
  C:62FCH         LINE#         108
  C:6301H         LINE#         109
  C:6306H         LINE#         110
  C:630BH         LINE#         111
  C:630DH         LINE#         112
  -------         ENDPROC       I2CSTART
  -------         PROC          I2CSTOP
  C:0016H         LINE#         114
  C:0016H         LINE#         115
  C:0016H         LINE#         116
  C:001BH         LINE#         117
BL51 BANKED LINKER/LOCATER V6.22.2.0                                                  05/11/2021  17:46:10  PAGE 32


  C:0020H         LINE#         118
  C:0022H         LINE#         119
  -------         ENDPROC       I2CSTOP
  -------         PROC          _I2CWRITEDATA
  D:0006H         SYMBOL        value
  C:59CBH         LINE#         121
  C:59CDH         LINE#         122
  C:59CDH         LINE#         124
  C:59DAH         LINE#         125
  C:59E7H         LINE#         126
  C:59F4H         LINE#         127
  C:5A01H         LINE#         129
  C:5A0EH         LINE#         130
  C:5A1BH         LINE#         131
  C:5A28H         LINE#         132
  C:5A35H         LINE#         135
  C:5A37H         LINE#         136
  C:5A39H         LINE#         137
  C:5A3BH         LINE#         138
  C:5A3DH         LINE#         140
  C:5A3FH         LINE#         141
  C:5A41H         LINE#         142
  C:5A43H         LINE#         143
  C:5A45H         LINE#         144
  -------         ENDPROC       _I2CWRITEDATA
  -------         PROC          I2CREADDATA
  -------         DO            
  D:0004H         SYMBOL        i
  D:0006H         SYMBOL        value
  -------         ENDDO         
  C:5FD7H         LINE#         146
  C:5FD7H         LINE#         147
  C:5FD7H         LINE#         149
  C:5FD9H         LINE#         151
  C:5FDEH         LINE#         152
  C:5FE0H         LINE#         154
  C:5FE3H         LINE#         155
  C:5FE5H         LINE#         156
  C:5FE9H         LINE#         157
  C:5FEFH         LINE#         158
  C:5FF1H         LINE#         159
  C:5FFCH         LINE#         160
  C:5FFFH         LINE#         162
  C:6001H         LINE#         163
  C:6003H         LINE#         164
  C:6005H         LINE#         165
  C:6007H         LINE#         167
  C:6009H         LINE#         169
  -------         ENDPROC       I2CREADDATA
  -------         PROC          _AD5110_I2CWRITEDATA
  D:0006H         SYMBOL        value
  C:594DH         LINE#         172
  C:594FH         LINE#         173
  C:594FH         LINE#         175
  C:595CH         LINE#         176
  C:5969H         LINE#         177
  C:5976H         LINE#         178
BL51 BANKED LINKER/LOCATER V6.22.2.0                                                  05/11/2021  17:46:10  PAGE 33


  C:5983H         LINE#         180
  C:5990H         LINE#         181
  C:599DH         LINE#         182
  C:59AAH         LINE#         183
  C:59B7H         LINE#         186
  C:59B9H         LINE#         187
  C:59BBH         LINE#         188
  C:59BDH         LINE#         189
  C:59BFH         LINE#         190
  C:59C2H         LINE#         191
  C:59C4H         LINE#         192
  C:59C6H         LINE#         193
  C:59C8H         LINE#         194
  C:59CAH         LINE#         196
  -------         ENDPROC       _AD5110_I2CWRITEDATA
  -------         PROC          _WRITEAD5110
  D:0002H         SYMBOL        index
  D:0005H         SYMBOL        dat
  -------         DO            
  D:0006H         SYMBOL        addr
  -------         ENDDO         
  C:6167H         LINE#         229
  C:616BH         LINE#         230
  C:616BH         LINE#         233
  C:616DH         LINE#         235
  C:6170H         LINE#         236
  C:6175H         LINE#         237
  C:617AH         LINE#         238
  C:617FH         LINE#         239
  C:6182H         LINE#         245
  -------         ENDPROC       _WRITEAD5110
  -------         ENDMOD        I2C

  -------         MODULE        KEYREMO
  C:0000H         SYMBOL        _ICE_DUMMY_
  C:621FH         PUBLIC        _GetKey
  C:5BDBH         PUBLIC        Scankey
  -------         PROC          SCANKEY
  C:5BDBH         LINE#         33
  C:5BDBH         LINE#         34
  C:5BDBH         LINE#         36
  C:5BE3H         LINE#         37
  C:5BE3H         LINE#         39
  C:5BF3H         LINE#         40
  C:5BF3H         LINE#         41
  C:5BF7H         LINE#         42
  C:5BFDH         LINE#         43
  C:5BFFH         LINE#         44
  C:5C0FH         LINE#         45
  C:5C0FH         LINE#         46
  C:5C13H         LINE#         47
  C:5C17H         LINE#         48
  C:5C1BH         LINE#         49
  C:5C22H         LINE#         50
  C:5C22H         LINE#         52
  C:5C2BH         LINE#         53
  C:5C2BH         LINE#         55
BL51 BANKED LINKER/LOCATER V6.22.2.0                                                  05/11/2021  17:46:10  PAGE 34


  -------         ENDPROC       SCANKEY
  -------         PROC          _GETKEY
  D:0007H         SYMBOL        repeat
  -------         DO            
  B:0021H.1       SYMBOL        ready
  -------         ENDDO         
  C:621FH         LINE#         60
  C:621FH         LINE#         61
  C:621FH         LINE#         65
  C:6223H         LINE#         66
  C:6225H         LINE#         68
  C:622BH         LINE#         69
  C:6231H         LINE#         70
  C:6237H         LINE#         72
  C:6239H         LINE#         73
  -------         ENDPROC       _GETKEY
  -------         ENDMOD        KEYREMO

  -------         MODULE        MAIN
  C:0000H         SYMBOL        _ICE_DUMMY_
  C:4973H         PUBLIC        _Mapping1
  C:56A6H         PUBLIC        _mcuLib_ProtocolSendCmdWithParamNum
  D:00B2H         PUBLIC        P3M1
  C:4C57H         PUBLIC        _GetRotateNumber
  D:00E7H         PUBLIC        ISPCR
  D:00E8H         PUBLIC        P4
  X:0106H         PUBLIC        ulongRotateNumber
  C:2C83H         PUBLIC        EncorderHandler_TELI
  X:010AH         PUBLIC        PowerFlag
  B:0080H.0       PUBLIC        P0_0
  X:010BH         PUBLIC        LowBatteryFlag
  B:0080H.1       PUBLIC        P0_1
  X:010CH         PUBLIC        UserRange
  B:00B0H.4       PUBLIC        P3_4
  B:00B0H.5       PUBLIC        P3_5
  C:5EA9H         PUBLIC        _SetAD5110Step
  C:3530H         PUBLIC        _MCU_SendCmdToDVR
  X:0112H         PUBLIC        g_stBatteryInfo
  D:00C6H         PUBLIC        ADCV
  X:0118H         PUBLIC        DVRChangeCurrent
  X:0119H         PUBLIC        EncorderLen_Offset
  X:011BH         PUBLIC        EncorderLenint
  C:58CBH         PUBLIC        main
  D:00E6H         PUBLIC        SCMD
  X:011CH         PUBLIC        bytBatteryStopCharge
  X:011DH         PUBLIC        g_stDVRInfo
  X:011FH         PUBLIC        PowerOffToOnFlag
  X:0120H         PUBLIC        bytFastEncoderMode
  D:00E3H         PUBLIC        IFADRH
  D:00E5H         PUBLIC        IFMT
  X:0121H         PUBLIC        Power_down_mode
  D:00E4H         PUBLIC        IFADRL
  X:0122H         PUBLIC        bytBatteryStopChargeCount
  X:0123H         PUBLIC        TDecimal1
  X:0127H         PUBLIC        ulongRotateNumberTELI
  X:012BH         PUBLIC        TDecimal2
  X:012FH         PUBLIC        TDecimal3
[...]
  C:07EEH         LINE#         1150
  C:07F6H         LINE#         1151
  C:07F6H         LINE#         1153
  C:07F6H         LINE#         1157
  C:07FCH         LINE#         1158
  C:07FCH         LINE#         1164
  C:07FFH         LINE#         1166
  C:0805H         LINE#         1168
  C:0805H         LINE#         1170
  C:0808H         LINE#         1171
  C:0808H         LINE#         1172
  C:0813H         LINE#         1173
  C:0818H         LINE#         1174
  C:081BH         LINE#         1175
  C:081BH         LINE#         1179
  C:0826H         LINE#         1191
  C:0839H         LINE#         1192
  C:0839H         LINE#         1193
  C:083EH         LINE#         1194
  C:0842H         LINE#         1195
  C:0846H         LINE#         1196
  C:084CH         LINE#         1197
  C:084DH         LINE#         1198
  C:0850H         LINE#         1199
  C:0869H         LINE#         1200
BL51 BANKED LINKER/LOCATER V6.22.2.0                                                  05/11/2021  17:46:10  PAGE 70


  C:0869H         LINE#         1201
  C:086EH         LINE#         1202
  C:0872H         LINE#         1203
  C:0876H         LINE#         1204
  C:087AH         LINE#         1205
  C:0880H         LINE#         1206
  C:0883H         LINE#         1207
  C:0895H         LINE#         1208
  C:0895H         LINE#         1209
  C:089BH         LINE#         1210
  C:08A0H         LINE#         1211
  C:08A4H         LINE#         1212
  C:08A8H         LINE#         1213
  C:08A8H         LINE#         1214
  C:08AAH         LINE#         1215
  C:08BCH         LINE#         1216
  C:08BCH         LINE#         1217
  C:08C1H         LINE#         1218
  C:08C5H         LINE#         1219
  C:08CBH         LINE#         1220
  C:08D0H         LINE#         1221
  C:08D0H         LINE#         1223
  C:08D2H         LINE#         1224
  C:08E4H         LINE#         1225
  C:08E4H         LINE#         1226
  C:08E9H         LINE#         1227
  C:08EFH         LINE#         1228
  C:08F4H         LINE#         1229
  C:08F8H         LINE#         1230
  C:08F8H         LINE#         1231
  C:08FAH         LINE#         1233
  C:08FAH         LINE#         1236
  C:0901H         LINE#         1237
  C:0906H         LINE#         1239
  C:090CH         LINE#         1240
  C:0911H         LINE#         1241
  C:0915H         LINE#         1242
  C:0919H         LINE#         1243
  C:091DH         LINE#         1244
  C:0921H         LINE#         1245
  C:0921H         LINE#         1247
  C:0977H         LINE#         1249
  C:097DH         LINE#         1252
  C:0985H         LINE#         1253
  C:0985H         LINE#         1254
  C:098BH         LINE#         1255
  C:0990H         LINE#         1256
  C:0997H         LINE#         1257
  C:099AH         LINE#         1258
  C:09A1H         LINE#         1259
  C:09A1H         LINE#         1261
  C:09A9H         LINE#         1262
  C:09A9H         LINE#         1263
  C:09AFH         LINE#         1264
  C:09B4H         LINE#         1265
  C:09BBH         LINE#         1266
  C:09BEH         LINE#         1267
BL51 BANKED LINKER/LOCATER V6.22.2.0                                                  05/11/2021  17:46:10  PAGE 71


  C:09C5H         LINE#         1268
  C:09C5H         LINE#         1270
  C:09CDH         LINE#         1271
  C:09CDH         LINE#         1272
  C:09D1H         LINE#         1273
  C:09D6H         LINE#         1274
  C:09DDH         LINE#         1275
  C:09E0H         LINE#         1276
  C:09E7H         LINE#         1277
  C:09E7H         LINE#         1279
  C:09EFH         LINE#         1280
  C:09EFH         LINE#         1281
  C:09F5H         LINE#         1282
  C:09FAH         LINE#         1283
  C:0A01H         LINE#         1284
  C:0A04H         LINE#         1285
  C:0A0BH         LINE#         1286
  C:0A0BH         LINE#         1288
  C:0A13H         LINE#         1289
  C:0A13H         LINE#         1290
  C:0A19H         LINE#         1291
  C:0A1EH         LINE#         1292
  C:0A25H         LINE#         1293
  C:0A28H         LINE#         1294
  C:0A2FH         LINE#         1295
  C:0A2FH         LINE#         1305
  C:0A3EH         LINE#         1308
  C:0A57H         LINE#         1309
  C:0A57H         LINE#         1310
  C:0A5DH         LINE#         1311
  C:0A62H         LINE#         1312
  C:0A64H         LINE#         1314
  C:0A64H         LINE#         1315
  C:0A69H         LINE#         1316
  C:0A6FH         LINE#         1318
  C:0A6FH         LINE#         1320
  C:0A77H         LINE#         1321
  C:0A77H         LINE#         1322
  C:0A78H         LINE#         1323
  C:0A8DH         LINE#         1324
  C:0A94H         LINE#         1328
  C:0A96H         LINE#         1329
  C:0A9EH         LINE#         1330
  C:0A9EH         LINE#         1331
  C:0A9FH         LINE#         1332
  C:0AA6H         LINE#         1333
  C:0AA6H         LINE#         1365
  C:0AAEH         LINE#         1366
  C:0AB4H         LINE#         1368
  C:0AB8H         LINE#         1369
  C:0ABBH         LINE#         1371
  C:0ABBH         LINE#         1374
  C:0AC8H         LINE#         1375
  C:0AC8H         LINE#         1379
  C:0ACCH         LINE#         1380
  C:0ACFH         LINE#         1381
  C:0AD5H         LINE#         1382
BL51 BANKED LINKER/LOCATER V6.22.2.0                                                  05/11/2021  17:46:10  PAGE 72


  C:0AD5H         LINE#         1383
  C:0AD8H         LINE#         1385
  C:0AD8H         LINE#         1401
  C:0AE3H         LINE#         1402
  C:0AE3H         LINE#         1403
  C:0AF0H         LINE#         1404
  C:0AF0H         LINE#         1405
  C:0AF4H         LINE#         1407
  C:0AF6H         LINE#         1412
  C:0AFEH         LINE#         1413
  C:0B07H         LINE#         1414
  C:0B09H         LINE#         1416
  C:0B11H         LINE#         1417
  C:0B1AH         LINE#         1418
  C:0B1CH         LINE#         1420
  C:0B1CH         LINE#         1422
  C:0B27H         LINE#         1423
  C:0B27H         LINE#         1424
  C:0B29H         LINE#         1425
  C:0B2CH         LINE#         1427
  C:0B2CH         LINE#         1429
  C:0B36H         LINE#         1430
  C:0B36H         LINE#         1432
  C:0B59H         LINE#         1433
  C:0B59H         LINE#         1434
  C:0B64H         LINE#         1435
  C:0B68H         LINE#         1437
  C:0B6AH         LINE#         1438
  C:0B6DH         LINE#         1439
  C:0B77H         LINE#         1440
  C:0B7AH         LINE#         1444
  C:0B84H         LINE#         1445
  C:0B84H         LINE#         1447
  C:0BA7H         LINE#         1448
  C:0BA7H         LINE#         1449
  C:0BB2H         LINE#         1450
  C:0BB6H         LINE#         1452
  C:0BB8H         LINE#         1453
  C:0BBAH         LINE#         1454
  C:0BC4H         LINE#         1455
  C:0BC6H         LINE#         1457
  C:0BC6H         LINE#         1458
  C:0BC8H         LINE#         1459
  C:0BD2H         LINE#         1460
  C:0BD2H         LINE#         1462
  C:0BF5H         LINE#         1463
  C:0BF5H         LINE#         1464
  C:0C00H         LINE#         1465
  C:0C04H         LINE#         1467
  C:0C06H         LINE#         1468
  C:0C08H         LINE#         1469
  C:0C12H         LINE#         1470
  C:0C19H         LINE#         1472
  C:0C22H         LINE#         1473
  C:0C22H         LINE#         1476
  C:0C22H         LINE#         1478
  C:0C28H         LINE#         1481
BL51 BANKED LINKER/LOCATER V6.22.2.0                                                  05/11/2021  17:46:10  PAGE 73


  C:0C2AH         LINE#         1483
  C:0C2AH         LINE#         1484
  C:0C31H         LINE#         1485
  C:0C33H         LINE#         1486
  C:0C36H         LINE#         1487
  C:0C3BH         LINE#         1488
  C:0C4BH         LINE#         1489
  C:0C50H         LINE#         1490
  C:0C59H         LINE#         1491
  C:0C62H         LINE#         1492
  C:0C62H         LINE#         1494
  C:0C64H         LINE#         1496
  C:0C65H         LINE#         1498
  C:0C65H         LINE#         1500
  C:0C98H         LINE#         1502
  C:0C98H         LINE#         1503
  C:0C9EH         LINE#         1504
  C:0CA8H         LINE#         1505
  C:0CB0H         LINE#         1510
  C:0CB9H         LINE#         1511
  C:0CB9H         LINE#         1514
  C:0CBAH         LINE#         1516
  C:0CBAH         LINE#         1518
  C:0CC2H         LINE#         1519
  C:0CCAH         LINE#         1528
  C:0CE1H         LINE#         1529
  C:0CE1H         LINE#         1530
  C:0CE6H         LINE#         1531
  C:0CEFH         LINE#         1532
  C:0CEFH         LINE#         1534
  C:0D06H         LINE#         1535
  C:0D06H         LINE#         1536
  C:0D0BH         LINE#         1537
  C:0D14H         LINE#         1538
  C:0D14H         LINE#         1571
  C:0D1CH         LINE#         1572
  C:0D1CH         LINE#         1573
  C:0D2AH         LINE#         1574
  C:0D2AH         LINE#         1578
  C:0D31H         LINE#         1579
  C:0D34H         LINE#         1580
  C:0D34H         LINE#         1582
  C:0D34H         LINE#         1584
  C:0D5AH         LINE#         1585
  C:0D5AH         LINE#         1587
  C:0D5AH         LINE#         1589
  C:0D67H         LINE#         1590
  C:0D67H         LINE#         1594
  C:0D6BH         LINE#         1595
  C:0D6BH         LINE#         1604
  C:0D77H         LINE#         1605
  C:0D77H         LINE#         1609
  C:0D7BH         LINE#         1610
  C:0D84H         LINE#         1611
  C:0D8EH         LINE#         1612
  C:0D96H         LINE#         1613
  C:0D96H         LINE#         1614
BL51 BANKED LINKER/LOCATER V6.22.2.0                                                  05/11/2021  17:46:10  PAGE 74


  C:0D9DH         LINE#         1642
  C:0DA0H         LINE#         1643
  C:0DA0H         LINE#         1644
  C:0DA0H         LINE#         1645
  C:0DBFH         LINE#         1646
  C:0DBFH         LINE#         1647
  C:0DC4H         LINE#         1649
  C:0DCEH         LINE#         1650
  C:0DD6H         LINE#         1655
  C:0DD9H         LINE#         1656
  C:0DDBH         LINE#         1657
  C:0DF7H         LINE#         1658
  C:0DF7H         LINE#         1659
  C:0DF9H         LINE#         1660
  C:0E00H         LINE#         1662
  C:0E0CH         LINE#         1663
  C:0E10H         LINE#         1664
  C:0E10H         LINE#         1666
  C:0E1BH         LINE#         1667
  C:0E1BH         LINE#         1668
  C:0E23H         LINE#         1672
  C:0E23H         LINE#         1674
  C:0E2AH         LINE#         1675
  C:0E2FH         LINE#         1676
  C:0E31H         LINE#         1678
  C:0E31H         LINE#         1679
  C:0E38H         LINE#         1681
  C:0E43H         LINE#         1682
  C:0E43H         LINE#         1683
  C:0E4BH         LINE#         1687
  C:0E4BH         LINE#         1688
  C:0E4DH         LINE#         1689
  C:0E4DH         LINE#         1690
  C:0E4DH         LINE#         1691
  C:0E4DH         LINE#         1692
  C:0E4DH         LINE#         1693
  C:0E4DH         LINE#         1695
  C:0E54H         LINE#         1706
  C:0E5BH         LINE#         1707
  C:0E5BH         LINE#         1712
  C:0E5BH         LINE#         1772
  C:0E61H         LINE#         1773
  C:0E64H         LINE#         1774
  C:0E64H         LINE#         1788
  C:0E6CH         LINE#         1789
  C:0E6CH         LINE#         1791
  C:0E7AH         LINE#         1792
  C:0E7AH         LINE#         1793
  C:0E82H         LINE#         1794
  C:0E82H         LINE#         1796
  C:0E8BH         LINE#         1797
  C:0E91H         LINE#         1798
  C:0E93H         LINE#         1800
  C:0E93H         LINE#         1801
  C:0E96H         LINE#         1802
  C:0E96H         LINE#         1806
  C:0E98H         LINE#         1807
BL51 BANKED LINKER/LOCATER V6.22.2.0                                                  05/11/2021  17:46:10  PAGE 75


  C:0E98H         LINE#         1812
  C:0E9DH         LINE#         1815
  C:0EA6H         LINE#         1816
  C:0EA6H         LINE#         1818
  C:0EA8H         LINE#         1820
  C:0EA9H         LINE#         1822
  C:0EA9H         LINE#         1823
  C:0EB6H         LINE#         1824
  C:0EB8H         LINE#         1825
  C:0EBAH         LINE#         1827
  C:0EBAH         LINE#         1828
  C:0EC4H         LINE#         1829
  C:0EC6H         LINE#         1830
  C:0EC8H         LINE#         1831
  C:0EC8H         LINE#         1832
  C:0ED2H         LINE#         1833
  C:0ED4H         LINE#         1834
  C:0ED6H         LINE#         1836
  C:0ED6H         LINE#         1837
  C:0EE0H         LINE#         1838
  C:0EE2H         LINE#         1839
  C:0EE4H         LINE#         1842
  C:0EE4H         LINE#         1843
  C:0EEEH         LINE#         1844
  C:0EF3H         LINE#         1845
  C:0EF3H         LINE#         1848
  C:0EF3H         LINE#         1850
  C:0EFAH         LINE#         1852
  C:0EFFH         LINE#         1853
  C:0EFFH         LINE#         1854
  C:0F00H         LINE#         1855
  C:0F06H         LINE#         1856
  C:0F06H         LINE#         1858
  C:0F0EH         LINE#         1859
  C:0F0EH         LINE#         1860
  C:0F0FH         LINE#         1861
  C:0F15H         LINE#         1862
  C:0F15H         LINE#         1864
  C:0F1DH         LINE#         1865
  C:0F1DH         LINE#         1866
  C:0F1EH         LINE#         1867
  C:0F24H         LINE#         1868
  C:0F24H         LINE#         1870
  C:0F27H         LINE#         1872
  C:0F30H         LINE#         1873
  C:0F30H         LINE#         1875
  C:0F30H         LINE#         1877
  C:0F36H         LINE#         1879
  C:0F36H         LINE#         1881
  C:0F36H         LINE#         1882
  C:0F36H         LINE#         1883
  C:0F36H         LINE#         1884
  -------         ENDPROC       _SYSTIMEREVENTPROC
  -------         ENDMOD        SYSTIMER

  -------         MODULE        ?C?FPADD
  C:0F3EH         PUBLIC        ?C?FPADD
BL51 BANKED LINKER/LOCATER V6.22.2.0                                                  05/11/2021  17:46:10  PAGE 76


  C:0F3AH         PUBLIC        ?C?FPSUB
  -------         ENDMOD        ?C?FPADD

  -------         MODULE        ?C?FPMUL
  C:102FH         PUBLIC        ?C?FPMUL
  -------         ENDMOD        ?C?FPMUL

  -------         MODULE        ?C?FPDIV
  C:1138H         PUBLIC        ?C?FPDIV
  -------         ENDMOD        ?C?FPDIV

  -------         MODULE        ?C?FCAST
  C:11DFH         PUBLIC        ?C?FCASTC
  C:11DAH         PUBLIC        ?C?FCASTI
  C:11D5H         PUBLIC        ?C?FCASTL
  -------         ENDMOD        ?C?FCAST

  -------         MODULE        ?C?CASTF
  C:1213H         PUBLIC        ?C?CASTF
  -------         ENDMOD        ?C?CASTF

  -------         MODULE        ?C?COPY
  C:1364H         PUBLIC        ?C?COPY
  -------         ENDMOD        ?C?COPY

  -------         MODULE        ?C?CLDPTR
  C:138AH         PUBLIC        ?C?CLDPTR
  -------         ENDMOD        ?C?CLDPTR

  -------         MODULE        ?C?CLDOPTR
  C:13A3H         PUBLIC        ?C?CLDOPTR
  -------         ENDMOD        ?C?CLDOPTR

  -------         MODULE        ?C?CILDPTR
  C:13D0H         PUBLIC        ?C?CILDPTR
  -------         ENDMOD        ?C?CILDPTR

  -------         MODULE        ?C?CSTOPTR
  C:13F2H         PUBLIC        ?C?CSTOPTR
  -------         ENDMOD        ?C?CSTOPTR

  -------         MODULE        ?C?IMUL
  C:1414H         PUBLIC        ?C?IMUL
  -------         ENDMOD        ?C?IMUL

  -------         MODULE        ?C?UIDIV
  C:1426H         PUBLIC        ?C?UIDIV
  -------         ENDMOD        ?C?UIDIV

  -------         MODULE        ?C?SIDIV
  C:147BH         PUBLIC        ?C?SIDIV
  -------         ENDMOD        ?C?SIDIV

  -------         MODULE        ?C?IILDX
  C:14B1H         PUBLIC        ?C?IILDX
  -------         ENDMOD        ?C?IILDX

BL51 BANKED LINKER/LOCATER V6.22.2.0                                                  05/11/2021  17:46:10  PAGE 77


  -------         MODULE        ?C?ILDIX
  C:14C7H         PUBLIC        ?C?ILDIX
  -------         ENDMOD        ?C?ILDIX

  -------         MODULE        ?C?ILDPTR
  C:14DDH         PUBLIC        ?C?ILDPTR
  -------         ENDMOD        ?C?ILDPTR

  -------         MODULE        ?C?ILDOPTR
  C:1508H         PUBLIC        ?C?ILDOPTR
  -------         ENDMOD        ?C?ILDOPTR

  -------         MODULE        ?C?ISTPTR
  C:1540H         PUBLIC        ?C?ISTPTR
  -------         ENDMOD        ?C?ISTPTR

  -------         MODULE        ?C?LMUL
  C:155FH         PUBLIC        ?C?LMUL
  -------         ENDMOD        ?C?LMUL

  -------         MODULE        ?C?ULDIV
  C:15EAH         PUBLIC        ?C?ULDIV
  -------         ENDMOD        ?C?ULDIV

  -------         MODULE        ?C?SLDIV
  C:5DE2H         PUBLIC        ?C?SLDIV
  -------         ENDMOD        ?C?SLDIV

  -------         MODULE        ?C?LNEG
  C:167CH         PUBLIC        ?C?LNEG
  -------         ENDMOD        ?C?LNEG

  -------         MODULE        ?C?SLCMP
  C:168AH         PUBLIC        ?C?SLCMP
  -------         ENDMOD        ?C?SLCMP

  -------         MODULE        ?C?ULCMP
  C:16A0H         PUBLIC        ?C?ULCMP
  -------         ENDMOD        ?C?ULCMP

  -------         MODULE        ?C?ULSHR
  C:16B1H         PUBLIC        ?C?ULSHR
  -------         ENDMOD        ?C?ULSHR

  -------         MODULE        ?C?SLSHR
  C:16C4H         PUBLIC        ?C?SLSHR
  -------         ENDMOD        ?C?SLSHR

  -------         MODULE        ?C?LSHL
  C:16D8H         PUBLIC        ?C?LSHL
  -------         ENDMOD        ?C?LSHL

  -------         MODULE        ?C?LLDPTR
  C:16EBH         PUBLIC        ?C?LLDPTR
  -------         ENDMOD        ?C?LLDPTR

  -------         MODULE        ?C?LSTXDATA
BL51 BANKED LINKER/LOCATER V6.22.2.0                                                  05/11/2021  17:46:10  PAGE 78


  C:170BH         PUBLIC        ?C?LSTXDATA
  -------         ENDMOD        ?C?LSTXDATA

  -------         MODULE        ?C?LSTKXDATA
  C:1717H         PUBLIC        ?C?LSTKXDATA
  -------         ENDMOD        ?C?LSTKXDATA

  -------         MODULE        ?C?PLDPTR
  C:1748H         PUBLIC        ?C?PLDPTR
  -------         ENDMOD        ?C?PLDPTR

  -------         MODULE        ?C?CCASE
  C:1768H         PUBLIC        ?C?CCASE
  -------         ENDMOD        ?C?CCASE

  -------         MODULE        ABS
  C:632EH         PUBLIC        _ABS
  -------         ENDMOD        ABS

  -------         MODULE        ?C?LLDIDATA
  C:178EH         PUBLIC        ?C?LLDIDATA
  -------         ENDMOD        ?C?LLDIDATA

  -------         MODULE        ?C?LLDXDATA
  C:179AH         PUBLIC        ?C?LLDXDATA
  -------         ENDMOD        ?C?LLDXDATA

  -------         MODULE        ?C?LLDPDATA
  C:17A6H         PUBLIC        ?C?LLDPDATA
  -------         ENDMOD        ?C?LLDPDATA

  -------         MODULE        ?C?LLDCODE
  C:17B2H         PUBLIC        ?C?LLDCODE
  -------         ENDMOD        ?C?LLDCODE

  -------         MODULE        ?C?PLDIDATA
  C:17C2H         PUBLIC        ?C?PLDIDATA
  -------         ENDMOD        ?C?PLDIDATA

  -------         MODULE        ?C?PLDXDATA
  C:17CBH         PUBLIC        ?C?PLDXDATA
  -------         ENDMOD        ?C?PLDXDATA

  -------         MODULE        ?C?PLDPDATA
  C:17D4H         PUBLIC        ?C?PLDPDATA
  -------         ENDMOD        ?C?PLDPDATA

  -------         MODULE        ?C?PLDCODE
  C:17DDH         PUBLIC        ?C?PLDCODE
  -------         ENDMOD        ?C?PLDCODE

Program Size: data=109.5 xdata=709 code=25414
LINK/LOCATE RUN COMPLETE.  0 WARNING(S),  0 ERROR(S)
