BL51 BANKED LINKER/LOCATER V6.22.2.0                                                    03/23/2021  14:24:38  PAGE 1


BL51 BANKED LINKER/LOCATER V6.22.2.0, INVOKED BY:
C:\KEIL_V5\C51\BIN\BL51.EXE .\Output\STARTUP.obj, .\Output\CPU.obj, .\Output\etc_eep.obj, .\Output\HS_DVRProtocol.obj, .
>> \Output\i2c.obj, .\Output\keyremo.obj, .\Output\main.obj, .\Output\monitor.obj, .\Output\Printf.obj, .\Output\SysPowe
>> r.obj, .\Output\SysTimer.obj TO .\Output\ml070i_MRMCU PRINT (.\Listings\ml070i_MRMCU.m51) RAMSIZE (256)


MEMORY MODEL: LARGE WITH FLOATING POINT ARITHMETIC


INPUT MODULES INCLUDED:
  .\Output\STARTUP.obj (?C_STARTUP)
  .\Output\CPU.obj (CPU)
  .\Output\etc_eep.obj (ETC_EEP)
  .\Output\HS_DVRProtocol.obj (HS_DVRPROTOCOL)
  .\Output\i2c.obj (I2C)
  .\Output\keyremo.obj (KEYREMO)
  .\Output\main.obj (MAIN)
  .\Output\monitor.obj (MONITOR)
  .\Output\Printf.obj (PRINTF)
  .\Output\SysPower.obj (SYSPOWER)
  .\Output\SysTimer.obj (SYSTIMER)
  C:\KEIL_V5\C51\LIB\C51FPL.LIB (?C?FPADD)
  C:\KEIL_V5\C51\LIB\C51FPL.LIB (?C?FPMUL)
  C:\KEIL_V5\C51\LIB\C51FPL.LIB (?C?FPDIV)
  C:\KEIL_V5\C51\LIB\C51FPL.LIB (?C?FCAST)
  C:\KEIL_V5\C51\LIB\C51FPL.LIB (?C?CASTF)
  C:\KEIL_V5\C51\LIB\C51FPL.LIB (?C?FPGETOPN)
  C:\KEIL_V5\C51\LIB\C51L.LIB (?C_INIT)
  C:\KEIL_V5\C51\LIB\C51L.LIB (?C?COPY)
  C:\KEIL_V5\C51\LIB\C51L.LIB (?C?CLDPTR)
  C:\KEIL_V5\C51\LIB\C51L.LIB (?C?CLDOPTR)
  C:\KEIL_V5\C51\LIB\C51L.LIB (?C?CILDPTR)
  C:\KEIL_V5\C51\LIB\C51L.LIB (?C?CSTOPTR)
  C:\KEIL_V5\C51\LIB\C51L.LIB (?C?IMUL)
  C:\KEIL_V5\C51\LIB\C51L.LIB (?C?UIDIV)
  C:\KEIL_V5\C51\LIB\C51L.LIB (?C?SIDIV)
  C:\KEIL_V5\C51\LIB\C51L.LIB (?C?IILDX)
  C:\KEIL_V5\C51\LIB\C51L.LIB (?C?ILDIX)
  C:\KEIL_V5\C51\LIB\C51L.LIB (?C?ILDPTR)
  C:\KEIL_V5\C51\LIB\C51L.LIB (?C?ILDOPTR)
  C:\KEIL_V5\C51\LIB\C51L.LIB (?C?ISTPTR)
  C:\KEIL_V5\C51\LIB\C51L.LIB (?C?LMUL)
  C:\KEIL_V5\C51\LIB\C51L.LIB (?C?ULDIV)
  C:\KEIL_V5\C51\LIB\C51L.LIB (?C?LNEG)
  C:\KEIL_V5\C51\LIB\C51L.LIB (?C?SLCMP)
  C:\KEIL_V5\C51\LIB\C51L.LIB (?C?ULCMP)
  C:\KEIL_V5\C51\LIB\C51L.LIB (?C?SLSHR)
  C:\KEIL_V5\C51\LIB\C51L.LIB (?C?LLDPTR)
  C:\KEIL_V5\C51\LIB\C51L.LIB (?C?LSTXDATA)
  C:\KEIL_V5\C51\LIB\C51L.LIB (?C?LSTKXDATA)
  C:\KEIL_V5\C51\LIB\C51L.LIB (?C?PLDPTR)
  C:\KEIL_V5\C51\LIB\C51L.LIB (?C?CCASE)
  C:\KEIL_V5\C51\LIB\C51L.LIB (ABS)
  C:\KEIL_V5\C51\LIB\C51L.LIB (?C?LLDIDATA)
  C:\KEIL_V5\C51\LIB\C51L.LIB (?C?LLDXDATA)
  C:\KEIL_V5\C51\LIB\C51L.LIB (?C?LLDPDATA)
  C:\KEIL_V5\C51\LIB\C51L.LIB (?C?LLDCODE)
  C:\KEIL_V5\C51\LIB\C51L.LIB (?C?PLDIDATA)
BL51 BANKED LINKER/LOCATER V6.22.2.0                                                  03/23/2021  14:24:38  PAGE 2


  C:\KEIL_V5\C51\LIB\C51L.LIB (?C?PLDXDATA)
  C:\KEIL_V5\C51\LIB\C51L.LIB (?C?PLDPDATA)
  C:\KEIL_V5\C51\LIB\C51L.LIB (?C?PLDCODE)


LINK MAP OF MODULE:  .\Output\ml070i_MRMCU (?C_STARTUP)


            TYPE    BASE      LENGTH    RELOCATION   SEGMENT NAME
            -----------------------------------------------------

            * * * * * * *   D A T A   M E M O R Y   * * * * * * *
            REG     0000H     0008H     ABSOLUTE     "REG BANK 0"
            REG     0008H     0008H     ABSOLUTE     "REG BANK 1"
            DATA    0010H     0001H     UNIT         ?DT?MONITOR
            IDATA   0011H     0002H     UNIT         ?ID?SYSPOWER
                    0013H     000DH                  *** GAP ***
            BIT     0020H.0   0000H.6   UNIT         ?BI?CPU
            BIT     0020H.6   0000H.3   UNIT         ?BI?MONITOR
            BIT     0021H.1   0000H.2   UNIT         _BIT_GROUP_
            BIT     0021H.3   0000H.1   UNIT         ?BI?HS_DVRPROTOCOL
            BIT     0021H.4   0000H.1   UNIT         ?BI?SYSTIMER
                    0021H.5   0000H.3                *** GAP ***
            DATA    0022H     0058H     UNIT         ?DT?CPU
            IDATA   007AH     0001H     UNIT         ?STACK

            * * * * * * *  X D A T A   M E M O R Y  * * * * * * *
            XDATA   0000H     0106H     UNIT         ?XD?HS_DVRPROTOCOL
            XDATA   0106H     0071H     UNIT         ?XD?MAIN
            XDATA   0177H     005CH     UNIT         ?XD?SYSTIMER
            XDATA   01D3H     004AH     UNIT         _XDATA_GROUP_
            XDATA   021DH     0038H     UNIT         ?XD?MONITOR
            XDATA   0255H     001AH     UNIT         ?XD?CPU
            XDATA   026FH     0018H     UNIT         ?XD?PRINTF

            * * * * * * *   C O D E   M E M O R Y   * * * * * * *
            CODE    0000H     0003H     ABSOLUTE     
            CODE    0003H     0008H     UNIT         ?PR?_RS2_TX?CPU
            CODE    000BH     0003H     ABSOLUTE     
            CODE    000EH     0004H     UNIT         ?PR?ISP_INIT?MAIN
                    0012H     0001H                  *** GAP ***
            CODE    0013H     0003H     ABSOLUTE     
            CODE    0016H     000DH     UNIT         ?PR?I2CSTOP?I2C
            CODE    0023H     0003H     ABSOLUTE     
            CODE    0026H     0003H     UNIT         ?PR?EXT1_INT?CPU
                    0029H     0002H                  *** GAP ***
            CODE    002BH     0003H     ABSOLUTE     
                    002EH     0005H                  *** GAP ***
            CODE    0033H     0003H     ABSOLUTE     
                    0036H     0005H                  *** GAP ***
            CODE    003BH     0003H     ABSOLUTE     
            CODE    003EH     0022H     UNIT         ?PR?MCUTIMERINITIALTIMEREVENT?SYSTIMER
                    0060H     0003H                  *** GAP ***
            CODE    0063H     0003H     ABSOLUTE     
            CODE    0066H     0E40H     UNIT         ?PR?_SYSTIMEREVENTPROC?SYSTIMER
            CODE    0EA6H     088CH     UNIT         ?C?LIB_CODE
            CODE    1732H     0556H     UNIT         ?PR?_DOPRINT?PRINTF
BL51 BANKED LINKER/LOCATER V6.22.2.0                                                  03/23/2021  14:24:38  PAGE 3


            CODE    1C88H     0523H     UNIT         ?PR?DVRRECEIVEPASER?HS_DVRPROTOCOL
            CODE    21ABH     043DH     UNIT         ?CO?CPU
            CODE    25E8H     0427H     UNIT         ?PR?ENCORDERHANDLER?MAIN
            CODE    2A0FH     041BH     UNIT         ?PR?SHOWWORKINGTIMER?CPU
            CODE    2E2AH     02EFH     UNIT         ?PR?TIMER0_INT?CPU
            CODE    3119H     029EH     UNIT         ?PR?_USERINTERFACEBATTERYCHARGEMODE?SYSPOWER
            CODE    33B7H     023AH     UNIT         ?PR?_MCU_SENDCMDTODVR?MAIN
            CODE    35F1H     0238H     UNIT         ?PR?LOADEEPROM?MAIN
            CODE    3829H     01D8H     UNIT         ?C_INITSEG
            CODE    3A01H     0176H     UNIT         ?PR?_MAPPING1?MAIN
            CODE    3B77H     012EH     UNIT         ?PR?_MCUTIMERCHECKTIMEREVENT?SYSTIMER
            CODE    3CA5H     00FFH     UNIT         ?PR?MAIN_INIT?CPU
            CODE    3DA4H     00F6H     UNIT         ?PR?WAITPOWERON?MAIN
            CODE    3E9AH     00E7H     UNIT         ?PR?_USERINTERFACETIMEREVENTPROC?SYSTIMER
            CODE    3F81H     00E5H     UNIT         ?PR?_MCUTIMERACTIVETIMEREVENT?SYSTIMER
            CODE    4066H     00DEH     UNIT         ?PR?_MCUTIMERREACTIVETIMEREVENT?SYSTIMER
            CODE    4144H     00D9H     UNIT         ?PR?_USERINTERFACEPOWERSWITCH?SYSPOWER
            CODE    421DH     00ADH     UNIT         ?PR?_MCULIB_PROTOCOLAPPEND?MAIN
            CODE    42CAH     00A3H     UNIT         ?PR?CLEARBASICEE?ETC_EEP
            CODE    436DH     0098H     UNIT         ?PR?_SET_PWM?CPU
            CODE    4405H     0090H     UNIT         ?PR?_MCULIB_PROTOCOLSENDCMDWITHPARAMNUM?MAIN
            CODE    4495H     008CH     UNIT         ?C_C51STARTUP
            CODE    4521H     0085H     UNIT         ?PR?SYSTIMERHANDLER?SYSTIMER
            CODE    45A6H     0084H     UNIT         ?PR?SYSPOWERHANDLER?SYSPOWER
            CODE    462AH     0082H     UNIT         ?PR?MAIN?MAIN
            CODE    46ACH     007EH     UNIT         ?PR?_AD5110_I2CWRITEDATA?I2C
            CODE    472AH     007BH     UNIT         ?PR?_I2CWRITEDATA?I2C
            CODE    47A5H     0079H     UNIT         ?PR?_POWERLED?CPU
            CODE    481EH     0077H     UNIT         ?CO?MAIN
            CODE    4895H     0053H     UNIT         ?PR?INITIALTIMEREVENT?MAIN
            CODE    48E8H     0052H     UNIT         ?PR?INITCPU?CPU
            CODE    493AH     0051H     UNIT         ?PR?SCANKEY?KEYREMO
            CODE    498BH     004EH     UNIT         ?CO?PRINTF
            CODE    49D9H     004AH     UNIT         ?PR?GETFWREVEE?ETC_EEP
            CODE    4A23H     004AH     UNIT         ?PR?MCUTIMERGETTIMERCOUNTER?SYSTIMER
            CODE    4A6DH     0047H     UNIT         ?PR?GETPROJECTNAMEEE?ETC_EEP
            CODE    4AB4H     0047H     UNIT         ?PR?_WRITEEEP?I2C
            CODE    4AFBH     0046H     UNIT         ?PR?_GRAPHICSPRINT?PRINTF
            CODE    4B41H     0041H     UNIT         ?PR?_MCUTIMERCANCELTIMEREVENT?SYSTIMER
            CODE    4B82H     003EH     UNIT         ?PR?_SETAD5110STEP?MAIN
            CODE    4BC0H     003EH     UNIT         ?PR?_PRINTF?PRINTF
            CODE    4BFEH     003EH     UNIT         ?PR?_DEBUG_MESSAGE?PRINTF
            CODE    4C3CH     003BH     UNIT         ?PR?SERIAL2_INT?CPU
            CODE    4C77H     0039H     UNIT         ?PR?_READI2C?I2C
            CODE    4CB0H     0033H     UNIT         ?PR?I2CREADDATA?I2C
            CODE    4CE3H     0033H     UNIT         ?PR?_ISP_WRITE?MAIN
            CODE    4D16H     002FH     UNIT         ?PR?SET_MCU_POWER_DOWN_MODE?CPU
            CODE    4D45H     002FH     UNIT         ?PR?SERIAL_INT?CPU
            CODE    4D74H     002DH     UNIT         ?CO?SYSPOWER
            CODE    4DA1H     002CH     UNIT         ?PR?SYSPOWERINITIAL?SYSPOWER
            CODE    4DCDH     002CH     UNIT         ?PR?_SYSPOWERSWITCH?SYSPOWER
            CODE    4DF9H     0026H     UNIT         ?PR?_READEEP?I2C
            CODE    4E1FH     0021H     UNIT         ?PR?ENTER_ISP?MAIN
            CODE    4E40H     0020H     UNIT         ?PR?_WRITEAD5110?I2C
            CODE    4E60H     0020H     UNIT         ?PR?_GETADCVALUE?MAIN
            CODE    4E80H     001FH     UNIT         ?PR?INT2_INT?CPU
            CODE    4E9FH     001FH     UNIT         ?PR?INT3_INT?CPU
BL51 BANKED LINKER/LOCATER V6.22.2.0                                                  03/23/2021  14:24:38  PAGE 4


            CODE    4EBEH     001FH     UNIT         ?PR?MAIN_LOOP?MAIN
            CODE    4EDDH     001EH     UNIT         ?PR?RS2_RX?CPU
            CODE    4EFBH     001CH     UNIT         ?PR?CHECK_ADAP_IN?CPU
            CODE    4F17H     001BH     UNIT         ?PR?_GETKEY?KEYREMO
            CODE    4F32H     0019H     UNIT         ?PR?SAVEFWREVEE?ETC_EEP
            CODE    4F4BH     0019H     UNIT         ?PR?_MCUTIMERDELAYXMS?SYSTIMER
            CODE    4F64H     0018H     UNIT         ?PR?_DELAY?CPU
            CODE    4F7CH     0016H     UNIT         ?PR?INITVARS?CPU
            CODE    4F92H     0015H     UNIT         ?PR?_MCUTIMERGETEVENTID?SYSTIMER
            CODE    4FA7H     0014H     UNIT         ?PR?I2CDELAY?I2C
            CODE    4FBBH     0014H     UNIT         ?PR?_MCUTIMERGETEVENTTIME?SYSTIMER
            CODE    4FCFH     0013H     UNIT         ?PR?_MCUTIMERCLREVENTVALID?SYSTIMER
            CODE    4FE2H     0012H     UNIT         ?CO?ETC_EEP
            CODE    4FF4H     0012H     UNIT         ?PR?I2CSTART?I2C
            CODE    5006H     0011H     UNIT         ?PR?_MCUTIMERCHECKEVENTVALID?SYSTIMER
            CODE    5017H     000FH     UNIT         ?PR?TIMER2_INT?CPU
            CODE    5026H     000CH     UNIT         ?PR?_ABS?ABS
            CODE    5032H     000BH     UNIT         ?PR?RS2_READY?CPU
            CODE    503DH     0007H     UNIT         ?PR?GETBATTERYBTH?MAIN
            CODE    5044H     0007H     UNIT         ?PR?GETBATTERYVOLTAGE?MAIN



OVERLAY MAP OF MODULE:   .\Output\ml070i_MRMCU (?C_STARTUP)


SEGMENT                                             BIT_GROUP          XDATA_GROUP
  +--> CALLED SEGMENT                            START    LENGTH     START    LENGTH
------------------------------------------------------------------------------------
?C_C51STARTUP                                    -----    -----      -----    -----
  +--> ?PR?MAIN?MAIN
  +--> ?C_INITSEG

?PR?MAIN?MAIN                                    -----    -----      -----    -----
  +--> ?PR?INITCPU?CPU
  +--> ?PR?SYSPOWERINITIAL?SYSPOWER
  +--> ?CO?MAIN
  +--> ?PR?_PRINTF?PRINTF
  +--> ?PR?MAIN_INIT?CPU
  +--> ?PR?INITVARS?CPU
  +--> ?PR?LOADEEPROM?MAIN
  +--> ?PR?INITIALTIMEREVENT?MAIN
  +--> ?PR?_SETAD5110STEP?MAIN
  +--> ?PR?CHECK_ADAP_IN?CPU
  +--> ?PR?MAIN_LOOP?MAIN
  +--> ?PR?WAITPOWERON?MAIN

?PR?SYSPOWERINITIAL?SYSPOWER                     -----    -----      -----    -----
  +--> ?PR?_MCUTIMERDELAYXMS?SYSTIMER
  +--> ?CO?SYSPOWER
  +--> ?PR?_DEBUG_MESSAGE?PRINTF

?PR?_DEBUG_MESSAGE?PRINTF                        -----    -----      01D3H    002EH
  +--> ?PR?_DOPRINT?PRINTF

?PR?_DOPRINT?PRINTF                              0021H.1  0000H.2    0208H    0015H
  +--> ?CO?PRINTF
BL51 BANKED LINKER/LOCATER V6.22.2.0                                                  03/23/2021  14:24:38  PAGE 5



?PR?_PRINTF?PRINTF                               -----    -----      01DAH    002EH
  +--> ?PR?_DOPRINT?PRINTF

?PR?MAIN_INIT?CPU                                -----    -----      01D3H    0004H
  +--> ?PR?GETFWREVEE?ETC_EEP
  +--> ?PR?_READEEP?I2C
  +--> ?CO?CPU
  +--> ?PR?_PRINTF?PRINTF
  +--> ?PR?SAVEFWREVEE?ETC_EEP
  +--> ?PR?GETPROJECTNAMEEE?ETC_EEP
  +--> ?PR?CLEARBASICEE?ETC_EEP
  +--> ?PR?_DELAY?CPU

?PR?GETFWREVEE?ETC_EEP                           -----    -----      -----    -----
  +--> ?PR?_READEEP?I2C

?PR?_READEEP?I2C                                 -----    -----      01FBH    0001H
  +--> ?PR?_READI2C?I2C
  +--> ?PR?_DELAY?CPU

?PR?_READI2C?I2C                                 -----    -----      01FCH    0003H
  +--> ?PR?I2CSTART?I2C
  +--> ?PR?_I2CWRITEDATA?I2C
  +--> ?PR?I2CREADDATA?I2C
  +--> ?PR?I2CSTOP?I2C

?PR?I2CSTART?I2C                                 -----    -----      -----    -----
  +--> ?PR?I2CDELAY?I2C

?PR?_I2CWRITEDATA?I2C                            -----    -----      -----    -----
  +--> ?PR?I2CDELAY?I2C

?PR?I2CREADDATA?I2C                              -----    -----      -----    -----
  +--> ?PR?I2CDELAY?I2C

?PR?I2CSTOP?I2C                                  -----    -----      -----    -----
  +--> ?PR?I2CDELAY?I2C

?PR?SAVEFWREVEE?ETC_EEP                          -----    -----      -----    -----
  +--> ?PR?_WRITEEEP?I2C

?PR?_WRITEEEP?I2C                                -----    -----      01D7H    0004H
  +--> ?PR?I2CSTART?I2C
  +--> ?PR?_I2CWRITEDATA?I2C
  +--> ?PR?I2CSTOP?I2C
  +--> ?PR?_DELAY?CPU

?PR?GETPROJECTNAMEEE?ETC_EEP                     -----    -----      01D7H    0001H
  +--> ?PR?_READEEP?I2C

?PR?CLEARBASICEE?ETC_EEP                         -----    -----      -----    -----
  +--> ?CO?ETC_EEP
  +--> ?PR?_PRINTF?PRINTF
  +--> ?PR?_WRITEEEP?I2C

?PR?LOADEEPROM?MAIN                              -----    -----      -----    -----
BL51 BANKED LINKER/LOCATER V6.22.2.0                                                  03/23/2021  14:24:38  PAGE 6


  +--> ?PR?_READEEP?I2C
  +--> ?PR?_WRITEEEP?I2C

?PR?INITIALTIMEREVENT?MAIN                       -----    -----      -----    -----
  +--> ?PR?MCUTIMERINITIALTIMEREVENT?SYSTIMER
  +--> ?PR?_MCUTIMERACTIVETIMEREVENT?SYSTIMER

?PR?_MCUTIMERACTIVETIMEREVENT?SYSTIMER           -----    -----      01F3H    0004H
  +--> ?PR?_MCUTIMERCHECKTIMEREVENT?SYSTIMER

?PR?_MCUTIMERCHECKTIMEREVENT?SYSTIMER            -----    -----      01F7H    0005H
  +--> ?PR?MCUTIMERGETTIMERCOUNTER?SYSTIMER

?PR?MCUTIMERGETTIMERCOUNTER?SYSTIMER             -----    -----      01FCH    0002H
  +--> ?PR?_ABS?ABS

?PR?_SETAD5110STEP?MAIN                          -----    -----      01D7H    0002H
  +--> ?PR?_MAPPING1?MAIN
  +--> ?PR?_WRITEAD5110?I2C

?PR?_MAPPING1?MAIN                               -----    -----      01D9H    000FH

?PR?_WRITEAD5110?I2C                             -----    -----      -----    -----
  +--> ?PR?I2CSTART?I2C
  +--> ?PR?_AD5110_I2CWRITEDATA?I2C
  +--> ?PR?I2CSTOP?I2C
  +--> ?PR?_DELAY?CPU

?PR?_AD5110_I2CWRITEDATA?I2C                     -----    -----      -----    -----
  +--> ?PR?I2CDELAY?I2C

?PR?CHECK_ADAP_IN?CPU                            -----    -----      -----    -----
  +--> ?PR?_MCUTIMERDELAYXMS?SYSTIMER

?PR?MAIN_LOOP?MAIN                               -----    -----      -----    -----
  +--> ?CO?MAIN
  +--> ?PR?_PRINTF?PRINTF
  +--> ?PR?DVRRECEIVEPASER?HS_DVRPROTOCOL
  +--> ?PR?SYSTIMERHANDLER?SYSTIMER
  +--> ?PR?SYSPOWERHANDLER?SYSPOWER
  +--> ?PR?SCANKEY?KEYREMO
  +--> ?PR?ENCORDERHANDLER?MAIN

?PR?DVRRECEIVEPASER?HS_DVRPROTOCOL               -----    -----      01D3H    0001H
  +--> ?PR?RS2_READY?CPU
  +--> ?PR?RS2_RX?CPU
  +--> ?PR?_USERINTERFACEBATTERYCHARGEMODE?S...
  +--> ?PR?_MCUTIMERCANCELTIMEREVENT?SYSTIMER
  +--> ?PR?_MCUTIMERACTIVETIMEREVENT?SYSTIMER
  +--> ?PR?_WRITEEEP?I2C
  +--> ?PR?_MCUTIMERREACTIVETIMEREVENT?SYSTIMER
  +--> ?PR?_READEEP?I2C

?PR?_USERINTERFACEBATTERYCHARGEMODE?S...         -----    -----      01D7H    0001H
  +--> ?PR?_MCUTIMERCANCELTIMEREVENT?SYSTIMER
  +--> ?PR?_SET_PWM?CPU
  +--> ?PR?_USERINTERFACEPOWERSWITCH?SYSPOWER
BL51 BANKED LINKER/LOCATER V6.22.2.0                                                  03/23/2021  14:24:38  PAGE 7


  +--> ?PR?_MCUTIMERACTIVETIMEREVENT?SYSTIMER

?PR?_SET_PWM?CPU                                 -----    -----      01D8H    0002H
  +--> ?CO?CPU
  +--> ?PR?_PRINTF?PRINTF

?PR?_USERINTERFACEPOWERSWITCH?SYSPOWER           -----    -----      01D8H    0001H
  +--> ?CO?SYSPOWER
  +--> ?PR?_PRINTF?PRINTF
  +--> ?PR?_MCUTIMERDELAYXMS?SYSTIMER
  +--> ?PR?_MCUTIMERACTIVETIMEREVENT?SYSTIMER
  +--> ?PR?_MCU_SENDCMDTODVR?MAIN

?PR?_MCU_SENDCMDTODVR?MAIN                       -----    -----      01F3H    0008H
  +--> ?CO?MAIN
  +--> ?PR?_READEEP?I2C
  +--> ?PR?_MCULIB_PROTOCOLSENDCMDWITHPARAMN...

?PR?_MCULIB_PROTOCOLSENDCMDWITHPARAMN...         -----    -----      01FBH    0017H
  +--> ?PR?_MCULIB_PROTOCOLAPPEND?MAIN
  +--> ?PR?_RS2_TX?CPU

?PR?_MCULIB_PROTOCOLAPPEND?MAIN                  -----    -----      0212H    0007H

?PR?_MCUTIMERREACTIVETIMEREVENT?SYSTIMER         -----    -----      01D4H    0004H
  +--> ?PR?_MCUTIMERCHECKTIMEREVENT?SYSTIMER

?PR?SYSTIMERHANDLER?SYSTIMER                     -----    -----      01D3H    0004H
  +--> ?PR?MCUTIMERGETTIMERCOUNTER?SYSTIMER
  +--> ?PR?_MCUTIMERCHECKEVENTVALID?SYSTIMER
  +--> ?PR?_MCUTIMERGETEVENTTIME?SYSTIMER
  +--> ?PR?_MCUTIMERCLREVENTVALID?SYSTIMER
  +--> ?PR?_MCUTIMERGETEVENTID?SYSTIMER
  +--> ?PR?_USERINTERFACETIMEREVENTPROC?SYST...
  +--> ?PR?_SYSTIMEREVENTPROC?SYSTIMER

?PR?_USERINTERFACETIMEREVENTPROC?SYST...         -----    -----      -----    -----
  +--> ?PR?_SETAD5110STEP?MAIN
  +--> ?PR?_WRITEEEP?I2C
  +--> ?PR?_MCU_SENDCMDTODVR?MAIN
  +--> ?PR?_USERINTERFACEBATTERYCHARGEMODE?S...
  +--> ?PR?_MCUTIMERACTIVETIMEREVENT?SYSTIMER
  +--> ?PR?ENTER_ISP?MAIN
  +--> ?PR?_USERINTERFACEPOWERSWITCH?SYSPOWER

?PR?ENTER_ISP?MAIN                               -----    -----      01D7H    0001H
  +--> ?PR?ISP_INIT?MAIN
  +--> ?PR?_ISP_WRITE?MAIN

?PR?_ISP_WRITE?MAIN                              -----    -----      01D8H    0006H

?PR?_SYSTIMEREVENTPROC?SYSTIMER                  -----    -----      -----    -----
  +--> ?PR?_POWERLED?CPU
  +--> ?PR?_MCUTIMERDELAYXMS?SYSTIMER
  +--> ?PR?CHECK_ADAP_IN?CPU
  +--> ?PR?_MCUTIMERCHECKEVENTVALID?SYSTIMER
  +--> ?PR?_MCUTIMERCANCELTIMEREVENT?SYSTIMER
BL51 BANKED LINKER/LOCATER V6.22.2.0                                                  03/23/2021  14:24:38  PAGE 8


  +--> ?PR?_MCUTIMERACTIVETIMEREVENT?SYSTIMER
  +--> ?PR?_MCU_SENDCMDTODVR?MAIN
  +--> ?PR?GETBATTERYVOLTAGE?MAIN
  +--> ?PR?GETBATTERYBTH?MAIN
  +--> ?PR?_READEEP?I2C
  +--> ?PR?_WRITEEEP?I2C
  +--> ?PR?_USERINTERFACEBATTERYCHARGEMODE?S...
  +--> ?PR?SHOWWORKINGTIMER?CPU

?PR?GETBATTERYVOLTAGE?MAIN                       -----    -----      -----    -----
  +--> ?PR?_GETADCVALUE?MAIN

?PR?GETBATTERYBTH?MAIN                           -----    -----      -----    -----
  +--> ?PR?_GETADCVALUE?MAIN

?PR?SHOWWORKINGTIMER?CPU                         -----    -----      01D7H    0002H
  +--> ?CO?CPU
  +--> ?PR?_GRAPHICSPRINT?PRINTF

?PR?_GRAPHICSPRINT?PRINTF                        -----    -----      01D9H    002FH
  +--> ?PR?_DOPRINT?PRINTF

?PR?SYSPOWERHANDLER?SYSPOWER                     -----    -----      -----    -----
  +--> ?PR?_SYSPOWERSWITCH?SYSPOWER

?PR?_SYSPOWERSWITCH?SYSPOWER                     -----    -----      01D3H    0001H
  +--> ?PR?_USERINTERFACEPOWERSWITCH?SYSPOWER

?PR?SCANKEY?KEYREMO                              -----    -----      -----    -----
  +--> ?PR?_GETKEY?KEYREMO
  +--> ?PR?_WRITEEEP?I2C
  +--> ?PR?_MCUTIMERACTIVETIMEREVENT?SYSTIMER

?PR?_GETKEY?KEYREMO                              0021H.1  0000H.1    -----    -----

?PR?ENCORDERHANDLER?MAIN                         -----    -----      01D3H    0020H
  +--> ?PR?_MCU_SENDCMDTODVR?MAIN
  +--> ?PR?_MCUTIMERCANCELTIMEREVENT?SYSTIMER
  +--> ?PR?_MCUTIMERACTIVETIMEREVENT?SYSTIMER

?PR?WAITPOWERON?MAIN                             -----    -----      -----    -----
  +--> ?CO?MAIN
  +--> ?PR?_PRINTF?PRINTF
  +--> ?PR?_MCUTIMERCANCELTIMEREVENT?SYSTIMER
  +--> ?PR?SYSPOWERHANDLER?SYSPOWER
  +--> ?PR?SYSTIMERHANDLER?SYSTIMER
  +--> ?PR?SCANKEY?KEYREMO
  +--> ?PR?_MCUTIMERACTIVETIMEREVENT?SYSTIMER
  +--> ?PR?CHECK_ADAP_IN?CPU
  +--> ?PR?SET_MCU_POWER_DOWN_MODE?CPU
  +--> ?PR?_WRITEEEP?I2C

?PR?SET_MCU_POWER_DOWN_MODE?CPU                  -----    -----      -----    -----
  +--> ?CO?CPU
  +--> ?PR?_PRINTF?PRINTF

?C_INITSEG                                       -----    -----      -----    -----
BL51 BANKED LINKER/LOCATER V6.22.2.0                                                  03/23/2021  14:24:38  PAGE 9


  +--> ?CO?PRINTF



SYMBOL TABLE OF MODULE:  .\Output\ml070i_MRMCU (?C_STARTUP)

  VALUE           TYPE          NAME
  ----------------------------------

  -------         MODULE        ?C_STARTUP
  C:4495H         SEGMENT       ?C_C51STARTUP
  I:007AH         SEGMENT       ?STACK
  C:0000H         PUBLIC        ?C_STARTUP
  D:00E0H         SYMBOL        ACC
  D:00F0H         SYMBOL        B
  D:0083H         SYMBOL        DPH
  D:0082H         SYMBOL        DPL
  N:0000H         SYMBOL        IBPSTACK
  N:0100H         SYMBOL        IBPSTACKTOP
  N:0080H         SYMBOL        IDATALEN
  C:4498H         SYMBOL        IDATALOOP
  N:0000H         SYMBOL        PBPSTACK
  N:0100H         SYMBOL        PBPSTACKTOP
  N:0000H         SYMBOL        PDATALEN
  N:0000H         SYMBOL        PDATASTART
  N:0000H         SYMBOL        PPAGE
  N:0000H         SYMBOL        PPAGEENABLE
  D:00A0H         SYMBOL        PPAGE_SFR
  D:0081H         SYMBOL        SP
  C:4495H         SYMBOL        STARTUP1
  N:0000H         SYMBOL        XBPSTACK
  N:0000H         SYMBOL        XBPSTACKTOP
  N:0000H         SYMBOL        XDATALEN
  N:0000H         SYMBOL        XDATASTART
  C:0000H         LINE#         126
  C:4495H         LINE#         133
  C:4497H         LINE#         134
  C:4498H         LINE#         135
  C:4499H         LINE#         136
  C:449BH         LINE#         185
  C:449EH         LINE#         196
  -------         ENDMOD        ?C_STARTUP

  -------         MODULE        CPU
  C:0000H         SYMBOL        _ICE_DUMMY_
  D:0091H         PUBLIC        P1M0
  X:0255H         PUBLIC        second
  C:48E8H         PUBLIC        InitCPU
  D:00B1H         PUBLIC        P3M0
  D:0096H         PUBLIC        P2M1
  C:2E2AH         PUBLIC        timer0_int
  X:0256H         PUBLIC        FormatSDCard
  D:00B3H         PUBLIC        P4M0
  D:00B2H         PUBLIC        P3M1
  D:00B4H         PUBLIC        P4M1
  D:00B0H         PUBLIC        P3
  C:5017H         PUBLIC        timer2_int
BL51 BANKED LINKER/LOCATER V6.22.2.0                                                  03/23/2021  14:24:38  PAGE 10


  D:00E8H         PUBLIC        P4
  X:0257H         PUBLIC        FormatWait
  X:0258H         PUBLIC        Power_Msg_Count
  X:025AH         PUBLIC        IE_Temp
  D:00F9H         PUBLIC        CH
  D:0022H         PUBLIC        DVR_buf
  D:0040H         PUBLIC        keytic
  D:00A8H         PUBLIC        IE
  C:2A0FH         PUBLIC        ShowWorkingTimer
  D:00E9H         PUBLIC        CL
  D:0042H         PUBLIC        RS2_in
  B:0020H.0       PUBLIC        RepeatKey
  X:025BH         PUBLIC        LED_FLASH_COUNT
  D:0043H         PUBLIC        RS2_out
  C:4F64H         PUBLIC        _delay
  D:00FCH         PUBLIC        CCAP2H
  B:00E8H.0       PUBLIC        P4_0
  D:00FDH         PUBLIC        CCAP3H
  B:00E8H.1       PUBLIC        P4_1
  B:0090H.4       PUBLIC        P1_4
  B:0080H.5       PUBLIC        P0_5
  X:025DH         PUBLIC        minute
  B:00E8H.2       PUBLIC        P4_2
  D:00ECH         PUBLIC        CCAP2L
  B:00A8H.4       PUBLIC        ES
  D:00EDH         PUBLIC        CCAP3L
  D:00DCH         PUBLIC        CCAPM2
  D:00DDH         PUBLIC        CCAPM3
  D:00B8H         PUBLIC        IP
  B:0098H.0       PUBLIC        RI
  B:0098H.1       PUBLIC        TI
  D:0044H         PUBLIC        tic01
  B:0020H.1       PUBLIC        KeyReady
  C:4EDDH         PUBLIC        RS2_rx
  B:0020H.2       PUBLIC        RS_Xbusy
  D:0045H         PUBLIC        tic02
  D:00D9H         PUBLIC        CMOD
  D:00D8H         PUBLIC        CCON
  C:0003H         PUBLIC        _RS2_tx
  X:025EH         PUBLIC        Time5ms
  X:025FH         PUBLIC        month
  X:0260H         PUBLIC        keyticSec
  D:0046H         PUBLIC        Key
  C:4E80H         PUBLIC        int2_int
  C:4E9FH         PUBLIC        int3_int
  C:4D45H         PUBLIC        serial_int
  C:0026H         PUBLIC        ext1_int
  D:0099H         PUBLIC        SBUF
  D:0087H         PUBLIC        PCON
  D:0098H         PUBLIC        SCON
  C:4F7CH         PUBLIC        InitVars
  D:0089H         PUBLIC        TMOD
  D:0088H         PUBLIC        TCON
  C:3CA5H         PUBLIC        main_init
  X:0261H         PUBLIC        day
  X:0262H         PUBLIC        hour
  B:00C0H.1       PUBLIC        IE2
BL51 BANKED LINKER/LOCATER V6.22.2.0                                                  03/23/2021  14:24:38  PAGE 11


  B:00C0H.5       PUBLIC        IE3
  C:436DH         PUBLIC        _SET_PWM
  X:0263H         PUBLIC        PowerDownWait
  D:0047H         PUBLIC        tm01
  D:0049H         PUBLIC        stopWatch
  X:0264H         PUBLIC        EncorderCount
  D:004BH         SYMBOL        RS_buf
  C:4D16H         PUBLIC        SET_MCU_POWER_DOWN_MODE
  D:0069H         PUBLIC        tic_PWR_SAVING
  D:006DH         PUBLIC        tic_Init_time
  B:00A8H.5       PUBLIC        ET2
  B:00C8H.7       PUBLIC        TF2
  D:008CH         PUBLIC        TH0
  D:008DH         PUBLIC        TH1
  X:0266H         PUBLIC        bytHoldOn3SPowerOff
  B:00A8H.2       PUBLIC        EX1
  B:00C0H.2       PUBLIC        EX2
  B:00C0H.0       PUBLIC        IT2
  C:5032H         PUBLIC        RS2_ready
  C:4EFBH         PUBLIC        Check_ADAP_IN
  B:00C0H.6       PUBLIC        EX3
  B:00C0H.4       PUBLIC        IT3
  D:008AH         PUBLIC        TL0
  X:0267H         PUBLIC        bytHoldOn3SPowerOffMode
  B:0020H.3       PUBLIC        RS2_Xbusy
  B:00C8H.2       PUBLIC        TR2
  X:0268H         PUBLIC        updn_reg
  B:0020H.4       PUBLIC        PWR_SAVING_ACT_FLAG
  D:0071H         PUBLIC        RS_in
  D:0072H         PUBLIC        RS_out
  C:4C3CH         PUBLIC        serial2_int
  D:009AH         PUBLIC        S2BUF
  X:026CH         PUBLIC        year1
  X:026DH         PUBLIC        year2
  C:47A5H         PUBLIC        _PowerLED
  D:00AAH         PUBLIC        S2CON
  D:00C8H         PUBLIC        T2CON
  D:00BAH         PUBLIC        S2BRT
  X:026EH         PUBLIC        DVR_FACTORY_MODE
  D:0073H         PUBLIC        tm001
  D:00A6H         PUBLIC        AUXR2
  B:0020H.5       PUBLIC        ChangeKey
  D:0074H         PUBLIC        tic_pc
  D:0076H         PUBLIC        SystemClock
  D:0093H         PUBLIC        P0M0
  D:00ADH         PUBLIC        AUXIE
  -------         PROC          MAIN_INIT
  -------         DO            
  X:01D3H         SYMBOL        rev
  -------         ENDDO         
  C:3CA5H         LINE#         91
  C:3CA5H         LINE#         92
  C:3CA5H         LINE#         95
  C:3CAEH         LINE#         98
  C:3CF0H         LINE#         100
  C:3CFFH         LINE#         101
  C:3CFFH         LINE#         102
BL51 BANKED LINKER/LOCATER V6.22.2.0                                                  03/23/2021  14:24:38  PAGE 12


  C:3D19H         LINE#         103
  C:3D1CH         LINE#         104
  C:3D5EH         LINE#         105
  C:3D5EH         LINE#         109
  C:3D6DH         LINE#         110
  C:3D6DH         LINE#         113
  C:3D6DH         LINE#         114
  C:3D73H         LINE#         115
  C:3D76H         LINE#         116
  C:3D76H         LINE#         117
  C:3D78H         LINE#         119
  C:3D78H         LINE#         120
  C:3D81H         LINE#         121
  C:3D8AH         LINE#         122
  C:3D91H         LINE#         124
  C:3D91H         LINE#         126
  C:3D96H         LINE#         129
  C:3D9EH         LINE#         130
  C:3DA3H         LINE#         132
  -------         ENDPROC       MAIN_INIT
  -------         PROC          INITCPU
  C:48E8H         LINE#         140
  C:48E8H         LINE#         141
  C:48E8H         LINE#         145
  C:48EBH         LINE#         153
  C:48EEH         LINE#         155
  C:48F1H         LINE#         157
  C:48F4H         LINE#         165
  C:48FAH         LINE#         167
  C:48FDH         LINE#         168
  C:4900H         LINE#         172
  C:4903H         LINE#         175
  C:4905H         LINE#         176
  C:4907H         LINE#         195
  C:490AH         LINE#         196
  C:490CH         LINE#         197
  C:490EH         LINE#         204
  C:4911H         LINE#         205
  C:4914H         LINE#         208
  C:4917H         LINE#         211
  C:491AH         LINE#         213
  C:491CH         LINE#         215
  C:491EH         LINE#         216
  C:4920H         LINE#         220
  C:4923H         LINE#         221
  C:4926H         LINE#         231
  C:4929H         LINE#         234
  C:492CH         LINE#         236
  C:492FH         LINE#         238
  C:4932H         LINE#         239
  C:4934H         LINE#         240
  C:4937H         LINE#         241
  C:4939H         LINE#         243
  -------         ENDPROC       INITCPU
  -------         PROC          SET_MCU_POWER_DOWN_MODE
  C:4D16H         LINE#         246
  C:4D16H         LINE#         247
BL51 BANKED LINKER/LOCATER V6.22.2.0                                                  03/23/2021  14:24:38  PAGE 13


  C:4D16H         LINE#         249
  C:4D1FH         LINE#         251
  C:4D21H         LINE#         252
  C:4D23H         LINE#         253
  C:4D25H         LINE#         255
  C:4D27H         LINE#         256
  C:4D29H         LINE#         257
  C:4D2BH         LINE#         259
  C:4D31H         LINE#         260
  C:4D34H         LINE#         262
  C:4D3AH         LINE#         263
  C:4D3CH         LINE#         264
  C:4D3EH         LINE#         265
  C:4D41H         LINE#         266
  C:4D42H         LINE#         267
  C:4D43H         LINE#         268
  C:4D44H         LINE#         272
  -------         ENDPROC       SET_MCU_POWER_DOWN_MODE
  -------         PROC          CHECK_ADAP_IN
  C:4EFBH         LINE#         275
  C:4EFBH         LINE#         276
  C:4EFBH         LINE#         278
  C:4F01H         LINE#         279
  C:4F01H         LINE#         280
  C:4F08H         LINE#         282
  C:4F0EH         LINE#         283
  C:4F11H         LINE#         285
  C:4F14H         LINE#         286
  C:4F14H         LINE#         288
  C:4F16H         LINE#         289
  -------         ENDPROC       CHECK_ADAP_IN
  -------         PROC          _SET_PWM
  X:01D8H         SYMBOL        index
  X:01D9H         SYMBOL        val
  C:436DH         LINE#         291
  C:4375H         LINE#         292
  C:4375H         LINE#         294
  C:438EH         LINE#         296
  C:43A0H         LINE#         297
  C:43A0H         LINE#         298
  C:43A0H         LINE#         300
  C:43A3H         LINE#         301
  C:43AEH         LINE#         302
  C:43B1H         LINE#         304
  C:43B4H         LINE#         305
  C:43B4H         LINE#         306
  C:43B6H         LINE#         307
  C:43B8H         LINE#         308
  C:43B8H         LINE#         310
  C:43C0H         LINE#         311
  C:43C0H         LINE#         312
  C:43C3H         LINE#         313
  C:43C6H         LINE#         314
  C:43C9H         LINE#         315
  C:43CFH         LINE#         316
  C:43D1H         LINE#         317
  C:43D9H         LINE#         318
BL51 BANKED LINKER/LOCATER V6.22.2.0                                                  03/23/2021  14:24:38  PAGE 14


  C:43D9H         LINE#         319
  C:43DCH         LINE#         320
  C:43DFH         LINE#         321
  C:43E2H         LINE#         322
  C:43EBH         LINE#         323
  C:43EBH         LINE#         357
  C:43EBH         LINE#         358
  C:43EBH         LINE#         359
  C:43EEH         LINE#         360
  C:43F9H         LINE#         361
  C:43FCH         LINE#         362
  C:43FDH         LINE#         363
  C:43FDH         LINE#         364
  C:4400H         LINE#         365
  C:4401H         LINE#         366
  C:4401H         LINE#         367
  C:4404H         LINE#         368
  C:4404H         LINE#         370
  C:4404H         LINE#         371
  C:4404H         LINE#         372
  C:4404H         LINE#         375
  -------         ENDPROC       _SET_PWM
  -------         PROC          TIMER0_INT
  -------         DO            
  D:000FH         SYMBOL        TempKey
  -------         ENDDO         
  C:2E2AH         LINE#         384
  C:2E35H         LINE#         391
  C:2E37H         LINE#         394
  C:2E39H         LINE#         397
  C:2E44H         LINE#         398
  C:2E44H         LINE#         399
  C:2E52H         LINE#         400
  C:2E55H         LINE#         401
  C:2E57H         LINE#         402
  C:2E57H         LINE#         404
  C:2E5DH         LINE#         405
  C:2E5FH         LINE#         406
  C:2E68H         LINE#         407
  C:2E68H         LINE#         409
  C:2E71H         LINE#         410
  C:2E7BH         LINE#         411
  C:2E7BH         LINE#         412
  C:2E83H         LINE#         413
  C:2E8BH         LINE#         414
  C:2E93H         LINE#         415
  C:2E96H         LINE#         416
  C:2E98H         LINE#         419
  C:2EA3H         LINE#         420
  C:2EA8H         LINE#         422
  C:2EABH         LINE#         424
  C:2EC6H         LINE#         425
  C:2ED4H         LINE#         426
  C:2EECH         LINE#         427
  C:2EFAH         LINE#         428
  C:2F12H         LINE#         429
  C:2F20H         LINE#         430
BL51 BANKED LINKER/LOCATER V6.22.2.0                                                  03/23/2021  14:24:38  PAGE 15


  C:2F3BH         LINE#         431
  C:2F49H         LINE#         433
  C:2F61H         LINE#         434
  C:2F6FH         LINE#         435
  C:2F87H         LINE#         436
  C:2F95H         LINE#         437
  C:2FB0H         LINE#         438
  C:2FBEH         LINE#         439
  C:2FD6H         LINE#         440
  C:2FE4H         LINE#         443
  C:2FE4H         LINE#         444
  C:2FE4H         LINE#         453
  C:2FF2H         LINE#         456
  C:2FFAH         LINE#         457
  C:2FFDH         LINE#         458
  C:2FFFH         LINE#         460
  C:3005H         LINE#         461
  C:3005H         LINE#         463
  C:3007H         LINE#         466
  C:300EH         LINE#         467
  C:3013H         LINE#         469
  C:3015H         LINE#         471
  C:3015H         LINE#         472
  C:301FH         LINE#         473
  C:3027H         LINE#         476
  C:3035H         LINE#         477
  C:3049H         LINE#         478
  C:3053H         LINE#         479
  C:3061H         LINE#         520
  C:306DH         LINE#         521
  C:306DH         LINE#         522
  C:3075H         LINE#         523
  C:3075H         LINE#         524
  C:3086H         LINE#         525
  C:3086H         LINE#         526
  C:3089H         LINE#         527
  C:308BH         LINE#         528
  C:308DH         LINE#         529
  C:308DH         LINE#         530
  C:308FH         LINE#         531
  C:30ABH         LINE#         532
  C:30ABH         LINE#         533
  C:30AEH         LINE#         534
  C:30AEH         LINE#         535
  C:30B1H         LINE#         536
  C:30B3H         LINE#         537
  C:30B8H         LINE#         538
  C:30BAH         LINE#         539
  C:30BAH         LINE#         540
  C:30BCH         LINE#         541
  C:30C6H         LINE#         543
  C:30C9H         LINE#         544
  C:30C9H         LINE#         545
  C:30CCH         LINE#         546
  C:30CEH         LINE#         547
  C:30D4H         LINE#         548
  C:30D6H         LINE#         549
BL51 BANKED LINKER/LOCATER V6.22.2.0                                                  03/23/2021  14:24:38  PAGE 16


  C:30D6H         LINE#         551
  C:30DCH         LINE#         552
  C:30DCH         LINE#         554
  C:30E4H         LINE#         555
  C:30E6H         LINE#         557
  C:30E6H         LINE#         558
  C:30FCH         LINE#         559
  C:30FFH         LINE#         560
  C:3101H         LINE#         561
  C:3103H         LINE#         563
  C:3103H         LINE#         564
  C:3106H         LINE#         565
  C:3108H         LINE#         566
  C:3108H         LINE#         568
  C:310AH         LINE#         569
  C:3110H         LINE#         570
  C:3110H         LINE#         601
  C:3110H         LINE#         603
  -------         ENDPROC       TIMER0_INT
  -------         PROC          SHOWWORKINGTIMER
  -------         DO            
  X:01D7H         SYMBOL        val
  -------         ENDDO         
  C:2A0FH         LINE#         608
  C:2A0FH         LINE#         609
  C:2A0FH         LINE#         612
  C:2A1AH         LINE#         614
  C:2A21H         LINE#         615
  C:2A21H         LINE#         616
  C:2A51H         LINE#         617
  C:2A53H         LINE#         618
  C:2A5AH         LINE#         619
  C:2A5AH         LINE#         620
  C:2A7DH         LINE#         621
  C:2A7FH         LINE#         622
  C:2A88H         LINE#         623
  C:2A88H         LINE#         624
  C:2A9CH         LINE#         625
  C:2A9EH         LINE#         627
  C:2A9EH         LINE#         628
  C:2AB4H         LINE#         629
  C:2AB4H         LINE#         633
  C:2AFCH         LINE#         637
  C:2B06H         LINE#         638
  C:2B10H         LINE#         639
  C:2B19H         LINE#         640
  C:2B23H         LINE#         642
  C:2B2DH         LINE#         643
  C:2B37H         LINE#         644
  C:2B44H         LINE#         645
  C:2B4CH         LINE#         647
  C:2B55H         LINE#         653
  C:2B5FH         LINE#         654
  C:2B5FH         LINE#         655
  C:2BBEH         LINE#         656
  C:2BCCH         LINE#         658
  C:2BCEH         LINE#         660
BL51 BANKED LINKER/LOCATER V6.22.2.0                                                  03/23/2021  14:24:38  PAGE 17


  C:2BCEH         LINE#         664
  C:2C0AH         LINE#         666
  C:2C18H         LINE#         667
  C:2C2FH         LINE#         669
  C:2C43H         LINE#         673
  C:2C43H         LINE#         676
  C:2C96H         LINE#         680
  C:2CA0H         LINE#         681
  C:2CAAH         LINE#         682
  C:2CB4H         LINE#         683
  C:2CBEH         LINE#         684
  C:2CC8H         LINE#         685
  C:2CD2H         LINE#         686
  C:2CDCH         LINE#         687
  C:2CE6H         LINE#         688
  C:2CF0H         LINE#         689
  C:2CFBH         LINE#         691
  C:2D05H         LINE#         692
  C:2D0DH         LINE#         693
  C:2D17H         LINE#         694
  C:2D1FH         LINE#         695
  C:2D29H         LINE#         696
  C:2D31H         LINE#         697
  C:2D3BH         LINE#         698
  C:2D43H         LINE#         699
  C:2D4BH         LINE#         700
  C:2D55H         LINE#         701
  C:2D5FH         LINE#         702
  C:2D69H         LINE#         703
  C:2D73H         LINE#         704
  C:2D7DH         LINE#         705
  C:2D87H         LINE#         706
  C:2D91H         LINE#         707
  C:2D9BH         LINE#         708
  C:2DA5H         LINE#         709
  C:2DAFH         LINE#         710
  C:2DBAH         LINE#         712
  C:2DC6H         LINE#         713
  C:2DD1H         LINE#         715
  C:2DDBH         LINE#         716
  C:2DE3H         LINE#         717
  C:2DEDH         LINE#         718
  C:2DF5H         LINE#         719
  C:2E01H         LINE#         720
  C:2E07H         LINE#         722
  C:2E1FH         LINE#         740
  -------         ENDPROC       SHOWWORKINGTIMER
  -------         PROC          INITVARS
  -------         DO            
  D:0007H         SYMBOL        j
  -------         ENDDO         
  C:4F7CH         LINE#         750
  C:4F7CH         LINE#         751
  C:4F7CH         LINE#         753
  C:4F88H         LINE#         754
  C:4F91H         LINE#         756
  -------         ENDPROC       INITVARS
BL51 BANKED LINKER/LOCATER V6.22.2.0                                                  03/23/2021  14:24:38  PAGE 18


  -------         PROC          _POWERLED
  D:0007H         SYMBOL        flag
  C:47A5H         LINE#         762
  C:47A5H         LINE#         763
  C:47A5H         LINE#         765
  C:47D9H         LINE#         766
  C:47D9H         LINE#         767
  C:47D9H         LINE#         768
  C:47DBH         LINE#         769
  C:47DDH         LINE#         770
  C:47DEH         LINE#         771
  C:47DEH         LINE#         772
  C:47E0H         LINE#         773
  C:47E2H         LINE#         774
  C:47E3H         LINE#         775
  C:47E3H         LINE#         776
  C:47E3H         LINE#         777
  C:47E3H         LINE#         778
  C:47E5H         LINE#         779
  C:47E5H         LINE#         780
  C:47E5H         LINE#         781
  C:47E5H         LINE#         782
  C:47E7H         LINE#         783
  C:47E7H         LINE#         784
  C:47EAH         LINE#         785
  C:47EAH         LINE#         786
  C:47ECH         LINE#         787
  C:47EEH         LINE#         788
  C:47EFH         LINE#         795
  C:47EFH         LINE#         796
  C:47F2H         LINE#         797
  C:47F2H         LINE#         798
  C:47F4H         LINE#         799
  C:47F6H         LINE#         800
  C:47F7H         LINE#         802
  C:47F7H         LINE#         803
  C:47F7H         LINE#         804
  C:47F7H         LINE#         805
  C:47F7H         LINE#         806
  C:47F9H         LINE#         807
  C:47F9H         LINE#         808
  C:47FCH         LINE#         809
  C:47FCH         LINE#         810
  C:47FEH         LINE#         811
  C:4800H         LINE#         812
  C:4801H         LINE#         814
  C:4801H         LINE#         815
  C:4803H         LINE#         816
  C:4805H         LINE#         817
  C:4805H         LINE#         818
  C:4806H         LINE#         819
  C:4806H         LINE#         820
  C:4809H         LINE#         821
  C:4809H         LINE#         822
  C:480BH         LINE#         823
  C:480DH         LINE#         825
  C:480DH         LINE#         826
BL51 BANKED LINKER/LOCATER V6.22.2.0                                                  03/23/2021  14:24:38  PAGE 19


  C:480FH         LINE#         827
  C:480FH         LINE#         829
  C:4811H         LINE#         831
  C:4812H         LINE#         832
  C:4812H         LINE#         833
  C:4815H         LINE#         834
  C:4815H         LINE#         835
  C:4817H         LINE#         836
  C:4819H         LINE#         838
  C:4819H         LINE#         839
  C:481BH         LINE#         840
  C:481BH         LINE#         842
  C:481DH         LINE#         845
  C:481DH         LINE#         846
  C:481DH         LINE#         847
  C:481DH         LINE#         848
  C:481DH         LINE#         849
  -------         ENDPROC       _POWERLED
  -------         PROC          EXT1_INT
  C:0026H         LINE#         858
  C:0026H         LINE#         860
  C:0028H         LINE#         861
  -------         ENDPROC       EXT1_INT
  -------         PROC          SERIAL_INT
  C:4D45H         LINE#         884
  C:4D4CH         LINE#         890
  C:4D4FH         LINE#         899
  C:4D56H         LINE#         900
  C:4D58H         LINE#         901
  C:4D66H         LINE#         905
  C:4D68H         LINE#         907
  C:4D68H         LINE#         909
  C:4D6BH         LINE#         910
  C:4D6DH         LINE#         911
  C:4D6FH         LINE#         912
  C:4D6FH         LINE#         913
  -------         ENDPROC       SERIAL_INT
  -------         PROC          SERIAL2_INT
  C:4C3CH         LINE#         917
  C:4C43H         LINE#         922
  C:4C4BH         LINE#         923
  C:4C4BH         LINE#         925
  C:4C4EH         LINE#         927
  C:4C55H         LINE#         930
  C:4C57H         LINE#         931
  C:4C65H         LINE#         932
  C:4C65H         LINE#         934
  C:4C6DH         LINE#         935
  C:4C6DH         LINE#         936
  C:4C70H         LINE#         937
  C:4C72H         LINE#         938
  C:4C72H         LINE#         939
  -------         ENDPROC       SERIAL2_INT
  -------         PROC          RS2_READY
  C:5032H         LINE#         975
  C:5032H         LINE#         976
  C:5032H         LINE#         977
BL51 BANKED LINKER/LOCATER V6.22.2.0                                                  03/23/2021  14:24:38  PAGE 20


  C:503AH         LINE#         978
  C:503CH         LINE#         979
  -------         ENDPROC       RS2_READY
  -------         PROC          RS2_RX
  -------         DO            
  D:0007H         SYMBOL        ret
  -------         ENDDO         
  C:4EDDH         LINE#         983
  C:4EDDH         LINE#         984
  C:4EDDH         LINE#         987
  C:4EE0H         LINE#         988
  C:4EE7H         LINE#         989
  C:4EE9H         LINE#         990
  C:4EF4H         LINE#         991
  C:4EF7H         LINE#         992
  C:4EFAH         LINE#         994
  C:4EFAH         LINE#         995
  -------         ENDPROC       RS2_RX
  -------         PROC          _RS2_TX
  D:0007H         SYMBOL        tx_buf
  C:0003H         LINE#         1012
  C:0003H         LINE#         1013
  C:0003H         LINE#         1015
  C:0006H         LINE#         1016
  C:0008H         LINE#         1017
  C:000AH         LINE#         1018
  -------         ENDPROC       _RS2_TX
  -------         PROC          TIMER2_INT
  C:5017H         LINE#         1059
  C:5019H         LINE#         1218
  C:501BH         LINE#         1220
  C:5023H         LINE#         1222
  -------         ENDPROC       TIMER2_INT
  -------         PROC          _DELAY
  D:0007H         SYMBOL        cnt
  -------         DO            
  D:0004H         SYMBOL        ttic01
  -------         ENDDO         
  C:4F64H         LINE#         1224
  C:4F64H         LINE#         1225
  C:4F64H         LINE#         1228
  C:4F72H         LINE#         1229
  C:4F72H         LINE#         1231
  C:4F7BH         LINE#         1232
  -------         ENDPROC       _DELAY
  -------         PROC          INT2_INT
  C:4E80H         LINE#         1236
  C:4E86H         LINE#         1238
  C:4E88H         LINE#         1239
  C:4E8AH         LINE#         1240
  C:4E8DH         LINE#         1241
  C:4E93H         LINE#         1242
  C:4E98H         LINE#         1243
  -------         ENDPROC       INT2_INT
  -------         PROC          INT3_INT
  C:4E9FH         LINE#         1245
  C:4EA5H         LINE#         1247
BL51 BANKED LINKER/LOCATER V6.22.2.0                                                  03/23/2021  14:24:38  PAGE 21


  C:4EA7H         LINE#         1248
  C:4EA9H         LINE#         1249
  C:4EACH         LINE#         1250
  C:4EB2H         LINE#         1251
  C:4EB7H         LINE#         1252
  -------         ENDPROC       INT3_INT
  -------         ENDMOD        CPU

  -------         MODULE        ETC_EEP
  C:0000H         SYMBOL        _ICE_DUMMY_
  C:4A6DH         PUBLIC        GetProjectNameEE
  C:42CAH         PUBLIC        ClearBasicEE
  C:4F32H         PUBLIC        SaveFWRevEE
  C:49D9H         PUBLIC        GetFWRevEE
  -------         PROC          GETFWREVEE
  -------         DO            
  D:0004H         SYMBOL        rev
  -------         ENDDO         
  C:49D9H         LINE#         17
  C:49D9H         LINE#         18
  C:49D9H         LINE#         19
  C:49DFH         LINE#         26
  C:4A22H         LINE#         28
  C:4A22H         LINE#         29
  -------         ENDPROC       GETFWREVEE
  -------         PROC          GETPROJECTNAMEEE
  -------         DO            
  X:01D7H         SYMBOL        rev
  -------         ENDDO         
  C:4A6DH         LINE#         31
  C:4A6DH         LINE#         32
  C:4A6DH         LINE#         33
  C:4A73H         LINE#         35
  C:4A81H         LINE#         36
  C:4A90H         LINE#         37
  C:4A9FH         LINE#         38
  C:4AAEH         LINE#         40
  C:4AB3H         LINE#         41
  -------         ENDPROC       GETPROJECTNAMEEE
  -------         PROC          SAVEFWREVEE
  C:4F32H         LINE#         43
  C:4F32H         LINE#         44
  C:4F32H         LINE#         51
  C:4F3AH         LINE#         52
  C:4F42H         LINE#         53
  -------         ENDPROC       SAVEFWREVEE
  -------         PROC          CLEARBASICEE
  C:42CAH         LINE#         67
  C:42CAH         LINE#         68
  C:42CAH         LINE#         70
  C:42D3H         LINE#         72
  C:42DBH         LINE#         73
  C:42E4H         LINE#         74
  C:42EDH         LINE#         75
  C:42F6H         LINE#         77
  C:42FFH         LINE#         80
  C:4308H         LINE#         82
BL51 BANKED LINKER/LOCATER V6.22.2.0                                                  03/23/2021  14:24:38  PAGE 22


  C:4310H         LINE#         84
  C:4318H         LINE#         86
  C:4320H         LINE#         88
  C:4329H         LINE#         90
  C:4332H         LINE#         91
  C:433AH         LINE#         93
  C:4343H         LINE#         94
  C:434BH         LINE#         96
  C:4354H         LINE#         97
  C:435CH         LINE#         99
  C:4365H         LINE#         100
  -------         ENDPROC       CLEARBASICEE
  -------         ENDMOD        ETC_EEP

  -------         MODULE        HS_DVRPROTOCOL
  C:0000H         SYMBOL        _ICE_DUMMY_
  X:0000H         PUBLIC        protocol_data_count
  D:00B2H         PUBLIC        P3M1
  X:0001H         PUBLIC        protocol_len
  X:0002H         PUBLIC        protocol_type
  B:0021H.3       PUBLIC        protocol_escape_flag
  X:0003H         PUBLIC        protocol_chksum
  X:0004H         PUBLIC        protocol_param
  X:0005H         PUBLIC        protocol_data
  C:1C88H         PUBLIC        DvrReceivePaser
  X:0105H         PUBLIC        protocol_state
  -------         PROC          DVRRECEIVEPASER
  -------         DO            
  X:01D3H         SYMBOL        c
  -------         ENDDO         
  C:1C88H         LINE#         40
  C:1C88H         LINE#         41
  C:1C88H         LINE#         43
  C:1C91H         LINE#         44
  C:1C91H         LINE#         45
  C:1C99H         LINE#         47
  C:1C9FH         LINE#         48
  C:1C9FH         LINE#         52
  C:1CA1H         LINE#         53
  C:1CA6H         LINE#         54
  C:1CACH         LINE#         56
  C:1CACH         LINE#         58
  C:1CB2H         LINE#         59
  C:1CB2H         LINE#         60
  C:1CB5H         LINE#         62
  C:1CB5H         LINE#         64
  C:1CB8H         LINE#         65
  C:1CB8H         LINE#         66
  C:1CBAH         LINE#         67
  C:1CC1H         LINE#         68
  C:1CC1H         LINE#         70
  C:1CCAH         LINE#         71
  C:1CCAH         LINE#         72
  C:1CDAH         LINE#         73
  C:1CDAH         LINE#         75
  C:1CEFH         LINE#         76
  C:1CEFH         LINE#         77
BL51 BANKED LINKER/LOCATER V6.22.2.0                                                  03/23/2021  14:24:38  PAGE 23


  C:1CEFH         LINE#         78
  C:1CF7H         LINE#         79
  C:1D0AH         LINE#         80
  C:1D0AH         LINE#         81
  C:1D0AH         LINE#         82
  C:1D0AH         LINE#         83
  C:1D0AH         LINE#         84
  C:1D0AH         LINE#         85
  C:1D0AH         LINE#         86
  C:1D0AH         LINE#         87
  C:1D0AH         LINE#         88
  C:1D0AH         LINE#         89
  C:1D0AH         LINE#         90
  C:1D0AH         LINE#         91
  C:1D0AH         LINE#         92
  C:1D0AH         LINE#         93
  C:1D0AH         LINE#         94
  C:1D10H         LINE#         95
  C:1D11H         LINE#         96
  C:1D11H         LINE#         99
  C:1D11H         LINE#         100
  C:1D11H         LINE#         102
  C:1D11H         LINE#         103
  C:1D19H         LINE#         104
  C:1D2EH         LINE#         105
  C:1D2EH         LINE#         106
  C:1D2EH         LINE#         107
  C:1D2EH         LINE#         108
  C:1D2EH         LINE#         109
  C:1D2EH         LINE#         110
  C:1D2EH         LINE#         111
  C:1D2EH         LINE#         112
  C:1D2EH         LINE#         113
  C:1D2EH         LINE#         114
  C:1D2EH         LINE#         115
  C:1D2EH         LINE#         116
  C:1D2EH         LINE#         117
  C:1D2EH         LINE#         118
  C:1D2EH         LINE#         120
  C:1D34H         LINE#         121
  C:1D34H         LINE#         122
  C:1D34H         LINE#         123
  C:1D36H         LINE#         125
  C:1D36H         LINE#         126
  C:1D3BH         LINE#         127
  C:1D41H         LINE#         132
  C:1D41H         LINE#         133
  C:1D42H         LINE#         134
  C:1D42H         LINE#         135
  C:1D42H         LINE#         136
  C:1D45H         LINE#         137
  C:1D45H         LINE#         138
  C:1D45H         LINE#         140
  C:1D45H         LINE#         141
  C:1D5CH         LINE#         142
  C:1D5CH         LINE#         143
  C:1D5CH         LINE#         144
BL51 BANKED LINKER/LOCATER V6.22.2.0                                                  03/23/2021  14:24:38  PAGE 24


  C:1D5CH         LINE#         145
  C:1D5CH         LINE#         146
  C:1D5CH         LINE#         147
  C:1D5CH         LINE#         148
  C:1D5CH         LINE#         149
  C:1D5CH         LINE#         150
  C:1D5CH         LINE#         151
  C:1D5CH         LINE#         152
  C:1D5CH         LINE#         153
  C:1D5CH         LINE#         154
  C:1D5CH         LINE#         157
  C:1D70H         LINE#         158
  C:1D76H         LINE#         159
  C:1D83H         LINE#         160
  C:1D89H         LINE#         164
  C:1D89H         LINE#         169
  C:1D8AH         LINE#         170
  C:1D8AH         LINE#         171
  C:1D8AH         LINE#         172
  C:1D8DH         LINE#         173
  C:1D8DH         LINE#         174
  C:1D8DH         LINE#         176
  C:1D8DH         LINE#         177
  C:1D9CH         LINE#         178
  C:1D9CH         LINE#         183
  C:1DCEH         LINE#         184
  C:1DCEH         LINE#         185
  C:1DCEH         LINE#         189
  C:1DD5H         LINE#         190
  C:1DDEH         LINE#         191
  C:1DEBH         LINE#         192
  C:1DEBH         LINE#         193
  C:1DEFH         LINE#         194
  C:1DF4H         LINE#         195
  C:1DF9H         LINE#         196
  C:1DF9H         LINE#         197
  C:1E02H         LINE#         198
  C:1E0BH         LINE#         199
  C:1E0EH         LINE#         200
  C:1E11H         LINE#         201
  C:1E11H         LINE#         205
  C:1E16H         LINE#         206
  C:1E22H         LINE#         207
  C:1E28H         LINE#         208
  C:1E2BH         LINE#         209
  C:1E2BH         LINE#         214
  C:1E31H         LINE#         215
  C:1E34H         LINE#         216
  C:1E34H         LINE#         221
  C:1E3AH         LINE#         222
  C:1E3DH         LINE#         223
  C:1E3DH         LINE#         236
  C:1E5EH         LINE#         237
  C:1E7FH         LINE#         239
  C:1EA0H         LINE#         240
  C:1EC1H         LINE#         242
  C:1EE2H         LINE#         243
BL51 BANKED LINKER/LOCATER V6.22.2.0                                                  03/23/2021  14:24:38  PAGE 25


  C:1F03H         LINE#         245
  C:1F24H         LINE#         246
  C:1F45H         LINE#         248
  C:1F51H         LINE#         249
  C:1F5DH         LINE#         251
  C:1F69H         LINE#         252
  C:1F75H         LINE#         254
  C:1F81H         LINE#         255
  C:1F8DH         LINE#         257
  C:1F99H         LINE#         258
  C:1FA5H         LINE#         260
  C:1FABH         LINE#         262
  C:1FAEH         LINE#         264
  C:1FAEH         LINE#         270
  C:1FBBH         LINE#         271
  C:1FBEH         LINE#         273
  C:1FD0H         LINE#         275
  C:1FD9H         LINE#         276
  C:1FDEH         LINE#         278
  C:1FE8H         LINE#         279
  C:1FF1H         LINE#         306
  C:1FF4H         LINE#         308
  C:1FF4H         LINE#         313
  C:1FFDH         LINE#         314
  C:1FFDH         LINE#         315
  C:2004H         LINE#         319
  C:2007H         LINE#         320
  C:2010H         LINE#         321
  C:2010H         LINE#         322
  C:2015H         LINE#         323
  C:201CH         LINE#         327
  C:201CH         LINE#         328
  C:201FH         LINE#         330
  C:201FH         LINE#         334
  C:2025H         LINE#         335
  C:2028H         LINE#         337
  C:2028H         LINE#         342
  C:202EH         LINE#         343
  C:202EH         LINE#         344
  C:2035H         LINE#         345
  C:203AH         LINE#         348
  C:203FH         LINE#         349
  C:2044H         LINE#         350
  C:2049H         LINE#         351
  C:204EH         LINE#         352
  C:2053H         LINE#         353
  C:2058H         LINE#         355
  C:205EH         LINE#         357
  C:2061H         LINE#         358
  C:2069H         LINE#         359
  C:2069H         LINE#         360
  C:206FH         LINE#         361
  C:206FH         LINE#         362
  C:206FH         LINE#         363
  C:2071H         LINE#         364
  C:207CH         LINE#         365
  C:207CH         LINE#         366
BL51 BANKED LINKER/LOCATER V6.22.2.0                                                  03/23/2021  14:24:38  PAGE 26


  C:2083H         LINE#         367
  C:2086H         LINE#         368
  C:208FH         LINE#         369
  C:2094H         LINE#         370
  C:2094H         LINE#         372
  C:2097H         LINE#         374
  C:2097H         LINE#         379
  C:20A2H         LINE#         380
  C:20A2H         LINE#         381
  C:20A9H         LINE#         382
  C:20AEH         LINE#         386
  C:20B0H         LINE#         387
  C:20BCH         LINE#         388
  C:20BCH         LINE#         389
  C:20C3H         LINE#         390
  C:20C8H         LINE#         391
  C:20CFH         LINE#         393
  C:20DBH         LINE#         394
  C:20DFH         LINE#         395
  C:20DFH         LINE#         396
  C:20EFH         LINE#         397
  C:20EFH         LINE#         398
  C:20F6H         LINE#         399
  C:20FDH         LINE#         400
  C:2102H         LINE#         401
  C:2109H         LINE#         402
  C:2113H         LINE#         403
  C:211BH         LINE#         407
  C:2127H         LINE#         408
  C:212BH         LINE#         409
  C:212DH         LINE#         410
  C:213DH         LINE#         411
  C:213DH         LINE#         412
  C:2142H         LINE#         416
  C:2142H         LINE#         418
  C:2147H         LINE#         420
  C:214FH         LINE#         421
  C:2155H         LINE#         423
  C:2157H         LINE#         425
  C:2157H         LINE#         429
  C:2160H         LINE#         430
  C:2162H         LINE#         432
  C:2162H         LINE#         434
  C:216AH         LINE#         435
  C:216AH         LINE#         436
  C:2172H         LINE#         437
  C:2178H         LINE#         438
  C:217AH         LINE#         440
  C:217AH         LINE#         441
  C:2182H         LINE#         442
  C:2187H         LINE#         443
  C:2187H         LINE#         450
  C:2189H         LINE#         451
  C:2189H         LINE#         452
  C:2194H         LINE#         453
  C:2199H         LINE#         455
  C:219CH         LINE#         460
BL51 BANKED LINKER/LOCATER V6.22.2.0                                                  03/23/2021  14:24:38  PAGE 27


  C:21A5H         LINE#         463
  C:21A5H         LINE#         464
  C:21A5H         LINE#         465
  C:21A5H         LINE#         466
  C:21A5H         LINE#         468
  C:21A5H         LINE#         470
  C:21A5H         LINE#         474
  C:21A5H         LINE#         475
  C:21AAH         LINE#         476
  C:21AAH         LINE#         477
  C:21AAH         LINE#         478
  C:21AAH         LINE#         479
  C:21AAH         LINE#         480
  C:21AAH         LINE#         483
  -------         ENDPROC       DVRRECEIVEPASER
  -------         ENDMOD        HS_DVRPROTOCOL

  -------         MODULE        I2C
  C:0000H         SYMBOL        _ICE_DUMMY_
  B:0090H.0       PUBLIC        P1_0
  B:0090H.1       PUBLIC        P1_1
  C:4CB0H         PUBLIC        I2CReadData
  C:4C77H         PUBLIC        _ReadI2C
  C:472AH         PUBLIC        _I2CWriteData
  C:4FF4H         PUBLIC        I2CStart
  C:4FABH         PUBLIC        I2Cdelay
  C:4DF9H         PUBLIC        _ReadEEP
  C:4E40H         PUBLIC        _WriteAD5110
  C:0016H         PUBLIC        I2CStop
  C:4AB4H         PUBLIC        _WriteEEP
  C:46ACH         PUBLIC        _AD5110_I2CWriteData
  C:4FA7H         SYMBOL        L?0054
  -------         PROC          L?0053
  -------         ENDPROC       L?0053
  C:4FA7H         SYMBOL        L?0054
  -------         PROC          I2CDELAY
  -------         DO            
  D:0007H         SYMBOL        i
  -------         ENDDO         
  C:4FABH         LINE#         34
  C:4FABH         LINE#         35
  C:4FABH         LINE#         37
  C:4FB7H         LINE#         38
  C:4FBAH         LINE#         39
  -------         ENDPROC       I2CDELAY
  -------         PROC          _WRITEEEP
  X:01D7H         SYMBOL        index
  X:01D9H         SYMBOL        dat
  -------         DO            
  X:01DAH         SYMBOL        addr
  -------         ENDDO         
  C:4AB4H         LINE#         42
  C:4ABFH         LINE#         43
  C:4ABFH         LINE#         46
  C:4AD7H         LINE#         48
  C:4ADAH         LINE#         49
  C:4AE2H         LINE#         50
BL51 BANKED LINKER/LOCATER V6.22.2.0                                                  03/23/2021  14:24:38  PAGE 28


  C:4AEBH         LINE#         51
  C:4AF3H         LINE#         52
  C:4AF6H         LINE#         58
  -------         ENDPROC       _WRITEEEP
  -------         PROC          _READEEP
  D:0004H         SYMBOL        index
  -------         DO            
  X:01FBH         SYMBOL        val
  D:0007H         SYMBOL        addr
  -------         ENDDO         
  C:4DF9H         LINE#         61
  C:4DFDH         LINE#         62
  C:4DFDH         LINE#         66
  C:4E0CH         LINE#         68
  C:4E14H         LINE#         73
  C:4E19H         LINE#         74
  C:4E1EH         LINE#         75
  -------         ENDPROC       _READEEP
  -------         PROC          _READI2C
  X:01FCH         SYMBOL        addr
  X:01FDH         SYMBOL        index
  -------         DO            
  X:01FEH         SYMBOL        val
  -------         ENDDO         
  C:4C77H         LINE#         77
  C:4C7FH         LINE#         78
  C:4C7FH         LINE#         81
  C:4C82H         LINE#         82
  C:4C8AH         LINE#         83
  C:4C92H         LINE#         84
  C:4C95H         LINE#         85
  C:4C9FH         LINE#         86
  C:4CA7H         LINE#         87
  C:4CAAH         LINE#         89
  C:4CAFH         LINE#         90
  -------         ENDPROC       _READI2C
  -------         PROC          I2CSTART
  C:4FF4H         LINE#         106
  C:4FF4H         LINE#         107
  C:4FF4H         LINE#         108
  C:4FF9H         LINE#         109
  C:4FFEH         LINE#         110
  C:5003H         LINE#         111
  C:5005H         LINE#         112
  -------         ENDPROC       I2CSTART
  -------         PROC          I2CSTOP
  C:0016H         LINE#         114
  C:0016H         LINE#         115
  C:0016H         LINE#         116
  C:001BH         LINE#         117
  C:0020H         LINE#         118
  C:0022H         LINE#         119
  -------         ENDPROC       I2CSTOP
  -------         PROC          _I2CWRITEDATA
  D:0006H         SYMBOL        value
  C:472AH         LINE#         121
  C:472CH         LINE#         122
BL51 BANKED LINKER/LOCATER V6.22.2.0                                                  03/23/2021  14:24:38  PAGE 29


  C:472CH         LINE#         124
  C:4739H         LINE#         125
  C:4746H         LINE#         126
  C:4753H         LINE#         127
  C:4760H         LINE#         129
  C:476DH         LINE#         130
  C:477AH         LINE#         131
  C:4787H         LINE#         132
  C:4794H         LINE#         135
  C:4796H         LINE#         136
  C:4798H         LINE#         137
  C:479AH         LINE#         138
  C:479CH         LINE#         140
  C:479EH         LINE#         141
  C:47A0H         LINE#         142
  C:47A2H         LINE#         143
  C:47A4H         LINE#         144
  -------         ENDPROC       _I2CWRITEDATA
  -------         PROC          I2CREADDATA
  -------         DO            
  D:0004H         SYMBOL        i
  D:0006H         SYMBOL        value
  -------         ENDDO         
  C:4CB0H         LINE#         146
  C:4CB0H         LINE#         147
  C:4CB0H         LINE#         149
  C:4CB2H         LINE#         151
  C:4CB7H         LINE#         152
  C:4CB9H         LINE#         154
  C:4CBCH         LINE#         155
  C:4CBEH         LINE#         156
  C:4CC2H         LINE#         157
  C:4CC8H         LINE#         158
  C:4CCAH         LINE#         159
  C:4CD5H         LINE#         160
  C:4CD8H         LINE#         162
  C:4CDAH         LINE#         163
  C:4CDCH         LINE#         164
  C:4CDEH         LINE#         165
  C:4CE0H         LINE#         167
  C:4CE2H         LINE#         169
  -------         ENDPROC       I2CREADDATA
  -------         PROC          _AD5110_I2CWRITEDATA
  D:0006H         SYMBOL        value
  C:46ACH         LINE#         172
  C:46AEH         LINE#         173
  C:46AEH         LINE#         175
  C:46BBH         LINE#         176
  C:46C8H         LINE#         177
  C:46D5H         LINE#         178
  C:46E2H         LINE#         180
  C:46EFH         LINE#         181
  C:46FCH         LINE#         182
  C:4709H         LINE#         183
  C:4716H         LINE#         186
  C:4718H         LINE#         187
  C:471AH         LINE#         188
BL51 BANKED LINKER/LOCATER V6.22.2.0                                                  03/23/2021  14:24:38  PAGE 30


  C:471CH         LINE#         189
  C:471EH         LINE#         190
  C:4721H         LINE#         191
  C:4723H         LINE#         192
  C:4725H         LINE#         193
  C:4727H         LINE#         194
  C:4729H         LINE#         196
  -------         ENDPROC       _AD5110_I2CWRITEDATA
  -------         PROC          _WRITEAD5110
  D:0002H         SYMBOL        index
  D:0005H         SYMBOL        dat
  -------         DO            
  D:0006H         SYMBOL        addr
  -------         ENDDO         
  C:4E40H         LINE#         229
  C:4E44H         LINE#         230
  C:4E44H         LINE#         233
  C:4E46H         LINE#         235
  C:4E49H         LINE#         236
  C:4E4EH         LINE#         237
  C:4E53H         LINE#         238
  C:4E58H         LINE#         239
  C:4E5BH         LINE#         245
  -------         ENDPROC       _WRITEAD5110
  -------         ENDMOD        I2C

  -------         MODULE        KEYREMO
  C:0000H         SYMBOL        _ICE_DUMMY_
  C:4F17H         PUBLIC        _GetKey
  C:493AH         PUBLIC        Scankey
  -------         PROC          SCANKEY
  C:493AH         LINE#         33
  C:493AH         LINE#         34
  C:493AH         LINE#         36
  C:4942H         LINE#         37
  C:4942H         LINE#         39
  C:4952H         LINE#         40
  C:4952H         LINE#         41
  C:4956H         LINE#         42
  C:495CH         LINE#         43
  C:495EH         LINE#         44
  C:496EH         LINE#         45
  C:496EH         LINE#         46
  C:4972H         LINE#         47
  C:4976H         LINE#         48
  C:497AH         LINE#         49
  C:4981H         LINE#         50
  C:4981H         LINE#         52
  C:498AH         LINE#         53
  C:498AH         LINE#         55
  -------         ENDPROC       SCANKEY
  -------         PROC          _GETKEY
  D:0007H         SYMBOL        repeat
  -------         DO            
  B:0021H.1       SYMBOL        ready
  -------         ENDDO         
  C:4F17H         LINE#         60
BL51 BANKED LINKER/LOCATER V6.22.2.0                                                  03/23/2021  14:24:38  PAGE 31


  C:4F17H         LINE#         61
  C:4F17H         LINE#         65
  C:4F1BH         LINE#         66
  C:4F1DH         LINE#         68
  C:4F23H         LINE#         69
  C:4F29H         LINE#         70
  C:4F2FH         LINE#         72
  C:4F31H         LINE#         73
  -------         ENDPROC       _GETKEY
  -------         ENDMOD        KEYREMO

  -------         MODULE        MAIN
  C:0000H         SYMBOL        _ICE_DUMMY_
  C:3A01H         PUBLIC        _Mapping1
  C:4405H         PUBLIC        _mcuLib_ProtocolSendCmdWithParamNum
  D:00B2H         PUBLIC        P3M1
  D:00E7H         PUBLIC        ISPCR
  D:00E8H         PUBLIC        P4
  X:0106H         PUBLIC        PowerFlag
  B:0080H.0       PUBLIC        P0_0
  X:0107H         PUBLIC        LowBatteryFlag
  B:0080H.1       PUBLIC        P0_1
  X:0108H         PUBLIC        UserRange
  B:00B0H.4       PUBLIC        P3_4
  B:00B0H.5       PUBLIC        P3_5
  C:4B82H         PUBLIC        _SetAD5110Step
  C:33B7H         PUBLIC        _MCU_SendCmdToDVR
  X:010EH         PUBLIC        g_stBatteryInfo
  D:00C6H         PUBLIC        ADCV
  X:0114H         PUBLIC        DVRChangeCurrent
  X:0115H         PUBLIC        EncorderLen_Offset
  X:0117H         PUBLIC        EncorderLenint
  C:462AH         PUBLIC        main
  D:00E6H         PUBLIC        SCMD
  X:0118H         PUBLIC        g_stDVRInfo
  X:011AH         PUBLIC        PowerOffToOnFlag
  X:011BH         PUBLIC        bytFastEncoderMode
  D:00E3H         PUBLIC        IFADRH
  D:00E5H         PUBLIC        IFMT
  X:011CH         PUBLIC        Power_down_mode
  D:00E4H         PUBLIC        IFADRL
  X:011DH         PUBLIC        AD5110Range
  C:488EH         SYMBOL        _?ix1000
  C:4EBEH         PUBLIC        main_loop
  C:35F1H         PUBLIC        LoadEEPROM
  X:0123H         PUBLIC        EncorderCountPN_offset
  C:4E1FH         PUBLIC        enter_isp
  D:00E2H         PUBLIC        IFD
  X:0124H         PUBLIC        EncorderLenfloaat
  X:0126H         PUBLIC        EncorderLen
  C:5044H         PUBLIC        GetBatteryVoltage
  C:4895H         PUBLIC        InitialTimerEvent
  C:4CE3H         PUBLIC        _isp_write
  C:503DH         PUBLIC        GetBatteryBTH
  X:012AH         PUBLIC        EncorderCountPN
  C:000EH         PUBLIC        isp_init
  X:012BH         PUBLIC        Decimal1
BL51 BANKED LINKER/LOCATER V6.22.2.0                                                  03/23/2021  14:24:38  PAGE 32


  X:012FH         PUBLIC        DebugLevel
  X:0130H         PUBLIC        Decimal2
  X:0134H         PUBLIC        Decimal3
  C:3DA4H         PUBLIC        WaitPowerOn
  X:0138H         PUBLIC        Decimal4
  X:013CH         PUBLIC        PWR_START_flag
  X:013DH         PUBLIC        Encorder1
  X:0141H         PUBLIC        Encorder2
  D:00C5H         PUBLIC        ADCTL
  X:0145H         PUBLIC        Encorder3
  C:4E60H         PUBLIC        _GetADCValue
  X:0149H         PUBLIC        Encorder4
  D:00E8H         PUBLIC        ADCVL
  X:014DH         PUBLIC        AD5110_setp
  X:0176H         PUBLIC        CameraVolt
  C:4237H         PUBLIC        _mcuLib_ProtocolAppend
  C:25E8H         PUBLIC        EncorderHandler
  -------         PROC          _ISP_WRITE
  D:0001H         SYMBOL        buf
  D:0005H         SYMBOL        addr_high
  X:01DCH         SYMBOL        addr_low
  X:01DDH         SYMBOL        len
  C:4CE3H         LINE#         86
  C:4CE3H         LINE#         87
  C:4CE3H         LINE#         88
  C:4CE6H         LINE#         89
  C:4CE8H         LINE#         91
  C:4CE8H         LINE#         92
  C:4CEEH         LINE#         93
  C:4CF3H         LINE#         94
  C:4CF6H         LINE#         95
  C:4CF9H         LINE#         97
  C:4D00H         LINE#         98
  C:4D06H         LINE#         99
  C:4D09H         LINE#         100
  C:4D09H         LINE#         101
  C:4D0AH         LINE#         102
  C:4D0CH         LINE#         103
  C:4D0CH         LINE#         104
  C:4D12H         LINE#         105
  C:4D12H         LINE#         106
  C:4D15H         LINE#         107
  -------         ENDPROC       _ISP_WRITE
  -------         PROC          ISP_INIT
  C:000EH         LINE#         109
  C:000EH         LINE#         110
  C:000EH         LINE#         111
  C:0011H         LINE#         112
  -------         ENDPROC       ISP_INIT
  -------         PROC          ENTER_ISP
  -------         DO            
  X:01D7H         SYMBOL        mark
  -------         ENDDO         
  C:4E1FH         LINE#         114
  C:4E1FH         LINE#         115
  C:4E1FH         LINE#         117
  C:4E24H         LINE#         118
BL51 BANKED LINKER/LOCATER V6.22.2.0                                                  03/23/2021  14:24:38  PAGE 33


  C:4E27H         LINE#         119
  C:4E3CH         LINE#         120
  C:4E3FH         LINE#         121
  -------         ENDPROC       ENTER_ISP
  C:421FH         SYMBOL        L?0105
  C:422FH         SYMBOL        L?0106
  -------         PROC          L?0104
  -------         ENDPROC       L?0104
  C:421FH         SYMBOL        L?0105
  C:422FH         SYMBOL        L?0106
  -------         PROC          _MCULIB_PROTOCOLAPPEND
  X:0212H         SYMBOL        pucBuf
  X:0215H         SYMBOL        piLen
  X:0218H         SYMBOL        ucByte
  C:4237H         LINE#         124
  C:4242H         LINE#         125
  C:4250H         LINE#         126
  C:4274H         LINE#         127
  C:4284H         LINE#         128
  C:428DH         LINE#         129
  C:428DH         LINE#         130
  C:428FH         LINE#         131
  C:42B7H         LINE#         132
  C:42C7H         LINE#         133
  C:42C7H         LINE#         134
  C:42C9H         LINE#         135
  -------         ENDPROC       _MCULIB_PROTOCOLAPPEND
  -------         PROC          _MCULIB_PROTOCOLSENDCMDWITHPARAMNUM
  D:0007H         SYMBOL        ucType
  X:01FCH         SYMBOL        pucParam
  X:01FFH         SYMBOL        ucSize
  -------         DO            
  D:0005H         SYMBOL        ucChecksum
  X:0200H         SYMBOL        pucBuf
  X:0210H         SYMBOL        iLen
  X:0211H         SYMBOL        i
  -------         ENDDO         
  C:4405H         LINE#         137
  C:4410H         LINE#         138
  C:4410H         LINE#         143
  C:4416H         LINE#         144
  C:441CH         LINE#         145
  C:441DH         LINE#         146
  C:4420H         LINE#         147
  C:4424H         LINE#         148
  C:4427H         LINE#         150
  C:443AH         LINE#         151
  C:444DH         LINE#         152
  C:4450H         LINE#         153
  C:4458H         LINE#         155
  C:446AH         LINE#         157
  C:447BH         LINE#         158
  C:448AH         LINE#         159
  C:4492H         LINE#         162
  C:4494H         LINE#         163
  -------         ENDPROC       _MCULIB_PROTOCOLSENDCMDWITHPARAMNUM
  -------         PROC          _MCU_SENDCMDTODVR
BL51 BANKED LINKER/LOCATER V6.22.2.0                                                  03/23/2021  14:24:38  PAGE 34


  X:01F3H         SYMBOL        ucType
  -------         DO            
  X:01F4H         SYMBOL        buf
  D:0002H         SYMBOL        val
  -------         ENDDO         
  C:33B7H         LINE#         166
  C:33BCH         LINE#         167
  C:33BCH         LINE#         168
  C:33CFH         LINE#         170
  C:33F0H         LINE#         171
  C:33F0H         LINE#         172
  C:33F0H         LINE#         173
  C:33FCH         LINE#         174
  C:3408H         LINE#         175
  C:3414H         LINE#         176
  C:3422H         LINE#         177
  C:3425H         LINE#         179
  C:3425H         LINE#         184
  C:345CH         LINE#         186
  C:3470H         LINE#         187
  C:3479H         LINE#         189
  C:347EH         LINE#         219
  C:3483H         LINE#         230
  C:3490H         LINE#         232
  C:3493H         LINE#         234
  C:34ACH         LINE#         237
  C:34D5H         LINE#         241
  C:34DDH         LINE#         243
  C:34EAH         LINE#         244
  C:34F1H         LINE#         246
  C:34FEH         LINE#         247
  C:3505H         LINE#         249
  C:350BH         LINE#         250
  C:3512H         LINE#         252
  C:351AH         LINE#         253
  C:3521H         LINE#         255
  C:3529H         LINE#         256
  C:3530H         LINE#         258
  C:3536H         LINE#         259
  C:353DH         LINE#         261
  C:3548H         LINE#         262
  C:354FH         LINE#         264
  C:358DH         LINE#         265
  C:3594H         LINE#         268
  C:35A2H         LINE#         269
  C:35A4H         LINE#         271
  C:35A4H         LINE#         272
  C:35B2H         LINE#         273
  C:35B2H         LINE#         274
  C:35B8H         LINE#         275
  C:35BFH         LINE#         279
  C:35BFH         LINE#         280
  C:35CDH         LINE#         281
  C:35CFH         LINE#         283
  C:35CFH         LINE#         284
  C:35DDH         LINE#         285
  C:35DFH         LINE#         287
[...]
  C:0748H         LINE#         1024
  C:0757H         LINE#         1025
  C:0757H         LINE#         1029
  C:075FH         LINE#         1030
  C:0762H         LINE#         1032
  C:0766H         LINE#         1062
  C:0769H         LINE#         1064
  C:0769H         LINE#         1069
  C:0774H         LINE#         1070
  C:0774H         LINE#         1071
  C:077CH         LINE#         1078
  C:077DH         LINE#         1087
  C:0785H         LINE#         1088
  C:078DH         LINE#         1091
  C:078DH         LINE#         1092
  C:0798H         LINE#         1093
  C:0798H         LINE#         1094
  C:07ACH         LINE#         1095
  C:07ACH         LINE#         1096
  C:07B2H         LINE#         1097
  C:07BAH         LINE#         1098
  C:07BAH         LINE#         1100
  C:07BAH         LINE#         1104
BL51 BANKED LINKER/LOCATER V6.22.2.0                                                  03/23/2021  14:24:38  PAGE 62


  C:07C0H         LINE#         1105
  C:07C0H         LINE#         1111
  C:07C3H         LINE#         1113
  C:07C9H         LINE#         1115
  C:07C9H         LINE#         1117
  C:07CCH         LINE#         1118
  C:07CCH         LINE#         1119
  C:07D7H         LINE#         1120
  C:07DCH         LINE#         1121
  C:07DFH         LINE#         1122
  C:07DFH         LINE#         1126
  C:07EAH         LINE#         1138
  C:07FDH         LINE#         1139
  C:07FDH         LINE#         1140
  C:0802H         LINE#         1141
  C:0806H         LINE#         1142
  C:080AH         LINE#         1143
  C:0810H         LINE#         1144
  C:0811H         LINE#         1145
  C:0814H         LINE#         1146
  C:082DH         LINE#         1147
  C:082DH         LINE#         1148
  C:0832H         LINE#         1149
  C:0836H         LINE#         1150
  C:083AH         LINE#         1151
  C:083EH         LINE#         1152
  C:0844H         LINE#         1153
  C:0847H         LINE#         1154
  C:0859H         LINE#         1155
  C:0859H         LINE#         1156
  C:085FH         LINE#         1157
  C:0864H         LINE#         1158
  C:0868H         LINE#         1159
  C:086CH         LINE#         1160
  C:086CH         LINE#         1161
  C:086EH         LINE#         1162
  C:0880H         LINE#         1163
  C:0880H         LINE#         1164
  C:0885H         LINE#         1165
  C:0889H         LINE#         1166
  C:088FH         LINE#         1167
  C:0894H         LINE#         1168
  C:0894H         LINE#         1170
  C:0896H         LINE#         1171
  C:08A8H         LINE#         1172
  C:08A8H         LINE#         1173
  C:08ADH         LINE#         1174
  C:08B3H         LINE#         1175
  C:08B8H         LINE#         1176
  C:08BCH         LINE#         1177
  C:08BCH         LINE#         1178
  C:08BEH         LINE#         1180
  C:08BEH         LINE#         1183
  C:08C5H         LINE#         1184
  C:08CAH         LINE#         1186
  C:08D0H         LINE#         1187
  C:08D5H         LINE#         1188
BL51 BANKED LINKER/LOCATER V6.22.2.0                                                  03/23/2021  14:24:38  PAGE 63


  C:08D9H         LINE#         1189
  C:08DDH         LINE#         1190
  C:08E1H         LINE#         1191
  C:08E5H         LINE#         1192
  C:08E5H         LINE#         1194
  C:093BH         LINE#         1196
  C:0941H         LINE#         1199
  C:0949H         LINE#         1200
  C:0949H         LINE#         1201
  C:094FH         LINE#         1202
  C:0954H         LINE#         1203
  C:095BH         LINE#         1204
  C:095EH         LINE#         1205
  C:0965H         LINE#         1206
  C:0965H         LINE#         1208
  C:096DH         LINE#         1209
  C:096DH         LINE#         1210
  C:0973H         LINE#         1211
  C:0978H         LINE#         1212
  C:097FH         LINE#         1213
  C:0982H         LINE#         1214
  C:0989H         LINE#         1215
  C:0989H         LINE#         1217
  C:0991H         LINE#         1218
  C:0991H         LINE#         1219
  C:0995H         LINE#         1220
  C:099AH         LINE#         1221
  C:09A1H         LINE#         1222
  C:09A4H         LINE#         1223
  C:09ABH         LINE#         1224
  C:09ABH         LINE#         1226
  C:09B3H         LINE#         1227
  C:09B3H         LINE#         1228
  C:09B9H         LINE#         1229
  C:09BEH         LINE#         1230
  C:09C5H         LINE#         1231
  C:09C8H         LINE#         1232
  C:09CFH         LINE#         1233
  C:09CFH         LINE#         1235
  C:09D7H         LINE#         1236
  C:09D7H         LINE#         1237
  C:09DDH         LINE#         1238
  C:09E2H         LINE#         1239
  C:09E9H         LINE#         1240
  C:09ECH         LINE#         1241
  C:09F3H         LINE#         1242
  C:09F3H         LINE#         1252
  C:0A02H         LINE#         1255
  C:0A1BH         LINE#         1256
  C:0A1BH         LINE#         1257
  C:0A21H         LINE#         1258
  C:0A26H         LINE#         1259
  C:0A28H         LINE#         1261
  C:0A28H         LINE#         1262
  C:0A2DH         LINE#         1263
  C:0A33H         LINE#         1265
  C:0A33H         LINE#         1267
BL51 BANKED LINKER/LOCATER V6.22.2.0                                                  03/23/2021  14:24:38  PAGE 64


  C:0A3BH         LINE#         1268
  C:0A3BH         LINE#         1269
  C:0A3CH         LINE#         1270
  C:0A51H         LINE#         1271
  C:0A58H         LINE#         1275
  C:0A5AH         LINE#         1276
  C:0A62H         LINE#         1277
  C:0A62H         LINE#         1278
  C:0A63H         LINE#         1279
  C:0A6AH         LINE#         1280
  C:0A6AH         LINE#         1312
  C:0A72H         LINE#         1313
  C:0A78H         LINE#         1315
  C:0A7CH         LINE#         1316
  C:0A7FH         LINE#         1318
  C:0A7FH         LINE#         1321
  C:0A8CH         LINE#         1322
  C:0A8CH         LINE#         1326
  C:0A90H         LINE#         1327
  C:0A93H         LINE#         1328
  C:0A99H         LINE#         1329
  C:0A99H         LINE#         1330
  C:0A9CH         LINE#         1332
  C:0A9CH         LINE#         1348
  C:0AA7H         LINE#         1349
  C:0AA7H         LINE#         1350
  C:0AB4H         LINE#         1351
  C:0AB4H         LINE#         1352
  C:0AB8H         LINE#         1354
  C:0ABAH         LINE#         1359
  C:0AC2H         LINE#         1360
  C:0ACBH         LINE#         1361
  C:0ACDH         LINE#         1363
  C:0AD5H         LINE#         1364
  C:0ADEH         LINE#         1365
  C:0AE0H         LINE#         1367
  C:0AE0H         LINE#         1369
  C:0AEBH         LINE#         1370
  C:0AEBH         LINE#         1371
  C:0AEDH         LINE#         1372
  C:0AF0H         LINE#         1374
  C:0AF0H         LINE#         1376
  C:0AFAH         LINE#         1377
  C:0AFAH         LINE#         1379
  C:0B1DH         LINE#         1380
  C:0B1DH         LINE#         1381
  C:0B28H         LINE#         1382
  C:0B2CH         LINE#         1384
  C:0B2EH         LINE#         1385
  C:0B31H         LINE#         1386
  C:0B3BH         LINE#         1387
  C:0B3EH         LINE#         1391
  C:0B48H         LINE#         1392
  C:0B48H         LINE#         1394
  C:0B6BH         LINE#         1395
  C:0B6BH         LINE#         1396
  C:0B76H         LINE#         1397
BL51 BANKED LINKER/LOCATER V6.22.2.0                                                  03/23/2021  14:24:38  PAGE 65


  C:0B7AH         LINE#         1399
  C:0B7CH         LINE#         1400
  C:0B7EH         LINE#         1401
  C:0B88H         LINE#         1402
  C:0B8AH         LINE#         1404
  C:0B8AH         LINE#         1405
  C:0B8CH         LINE#         1406
  C:0B96H         LINE#         1407
  C:0B96H         LINE#         1409
  C:0BB9H         LINE#         1410
  C:0BB9H         LINE#         1411
  C:0BC4H         LINE#         1412
  C:0BC8H         LINE#         1414
  C:0BCAH         LINE#         1415
  C:0BCCH         LINE#         1416
  C:0BD6H         LINE#         1417
  C:0BDDH         LINE#         1419
  C:0BE6H         LINE#         1420
  C:0BE6H         LINE#         1423
  C:0BE6H         LINE#         1425
  C:0BECH         LINE#         1428
  C:0BEEH         LINE#         1430
  C:0BEEH         LINE#         1431
  C:0BF5H         LINE#         1432
  C:0BF7H         LINE#         1433
  C:0BFAH         LINE#         1434
  C:0BFFH         LINE#         1435
  C:0C0FH         LINE#         1436
  C:0C14H         LINE#         1437
  C:0C1DH         LINE#         1438
  C:0C26H         LINE#         1439
  C:0C26H         LINE#         1441
  C:0C28H         LINE#         1443
  C:0C29H         LINE#         1444
  C:0C29H         LINE#         1446
  C:0C31H         LINE#         1447
  C:0C39H         LINE#         1456
  C:0C50H         LINE#         1457
  C:0C50H         LINE#         1458
  C:0C55H         LINE#         1459
  C:0C5EH         LINE#         1460
  C:0C5EH         LINE#         1462
  C:0C75H         LINE#         1463
  C:0C75H         LINE#         1464
  C:0C7AH         LINE#         1465
  C:0C83H         LINE#         1466
  C:0C83H         LINE#         1469
  C:0C8BH         LINE#         1470
  C:0C8BH         LINE#         1471
  C:0C99H         LINE#         1472
  C:0C99H         LINE#         1476
  C:0CA0H         LINE#         1477
  C:0CA3H         LINE#         1478
  C:0CA3H         LINE#         1480
  C:0CA3H         LINE#         1482
  C:0CC9H         LINE#         1483
  C:0CC9H         LINE#         1485
BL51 BANKED LINKER/LOCATER V6.22.2.0                                                  03/23/2021  14:24:38  PAGE 66


  C:0CC9H         LINE#         1487
  C:0CD6H         LINE#         1488
  C:0CD6H         LINE#         1492
  C:0CDAH         LINE#         1493
  C:0CDAH         LINE#         1495
  C:0CE6H         LINE#         1496
  C:0CE6H         LINE#         1500
  C:0CEAH         LINE#         1501
  C:0CF3H         LINE#         1502
  C:0CFDH         LINE#         1503
  C:0D05H         LINE#         1504
  C:0D05H         LINE#         1505
  C:0D0CH         LINE#         1506
  C:0D0FH         LINE#         1507
  C:0D0FH         LINE#         1508
  C:0D0FH         LINE#         1509
  C:0D2EH         LINE#         1510
  C:0D2EH         LINE#         1511
  C:0D33H         LINE#         1513
  C:0D3DH         LINE#         1514
  C:0D45H         LINE#         1519
  C:0D48H         LINE#         1520
  C:0D4AH         LINE#         1521
  C:0D66H         LINE#         1522
  C:0D66H         LINE#         1523
  C:0D68H         LINE#         1524
  C:0D6FH         LINE#         1526
  C:0D7BH         LINE#         1527
  C:0D7FH         LINE#         1528
  C:0D7FH         LINE#         1530
  C:0D8AH         LINE#         1531
  C:0D8AH         LINE#         1532
  C:0D92H         LINE#         1536
  C:0D92H         LINE#         1538
  C:0D99H         LINE#         1539
  C:0D9EH         LINE#         1540
  C:0DA0H         LINE#         1542
  C:0DA0H         LINE#         1543
  C:0DA7H         LINE#         1545
  C:0DB2H         LINE#         1546
  C:0DB2H         LINE#         1547
  C:0DBAH         LINE#         1551
  C:0DBAH         LINE#         1552
  C:0DBCH         LINE#         1553
  C:0DBCH         LINE#         1554
  C:0DBCH         LINE#         1555
  C:0DBCH         LINE#         1556
  C:0DBCH         LINE#         1557
  C:0DBCH         LINE#         1559
  C:0DC3H         LINE#         1570
  C:0DCAH         LINE#         1571
  C:0DCAH         LINE#         1576
  C:0DCAH         LINE#         1636
  C:0DD0H         LINE#         1637
  C:0DD3H         LINE#         1638
  C:0DD3H         LINE#         1652
  C:0DDBH         LINE#         1653
BL51 BANKED LINKER/LOCATER V6.22.2.0                                                  03/23/2021  14:24:38  PAGE 67


  C:0DDBH         LINE#         1655
  C:0DE9H         LINE#         1656
  C:0DE9H         LINE#         1657
  C:0DF1H         LINE#         1658
  C:0DF1H         LINE#         1660
  C:0DFAH         LINE#         1661
  C:0E00H         LINE#         1662
  C:0E02H         LINE#         1664
  C:0E02H         LINE#         1665
  C:0E05H         LINE#         1666
  C:0E05H         LINE#         1670
  C:0E07H         LINE#         1671
  C:0E07H         LINE#         1676
  C:0E0CH         LINE#         1679
  C:0E15H         LINE#         1680
  C:0E15H         LINE#         1682
  C:0E17H         LINE#         1684
  C:0E18H         LINE#         1686
  C:0E18H         LINE#         1687
  C:0E25H         LINE#         1688
  C:0E27H         LINE#         1689
  C:0E29H         LINE#         1691
  C:0E29H         LINE#         1692
  C:0E33H         LINE#         1693
  C:0E35H         LINE#         1694
  C:0E37H         LINE#         1695
  C:0E37H         LINE#         1696
  C:0E41H         LINE#         1697
  C:0E43H         LINE#         1698
  C:0E45H         LINE#         1700
  C:0E45H         LINE#         1701
  C:0E4FH         LINE#         1702
  C:0E51H         LINE#         1703
  C:0E53H         LINE#         1706
  C:0E53H         LINE#         1707
  C:0E5DH         LINE#         1708
  C:0E62H         LINE#         1709
  C:0E62H         LINE#         1712
  C:0E62H         LINE#         1714
  C:0E69H         LINE#         1716
  C:0E6EH         LINE#         1717
  C:0E6EH         LINE#         1718
  C:0E6FH         LINE#         1719
  C:0E75H         LINE#         1720
  C:0E75H         LINE#         1722
  C:0E7DH         LINE#         1723
  C:0E7DH         LINE#         1724
  C:0E7EH         LINE#         1725
  C:0E84H         LINE#         1726
  C:0E84H         LINE#         1728
  C:0E8CH         LINE#         1729
  C:0E8CH         LINE#         1730
  C:0E8DH         LINE#         1731
  C:0E93H         LINE#         1732
  C:0E93H         LINE#         1734
  C:0E96H         LINE#         1736
  C:0E9FH         LINE#         1737
BL51 BANKED LINKER/LOCATER V6.22.2.0                                                  03/23/2021  14:24:38  PAGE 68


  C:0E9FH         LINE#         1739
  C:0E9FH         LINE#         1741
  C:0EA5H         LINE#         1743
  C:0EA5H         LINE#         1745
  C:0EA5H         LINE#         1746
  C:0EA5H         LINE#         1747
  C:0EA5H         LINE#         1748
  -------         ENDPROC       _SYSTIMEREVENTPROC
  -------         ENDMOD        SYSTIMER

  -------         MODULE        ?C?FPADD
  C:0EADH         PUBLIC        ?C?FPADD
  C:0EA9H         PUBLIC        ?C?FPSUB
  -------         ENDMOD        ?C?FPADD

  -------         MODULE        ?C?FPMUL
  C:0F9EH         PUBLIC        ?C?FPMUL
  -------         ENDMOD        ?C?FPMUL

  -------         MODULE        ?C?FPDIV
  C:10A7H         PUBLIC        ?C?FPDIV
  -------         ENDMOD        ?C?FPDIV

  -------         MODULE        ?C?FCAST
  C:114EH         PUBLIC        ?C?FCASTC
  C:1149H         PUBLIC        ?C?FCASTI
  C:1144H         PUBLIC        ?C?FCASTL
  -------         ENDMOD        ?C?FCAST

  -------         MODULE        ?C?CASTF
  C:1182H         PUBLIC        ?C?CASTF
  -------         ENDMOD        ?C?CASTF

  -------         MODULE        ?C?COPY
  C:12D3H         PUBLIC        ?C?COPY
  -------         ENDMOD        ?C?COPY

  -------         MODULE        ?C?CLDPTR
  C:12F9H         PUBLIC        ?C?CLDPTR
  -------         ENDMOD        ?C?CLDPTR

  -------         MODULE        ?C?CLDOPTR
  C:1312H         PUBLIC        ?C?CLDOPTR
  -------         ENDMOD        ?C?CLDOPTR

  -------         MODULE        ?C?CILDPTR
  C:133FH         PUBLIC        ?C?CILDPTR
  -------         ENDMOD        ?C?CILDPTR

  -------         MODULE        ?C?CSTOPTR
  C:1361H         PUBLIC        ?C?CSTOPTR
  -------         ENDMOD        ?C?CSTOPTR

  -------         MODULE        ?C?IMUL
  C:1383H         PUBLIC        ?C?IMUL
  -------         ENDMOD        ?C?IMUL

BL51 BANKED LINKER/LOCATER V6.22.2.0                                                  03/23/2021  14:24:38  PAGE 69


  -------         MODULE        ?C?UIDIV
  C:1395H         PUBLIC        ?C?UIDIV
  -------         ENDMOD        ?C?UIDIV

  -------         MODULE        ?C?SIDIV
  C:13EAH         PUBLIC        ?C?SIDIV
  -------         ENDMOD        ?C?SIDIV

  -------         MODULE        ?C?IILDX
  C:1420H         PUBLIC        ?C?IILDX
  -------         ENDMOD        ?C?IILDX

  -------         MODULE        ?C?ILDIX
  C:1436H         PUBLIC        ?C?ILDIX
  -------         ENDMOD        ?C?ILDIX

  -------         MODULE        ?C?ILDPTR
  C:144CH         PUBLIC        ?C?ILDPTR
  -------         ENDMOD        ?C?ILDPTR

  -------         MODULE        ?C?ILDOPTR
  C:1477H         PUBLIC        ?C?ILDOPTR
  -------         ENDMOD        ?C?ILDOPTR

  -------         MODULE        ?C?ISTPTR
  C:14AFH         PUBLIC        ?C?ISTPTR
  -------         ENDMOD        ?C?ISTPTR

  -------         MODULE        ?C?LMUL
  C:14CEH         PUBLIC        ?C?LMUL
  -------         ENDMOD        ?C?LMUL

  -------         MODULE        ?C?ULDIV
  C:1559H         PUBLIC        ?C?ULDIV
  -------         ENDMOD        ?C?ULDIV

  -------         MODULE        ?C?LNEG
  C:15EBH         PUBLIC        ?C?LNEG
  -------         ENDMOD        ?C?LNEG

  -------         MODULE        ?C?SLCMP
  C:15F9H         PUBLIC        ?C?SLCMP
  -------         ENDMOD        ?C?SLCMP

  -------         MODULE        ?C?ULCMP
  C:160FH         PUBLIC        ?C?ULCMP
  -------         ENDMOD        ?C?ULCMP

  -------         MODULE        ?C?SLSHR
  C:1620H         PUBLIC        ?C?SLSHR
  -------         ENDMOD        ?C?SLSHR

  -------         MODULE        ?C?LLDPTR
  C:1634H         PUBLIC        ?C?LLDPTR
  -------         ENDMOD        ?C?LLDPTR

  -------         MODULE        ?C?LSTXDATA
BL51 BANKED LINKER/LOCATER V6.22.2.0                                                  03/23/2021  14:24:38  PAGE 70


  C:1654H         PUBLIC        ?C?LSTXDATA
  -------         ENDMOD        ?C?LSTXDATA

  -------         MODULE        ?C?LSTKXDATA
  C:1660H         PUBLIC        ?C?LSTKXDATA
  -------         ENDMOD        ?C?LSTKXDATA

  -------         MODULE        ?C?PLDPTR
  C:1691H         PUBLIC        ?C?PLDPTR
  -------         ENDMOD        ?C?PLDPTR

  -------         MODULE        ?C?CCASE
  C:16B1H         PUBLIC        ?C?CCASE
  -------         ENDMOD        ?C?CCASE

  -------         MODULE        ABS
  C:5026H         PUBLIC        _ABS
  -------         ENDMOD        ABS

  -------         MODULE        ?C?LLDIDATA
  C:16D7H         PUBLIC        ?C?LLDIDATA
  -------         ENDMOD        ?C?LLDIDATA

  -------         MODULE        ?C?LLDXDATA
  C:16E3H         PUBLIC        ?C?LLDXDATA
  -------         ENDMOD        ?C?LLDXDATA

  -------         MODULE        ?C?LLDPDATA
  C:16EFH         PUBLIC        ?C?LLDPDATA
  -------         ENDMOD        ?C?LLDPDATA

  -------         MODULE        ?C?LLDCODE
  C:16FBH         PUBLIC        ?C?LLDCODE
  -------         ENDMOD        ?C?LLDCODE

  -------         MODULE        ?C?PLDIDATA
  C:170BH         PUBLIC        ?C?PLDIDATA
  -------         ENDMOD        ?C?PLDIDATA

  -------         MODULE        ?C?PLDXDATA
  C:1714H         PUBLIC        ?C?PLDXDATA
  -------         ENDMOD        ?C?PLDXDATA

  -------         MODULE        ?C?PLDPDATA
  C:171DH         PUBLIC        ?C?PLDPDATA
  -------         ENDMOD        ?C?PLDPDATA

  -------         MODULE        ?C?PLDCODE
  C:1726H         PUBLIC        ?C?PLDCODE
  -------         ENDMOD        ?C?PLDCODE

Program Size: data=109.5 xdata=647 code=20539
LINK/LOCATE RUN COMPLETE.  0 WARNING(S),  0 ERROR(S)
