BL51 BANKED LINKER/LOCATER V6.22.2.0                                                    04/07/2021  16:56:10  PAGE 1


BL51 BANKED LINKER/LOCATER V6.22.2.0, INVOKED BY:
C:\KEIL_V5\C51\BIN\BL51.EXE .\Output\STARTUP.obj, .\Output\CPU.obj, .\Output\etc_eep.obj, .\Output\HS_DVRProtocol.obj, .
>> \Output\i2c.obj, .\Output\keyremo.obj, .\Output\main.obj, .\Output\monitor.obj, .\Output\Printf.obj, .\Output\SysPowe
>> r.obj, .\Output\SysTimer.obj TO .\Output\ml070i_MRMCU PRINT (.\Listings\ml070i_MRMCU.m51) RAMSIZE (256)


MEMORY MODEL: LARGE WITH FLOATING POINT ARITHMETIC


INPUT MODULES INCLUDED:
  .\Output\STARTUP.obj (?C_STARTUP)
  .\Output\CPU.obj (CPU)
  .\Output\etc_eep.obj (ETC_EEP)
  .\Output\HS_DVRProtocol.obj (HS_DVRPROTOCOL)
  .\Output\i2c.obj (I2C)
  .\Output\keyremo.obj (KEYREMO)
  .\Output\main.obj (MAIN)
  .\Output\monitor.obj (MONITOR)
  .\Output\Printf.obj (PRINTF)
  .\Output\SysPower.obj (SYSPOWER)
  .\Output\SysTimer.obj (SYSTIMER)
  C:\KEIL_V5\C51\LIB\C51FPL.LIB (?C?FPADD)
  C:\KEIL_V5\C51\LIB\C51FPL.LIB (?C?FPMUL)
  C:\KEIL_V5\C51\LIB\C51FPL.LIB (?C?FPDIV)
  C:\KEIL_V5\C51\LIB\C51FPL.LIB (?C?FCAST)
  C:\KEIL_V5\C51\LIB\C51FPL.LIB (?C?CASTF)
  C:\KEIL_V5\C51\LIB\C51FPL.LIB (?C?FPGETOPN)
  C:\KEIL_V5\C51\LIB\C51L.LIB (?C_INIT)
  C:\KEIL_V5\C51\LIB\C51L.LIB (?C?COPY)
  C:\KEIL_V5\C51\LIB\C51L.LIB (?C?CLDPTR)
  C:\KEIL_V5\C51\LIB\C51L.LIB (?C?CLDOPTR)
  C:\KEIL_V5\C51\LIB\C51L.LIB (?C?CILDPTR)
  C:\KEIL_V5\C51\LIB\C51L.LIB (?C?CSTOPTR)
  C:\KEIL_V5\C51\LIB\C51L.LIB (?C?IMUL)
  C:\KEIL_V5\C51\LIB\C51L.LIB (?C?UIDIV)
  C:\KEIL_V5\C51\LIB\C51L.LIB (?C?SIDIV)
  C:\KEIL_V5\C51\LIB\C51L.LIB (?C?IILDX)
  C:\KEIL_V5\C51\LIB\C51L.LIB (?C?ILDIX)
  C:\KEIL_V5\C51\LIB\C51L.LIB (?C?ILDPTR)
  C:\KEIL_V5\C51\LIB\C51L.LIB (?C?ILDOPTR)
  C:\KEIL_V5\C51\LIB\C51L.LIB (?C?ISTPTR)
  C:\KEIL_V5\C51\LIB\C51L.LIB (?C?LMUL)
  C:\KEIL_V5\C51\LIB\C51L.LIB (?C?ULDIV)
  C:\KEIL_V5\C51\LIB\C51L.LIB (?C?LNEG)
  C:\KEIL_V5\C51\LIB\C51L.LIB (?C?SLCMP)
  C:\KEIL_V5\C51\LIB\C51L.LIB (?C?ULCMP)
  C:\KEIL_V5\C51\LIB\C51L.LIB (?C?ULSHR)
  C:\KEIL_V5\C51\LIB\C51L.LIB (?C?SLSHR)
  C:\KEIL_V5\C51\LIB\C51L.LIB (?C?LSHL)
  C:\KEIL_V5\C51\LIB\C51L.LIB (?C?LLDPTR)
  C:\KEIL_V5\C51\LIB\C51L.LIB (?C?LSTXDATA)
  C:\KEIL_V5\C51\LIB\C51L.LIB (?C?LSTKXDATA)
  C:\KEIL_V5\C51\LIB\C51L.LIB (?C?PLDPTR)
  C:\KEIL_V5\C51\LIB\C51L.LIB (?C?CCASE)
  C:\KEIL_V5\C51\LIB\C51L.LIB (ABS)
  C:\KEIL_V5\C51\LIB\C51L.LIB (?C?LLDIDATA)
  C:\KEIL_V5\C51\LIB\C51L.LIB (?C?LLDXDATA)
  C:\KEIL_V5\C51\LIB\C51L.LIB (?C?LLDPDATA)
BL51 BANKED LINKER/LOCATER V6.22.2.0                                                  04/07/2021  16:56:10  PAGE 2


  C:\KEIL_V5\C51\LIB\C51L.LIB (?C?LLDCODE)
  C:\KEIL_V5\C51\LIB\C51L.LIB (?C?PLDIDATA)
  C:\KEIL_V5\C51\LIB\C51L.LIB (?C?PLDXDATA)
  C:\KEIL_V5\C51\LIB\C51L.LIB (?C?PLDPDATA)
  C:\KEIL_V5\C51\LIB\C51L.LIB (?C?PLDCODE)


LINK MAP OF MODULE:  .\Output\ml070i_MRMCU (?C_STARTUP)


            TYPE    BASE      LENGTH    RELOCATION   SEGMENT NAME
            -----------------------------------------------------

            * * * * * * *   D A T A   M E M O R Y   * * * * * * *
            REG     0000H     0008H     ABSOLUTE     "REG BANK 0"
            REG     0008H     0008H     ABSOLUTE     "REG BANK 1"
            DATA    0010H     0001H     UNIT         ?DT?MONITOR
            IDATA   0011H     0002H     UNIT         ?ID?SYSPOWER
                    0013H     000DH                  *** GAP ***
            BIT     0020H.0   0000H.6   UNIT         ?BI?CPU
            BIT     0020H.6   0000H.3   UNIT         ?BI?MONITOR
            BIT     0021H.1   0000H.2   UNIT         ?BI?SYSTIMER
            BIT     0021H.3   0000H.2   UNIT         _BIT_GROUP_
            BIT     0021H.5   0000H.1   UNIT         ?BI?HS_DVRPROTOCOL
                    0021H.6   0000H.2                *** GAP ***
            DATA    0022H     0058H     UNIT         ?DT?CPU
            IDATA   007AH     0001H     UNIT         ?STACK

            * * * * * * *  X D A T A   M E M O R Y  * * * * * * *
            XDATA   0000H     0106H     UNIT         ?XD?HS_DVRPROTOCOL
            XDATA   0106H     009CH     UNIT         _XDATA_GROUP_
            XDATA   01A2H     0079H     UNIT         ?XD?MAIN
            XDATA   021BH     005CH     UNIT         ?XD?SYSTIMER
            XDATA   0277H     003BH     UNIT         ?XD?MONITOR
            XDATA   02B2H     001BH     UNIT         ?XD?CPU
            XDATA   02CDH     0018H     UNIT         ?XD?PRINTF

            * * * * * * *   C O D E   M E M O R Y   * * * * * * *
            CODE    0000H     0003H     ABSOLUTE     
            CODE    0003H     0008H     UNIT         ?PR?_RS_TX?CPU
            CODE    000BH     0003H     ABSOLUTE     
            CODE    000EH     0004H     UNIT         ?PR?ISP_INIT?MAIN
                    0012H     0001H                  *** GAP ***
            CODE    0013H     0003H     ABSOLUTE     
            CODE    0016H     000DH     UNIT         ?PR?I2CSTOP?I2C
            CODE    0023H     0003H     ABSOLUTE     
            CODE    0026H     0003H     UNIT         ?PR?EXT1_INT?CPU
                    0029H     0002H                  *** GAP ***
            CODE    002BH     0003H     ABSOLUTE     
                    002EH     0005H                  *** GAP ***
            CODE    0033H     0003H     ABSOLUTE     
                    0036H     0005H                  *** GAP ***
            CODE    003BH     0003H     ABSOLUTE     
            CODE    003EH     0023H     UNIT         ?PR?_TOUPPER?MONITOR
                    0061H     0002H                  *** GAP ***
            CODE    0063H     0003H     ABSOLUTE     
            CODE    0066H     0FB4H     UNIT         ?PR?_SYSTIMEREVENTPROC?SYSTIMER
BL51 BANKED LINKER/LOCATER V6.22.2.0                                                  04/07/2021  16:56:10  PAGE 3


            CODE    101AH     0A10H     UNIT         ?PR?MONITOR?MONITOR
            CODE    1A2AH     08B2H     UNIT         ?C?LIB_CODE
            CODE    22DCH     084EH     UNIT         ?CO?MONITOR
            CODE    2B2AH     0705H     UNIT         ?PR?ENCORDERHANDLER_TELI?MAIN
            CODE    322FH     06FAH     UNIT         ?PR?DVRRECEIVEPASER?HS_DVRPROTOCOL
            CODE    3929H     06D0H     UNIT         ?PR?ENCORDERHANDLER?MAIN
            CODE    3FF9H     0556H     UNIT         ?PR?_DOPRINT?PRINTF
            CODE    454FH     043DH     UNIT         ?CO?CPU
            CODE    498CH     041BH     UNIT         ?PR?SHOWWORKINGTIMER?CPU
            CODE    4DA7H     0348H     UNIT         ?PR?TIMER0_INT?CPU
            CODE    50EFH     02F1H     UNIT         ?CO?MAIN
            CODE    53E0H     02ECH     UNIT         ?PR?_USERINTERFACEBATTERYCHARGEMODE?SYSPOWER
            CODE    56CCH     02E3H     UNIT         ?PR?LOADEEPROM?MAIN
            CODE    59AFH     02DBH     UNIT         ?CO?SYSTIMER
            CODE    5C8AH     0270H     UNIT         ?CO?HS_DVRPROTOCOL
            CODE    5EFAH     0245H     UNIT         ?PR?_MCU_SENDCMDTODVR?MAIN
            CODE    613FH     0235H     UNIT         ?PR?MONGETCOMMAND?MONITOR
            CODE    6374H     01FBH     UNIT         ?C_INITSEG
            CODE    656FH     01BFH     UNIT         ?PR?_USERINTERFACETIMEREVENTPROC?SYSTIMER
            CODE    672EH     01ABH     UNIT         ?PR?_SAVEROTATENUMBER?MAIN
            CODE    68D9H     0176H     UNIT         ?PR?_MAPPING1?MAIN
            CODE    6A4FH     0169H     UNIT         ?PR?MONWRITEBIT?MONITOR
            CODE    6BB8H     012EH     UNIT         ?PR?_MCUTIMERCHECKTIMEREVENT?SYSTIMER
            CODE    6CE6H     0112H     UNIT         ?PR?WAITPOWERON?MAIN
            CODE    6DF8H     00FFH     UNIT         ?PR?MAIN_INIT?CPU
            CODE    6EF7H     00F9H     UNIT         ?PR?GETROTATENUMBER?MAIN
            CODE    6FF0H     00E5H     UNIT         ?PR?_MCUTIMERACTIVETIMEREVENT?SYSTIMER
            CODE    70D5H     00DEH     UNIT         ?PR?_MCUTIMERREACTIVETIMEREVENT?SYSTIMER
            CODE    71B3H     00D9H     UNIT         ?PR?_USERINTERFACEPOWERSWITCH?SYSPOWER
            CODE    728CH     00BBH     UNIT         ?PR?CLEARBASICEE?ETC_EEP
            CODE    7347H     00B7H     UNIT         ?PR?PROMPT?MONITOR
            CODE    73FEH     00B4H     UNIT         ?PR?_MONINCDECI2C?MONITOR
            CODE    74B2H     00ADH     UNIT         ?PR?_MCULIB_PROTOCOLAPPEND?MAIN
            CODE    755FH     00ABH     UNIT         ?PR?MONHELP?MONITOR
            CODE    760AH     00ABH     UNIT         ?CO?SYSPOWER
            CODE    76B5H     00A7H     UNIT         ?PR?_A2I?MONITOR
            CODE    775CH     0098H     UNIT         ?PR?_SET_PWM?CPU
            CODE    77F4H     0090H     UNIT         ?PR?_MCULIB_PROTOCOLSENDCMDWITHPARAMNUM?MAIN
            CODE    7884H     008CH     UNIT         ?C_C51STARTUP
            CODE    7910H     0085H     UNIT         ?PR?SYSTIMERHANDLER?SYSTIMER
            CODE    7995H     0084H     UNIT         ?PR?SYSPOWERHANDLER?SYSPOWER
            CODE    7A19H     0082H     UNIT         ?PR?MAIN?MAIN
            CODE    7A9BH     007EH     UNIT         ?PR?_AD5110_I2CWRITEDATA?I2C
            CODE    7B19H     007BH     UNIT         ?PR?_I2CWRITEDATA?I2C
            CODE    7B94H     0079H     UNIT         ?PR?_POWERLED?CPU
            CODE    7C0DH     006AH     UNIT         ?PR?_STRICMP?MONITOR
            CODE    7C77H     005BH     UNIT         ?PR?INITIALTIMEREVENT?MAIN
            CODE    7CD2H     0059H     UNIT         ?PR?MAIN_LOOP?MAIN
            CODE    7D2BH     0058H     UNIT         ?PR?_GRAPHICSPRINT?PRINTF
            CODE    7D83H     0052H     UNIT         ?PR?INITCPU?CPU
            CODE    7DD5H     0051H     UNIT         ?PR?SCANKEY?KEYREMO
            CODE    7E26H     004FH     UNIT         ?PR?MONTXDUMP?MONITOR
            CODE    7E75H     004EH     UNIT         ?CO?PRINTF
            CODE    7EC3H     004AH     UNIT         ?PR?GETFWREVEE?ETC_EEP
            CODE    7F0DH     004AH     UNIT         ?PR?MCUTIMERGETTIMERCOUNTER?SYSTIMER
            CODE    7F57H     0047H     UNIT         ?PR?GETPROJECTNAMEEE?ETC_EEP
            CODE    7F9EH     0047H     UNIT         ?PR?_WRITEEEP?I2C
BL51 BANKED LINKER/LOCATER V6.22.2.0                                                  04/07/2021  16:56:10  PAGE 4


            CODE    7FE5H     0046H     UNIT         ?PR?_DEBUG_MESSAGE?PRINTF
            CODE    802BH     0043H     UNIT         ?PR?_ASC2BIN?MONITOR
            CODE    806EH     0041H     UNIT         ?PR?_MCUTIMERCANCELTIMEREVENT?SYSTIMER
            CODE    80AFH     003EH     UNIT         ?PR?_SETAD5110STEP?MAIN
            CODE    80EDH     003EH     UNIT         ?PR?_PRINTF?PRINTF
            CODE    812BH     003BH     UNIT         ?PR?SERIAL2_INT?CPU
            CODE    8166H     0039H     UNIT         ?PR?_READI2C?I2C
            CODE    819FH     0039H     UNIT         ?PR?_READAD5110?I2C
            CODE    81D8H     0037H     UNIT         ?PR?_ASC1BIN?MONITOR
            CODE    820FH     0035H     UNIT         ?PR?AD5110_I2CREADDATA?I2C
            CODE    8244H     0033H     UNIT         ?PR?I2CREADDATA?I2C
            CODE    8277H     0033H     UNIT         ?PR?_ISP_WRITE?MAIN
            CODE    82AAH     0033H     UNIT         ?PR?_PUTS?PRINTF
            CODE    82DDH     002FH     UNIT         ?PR?SET_MCU_POWER_DOWN_MODE?CPU
            CODE    830CH     002FH     UNIT         ?PR?SERIAL_INT?CPU
            CODE    833BH     002CH     UNIT         ?PR?SYSPOWERINITIAL?SYSPOWER
            CODE    8367H     002CH     UNIT         ?PR?_SYSPOWERSWITCH?SYSPOWER
            CODE    8393H     0029H     UNIT         ?PR?_WRITEI2C?I2C
            CODE    83BCH     0026H     UNIT         ?PR?_READEEP?I2C
            CODE    83E2H     0022H     UNIT         ?PR?MCUTIMERINITIALTIMEREVENT?SYSTIMER
            CODE    8404H     0021H     UNIT         ?PR?ENTER_ISP?MAIN
            CODE    8425H     0020H     UNIT         ?PR?_WRITEAD5110?I2C
            CODE    8445H     0020H     UNIT         ?PR?_GETADCVALUE?MAIN
            CODE    8465H     001FH     UNIT         ?PR?INT2_INT?CPU
            CODE    8484H     001FH     UNIT         ?PR?INT3_INT?CPU
            CODE    84A3H     001EH     UNIT         ?PR?RS2_RX?CPU
            CODE    84C1H     001CH     UNIT         ?PR?CHECK_ADAP_IN?CPU
            CODE    84DDH     001CH     UNIT         ?PR?RS_RX?CPU
            CODE    84F9H     001BH     UNIT         ?PR?_GETKEY?KEYREMO
            CODE    8514H     0019H     UNIT         ?PR?SAVEFWREVEE?ETC_EEP
            CODE    852DH     0019H     UNIT         ?PR?_MCUTIMERDELAYXMS?SYSTIMER
            CODE    8546H     0018H     UNIT         ?PR?_DELAY?CPU
            CODE    855EH     0016H     UNIT         ?PR?INITVARS?CPU
            CODE    8574H     0015H     UNIT         ?PR?_MCUTIMERGETEVENTID?SYSTIMER
            CODE    8589H     0014H     UNIT         ?PR?I2CDELAY?I2C
            CODE    859DH     0014H     UNIT         ?PR?_MCUTIMERGETEVENTTIME?SYSTIMER
            CODE    85B1H     0013H     UNIT         ?PR?_MCUTIMERCLREVENTVALID?SYSTIMER
            CODE    85C4H     0012H     UNIT         ?CO?ETC_EEP
            CODE    85D6H     0012H     UNIT         ?PR?I2CSTART?I2C
            CODE    85E8H     0011H     UNIT         ?PR?_MCUTIMERCHECKEVENTVALID?SYSTIMER
            CODE    85F9H     000FH     UNIT         ?PR?TIMER2_INT?CPU
            CODE    8608H     000CH     UNIT         ?PR?_ABS?ABS
            CODE    8614H     000BH     UNIT         ?PR?RS_READY?CPU
            CODE    861FH     000BH     UNIT         ?PR?RS2_READY?CPU
            CODE    862AH     0009H     UNIT         ?PR?_SAVEDEBUGLEVELEE?ETC_EEP
            CODE    8633H     0008H     UNIT         ?PR?_RS2_TX?CPU
            CODE    863BH     0008H     UNIT         ?PR?_MON_TX?MONITOR
            CODE    8643H     0007H     UNIT         ?PR?GETBATTERYBTH?MAIN
            CODE    864AH     0007H     UNIT         ?PR?GETBATTERYVOLTAGE?MAIN



OVERLAY MAP OF MODULE:   .\Output\ml070i_MRMCU (?C_STARTUP)


SEGMENT                                             BIT_GROUP          XDATA_GROUP
  +--> CALLED SEGMENT                            START    LENGTH     START    LENGTH
BL51 BANKED LINKER/LOCATER V6.22.2.0                                                  04/07/2021  16:56:10  PAGE 5


------------------------------------------------------------------------------------
?C_C51STARTUP                                    -----    -----      -----    -----
  +--> ?PR?MAIN?MAIN
  +--> ?C_INITSEG

?PR?MAIN?MAIN                                    -----    -----      -----    -----
  +--> ?PR?INITCPU?CPU
  +--> ?PR?SYSPOWERINITIAL?SYSPOWER
  +--> ?CO?MAIN
  +--> ?PR?_PRINTF?PRINTF
  +--> ?PR?MAIN_INIT?CPU
  +--> ?PR?INITVARS?CPU
  +--> ?PR?LOADEEPROM?MAIN
  +--> ?PR?INITIALTIMEREVENT?MAIN
  +--> ?PR?_SETAD5110STEP?MAIN
  +--> ?PR?CHECK_ADAP_IN?CPU
  +--> ?PR?MAIN_LOOP?MAIN
  +--> ?PR?WAITPOWERON?MAIN

?PR?SYSPOWERINITIAL?SYSPOWER                     -----    -----      -----    -----
  +--> ?PR?_MCUTIMERDELAYXMS?SYSTIMER
  +--> ?CO?SYSPOWER
  +--> ?PR?_DEBUG_MESSAGE?PRINTF

?PR?_DEBUG_MESSAGE?PRINTF                        -----    -----      015FH    002EH
  +--> ?PR?_DOPRINT?PRINTF

?PR?_DOPRINT?PRINTF                              0021H.3  0000H.2    018DH    0015H
  +--> ?CO?PRINTF

?PR?_PRINTF?PRINTF                               -----    -----      0128H    002EH
  +--> ?PR?_DOPRINT?PRINTF

?PR?MAIN_INIT?CPU                                -----    -----      0106H    0004H
  +--> ?PR?GETFWREVEE?ETC_EEP
  +--> ?PR?_READEEP?I2C
  +--> ?CO?CPU
  +--> ?PR?_PRINTF?PRINTF
  +--> ?PR?SAVEFWREVEE?ETC_EEP
  +--> ?PR?GETPROJECTNAMEEE?ETC_EEP
  +--> ?PR?CLEARBASICEE?ETC_EEP
  +--> ?PR?_DELAY?CPU

?PR?GETFWREVEE?ETC_EEP                           -----    -----      -----    -----
  +--> ?PR?_READEEP?I2C

?PR?_READEEP?I2C                                 -----    -----      0130H    0001H
  +--> ?PR?_READI2C?I2C
  +--> ?PR?_DELAY?CPU

?PR?_READI2C?I2C                                 -----    -----      0131H    0003H
  +--> ?PR?I2CSTART?I2C
  +--> ?PR?_I2CWRITEDATA?I2C
  +--> ?PR?I2CREADDATA?I2C
  +--> ?PR?I2CSTOP?I2C

?PR?I2CSTART?I2C                                 -----    -----      -----    -----
BL51 BANKED LINKER/LOCATER V6.22.2.0                                                  04/07/2021  16:56:10  PAGE 6


  +--> ?PR?I2CDELAY?I2C

?PR?_I2CWRITEDATA?I2C                            -----    -----      -----    -----
  +--> ?PR?I2CDELAY?I2C

?PR?I2CREADDATA?I2C                              -----    -----      -----    -----
  +--> ?PR?I2CDELAY?I2C

?PR?I2CSTOP?I2C                                  -----    -----      -----    -----
  +--> ?PR?I2CDELAY?I2C

?PR?SAVEFWREVEE?ETC_EEP                          -----    -----      -----    -----
  +--> ?PR?_WRITEEEP?I2C

?PR?_WRITEEEP?I2C                                -----    -----      010EH    0004H
  +--> ?PR?I2CSTART?I2C
  +--> ?PR?_I2CWRITEDATA?I2C
  +--> ?PR?I2CSTOP?I2C
  +--> ?PR?_DELAY?CPU

?PR?GETPROJECTNAMEEE?ETC_EEP                     -----    -----      010AH    0001H
  +--> ?PR?_READEEP?I2C

?PR?CLEARBASICEE?ETC_EEP                         -----    -----      -----    -----
  +--> ?CO?ETC_EEP
  +--> ?PR?_PRINTF?PRINTF
  +--> ?PR?_WRITEEEP?I2C

?PR?LOADEEPROM?MAIN                              -----    -----      -----    -----
  +--> ?PR?_READEEP?I2C
  +--> ?PR?_WRITEEEP?I2C

?PR?INITIALTIMEREVENT?MAIN                       -----    -----      -----    -----
  +--> ?PR?MCUTIMERINITIALTIMEREVENT?SYSTIMER
  +--> ?PR?_MCUTIMERACTIVETIMEREVENT?SYSTIMER

?PR?_MCUTIMERACTIVETIMEREVENT?SYSTIMER           -----    -----      0128H    0004H
  +--> ?PR?_MCUTIMERCHECKTIMEREVENT?SYSTIMER

?PR?_MCUTIMERCHECKTIMEREVENT?SYSTIMER            -----    -----      012CH    0005H
  +--> ?PR?MCUTIMERGETTIMERCOUNTER?SYSTIMER

?PR?MCUTIMERGETTIMERCOUNTER?SYSTIMER             -----    -----      0131H    0002H
  +--> ?PR?_ABS?ABS

?PR?_SETAD5110STEP?MAIN                          -----    -----      010AH    0002H
  +--> ?PR?_MAPPING1?MAIN
  +--> ?PR?_WRITEAD5110?I2C

?PR?_MAPPING1?MAIN                               -----    -----      010CH    000FH

?PR?_WRITEAD5110?I2C                             -----    -----      -----    -----
  +--> ?PR?I2CSTART?I2C
  +--> ?PR?_AD5110_I2CWRITEDATA?I2C
  +--> ?PR?I2CSTOP?I2C
  +--> ?PR?_DELAY?CPU

BL51 BANKED LINKER/LOCATER V6.22.2.0                                                  04/07/2021  16:56:10  PAGE 7


?PR?_AD5110_I2CWRITEDATA?I2C                     -----    -----      -----    -----
  +--> ?PR?I2CDELAY?I2C

?PR?CHECK_ADAP_IN?CPU                            -----    -----      -----    -----
  +--> ?PR?_MCUTIMERDELAYXMS?SYSTIMER

?PR?MAIN_LOOP?MAIN                               -----    -----      -----    -----
  +--> ?CO?MAIN
  +--> ?PR?_PRINTF?PRINTF
  +--> ?PR?GETROTATENUMBER?MAIN
  +--> ?PR?RS_READY?CPU
  +--> ?PR?MONITOR?MONITOR
  +--> ?PR?DVRRECEIVEPASER?HS_DVRPROTOCOL
  +--> ?PR?SYSTIMERHANDLER?SYSTIMER
  +--> ?PR?SYSPOWERHANDLER?SYSPOWER
  +--> ?PR?SCANKEY?KEYREMO
  +--> ?PR?ENCORDERHANDLER_TELI?MAIN
  +--> ?PR?ENCORDERHANDLER?MAIN

?PR?GETROTATENUMBER?MAIN                         -----    -----      0106H    0004H
  +--> ?PR?_READEEP?I2C
  +--> ?CO?MAIN
  +--> ?PR?_PRINTF?PRINTF

?PR?MONITOR?MONITOR                              -----    -----      0106H    0002H
  +--> ?PR?MONGETCOMMAND?MONITOR
  +--> ?CO?MONITOR
  +--> ?PR?_STRICMP?MONITOR
  +--> ?PR?_PRINTF?PRINTF
  +--> ?PR?_READAD5110?I2C
  +--> ?PR?_READEEP?I2C
  +--> ?PR?MONWRITEBIT?MONITOR
  +--> ?PR?_WRITEEEP?I2C
  +--> ?PR?_ASC2BIN?MONITOR
  +--> ?PR?MONHELP?MONITOR
  +--> ?PR?_SAVEDEBUGLEVELEE?ETC_EEP
  +--> ?PR?_PUTS?PRINTF
  +--> ?PR?RS_READY?CPU
  +--> ?PR?_READI2C?I2C
  +--> ?PR?_SET_PWM?CPU
  +--> ?PR?_MCUTIMERACTIVETIMEREVENT?SYSTIMER
  +--> ?PR?MONTXDUMP?MONITOR
  +--> ?PR?PROMPT?MONITOR

?PR?MONGETCOMMAND?MONITOR                        -----    -----      0108H    0003H
  +--> ?PR?RS_READY?CPU
  +--> ?PR?RS_RX?CPU
  +--> ?PR?_MCUTIMERREACTIVETIMEREVENT?SYSTIMER
  +--> ?PR?_MON_TX?MONITOR
  +--> ?PR?PROMPT?MONITOR
  +--> ?PR?_MONINCDECI2C?MONITOR

?PR?_MCUTIMERREACTIVETIMEREVENT?SYSTIMER         -----    -----      010BH    0004H
  +--> ?PR?_MCUTIMERCHECKTIMEREVENT?SYSTIMER

?PR?_MON_TX?MONITOR                              -----    -----      -----    -----
  +--> ?PR?_RS_TX?CPU
BL51 BANKED LINKER/LOCATER V6.22.2.0                                                  04/07/2021  16:56:10  PAGE 8



?PR?PROMPT?MONITOR                               -----    -----      -----    -----
  +--> ?CO?MONITOR
  +--> ?PR?_PRINTF?PRINTF

?PR?_MONINCDECI2C?MONITOR                        -----    -----      -----    -----
  +--> ?PR?_WRITEI2C?I2C
  +--> ?PR?_READI2C?I2C
  +--> ?CO?MONITOR
  +--> ?PR?_PRINTF?PRINTF
  +--> ?PR?PROMPT?MONITOR

?PR?_WRITEI2C?I2C                                -----    -----      010DH    0003H
  +--> ?PR?I2CSTART?I2C
  +--> ?PR?_I2CWRITEDATA?I2C
  +--> ?PR?I2CSTOP?I2C

?PR?_STRICMP?MONITOR                             -----    -----      0108H    0008H
  +--> ?CO?MONITOR
  +--> ?PR?_TOUPPER?MONITOR

?PR?_READAD5110?I2C                              -----    -----      0108H    0001H
  +--> ?PR?I2CSTART?I2C
  +--> ?PR?_AD5110_I2CWRITEDATA?I2C
  +--> ?PR?AD5110_I2CREADDATA?I2C
  +--> ?PR?I2CSTOP?I2C
  +--> ?PR?_DELAY?CPU

?PR?AD5110_I2CREADDATA?I2C                       -----    -----      -----    -----
  +--> ?PR?I2CDELAY?I2C

?PR?MONWRITEBIT?MONITOR                          -----    -----      0108H    0005H
  +--> ?CO?MONITOR
  +--> ?PR?_ASC2BIN?MONITOR
  +--> ?PR?_READI2C?I2C
  +--> ?PR?_WRITEI2C?I2C
  +--> ?PR?_PRINTF?PRINTF

?PR?_ASC2BIN?MONITOR                             -----    -----      -----    -----
  +--> ?PR?_ASC1BIN?MONITOR

?PR?MONHELP?MONITOR                              -----    -----      -----    -----
  +--> ?CO?MONITOR
  +--> ?PR?_PRINTF?PRINTF

?PR?_SAVEDEBUGLEVELEE?ETC_EEP                    -----    -----      -----    -----
  +--> ?PR?_WRITEEEP?I2C

?PR?_PUTS?PRINTF                                 -----    -----      010AH    0003H
  +--> ?PR?_RS_TX?CPU

?PR?_SET_PWM?CPU                                 -----    -----      010BH    0002H
  +--> ?CO?CPU
  +--> ?PR?_PRINTF?PRINTF

?PR?MONTXDUMP?MONITOR                            -----    -----      0108H    0002H
  +--> ?CO?MONITOR
BL51 BANKED LINKER/LOCATER V6.22.2.0                                                  04/07/2021  16:56:10  PAGE 9


  +--> ?PR?_PUTS?PRINTF
  +--> ?PR?_A2I?MONITOR
  +--> ?PR?_RS_TX?CPU

?PR?_A2I?MONITOR                                 -----    -----      010AH    0008H

?PR?DVRRECEIVEPASER?HS_DVRPROTOCOL               -----    -----      0106H    0001H
  +--> ?PR?RS2_READY?CPU
  +--> ?PR?RS2_RX?CPU
  +--> ?CO?HS_DVRPROTOCOL
  +--> ?PR?_GRAPHICSPRINT?PRINTF
  +--> ?PR?_USERINTERFACEBATTERYCHARGEMODE?S...
  +--> ?PR?_MCUTIMERCANCELTIMEREVENT?SYSTIMER
  +--> ?PR?_MCUTIMERACTIVETIMEREVENT?SYSTIMER
  +--> ?PR?_PRINTF?PRINTF
  +--> ?PR?_WRITEEEP?I2C
  +--> ?PR?_MCUTIMERREACTIVETIMEREVENT?SYSTIMER
  +--> ?PR?_READEEP?I2C
  +--> ?PR?_DEBUG_MESSAGE?PRINTF

?PR?_GRAPHICSPRINT?PRINTF                        -----    -----      0130H    002FH
  +--> ?PR?_DEBUG_MESSAGE?PRINTF
  +--> ?PR?_DOPRINT?PRINTF

?PR?_USERINTERFACEBATTERYCHARGEMODE?S...         -----    -----      010AH    0001H
  +--> ?PR?_MCUTIMERCANCELTIMEREVENT?SYSTIMER
  +--> ?PR?_SET_PWM?CPU
  +--> ?CO?SYSPOWER
  +--> ?PR?_GRAPHICSPRINT?PRINTF
  +--> ?PR?_USERINTERFACEPOWERSWITCH?SYSPOWER
  +--> ?PR?_MCUTIMERACTIVETIMEREVENT?SYSTIMER

?PR?_USERINTERFACEPOWERSWITCH?SYSPOWER           -----    -----      010BH    0001H
  +--> ?CO?SYSPOWER
  +--> ?PR?_PRINTF?PRINTF
  +--> ?PR?_MCUTIMERDELAYXMS?SYSTIMER
  +--> ?PR?_MCUTIMERACTIVETIMEREVENT?SYSTIMER
  +--> ?PR?_MCU_SENDCMDTODVR?MAIN

?PR?_MCU_SENDCMDTODVR?MAIN                       -----    -----      0128H    0008H
  +--> ?CO?MAIN
  +--> ?PR?_READEEP?I2C
  +--> ?PR?_GRAPHICSPRINT?PRINTF
  +--> ?PR?_MCULIB_PROTOCOLSENDCMDWITHPARAMN...

?PR?_MCULIB_PROTOCOLSENDCMDWITHPARAMN...         -----    -----      0130H    0017H
  +--> ?PR?_MCULIB_PROTOCOLAPPEND?MAIN
  +--> ?PR?_RS2_TX?CPU

?PR?_MCULIB_PROTOCOLAPPEND?MAIN                  -----    -----      0147H    0007H

?PR?SYSTIMERHANDLER?SYSTIMER                     -----    -----      0106H    0004H
  +--> ?PR?MCUTIMERGETTIMERCOUNTER?SYSTIMER
  +--> ?PR?_MCUTIMERCHECKEVENTVALID?SYSTIMER
  +--> ?PR?_MCUTIMERGETEVENTTIME?SYSTIMER
  +--> ?PR?_MCUTIMERCLREVENTVALID?SYSTIMER
  +--> ?PR?_MCUTIMERGETEVENTID?SYSTIMER
BL51 BANKED LINKER/LOCATER V6.22.2.0                                                  04/07/2021  16:56:10  PAGE 10


  +--> ?PR?_USERINTERFACETIMEREVENTPROC?SYST...
  +--> ?PR?_SYSTIMEREVENTPROC?SYSTIMER

?PR?_USERINTERFACETIMEREVENTPROC?SYST...         -----    -----      -----    -----
  +--> ?PR?_SETAD5110STEP?MAIN
  +--> ?PR?_WRITEEEP?I2C
  +--> ?CO?SYSTIMER
  +--> ?PR?_MCU_SENDCMDTODVR?MAIN
  +--> ?PR?_GRAPHICSPRINT?PRINTF
  +--> ?PR?_USERINTERFACEBATTERYCHARGEMODE?S...
  +--> ?PR?_MCUTIMERACTIVETIMEREVENT?SYSTIMER
  +--> ?PR?ENTER_ISP?MAIN
  +--> ?PR?_USERINTERFACEPOWERSWITCH?SYSPOWER

?PR?ENTER_ISP?MAIN                               -----    -----      010AH    0001H
  +--> ?PR?ISP_INIT?MAIN
  +--> ?PR?_ISP_WRITE?MAIN

?PR?_ISP_WRITE?MAIN                              -----    -----      010BH    0006H

?PR?_SYSTIMEREVENTPROC?SYSTIMER                  -----    -----      -----    -----
  +--> ?PR?_POWERLED?CPU
  +--> ?PR?_MCUTIMERDELAYXMS?SYSTIMER
  +--> ?PR?CHECK_ADAP_IN?CPU
  +--> ?PR?_MCUTIMERCHECKEVENTVALID?SYSTIMER
  +--> ?CO?SYSTIMER
  +--> ?PR?_GRAPHICSPRINT?PRINTF
  +--> ?PR?_MCUTIMERCANCELTIMEREVENT?SYSTIMER
  +--> ?PR?_MCUTIMERACTIVETIMEREVENT?SYSTIMER
  +--> ?PR?_MCU_SENDCMDTODVR?MAIN
  +--> ?PR?GETBATTERYVOLTAGE?MAIN
  +--> ?PR?GETBATTERYBTH?MAIN
  +--> ?PR?_READEEP?I2C
  +--> ?PR?_WRITEEEP?I2C
  +--> ?PR?_USERINTERFACEBATTERYCHARGEMODE?S...
  +--> ?PR?SHOWWORKINGTIMER?CPU

?PR?GETBATTERYVOLTAGE?MAIN                       -----    -----      -----    -----
  +--> ?PR?_GETADCVALUE?MAIN

?PR?GETBATTERYBTH?MAIN                           -----    -----      -----    -----
  +--> ?PR?_GETADCVALUE?MAIN

?PR?SHOWWORKINGTIMER?CPU                         -----    -----      010AH    0002H
  +--> ?CO?CPU
  +--> ?PR?_GRAPHICSPRINT?PRINTF

?PR?SYSPOWERHANDLER?SYSPOWER                     -----    -----      -----    -----
  +--> ?PR?_SYSPOWERSWITCH?SYSPOWER

?PR?_SYSPOWERSWITCH?SYSPOWER                     -----    -----      0106H    0001H
  +--> ?PR?_USERINTERFACEPOWERSWITCH?SYSPOWER

?PR?SCANKEY?KEYREMO                              -----    -----      -----    -----
  +--> ?PR?_GETKEY?KEYREMO
  +--> ?PR?_WRITEEEP?I2C
  +--> ?PR?_MCUTIMERACTIVETIMEREVENT?SYSTIMER
BL51 BANKED LINKER/LOCATER V6.22.2.0                                                  04/07/2021  16:56:10  PAGE 11



?PR?_GETKEY?KEYREMO                              0021H.3  0000H.1    -----    -----

?PR?ENCORDERHANDLER_TELI?MAIN                    -----    -----      0106H    0022H
  +--> ?CO?MAIN
  +--> ?PR?_PRINTF?PRINTF
  +--> ?PR?_MCU_SENDCMDTODVR?MAIN
  +--> ?PR?_MCUTIMERCANCELTIMEREVENT?SYSTIMER
  +--> ?PR?_MCUTIMERACTIVETIMEREVENT?SYSTIMER

?PR?ENCORDERHANDLER?MAIN                         -----    -----      0106H    0022H
  +--> ?CO?MAIN
  +--> ?PR?_PRINTF?PRINTF
  +--> ?PR?_MCU_SENDCMDTODVR?MAIN
  +--> ?PR?_MCUTIMERCANCELTIMEREVENT?SYSTIMER
  +--> ?PR?_MCUTIMERACTIVETIMEREVENT?SYSTIMER

?PR?WAITPOWERON?MAIN                             -----    -----      -----    -----
  +--> ?CO?MAIN
  +--> ?PR?_PRINTF?PRINTF
  +--> ?PR?_MCUTIMERCANCELTIMEREVENT?SYSTIMER
  +--> ?PR?_SAVEROTATENUMBER?MAIN
  +--> ?PR?RS_READY?CPU
  +--> ?PR?MONITOR?MONITOR
  +--> ?PR?SYSPOWERHANDLER?SYSPOWER
  +--> ?PR?SYSTIMERHANDLER?SYSTIMER
  +--> ?PR?SCANKEY?KEYREMO
  +--> ?PR?_MCUTIMERACTIVETIMEREVENT?SYSTIMER
  +--> ?PR?CHECK_ADAP_IN?CPU
  +--> ?PR?SET_MCU_POWER_DOWN_MODE?CPU
  +--> ?PR?_WRITEEEP?I2C

?PR?_SAVEROTATENUMBER?MAIN                       -----    -----      0106H    0008H
  +--> ?PR?_READEEP?I2C
  +--> ?CO?MAIN
  +--> ?PR?_PRINTF?PRINTF
  +--> ?PR?_WRITEEEP?I2C

?PR?SET_MCU_POWER_DOWN_MODE?CPU                  -----    -----      -----    -----
  +--> ?CO?CPU
  +--> ?PR?_PRINTF?PRINTF

?C_INITSEG                                       -----    -----      -----    -----
  +--> ?CO?PRINTF



SYMBOL TABLE OF MODULE:  .\Output\ml070i_MRMCU (?C_STARTUP)

  VALUE           TYPE          NAME
  ----------------------------------

  -------         MODULE        ?C_STARTUP
  C:7884H         SEGMENT       ?C_C51STARTUP
  I:007AH         SEGMENT       ?STACK
  C:0000H         PUBLIC        ?C_STARTUP
  D:00E0H         SYMBOL        ACC
BL51 BANKED LINKER/LOCATER V6.22.2.0                                                  04/07/2021  16:56:10  PAGE 12


  D:00F0H         SYMBOL        B
  D:0083H         SYMBOL        DPH
  D:0082H         SYMBOL        DPL
  N:0000H         SYMBOL        IBPSTACK
  N:0100H         SYMBOL        IBPSTACKTOP
  N:0080H         SYMBOL        IDATALEN
  C:7887H         SYMBOL        IDATALOOP
  N:0000H         SYMBOL        PBPSTACK
  N:0100H         SYMBOL        PBPSTACKTOP
  N:0000H         SYMBOL        PDATALEN
  N:0000H         SYMBOL        PDATASTART
  N:0000H         SYMBOL        PPAGE
  N:0000H         SYMBOL        PPAGEENABLE
  D:00A0H         SYMBOL        PPAGE_SFR
  D:0081H         SYMBOL        SP
  C:7884H         SYMBOL        STARTUP1
  N:0000H         SYMBOL        XBPSTACK
  N:0000H         SYMBOL        XBPSTACKTOP
  N:0000H         SYMBOL        XDATALEN
  N:0000H         SYMBOL        XDATASTART
  C:0000H         LINE#         126
  C:7884H         LINE#         133
  C:7886H         LINE#         134
  C:7887H         LINE#         135
  C:7888H         LINE#         136
  C:788AH         LINE#         185
  C:788DH         LINE#         196
  -------         ENDMOD        ?C_STARTUP

  -------         MODULE        CPU
  C:0000H         SYMBOL        _ICE_DUMMY_
  D:0091H         PUBLIC        P1M0
  X:02B2H         PUBLIC        second
  C:7D83H         PUBLIC        InitCPU
  D:00B1H         PUBLIC        P3M0
  D:0096H         PUBLIC        P2M1
  C:4DA7H         PUBLIC        timer0_int
  X:02B3H         PUBLIC        FormatSDCard
  D:00B3H         PUBLIC        P4M0
  D:00B2H         PUBLIC        P3M1
  D:00B4H         PUBLIC        P4M1
  D:00B0H         PUBLIC        P3
  C:85F9H         PUBLIC        timer2_int
  D:00E8H         PUBLIC        P4
  X:02B4H         PUBLIC        FormatWait
  X:02B5H         PUBLIC        Power_Msg_Count
  X:02B7H         PUBLIC        IE_Temp
  D:00F9H         PUBLIC        CH
  D:0022H         PUBLIC        DVR_buf
  D:0040H         PUBLIC        keytic
  D:00A8H         PUBLIC        IE
  C:498CH         PUBLIC        ShowWorkingTimer
  D:00E9H         PUBLIC        CL
  D:0042H         PUBLIC        RS2_in
  B:0020H.0       PUBLIC        RepeatKey
  X:02B8H         PUBLIC        LED_FLASH_COUNT
  D:0043H         PUBLIC        RS2_out
BL51 BANKED LINKER/LOCATER V6.22.2.0                                                  04/07/2021  16:56:10  PAGE 13


  C:8546H         PUBLIC        _delay
  D:00FCH         PUBLIC        CCAP2H
  B:00E8H.0       PUBLIC        P4_0
  D:00FDH         PUBLIC        CCAP3H
  B:00E8H.1       PUBLIC        P4_1
  B:0090H.4       PUBLIC        P1_4
  B:0080H.5       PUBLIC        P0_5
  X:02BAH         PUBLIC        minute
  B:00E8H.2       PUBLIC        P4_2
  D:00ECH         PUBLIC        CCAP2L
  B:00A8H.4       PUBLIC        ES
  D:00EDH         PUBLIC        CCAP3L
  D:00DCH         PUBLIC        CCAPM2
  D:00DDH         PUBLIC        CCAPM3
  D:00B8H         PUBLIC        IP
  B:0098H.0       PUBLIC        RI
  B:0098H.1       PUBLIC        TI
  C:8614H         PUBLIC        RS_ready
  D:0044H         PUBLIC        tic01
  B:0020H.1       PUBLIC        KeyReady
  C:84A3H         PUBLIC        RS2_rx
  B:0020H.2       PUBLIC        RS_Xbusy
  D:0045H         PUBLIC        tic02
  D:00D9H         PUBLIC        CMOD
  D:00D8H         PUBLIC        CCON
  C:8633H         PUBLIC        _RS2_tx
  X:02BBH         PUBLIC        Time5ms
  X:02BCH         PUBLIC        month
  X:02BDH         PUBLIC        keyticSec
  D:0046H         PUBLIC        Key
  C:8465H         PUBLIC        int2_int
  C:8484H         PUBLIC        int3_int
  X:02BEH         PUBLIC        bytEncorderCountTemp
  C:830CH         PUBLIC        serial_int
  C:0026H         PUBLIC        ext1_int
  D:0099H         PUBLIC        SBUF
  D:0087H         PUBLIC        PCON
  D:0098H         PUBLIC        SCON
  C:855EH         PUBLIC        InitVars
  D:0089H         PUBLIC        TMOD
  D:0088H         PUBLIC        TCON
  C:6DF8H         PUBLIC        main_init
  X:02BFH         PUBLIC        day
  X:02C0H         PUBLIC        hour
  B:00C0H.1       PUBLIC        IE2
  B:00C0H.5       PUBLIC        IE3
  C:775CH         PUBLIC        _SET_PWM
  X:02C1H         PUBLIC        PowerDownWait
  D:0047H         PUBLIC        tm01
  D:0049H         PUBLIC        stopWatch
  X:02C2H         PUBLIC        EncorderCount
  D:004BH         SYMBOL        RS_buf
  C:82DDH         PUBLIC        SET_MCU_POWER_DOWN_MODE
  D:0069H         PUBLIC        tic_PWR_SAVING
  D:006DH         PUBLIC        tic_Init_time
  B:00A8H.5       PUBLIC        ET2
  B:00C8H.7       PUBLIC        TF2
BL51 BANKED LINKER/LOCATER V6.22.2.0                                                  04/07/2021  16:56:10  PAGE 14


  D:008CH         PUBLIC        TH0
  D:008DH         PUBLIC        TH1
  X:02C4H         PUBLIC        bytHoldOn3SPowerOff
  B:00A8H.2       PUBLIC        EX1
  B:00C0H.2       PUBLIC        EX2
  B:00C0H.0       PUBLIC        IT2
  C:861FH         PUBLIC        RS2_ready
  C:84C1H         PUBLIC        Check_ADAP_IN
  B:00C0H.6       PUBLIC        EX3
  B:00C0H.4       PUBLIC        IT3
  D:008AH         PUBLIC        TL0
  X:02C5H         PUBLIC        bytHoldOn3SPowerOffMode
  B:0020H.3       PUBLIC        RS2_Xbusy
  B:00C8H.2       PUBLIC        TR2
  X:02C6H         PUBLIC        updn_reg
  B:0020H.4       PUBLIC        PWR_SAVING_ACT_FLAG
  D:0071H         PUBLIC        RS_in
  D:0072H         PUBLIC        RS_out
  C:812BH         PUBLIC        serial2_int
  D:009AH         PUBLIC        S2BUF
  X:02CAH         PUBLIC        year1
  X:02CBH         PUBLIC        year2
  C:7B94H         PUBLIC        _PowerLED
  D:00AAH         PUBLIC        S2CON
  D:00C8H         PUBLIC        T2CON
  D:00BAH         PUBLIC        S2BRT
  X:02CCH         PUBLIC        DVR_FACTORY_MODE
  C:84DDH         PUBLIC        RS_rx
  C:0003H         PUBLIC        _RS_tx
  D:0073H         PUBLIC        tm001
  D:00A6H         PUBLIC        AUXR2
  B:0020H.5       PUBLIC        ChangeKey
  D:0074H         PUBLIC        tic_pc
  D:0076H         PUBLIC        SystemClock
  D:0093H         PUBLIC        P0M0
  D:00ADH         PUBLIC        AUXIE
  -------         PROC          MAIN_INIT
  -------         DO            
  X:0106H         SYMBOL        rev
  -------         ENDDO         
  C:6DF8H         LINE#         93
  C:6DF8H         LINE#         94
  C:6DF8H         LINE#         97
  C:6E01H         LINE#         100
  C:6E43H         LINE#         102
  C:6E52H         LINE#         103
  C:6E52H         LINE#         104
  C:6E6CH         LINE#         105
  C:6E6FH         LINE#         106
  C:6EB1H         LINE#         107
  C:6EB1H         LINE#         111
  C:6EC0H         LINE#         112
  C:6EC0H         LINE#         115
  C:6EC0H         LINE#         116
  C:6EC6H         LINE#         117
  C:6EC9H         LINE#         118
  C:6EC9H         LINE#         119
BL51 BANKED LINKER/LOCATER V6.22.2.0                                                  04/07/2021  16:56:10  PAGE 15


  C:6ECBH         LINE#         121
  C:6ECBH         LINE#         122
  C:6ED4H         LINE#         123
  C:6EDDH         LINE#         124
  C:6EE4H         LINE#         126
  C:6EE4H         LINE#         128
  C:6EE9H         LINE#         131
  C:6EF1H         LINE#         132
  C:6EF6H         LINE#         134
  -------         ENDPROC       MAIN_INIT
  -------         PROC          INITCPU
  C:7D83H         LINE#         142
  C:7D83H         LINE#         143
  C:7D83H         LINE#         147
  C:7D86H         LINE#         155
  C:7D89H         LINE#         157
  C:7D8CH         LINE#         159
  C:7D8FH         LINE#         167
  C:7D95H         LINE#         169
  C:7D98H         LINE#         170
  C:7D9BH         LINE#         174
  C:7D9EH         LINE#         177
  C:7DA0H         LINE#         178
  C:7DA2H         LINE#         197
  C:7DA5H         LINE#         198
  C:7DA7H         LINE#         199
  C:7DA9H         LINE#         206
  C:7DACH         LINE#         207
  C:7DAFH         LINE#         210
  C:7DB2H         LINE#         213
  C:7DB5H         LINE#         215
  C:7DB7H         LINE#         217
  C:7DB9H         LINE#         218
  C:7DBBH         LINE#         222
  C:7DBEH         LINE#         223
  C:7DC1H         LINE#         233
  C:7DC4H         LINE#         236
  C:7DC7H         LINE#         238
  C:7DCAH         LINE#         240
  C:7DCDH         LINE#         241
  C:7DCFH         LINE#         242
  C:7DD2H         LINE#         243
  C:7DD4H         LINE#         245
  -------         ENDPROC       INITCPU
  -------         PROC          SET_MCU_POWER_DOWN_MODE
  C:82DDH         LINE#         248
  C:82DDH         LINE#         249
  C:82DDH         LINE#         251
  C:82E6H         LINE#         253
  C:82E8H         LINE#         254
  C:82EAH         LINE#         255
  C:82ECH         LINE#         257
  C:82EEH         LINE#         258
  C:82F0H         LINE#         259
  C:82F2H         LINE#         261
  C:82F8H         LINE#         262
  C:82FBH         LINE#         264
BL51 BANKED LINKER/LOCATER V6.22.2.0                                                  04/07/2021  16:56:10  PAGE 16


  C:8301H         LINE#         265
  C:8303H         LINE#         266
  C:8305H         LINE#         267
  C:8308H         LINE#         268
  C:8309H         LINE#         269
  C:830AH         LINE#         270
  C:830BH         LINE#         274
  -------         ENDPROC       SET_MCU_POWER_DOWN_MODE
  -------         PROC          CHECK_ADAP_IN
  C:84C1H         LINE#         277
  C:84C1H         LINE#         278
  C:84C1H         LINE#         280
  C:84C7H         LINE#         281
  C:84C7H         LINE#         282
  C:84CEH         LINE#         284
  C:84D4H         LINE#         285
  C:84D7H         LINE#         287
  C:84DAH         LINE#         288
  C:84DAH         LINE#         290
  C:84DCH         LINE#         291
  -------         ENDPROC       CHECK_ADAP_IN
  -------         PROC          _SET_PWM
  X:010BH         SYMBOL        index
  X:010CH         SYMBOL        val
  C:775CH         LINE#         293
  C:7764H         LINE#         294
  C:7764H         LINE#         296
  C:777DH         LINE#         298
  C:778FH         LINE#         299
  C:778FH         LINE#         300
  C:778FH         LINE#         302
  C:7792H         LINE#         303
  C:779DH         LINE#         304
  C:77A0H         LINE#         306
  C:77A3H         LINE#         307
  C:77A3H         LINE#         308
  C:77A5H         LINE#         309
  C:77A7H         LINE#         310
  C:77A7H         LINE#         312
  C:77AFH         LINE#         313
  C:77AFH         LINE#         314
  C:77B2H         LINE#         315
  C:77B5H         LINE#         316
  C:77B8H         LINE#         317
  C:77BEH         LINE#         318
  C:77C0H         LINE#         319
  C:77C8H         LINE#         320
  C:77C8H         LINE#         321
  C:77CBH         LINE#         322
  C:77CEH         LINE#         323
  C:77D1H         LINE#         324
  C:77DAH         LINE#         325
  C:77DAH         LINE#         359
  C:77DAH         LINE#         360
  C:77DAH         LINE#         361
  C:77DDH         LINE#         362
  C:77E8H         LINE#         363
BL51 BANKED LINKER/LOCATER V6.22.2.0                                                  04/07/2021  16:56:10  PAGE 17


  C:77EBH         LINE#         364
  C:77ECH         LINE#         365
  C:77ECH         LINE#         366
  C:77EFH         LINE#         367
  C:77F0H         LINE#         368
  C:77F0H         LINE#         369
  C:77F3H         LINE#         370
  C:77F3H         LINE#         372
  C:77F3H         LINE#         373
  C:77F3H         LINE#         374
  C:77F3H         LINE#         377
  -------         ENDPROC       _SET_PWM
  -------         PROC          TIMER0_INT
  -------         DO            
  D:000FH         SYMBOL        TempKey
  -------         ENDDO         
  C:4DA7H         LINE#         386
  C:4DB4H         LINE#         393
  C:4DB6H         LINE#         396
  C:4DB8H         LINE#         399
  C:4DC3H         LINE#         400
  C:4DC3H         LINE#         401
  C:4DD1H         LINE#         402
  C:4DD4H         LINE#         403
  C:4DD6H         LINE#         404
  C:4DD6H         LINE#         406
  C:4DDCH         LINE#         407
  C:4DDEH         LINE#         408
  C:4DE7H         LINE#         409
  C:4DE7H         LINE#         411
  C:4DF0H         LINE#         412
  C:4DFAH         LINE#         413
  C:4DFAH         LINE#         414
  C:4E02H         LINE#         415
  C:4E0AH         LINE#         416
  C:4E12H         LINE#         417
  C:4E15H         LINE#         418
  C:4E17H         LINE#         421
  C:4E1DH         LINE#         422
  C:4E1DH         LINE#         424
  C:4E23H         LINE#         426
  C:4E3EH         LINE#         427
  C:4E3EH         LINE#         428
  C:4E4CH         LINE#         429
  C:4E52H         LINE#         430
  C:4E52H         LINE#         431
  C:4E6AH         LINE#         432
  C:4E6AH         LINE#         433
  C:4E78H         LINE#         434
  C:4E7EH         LINE#         435
  C:4E7EH         LINE#         436
  C:4E96H         LINE#         437
  C:4E96H         LINE#         438
  C:4EA4H         LINE#         439
  C:4EAAH         LINE#         440
  C:4EAAH         LINE#         441
  C:4EC5H         LINE#         442
BL51 BANKED LINKER/LOCATER V6.22.2.0                                                  04/07/2021  16:56:10  PAGE 18


  C:4EC5H         LINE#         443
  C:4ED3H         LINE#         444
  C:4ED9H         LINE#         445
  C:4ED9H         LINE#         446
  C:4EF1H         LINE#         447
  C:4EF1H         LINE#         448
  C:4EFFH         LINE#         449
  C:4F05H         LINE#         450
  C:4F05H         LINE#         451
  C:4F1DH         LINE#         452
  C:4F1DH         LINE#         453
  C:4F2BH         LINE#         454
  C:4F31H         LINE#         455
  C:4F31H         LINE#         456
  C:4F4CH         LINE#         457
  C:4F4CH         LINE#         458
  C:4F5AH         LINE#         459
  C:4F60H         LINE#         460
  C:4F60H         LINE#         461
  C:4F78H         LINE#         462
  C:4F78H         LINE#         463
  C:4F86H         LINE#         464
  C:4F8CH         LINE#         465
  C:4F8CH         LINE#         467
  C:4F94H         LINE#         468
  C:4F94H         LINE#         469
  C:4FB3H         LINE#         470
  C:4FB8H         LINE#         471
  C:4FB8H         LINE#         472
  C:4FB8H         LINE#         473
  C:4FB8H         LINE#         482
  C:4FC6H         LINE#         485
  C:4FCEH         LINE#         486
  C:4FD1H         LINE#         487
  C:4FD3H         LINE#         489
  C:4FD9H         LINE#         490
  C:4FD9H         LINE#         492
  C:4FDBH         LINE#         495
  C:4FE2H         LINE#         496
  C:4FE7H         LINE#         498
  C:4FE9H         LINE#         500
  C:4FE9H         LINE#         501
  C:4FF3H         LINE#         502
  C:4FFBH         LINE#         505
  C:5009H         LINE#         506
  C:501DH         LINE#         507
  C:5027H         LINE#         508
  C:5035H         LINE#         549
  C:5041H         LINE#         550
  C:5041H         LINE#         551
  C:5049H         LINE#         552
  C:5049H         LINE#         553
  C:505AH         LINE#         554
  C:505AH         LINE#         555
  C:505DH         LINE#         556
  C:505FH         LINE#         557
  C:5061H         LINE#         558
BL51 BANKED LINKER/LOCATER V6.22.2.0                                                  04/07/2021  16:56:10  PAGE 19


  C:5061H         LINE#         559
  C:5063H         LINE#         560
  C:507FH         LINE#         561
  C:507FH         LINE#         562
  C:5082H         LINE#         563
  C:5082H         LINE#         564
  C:5085H         LINE#         565
  C:5087H         LINE#         566
  C:508CH         LINE#         567
  C:508EH         LINE#         568
  C:508EH         LINE#         569
  C:5090H         LINE#         570
  C:509AH         LINE#         572
  C:509DH         LINE#         573
  C:509DH         LINE#         574
  C:50A0H         LINE#         575
  C:50A2H         LINE#         576
  C:50A8H         LINE#         577
  C:50AAH         LINE#         578
  C:50AAH         LINE#         580
  C:50B0H         LINE#         581
  C:50B0H         LINE#         583
  C:50B8H         LINE#         584
  C:50BAH         LINE#         586
  C:50BAH         LINE#         587
  C:50D0H         LINE#         588
  C:50D3H         LINE#         589
  C:50D5H         LINE#         590
  C:50D7H         LINE#         592
  C:50D7H         LINE#         593
  C:50DAH         LINE#         594
  C:50DCH         LINE#         595
  C:50DCH         LINE#         597
  C:50DEH         LINE#         598
  C:50E4H         LINE#         599
  C:50E4H         LINE#         630
  C:50E4H         LINE#         632
  -------         ENDPROC       TIMER0_INT
  -------         PROC          SHOWWORKINGTIMER
  -------         DO            
  X:010AH         SYMBOL        val
  -------         ENDDO         
  C:498CH         LINE#         637
  C:498CH         LINE#         638
  C:498CH         LINE#         641
  C:4997H         LINE#         643
  C:499EH         LINE#         644
  C:499EH         LINE#         645
  C:49CEH         LINE#         646
  C:49D0H         LINE#         647
  C:49D7H         LINE#         648
  C:49D7H         LINE#         649
  C:49FAH         LINE#         650
  C:49FCH         LINE#         651
  C:4A05H         LINE#         652
  C:4A05H         LINE#         653
  C:4A19H         LINE#         654
BL51 BANKED LINKER/LOCATER V6.22.2.0                                                  04/07/2021  16:56:10  PAGE 20


  C:4A1BH         LINE#         656
  C:4A1BH         LINE#         657
  C:4A31H         LINE#         658
  C:4A31H         LINE#         662
  C:4A79H         LINE#         666
  C:4A83H         LINE#         667
  C:4A8DH         LINE#         668
  C:4A96H         LINE#         669
  C:4AA0H         LINE#         671
  C:4AAAH         LINE#         672
  C:4AB4H         LINE#         673
  C:4AC1H         LINE#         674
  C:4AC9H         LINE#         676
  C:4AD2H         LINE#         682
  C:4ADCH         LINE#         683
  C:4ADCH         LINE#         684
  C:4B3BH         LINE#         685
  C:4B49H         LINE#         687
  C:4B4BH         LINE#         689
  C:4B4BH         LINE#         693
  C:4B87H         LINE#         695
  C:4B95H         LINE#         696
  C:4BACH         LINE#         698
  C:4BC0H         LINE#         702
  C:4BC0H         LINE#         705
  C:4C13H         LINE#         709
  C:4C1DH         LINE#         710
  C:4C27H         LINE#         711
  C:4C31H         LINE#         712
  C:4C3BH         LINE#         713
  C:4C45H         LINE#         714
  C:4C4FH         LINE#         715
  C:4C59H         LINE#         716
  C:4C63H         LINE#         717
  C:4C6DH         LINE#         718
  C:4C78H         LINE#         720
  C:4C82H         LINE#         721
  C:4C8AH         LINE#         722
  C:4C94H         LINE#         723
  C:4C9CH         LINE#         724
  C:4CA6H         LINE#         725
  C:4CAEH         LINE#         726
  C:4CB8H         LINE#         727
  C:4CC0H         LINE#         728
  C:4CC8H         LINE#         729
  C:4CD2H         LINE#         730
  C:4CDCH         LINE#         731
  C:4CE6H         LINE#         732
  C:4CF0H         LINE#         733
  C:4CFAH         LINE#         734
  C:4D04H         LINE#         735
  C:4D0EH         LINE#         736
  C:4D18H         LINE#         737
  C:4D22H         LINE#         738
  C:4D2CH         LINE#         739
  C:4D37H         LINE#         741
  C:4D43H         LINE#         742
BL51 BANKED LINKER/LOCATER V6.22.2.0                                                  04/07/2021  16:56:10  PAGE 21


  C:4D4EH         LINE#         744
  C:4D58H         LINE#         745
  C:4D60H         LINE#         746
  C:4D6AH         LINE#         747
  C:4D72H         LINE#         748
  C:4D7EH         LINE#         749
  C:4D84H         LINE#         751
  C:4D9CH         LINE#         769
  -------         ENDPROC       SHOWWORKINGTIMER
  -------         PROC          INITVARS
  -------         DO            
  D:0007H         SYMBOL        j
  -------         ENDDO         
  C:855EH         LINE#         779
  C:855EH         LINE#         780
  C:855EH         LINE#         782
  C:856AH         LINE#         783
  C:8573H         LINE#         785
  -------         ENDPROC       INITVARS
  -------         PROC          _POWERLED
  D:0007H         SYMBOL        flag
  C:7B94H         LINE#         791
  C:7B94H         LINE#         792
  C:7B94H         LINE#         794
  C:7BC8H         LINE#         795
  C:7BC8H         LINE#         796
  C:7BC8H         LINE#         797
  C:7BCAH         LINE#         798
  C:7BCCH         LINE#         799
  C:7BCDH         LINE#         800
  C:7BCDH         LINE#         801
  C:7BCFH         LINE#         802
  C:7BD1H         LINE#         803
  C:7BD2H         LINE#         804
  C:7BD2H         LINE#         805
  C:7BD2H         LINE#         806
  C:7BD2H         LINE#         807
  C:7BD4H         LINE#         808
  C:7BD4H         LINE#         809
  C:7BD4H         LINE#         810
  C:7BD4H         LINE#         811
  C:7BD6H         LINE#         812
  C:7BD6H         LINE#         813
  C:7BD9H         LINE#         814
  C:7BD9H         LINE#         815
  C:7BDBH         LINE#         816
  C:7BDDH         LINE#         817
  C:7BDEH         LINE#         824
  C:7BDEH         LINE#         825
  C:7BE1H         LINE#         826
  C:7BE1H         LINE#         827
  C:7BE3H         LINE#         828
  C:7BE5H         LINE#         829
  C:7BE6H         LINE#         831
  C:7BE6H         LINE#         832
  C:7BE6H         LINE#         833
  C:7BE6H         LINE#         834
BL51 BANKED LINKER/LOCATER V6.22.2.0                                                  04/07/2021  16:56:10  PAGE 22


  C:7BE6H         LINE#         835
  C:7BE8H         LINE#         836
  C:7BE8H         LINE#         837
  C:7BEBH         LINE#         838
  C:7BEBH         LINE#         839
  C:7BEDH         LINE#         840
  C:7BEFH         LINE#         841
  C:7BF0H         LINE#         843
  C:7BF0H         LINE#         844
  C:7BF2H         LINE#         845
  C:7BF4H         LINE#         846
  C:7BF4H         LINE#         847
  C:7BF5H         LINE#         848
  C:7BF5H         LINE#         849
  C:7BF8H         LINE#         850
  C:7BF8H         LINE#         851
  C:7BFAH         LINE#         852
  C:7BFCH         LINE#         854
  C:7BFCH         LINE#         855
  C:7BFEH         LINE#         856
  C:7BFEH         LINE#         858
  C:7C00H         LINE#         860
  C:7C01H         LINE#         861
  C:7C01H         LINE#         862
  C:7C04H         LINE#         863
  C:7C04H         LINE#         864
  C:7C06H         LINE#         865
  C:7C08H         LINE#         867
  C:7C08H         LINE#         868
  C:7C0AH         LINE#         869
  C:7C0AH         LINE#         871
  C:7C0CH         LINE#         874
  C:7C0CH         LINE#         875
  C:7C0CH         LINE#         876
  C:7C0CH         LINE#         877
  C:7C0CH         LINE#         878
  -------         ENDPROC       _POWERLED
  -------         PROC          EXT1_INT
  C:0026H         LINE#         887
  C:0026H         LINE#         889
  C:0028H         LINE#         890
  -------         ENDPROC       EXT1_INT
  -------         PROC          SERIAL_INT
  C:830CH         LINE#         913
  C:8313H         LINE#         919
  C:8316H         LINE#         928
  C:831DH         LINE#         929
  C:831FH         LINE#         930
  C:832DH         LINE#         934
  C:832FH         LINE#         936
  C:832FH         LINE#         938
  C:8332H         LINE#         939
  C:8334H         LINE#         940
  C:8336H         LINE#         941
  C:8336H         LINE#         942
  -------         ENDPROC       SERIAL_INT
  -------         PROC          SERIAL2_INT
BL51 BANKED LINKER/LOCATER V6.22.2.0                                                  04/07/2021  16:56:10  PAGE 23


  C:812BH         LINE#         946
  C:8132H         LINE#         951
  C:813AH         LINE#         952
  C:813AH         LINE#         954
  C:813DH         LINE#         956
  C:8144H         LINE#         959
  C:8146H         LINE#         960
  C:8154H         LINE#         961
  C:8154H         LINE#         963
  C:815CH         LINE#         964
  C:815CH         LINE#         965
  C:815FH         LINE#         966
  C:8161H         LINE#         967
  C:8161H         LINE#         968
  -------         ENDPROC       SERIAL2_INT
  -------         PROC          RS_READY
  C:8614H         LINE#         977
  C:8614H         LINE#         978
  C:8614H         LINE#         979
  C:861CH         LINE#         980
  C:861EH         LINE#         981
  -------         ENDPROC       RS_READY
  -------         PROC          RS_RX
  -------         DO            
  D:0007H         SYMBOL        ret
  -------         ENDDO         
  C:84DDH         LINE#         986
  C:84DDH         LINE#         987
  C:84DDH         LINE#         990
  C:84DFH         LINE#         991
  C:84E6H         LINE#         992
  C:84E8H         LINE#         993
  C:84F3H         LINE#         994
  C:84F6H         LINE#         995
  C:84F8H         LINE#         997
  C:84F8H         LINE#         998
  -------         ENDPROC       RS_RX
  -------         PROC          RS2_READY
  C:861FH         LINE#         1004
  C:861FH         LINE#         1005
  C:861FH         LINE#         1006
  C:8627H         LINE#         1007
  C:8629H         LINE#         1008
  -------         ENDPROC       RS2_READY
  -------         PROC          RS2_RX
  -------         DO            
  D:0007H         SYMBOL        ret
  -------         ENDDO         
  C:84A3H         LINE#         1012
  C:84A3H         LINE#         1013
  C:84A3H         LINE#         1016
  C:84A6H         LINE#         1017
  C:84ADH         LINE#         1018
  C:84AFH         LINE#         1019
  C:84BAH         LINE#         1020
  C:84BDH         LINE#         1021
  C:84C0H         LINE#         1023
BL51 BANKED LINKER/LOCATER V6.22.2.0                                                  04/07/2021  16:56:10  PAGE 24


  C:84C0H         LINE#         1024
  -------         ENDPROC       RS2_RX
  -------         PROC          _RS_TX
  D:0007H         SYMBOL        tx_buf
  C:0003H         LINE#         1030
  C:0003H         LINE#         1031
  C:0003H         LINE#         1032
  C:0006H         LINE#         1033
  C:0008H         LINE#         1034
  C:000AH         LINE#         1035
  -------         ENDPROC       _RS_TX
  -------         PROC          _RS2_TX
  D:0007H         SYMBOL        tx_buf
  C:8633H         LINE#         1041
  C:8633H         LINE#         1042
  C:8633H         LINE#         1044
  C:8636H         LINE#         1045
  C:8638H         LINE#         1046
  C:863AH         LINE#         1047
  -------         ENDPROC       _RS2_TX
  -------         PROC          TIMER2_INT
  C:85F9H         LINE#         1088
  C:85FBH         LINE#         1247
  C:85FDH         LINE#         1249
  C:8605H         LINE#         1251
  -------         ENDPROC       TIMER2_INT
  -------         PROC          _DELAY
  D:0007H         SYMBOL        cnt
  -------         DO            
  D:0004H         SYMBOL        ttic01
  -------         ENDDO         
  C:8546H         LINE#         1253
  C:8546H         LINE#         1254
  C:8546H         LINE#         1257
  C:8554H         LINE#         1258
  C:8554H         LINE#         1260
  C:855DH         LINE#         1261
  -------         ENDPROC       _DELAY
  -------         PROC          INT2_INT
  C:8465H         LINE#         1265
  C:846BH         LINE#         1267
  C:846DH         LINE#         1268
  C:846FH         LINE#         1269
  C:8472H         LINE#         1270
  C:8478H         LINE#         1271
  C:847DH         LINE#         1272
  -------         ENDPROC       INT2_INT
  -------         PROC          INT3_INT
  C:8484H         LINE#         1274
  C:848AH         LINE#         1276
  C:848CH         LINE#         1277
  C:848EH         LINE#         1278
  C:8491H         LINE#         1279
  C:8497H         LINE#         1280
  C:849CH         LINE#         1281
  -------         ENDPROC       INT3_INT
  -------         ENDMOD        CPU
BL51 BANKED LINKER/LOCATER V6.22.2.0                                                  04/07/2021  16:56:10  PAGE 25



  -------         MODULE        ETC_EEP
  C:0000H         SYMBOL        _ICE_DUMMY_
  C:862AH         PUBLIC        _SaveDebugLevelEE
  C:7F57H         PUBLIC        GetProjectNameEE
  C:728CH         PUBLIC        ClearBasicEE
  C:8514H         PUBLIC        SaveFWRevEE
  C:7EC3H         PUBLIC        GetFWRevEE
  -------         PROC          GETFWREVEE
  -------         DO            
  D:0004H         SYMBOL        rev
  -------         ENDDO         
  C:7EC3H         LINE#         17
  C:7EC3H         LINE#         18
  C:7EC3H         LINE#         19
  C:7EC9H         LINE#         26
  C:7F0CH         LINE#         28
  C:7F0CH         LINE#         29
  -------         ENDPROC       GETFWREVEE
  -------         PROC          GETPROJECTNAMEEE
  -------         DO            
  X:010AH         SYMBOL        rev
  -------         ENDDO         
  C:7F57H         LINE#         31
  C:7F57H         LINE#         32
  C:7F57H         LINE#         33
  C:7F5DH         LINE#         35
  C:7F6BH         LINE#         36
  C:7F7AH         LINE#         37
  C:7F89H         LINE#         38
  C:7F98H         LINE#         40
  C:7F9DH         LINE#         41
  -------         ENDPROC       GETPROJECTNAMEEE
  -------         PROC          SAVEFWREVEE
  C:8514H         LINE#         43
  C:8514H         LINE#         44
  C:8514H         LINE#         51
  C:851CH         LINE#         52
  C:8524H         LINE#         53
  -------         ENDPROC       SAVEFWREVEE
  -------         PROC          _SAVEDEBUGLEVELEE
  D:0007H         SYMBOL        dl
  C:862AH         LINE#         59
  C:862AH         LINE#         60
  C:862AH         LINE#         61
  -------         ENDPROC       _SAVEDEBUGLEVELEE
  -------         PROC          CLEARBASICEE
  C:728CH         LINE#         67
  C:728CH         LINE#         68
  C:728CH         LINE#         70
  C:7295H         LINE#         72
  C:729DH         LINE#         73
  C:72A6H         LINE#         74
  C:72AFH         LINE#         75
  C:72B8H         LINE#         77
  C:72C1H         LINE#         80
  C:72CAH         LINE#         82
BL51 BANKED LINKER/LOCATER V6.22.2.0                                                  04/07/2021  16:56:10  PAGE 26


  C:72D2H         LINE#         84
  C:72DAH         LINE#         86
  C:72E2H         LINE#         88
  C:72EBH         LINE#         90
  C:72F4H         LINE#         91
  C:72FCH         LINE#         93
  C:7305H         LINE#         94
  C:730DH         LINE#         96
  C:7316H         LINE#         97
  C:731EH         LINE#         99
  C:7327H         LINE#         100
  C:732FH         LINE#         102
  C:7337H         LINE#         103
  C:733FH         LINE#         104
  -------         ENDPROC       CLEARBASICEE
  -------         ENDMOD        ETC_EEP

  -------         MODULE        HS_DVRPROTOCOL
  C:0000H         SYMBOL        _ICE_DUMMY_
  X:0000H         PUBLIC        protocol_data_count
  D:00B2H         PUBLIC        P3M1
  X:0001H         PUBLIC        protocol_len
  X:0002H         PUBLIC        protocol_type
  B:0021H.5       PUBLIC        protocol_escape_flag
  X:0003H         PUBLIC        protocol_chksum
  X:0004H         PUBLIC        protocol_param
  X:0005H         PUBLIC        protocol_data
  C:322FH         PUBLIC        DvrReceivePaser
  X:0105H         PUBLIC        protocol_state
  -------         PROC          DVRRECEIVEPASER
  -------         DO            
  X:0106H         SYMBOL        c
  -------         ENDDO         
  C:322FH         LINE#         40
  C:322FH         LINE#         41
  C:322FH         LINE#         43
  C:3238H         LINE#         44
  C:3238H         LINE#         45
  C:3240H         LINE#         47
  C:3244H         LINE#         48
  C:3244H         LINE#         50
  C:324FH         LINE#         52
  C:3251H         LINE#         53
  C:3257H         LINE#         54
  C:325DH         LINE#         56
  C:325DH         LINE#         58
  C:3266H         LINE#         59
  C:3266H         LINE#         60
  C:3269H         LINE#         62
  C:3269H         LINE#         64
  C:326CH         LINE#         65
  C:326CH         LINE#         66
  C:326EH         LINE#         67
  C:3275H         LINE#         68
  C:3275H         LINE#         70
  C:327EH         LINE#         71
  C:327EH         LINE#         72
BL51 BANKED LINKER/LOCATER V6.22.2.0                                                  04/07/2021  16:56:10  PAGE 27


  C:328EH         LINE#         73
  C:328EH         LINE#         75
  C:32A3H         LINE#         76
  C:32A3H         LINE#         77
  C:32A3H         LINE#         78
  C:32ABH         LINE#         79
  C:32BEH         LINE#         80
  C:32BEH         LINE#         81
  C:32BEH         LINE#         82
  C:32BEH         LINE#         83
  C:32BEH         LINE#         84
  C:32BEH         LINE#         85
  C:32BEH         LINE#         86
  C:32BEH         LINE#         87
  C:32BEH         LINE#         88
  C:32BEH         LINE#         89
  C:32BEH         LINE#         90
  C:32BEH         LINE#         91
  C:32BEH         LINE#         92
  C:32BEH         LINE#         93
  C:32BEH         LINE#         94
  C:32C4H         LINE#         95
  C:32C5H         LINE#         96
  C:32C5H         LINE#         99
  C:32C5H         LINE#         100
  C:32C5H         LINE#         102
  C:32C5H         LINE#         103
  C:32CDH         LINE#         104
  C:32E2H         LINE#         105
  C:32E2H         LINE#         106
  C:32E2H         LINE#         107
  C:32E2H         LINE#         108
  C:32E2H         LINE#         109
  C:32E2H         LINE#         110
  C:32E2H         LINE#         111
  C:32E2H         LINE#         112
  C:32E2H         LINE#         113
  C:32E2H         LINE#         114
  C:32E2H         LINE#         115
  C:32E2H         LINE#         116
  C:32E2H         LINE#         117
  C:32E2H         LINE#         118
  C:32E2H         LINE#         120
  C:32E8H         LINE#         121
  C:32E8H         LINE#         122
  C:32EEH         LINE#         123
  C:32EFH         LINE#         125
  C:32EFH         LINE#         126
  C:32F4H         LINE#         127
  C:32FAH         LINE#         130
  C:3300H         LINE#         132
  C:3300H         LINE#         133
  C:3302H         LINE#         134
  C:3302H         LINE#         135
  C:3302H         LINE#         136
  C:3305H         LINE#         137
  C:3305H         LINE#         138
BL51 BANKED LINKER/LOCATER V6.22.2.0                                                  04/07/2021  16:56:10  PAGE 28


  C:3305H         LINE#         140
  C:3305H         LINE#         141
  C:331CH         LINE#         142
  C:331CH         LINE#         143
  C:331CH         LINE#         144
  C:331CH         LINE#         145
  C:331CH         LINE#         146
  C:331CH         LINE#         147
  C:331CH         LINE#         148
  C:331CH         LINE#         149
  C:331CH         LINE#         150
  C:331CH         LINE#         151
  C:331CH         LINE#         152
  C:331CH         LINE#         153
  C:331CH         LINE#         154
  C:331CH         LINE#         157
  C:3330H         LINE#         158
  C:3336H         LINE#         159
  C:3340H         LINE#         160
  C:3346H         LINE#         162
  C:3351H         LINE#         164
  C:3351H         LINE#         166
  C:335CH         LINE#         169
  C:335CH         LINE#         170
  C:335CH         LINE#         171
  C:335CH         LINE#         172
  C:335FH         LINE#         173
  C:335FH         LINE#         174
  C:335FH         LINE#         176
  C:335FH         LINE#         177
  C:336EH         LINE#         178
  C:336EH         LINE#         181
  C:3386H         LINE#         183
  C:33B8H         LINE#         184
  C:33B8H         LINE#         185
  C:33B8H         LINE#         187
  C:33C3H         LINE#         189
  C:33CAH         LINE#         190
  C:33D3H         LINE#         191
  C:33E0H         LINE#         192
  C:33E0H         LINE#         193
  C:33E4H         LINE#         194
  C:33E9H         LINE#         195
  C:33EEH         LINE#         196
  C:33EEH         LINE#         197
  C:33F7H         LINE#         198
  C:3400H         LINE#         199
  C:3403H         LINE#         200
  C:3406H         LINE#         201
  C:3406H         LINE#         203
  C:3411H         LINE#         205
  C:3416H         LINE#         206
  C:3422H         LINE#         207
  C:3428H         LINE#         208
  C:342BH         LINE#         209
  C:342BH         LINE#         211
  C:3436H         LINE#         214
BL51 BANKED LINKER/LOCATER V6.22.2.0                                                  04/07/2021  16:56:10  PAGE 29


  C:343CH         LINE#         215
  C:343FH         LINE#         216
  C:343FH         LINE#         218
  C:344AH         LINE#         221
  C:3450H         LINE#         222
  C:3453H         LINE#         223
  C:3453H         LINE#         225
  C:345EH         LINE#         226
  C:3474H         LINE#         227
  C:348AH         LINE#         228
  C:34A0H         LINE#         229
  C:34B6H         LINE#         230
  C:34CCH         LINE#         231
  C:34E2H         LINE#         232
  C:34F8H         LINE#         233
  C:350EH         LINE#         236
  C:352FH         LINE#         237
  C:3550H         LINE#         239
  C:3571H         LINE#         240
  C:3592H         LINE#         242
  C:35B3H         LINE#         243
  C:35D4H         LINE#         245
  C:35F5H         LINE#         246
  C:3616H         LINE#         248
  C:3622H         LINE#         249
  C:362EH         LINE#         251
  C:363AH         LINE#         252
  C:3646H         LINE#         254
  C:3652H         LINE#         255
  C:365EH         LINE#         257
  C:366AH         LINE#         258
  C:3676H         LINE#         260
  C:367CH         LINE#         262
  C:367FH         LINE#         264
  C:367FH         LINE#         266
  C:368AH         LINE#         270
  C:3697H         LINE#         271
  C:369AH         LINE#         273
  C:36ACH         LINE#         275
  C:36B5H         LINE#         276
  C:36BAH         LINE#         278
  C:36C4H         LINE#         279
  C:36CDH         LINE#         306
  C:36D0H         LINE#         308
  C:36D0H         LINE#         310
  C:36DBH         LINE#         313
  C:36E1H         LINE#         314
  C:36E1H         LINE#         315
  C:36E8H         LINE#         317
  C:36EEH         LINE#         319
  C:36F1H         LINE#         320
  C:36FCH         LINE#         321
  C:36FCH         LINE#         322
  C:3701H         LINE#         323
  C:3708H         LINE#         325
  C:370EH         LINE#         327
  C:370EH         LINE#         328
BL51 BANKED LINKER/LOCATER V6.22.2.0                                                  04/07/2021  16:56:10  PAGE 30


  C:3711H         LINE#         330
  C:3711H         LINE#         332
  C:371CH         LINE#         334
  C:3722H         LINE#         335
  C:3725H         LINE#         337
  C:3725H         LINE#         339
  C:3730H         LINE#         342
  C:3736H         LINE#         343
  C:3736H         LINE#         344
  C:373DH         LINE#         345
  C:3742H         LINE#         348
  C:3747H         LINE#         349
  C:374CH         LINE#         350
  C:3751H         LINE#         351
  C:3756H         LINE#         352
  C:375BH         LINE#         353
  C:3760H         LINE#         355
  C:3766H         LINE#         357
  C:3769H         LINE#         358
  C:3771H         LINE#         359
  C:3771H         LINE#         360
  C:3777H         LINE#         361
  C:3777H         LINE#         362
  C:3777H         LINE#         363
  C:3779H         LINE#         364
  C:3784H         LINE#         365
  C:3784H         LINE#         366
  C:378BH         LINE#         367
  C:378EH         LINE#         368
  C:3797H         LINE#         369
  C:379CH         LINE#         370
  C:379CH         LINE#         372
  C:379FH         LINE#         374
  C:379FH         LINE#         376
  C:37AAH         LINE#         379
  C:37B2H         LINE#         380
  C:37B2H         LINE#         381
  C:37B9H         LINE#         382
  C:37BEH         LINE#         384
  C:37C9H         LINE#         386
  C:37CBH         LINE#         387
  C:37D9H         LINE#         388
  C:37D9H         LINE#         389
  C:37E0H         LINE#         390
  C:37E5H         LINE#         391
  C:37ECH         LINE#         393
  C:37F8H         LINE#         394
  C:37FCH         LINE#         395
  C:37FCH         LINE#         396
  C:380CH         LINE#         397
  C:380CH         LINE#         398
  C:3813H         LINE#         399
  C:381AH         LINE#         400
  C:381FH         LINE#         401
  C:3826H         LINE#         402
  C:3830H         LINE#         403
  C:3838H         LINE#         405
BL51 BANKED LINKER/LOCATER V6.22.2.0                                                  04/07/2021  16:56:10  PAGE 31


  C:3843H         LINE#         407
  C:384FH         LINE#         408
  C:3853H         LINE#         409
  C:3855H         LINE#         410
  C:3865H         LINE#         411
  C:3865H         LINE#         412
  C:386AH         LINE#         414
  C:3874H         LINE#         416
  C:3874H         LINE#         418
  C:3879H         LINE#         420
  C:3884H         LINE#         421
  C:388AH         LINE#         423
  C:388CH         LINE#         425
  C:388CH         LINE#         427
  C:3897H         LINE#         429
  C:38A0H         LINE#         430
  C:38A3H         LINE#         432
  C:38A3H         LINE#         434
  C:38ABH         LINE#         435
  C:38ABH         LINE#         436
  C:38B3H         LINE#         437
  C:38B9H         LINE#         438
  C:38BBH         LINE#         440
  C:38BBH         LINE#         441
  C:38C3H         LINE#         442
  C:38C8H         LINE#         443
  C:38C8H         LINE#         446
  C:38E2H         LINE#         450
  C:38E4H         LINE#         451
  C:38E4H         LINE#         452
  C:38EFH         LINE#         453
  C:38F4H         LINE#         455
  C:38F7H         LINE#         458
  C:390FH         LINE#         460
  C:3918H         LINE#         463
  C:391AH         LINE#         464
  C:391AH         LINE#         465
  C:391AH         LINE#         466
  C:391AH         LINE#         468
  C:391AH         LINE#         470
  C:391AH         LINE#         472
  C:3923H         LINE#         474
  C:3923H         LINE#         475
  C:3928H         LINE#         476
  C:3928H         LINE#         477
  C:3928H         LINE#         478
  C:3928H         LINE#         479
  C:3928H         LINE#         480
  C:3928H         LINE#         483
  -------         ENDPROC       DVRRECEIVEPASER
  -------         ENDMOD        HS_DVRPROTOCOL

  -------         MODULE        I2C
  C:0000H         SYMBOL        _ICE_DUMMY_
  B:0090H.0       PUBLIC        P1_0
  B:0090H.1       PUBLIC        P1_1
  C:8244H         PUBLIC        I2CReadData
BL51 BANKED LINKER/LOCATER V6.22.2.0                                                  04/07/2021  16:56:10  PAGE 32


  C:8166H         PUBLIC        _ReadI2C
  C:7B19H         PUBLIC        _I2CWriteData
  C:819FH         PUBLIC        _ReadAD5110
  C:8393H         PUBLIC        _WriteI2C
  C:85D6H         PUBLIC        I2CStart
  C:858DH         PUBLIC        I2Cdelay
  C:83BCH         PUBLIC        _ReadEEP
  C:8425H         PUBLIC        _WriteAD5110
  C:0016H         PUBLIC        I2CStop
  C:820FH         PUBLIC        AD5110_I2CReadData
  C:7F9EH         PUBLIC        _WriteEEP
  C:7A9BH         PUBLIC        _AD5110_I2CWriteData
  C:8589H         SYMBOL        L?0062
  -------         PROC          L?0061
  -------         ENDPROC       L?0061
  C:8589H         SYMBOL        L?0062
  -------         PROC          I2CDELAY
  -------         DO            
  D:0007H         SYMBOL        i
  -------         ENDDO         
  C:858DH         LINE#         34
  C:858DH         LINE#         35
  C:858DH         LINE#         37
  C:8599H         LINE#         38
  C:859CH         LINE#         39
  -------         ENDPROC       I2CDELAY
  -------         PROC          _WRITEEEP
  X:010EH         SYMBOL        index
  X:0110H         SYMBOL        dat
  -------         DO            
  X:0111H         SYMBOL        addr
  -------         ENDDO         
  C:7F9EH         LINE#         42
  C:7FA9H         LINE#         43
  C:7FA9H         LINE#         46
  C:7FC1H         LINE#         48
  C:7FC4H         LINE#         49
  C:7FCCH         LINE#         50
  C:7FD5H         LINE#         51
  C:7FDDH         LINE#         52
  C:7FE0H         LINE#         58
  -------         ENDPROC       _WRITEEEP
  -------         PROC          _READEEP
  D:0004H         SYMBOL        index
  -------         DO            
  X:0130H         SYMBOL        val
  D:0007H         SYMBOL        addr
  -------         ENDDO         
  C:83BCH         LINE#         61
  C:83C0H         LINE#         62
  C:83C0H         LINE#         66
  C:83CFH         LINE#         68
  C:83D7H         LINE#         73
  C:83DCH         LINE#         74
  C:83E1H         LINE#         75
  -------         ENDPROC       _READEEP
  -------         PROC          _READI2C
BL51 BANKED LINKER/LOCATER V6.22.2.0                                                  04/07/2021  16:56:10  PAGE 33


  X:0131H         SYMBOL        addr
  X:0132H         SYMBOL        index
  -------         DO            
  X:0133H         SYMBOL        val
  -------         ENDDO         
  C:8166H         LINE#         77
  C:816EH         LINE#         78
  C:816EH         LINE#         81
  C:8171H         LINE#         82
  C:8179H         LINE#         83
  C:8181H         LINE#         84
  C:8184H         LINE#         85
  C:818EH         LINE#         86
  C:8196H         LINE#         87
  C:8199H         LINE#         89
  C:819EH         LINE#         90
  -------         ENDPROC       _READI2C
  -------         PROC          _WRITEI2C
  X:010DH         SYMBOL        addr
  X:010EH         SYMBOL        index
  X:010FH         SYMBOL        val
  C:8393H         LINE#         94
  C:839EH         LINE#         95
  C:839EH         LINE#         96
  C:83A1H         LINE#         97
  C:83A9H         LINE#         98
  C:83B1H         LINE#         99
  C:83B9H         LINE#         100
  -------         ENDPROC       _WRITEI2C
  -------         PROC          I2CSTART
  C:85D6H         LINE#         106
  C:85D6H         LINE#         107
  C:85D6H         LINE#         108
  C:85DBH         LINE#         109
  C:85E0H         LINE#         110
  C:85E5H         LINE#         111
  C:85E7H         LINE#         112
  -------         ENDPROC       I2CSTART
  -------         PROC          I2CSTOP
  C:0016H         LINE#         114
  C:0016H         LINE#         115
  C:0016H         LINE#         116
  C:001BH         LINE#         117
  C:0020H         LINE#         118
  C:0022H         LINE#         119
  -------         ENDPROC       I2CSTOP
  -------         PROC          _I2CWRITEDATA
  D:0006H         SYMBOL        value
  C:7B19H         LINE#         121
  C:7B1BH         LINE#         122
  C:7B1BH         LINE#         124
  C:7B28H         LINE#         125
  C:7B35H         LINE#         126
  C:7B42H         LINE#         127
  C:7B4FH         LINE#         129
  C:7B5CH         LINE#         130
  C:7B69H         LINE#         131
BL51 BANKED LINKER/LOCATER V6.22.2.0                                                  04/07/2021  16:56:10  PAGE 34


  C:7B76H         LINE#         132
  C:7B83H         LINE#         135
  C:7B85H         LINE#         136
  C:7B87H         LINE#         137
  C:7B89H         LINE#         138
  C:7B8BH         LINE#         140
  C:7B8DH         LINE#         141
  C:7B8FH         LINE#         142
  C:7B91H         LINE#         143
  C:7B93H         LINE#         144
  -------         ENDPROC       _I2CWRITEDATA
  -------         PROC          I2CREADDATA
  -------         DO            
  D:0004H         SYMBOL        i
  D:0006H         SYMBOL        value
  -------         ENDDO         
  C:8244H         LINE#         146
  C:8244H         LINE#         147
  C:8244H         LINE#         149
  C:8246H         LINE#         151
  C:824BH         LINE#         152
  C:824DH         LINE#         154
  C:8250H         LINE#         155
  C:8252H         LINE#         156
  C:8256H         LINE#         157
  C:825CH         LINE#         158
  C:825EH         LINE#         159
  C:8269H         LINE#         160
  C:826CH         LINE#         162
  C:826EH         LINE#         163
  C:8270H         LINE#         164
  C:8272H         LINE#         165
  C:8274H         LINE#         167
  C:8276H         LINE#         169
  -------         ENDPROC       I2CREADDATA
  -------         PROC          _AD5110_I2CWRITEDATA
  D:0006H         SYMBOL        value
  C:7A9BH         LINE#         172
  C:7A9DH         LINE#         173
  C:7A9DH         LINE#         175
  C:7AAAH         LINE#         176
  C:7AB7H         LINE#         177
  C:7AC4H         LINE#         178
  C:7AD1H         LINE#         180
  C:7ADEH         LINE#         181
  C:7AEBH         LINE#         182
  C:7AF8H         LINE#         183
  C:7B05H         LINE#         186
  C:7B07H         LINE#         187
  C:7B09H         LINE#         188
  C:7B0BH         LINE#         189
  C:7B0DH         LINE#         190
  C:7B10H         LINE#         191
  C:7B12H         LINE#         192
  C:7B14H         LINE#         193
  C:7B16H         LINE#         194
  C:7B18H         LINE#         196
BL51 BANKED LINKER/LOCATER V6.22.2.0                                                  04/07/2021  16:56:10  PAGE 35


[...]
  C:0851H         LINE#         1119
  C:085CH         LINE#         1120
  C:0861H         LINE#         1121
  C:0864H         LINE#         1122
  C:0864H         LINE#         1126
  C:086FH         LINE#         1138
  C:0882H         LINE#         1139
  C:0882H         LINE#         1140
  C:0887H         LINE#         1141
  C:088BH         LINE#         1142
  C:088FH         LINE#         1143
  C:0895H         LINE#         1144
  C:0896H         LINE#         1145
  C:0899H         LINE#         1146
  C:08B2H         LINE#         1147
  C:08B2H         LINE#         1148
  C:08B7H         LINE#         1149
  C:08BBH         LINE#         1150
  C:08BFH         LINE#         1151
  C:08C3H         LINE#         1152
  C:08C9H         LINE#         1153
  C:08CCH         LINE#         1154
  C:08DEH         LINE#         1155
  C:08DEH         LINE#         1156
  C:08E4H         LINE#         1157
  C:08E9H         LINE#         1158
  C:08EDH         LINE#         1159
  C:08F1H         LINE#         1160
  C:08F1H         LINE#         1161
  C:08F3H         LINE#         1162
  C:0905H         LINE#         1163
  C:0905H         LINE#         1164
  C:090AH         LINE#         1165
  C:090EH         LINE#         1166
  C:0914H         LINE#         1167
  C:0919H         LINE#         1168
  C:0919H         LINE#         1170
  C:091BH         LINE#         1171
  C:092DH         LINE#         1172
  C:092DH         LINE#         1173
  C:0932H         LINE#         1174
  C:0938H         LINE#         1175
  C:093DH         LINE#         1176
  C:0941H         LINE#         1177
  C:0941H         LINE#         1178
  C:0943H         LINE#         1180
  C:0943H         LINE#         1183
  C:094AH         LINE#         1184
  C:094FH         LINE#         1186
  C:0955H         LINE#         1187
  C:095AH         LINE#         1188
  C:095EH         LINE#         1189
  C:0962H         LINE#         1190
  C:0966H         LINE#         1191
BL51 BANKED LINKER/LOCATER V6.22.2.0                                                  04/07/2021  16:56:10  PAGE 84


  C:096AH         LINE#         1192
  C:096AH         LINE#         1194
  C:09C0H         LINE#         1196
  C:09C6H         LINE#         1199
  C:09CEH         LINE#         1200
  C:09CEH         LINE#         1201
  C:09D4H         LINE#         1202
  C:09D9H         LINE#         1203
  C:09E0H         LINE#         1204
  C:09E3H         LINE#         1205
  C:09EAH         LINE#         1206
  C:09EAH         LINE#         1208
  C:09F2H         LINE#         1209
  C:09F2H         LINE#         1210
  C:09F8H         LINE#         1211
  C:09FDH         LINE#         1212
  C:0A04H         LINE#         1213
  C:0A07H         LINE#         1214
  C:0A0EH         LINE#         1215
  C:0A0EH         LINE#         1217
  C:0A16H         LINE#         1218
  C:0A16H         LINE#         1219
  C:0A1AH         LINE#         1220
  C:0A1FH         LINE#         1221
  C:0A26H         LINE#         1222
  C:0A29H         LINE#         1223
  C:0A30H         LINE#         1224
  C:0A30H         LINE#         1226
  C:0A38H         LINE#         1227
  C:0A38H         LINE#         1228
  C:0A3EH         LINE#         1229
  C:0A43H         LINE#         1230
  C:0A4AH         LINE#         1231
  C:0A4DH         LINE#         1232
  C:0A54H         LINE#         1233
  C:0A54H         LINE#         1235
  C:0A5CH         LINE#         1236
  C:0A5CH         LINE#         1237
  C:0A62H         LINE#         1238
  C:0A67H         LINE#         1239
  C:0A6EH         LINE#         1240
  C:0A71H         LINE#         1241
  C:0A78H         LINE#         1242
  C:0A78H         LINE#         1252
  C:0A87H         LINE#         1255
  C:0AA0H         LINE#         1256
  C:0AA0H         LINE#         1257
  C:0AA6H         LINE#         1258
  C:0AABH         LINE#         1259
  C:0AADH         LINE#         1261
  C:0AADH         LINE#         1262
  C:0AB2H         LINE#         1263
  C:0AB8H         LINE#         1265
  C:0AB8H         LINE#         1267
  C:0AC0H         LINE#         1268
  C:0AC0H         LINE#         1269
  C:0AC1H         LINE#         1270
BL51 BANKED LINKER/LOCATER V6.22.2.0                                                  04/07/2021  16:56:10  PAGE 85


  C:0AD6H         LINE#         1271
  C:0ADDH         LINE#         1275
  C:0ADFH         LINE#         1276
  C:0AE7H         LINE#         1277
  C:0AE7H         LINE#         1278
  C:0AE8H         LINE#         1279
  C:0AEFH         LINE#         1280
  C:0AEFH         LINE#         1312
  C:0AF7H         LINE#         1313
  C:0AFDH         LINE#         1315
  C:0B01H         LINE#         1316
  C:0B04H         LINE#         1318
  C:0B04H         LINE#         1321
  C:0B10H         LINE#         1322
  C:0B10H         LINE#         1324
  C:0B1BH         LINE#         1326
  C:0B22H         LINE#         1327
  C:0B25H         LINE#         1328
  C:0B2BH         LINE#         1329
  C:0B2BH         LINE#         1330
  C:0B2EH         LINE#         1332
  C:0B2EH         LINE#         1335
  C:0B39H         LINE#         1336
  C:0B3EH         LINE#         1337
  C:0B44H         LINE#         1339
  C:0B4DH         LINE#         1341
  C:0B52H         LINE#         1342
  C:0B58H         LINE#         1344
  C:0B61H         LINE#         1348
  C:0B6CH         LINE#         1349
  C:0B6CH         LINE#         1350
  C:0B79H         LINE#         1351
  C:0B79H         LINE#         1352
  C:0B7DH         LINE#         1354
  C:0B7FH         LINE#         1359
  C:0B87H         LINE#         1360
  C:0B90H         LINE#         1361
  C:0B92H         LINE#         1363
  C:0B9AH         LINE#         1364
  C:0BA3H         LINE#         1365
  C:0BA5H         LINE#         1367
  C:0BA5H         LINE#         1369
  C:0BB0H         LINE#         1370
  C:0BB0H         LINE#         1371
  C:0BB2H         LINE#         1372
  C:0BB5H         LINE#         1374
  C:0BB5H         LINE#         1376
  C:0BBFH         LINE#         1377
  C:0BBFH         LINE#         1379
  C:0BE2H         LINE#         1380
  C:0BE2H         LINE#         1381
  C:0BEDH         LINE#         1382
  C:0BF1H         LINE#         1384
  C:0BF3H         LINE#         1385
  C:0BF6H         LINE#         1386
  C:0C00H         LINE#         1387
  C:0C03H         LINE#         1391
BL51 BANKED LINKER/LOCATER V6.22.2.0                                                  04/07/2021  16:56:10  PAGE 86


  C:0C0DH         LINE#         1392
  C:0C0DH         LINE#         1394
  C:0C30H         LINE#         1395
  C:0C30H         LINE#         1396
  C:0C3BH         LINE#         1397
  C:0C3FH         LINE#         1399
  C:0C41H         LINE#         1400
  C:0C43H         LINE#         1401
  C:0C4DH         LINE#         1402
  C:0C4FH         LINE#         1404
  C:0C4FH         LINE#         1405
  C:0C51H         LINE#         1406
  C:0C5BH         LINE#         1407
  C:0C5BH         LINE#         1409
  C:0C7EH         LINE#         1410
  C:0C7EH         LINE#         1411
  C:0C89H         LINE#         1412
  C:0C8DH         LINE#         1414
  C:0C8FH         LINE#         1415
  C:0C91H         LINE#         1416
  C:0C9BH         LINE#         1417
  C:0CA2H         LINE#         1419
  C:0CABH         LINE#         1420
  C:0CABH         LINE#         1423
  C:0CABH         LINE#         1425
  C:0CB1H         LINE#         1428
  C:0CB3H         LINE#         1430
  C:0CB3H         LINE#         1431
  C:0CBAH         LINE#         1432
  C:0CBCH         LINE#         1433
  C:0CBFH         LINE#         1434
  C:0CC4H         LINE#         1435
  C:0CD4H         LINE#         1436
  C:0CD9H         LINE#         1437
  C:0CE2H         LINE#         1438
  C:0CEBH         LINE#         1439
  C:0CEBH         LINE#         1441
  C:0CEDH         LINE#         1443
  C:0CEEH         LINE#         1444
  C:0CEEH         LINE#         1446
  C:0CF6H         LINE#         1447
  C:0CFEH         LINE#         1450
  C:0D16H         LINE#         1453
  C:0D2EH         LINE#         1456
  C:0D46H         LINE#         1457
  C:0D46H         LINE#         1458
  C:0D4BH         LINE#         1459
  C:0D54H         LINE#         1460
  C:0D54H         LINE#         1462
  C:0D6CH         LINE#         1463
  C:0D6CH         LINE#         1464
  C:0D71H         LINE#         1465
  C:0D7AH         LINE#         1466
  C:0D7AH         LINE#         1469
  C:0D81H         LINE#         1470
  C:0D81H         LINE#         1471
  C:0D8FH         LINE#         1472
BL51 BANKED LINKER/LOCATER V6.22.2.0                                                  04/07/2021  16:56:10  PAGE 87


  C:0D8FH         LINE#         1474
  C:0D9AH         LINE#         1476
  C:0DA1H         LINE#         1477
  C:0DA4H         LINE#         1478
  C:0DA4H         LINE#         1480
  C:0DA4H         LINE#         1482
  C:0DCAH         LINE#         1483
  C:0DCAH         LINE#         1485
  C:0DCAH         LINE#         1487
  C:0DD6H         LINE#         1488
  C:0DD6H         LINE#         1490
  C:0DE1H         LINE#         1492
  C:0DE8H         LINE#         1493
  C:0DE8H         LINE#         1495
  C:0DF3H         LINE#         1496
  C:0DF3H         LINE#         1498
  C:0DFEH         LINE#         1500
  C:0E05H         LINE#         1501
  C:0E0EH         LINE#         1502
  C:0E18H         LINE#         1503
  C:0E20H         LINE#         1504
  C:0E20H         LINE#         1505
  C:0E27H         LINE#         1506
  C:0E2AH         LINE#         1507
  C:0E2AH         LINE#         1508
  C:0E2AH         LINE#         1509
  C:0E4AH         LINE#         1510
  C:0E4AH         LINE#         1511
  C:0E4FH         LINE#         1513
  C:0E59H         LINE#         1514
  C:0E61H         LINE#         1517
  C:0E6CH         LINE#         1519
  C:0E6FH         LINE#         1520
  C:0E71H         LINE#         1521
  C:0E8DH         LINE#         1522
  C:0E8DH         LINE#         1523
  C:0E8FH         LINE#         1524
  C:0E96H         LINE#         1526
  C:0EA2H         LINE#         1527
  C:0EA6H         LINE#         1528
  C:0EA6H         LINE#         1530
  C:0EB1H         LINE#         1531
  C:0EB1H         LINE#         1532
  C:0EB9H         LINE#         1534
  C:0EC4H         LINE#         1536
  C:0EC4H         LINE#         1538
  C:0ECBH         LINE#         1539
  C:0ED0H         LINE#         1540
  C:0ED2H         LINE#         1542
  C:0ED2H         LINE#         1543
  C:0ED9H         LINE#         1545
  C:0EE4H         LINE#         1546
  C:0EE4H         LINE#         1547
  C:0EECH         LINE#         1549
  C:0EF7H         LINE#         1551
  C:0EF7H         LINE#         1552
  C:0EF9H         LINE#         1553
BL51 BANKED LINKER/LOCATER V6.22.2.0                                                  04/07/2021  16:56:10  PAGE 88


  C:0EF9H         LINE#         1554
  C:0EF9H         LINE#         1555
  C:0EF9H         LINE#         1556
  C:0EF9H         LINE#         1557
  C:0EF9H         LINE#         1559
  C:0F00H         LINE#         1570
  C:0F07H         LINE#         1571
  C:0F07H         LINE#         1576
  C:0F07H         LINE#         1636
  C:0F0DH         LINE#         1637
  C:0F10H         LINE#         1638
  C:0F10H         LINE#         1640
  C:0F1BH         LINE#         1641
  C:0F20H         LINE#         1642
  C:0F28H         LINE#         1644
  C:0F31H         LINE#         1646
  C:0F36H         LINE#         1647
  C:0F3EH         LINE#         1649
  C:0F47H         LINE#         1652
  C:0F4FH         LINE#         1653
  C:0F4FH         LINE#         1655
  C:0F5DH         LINE#         1656
  C:0F5DH         LINE#         1657
  C:0F65H         LINE#         1658
  C:0F65H         LINE#         1660
  C:0F6EH         LINE#         1661
  C:0F74H         LINE#         1662
  C:0F76H         LINE#         1664
  C:0F76H         LINE#         1665
  C:0F79H         LINE#         1666
  C:0F79H         LINE#         1670
  C:0F7BH         LINE#         1671
  C:0F7BH         LINE#         1676
  C:0F80H         LINE#         1679
  C:0F89H         LINE#         1680
  C:0F89H         LINE#         1682
  C:0F8BH         LINE#         1684
  C:0F8CH         LINE#         1686
  C:0F8CH         LINE#         1687
  C:0F99H         LINE#         1688
  C:0F9BH         LINE#         1689
  C:0F9DH         LINE#         1691
  C:0F9DH         LINE#         1692
  C:0FA7H         LINE#         1693
  C:0FA9H         LINE#         1694
  C:0FABH         LINE#         1695
  C:0FABH         LINE#         1696
  C:0FB5H         LINE#         1697
  C:0FB7H         LINE#         1698
  C:0FB9H         LINE#         1700
  C:0FB9H         LINE#         1701
  C:0FC3H         LINE#         1702
  C:0FC5H         LINE#         1703
  C:0FC7H         LINE#         1706
  C:0FC7H         LINE#         1707
  C:0FD1H         LINE#         1708
  C:0FD6H         LINE#         1709
BL51 BANKED LINKER/LOCATER V6.22.2.0                                                  04/07/2021  16:56:10  PAGE 89


  C:0FD6H         LINE#         1712
  C:0FD6H         LINE#         1714
  C:0FDDH         LINE#         1716
  C:0FE2H         LINE#         1717
  C:0FE2H         LINE#         1718
  C:0FE3H         LINE#         1719
  C:0FE9H         LINE#         1720
  C:0FE9H         LINE#         1722
  C:0FF1H         LINE#         1723
  C:0FF1H         LINE#         1724
  C:0FF2H         LINE#         1725
  C:0FF8H         LINE#         1726
  C:0FF8H         LINE#         1728
  C:1000H         LINE#         1729
  C:1000H         LINE#         1730
  C:1001H         LINE#         1731
  C:1007H         LINE#         1732
  C:1007H         LINE#         1734
  C:100AH         LINE#         1736
  C:1013H         LINE#         1737
  C:1013H         LINE#         1739
  C:1013H         LINE#         1741
  C:1019H         LINE#         1743
  C:1019H         LINE#         1745
  C:1019H         LINE#         1746
  C:1019H         LINE#         1747
  C:1019H         LINE#         1748
  -------         ENDPROC       _SYSTIMEREVENTPROC
  -------         ENDMOD        SYSTIMER

  -------         MODULE        ?C?FPADD
  C:1A31H         PUBLIC        ?C?FPADD
  C:1A2DH         PUBLIC        ?C?FPSUB
  -------         ENDMOD        ?C?FPADD

  -------         MODULE        ?C?FPMUL
  C:1B22H         PUBLIC        ?C?FPMUL
  -------         ENDMOD        ?C?FPMUL

  -------         MODULE        ?C?FPDIV
  C:1C2BH         PUBLIC        ?C?FPDIV
  -------         ENDMOD        ?C?FPDIV

  -------         MODULE        ?C?FCAST
  C:1CD2H         PUBLIC        ?C?FCASTC
  C:1CCDH         PUBLIC        ?C?FCASTI
  C:1CC8H         PUBLIC        ?C?FCASTL
  -------         ENDMOD        ?C?FCAST

  -------         MODULE        ?C?CASTF
  C:1D06H         PUBLIC        ?C?CASTF
  -------         ENDMOD        ?C?CASTF

  -------         MODULE        ?C?COPY
  C:1E57H         PUBLIC        ?C?COPY
  -------         ENDMOD        ?C?COPY

BL51 BANKED LINKER/LOCATER V6.22.2.0                                                  04/07/2021  16:56:10  PAGE 90


  -------         MODULE        ?C?CLDPTR
  C:1E7DH         PUBLIC        ?C?CLDPTR
  -------         ENDMOD        ?C?CLDPTR

  -------         MODULE        ?C?CLDOPTR
  C:1E96H         PUBLIC        ?C?CLDOPTR
  -------         ENDMOD        ?C?CLDOPTR

  -------         MODULE        ?C?CILDPTR
  C:1EC3H         PUBLIC        ?C?CILDPTR
  -------         ENDMOD        ?C?CILDPTR

  -------         MODULE        ?C?CSTOPTR
  C:1EE5H         PUBLIC        ?C?CSTOPTR
  -------         ENDMOD        ?C?CSTOPTR

  -------         MODULE        ?C?IMUL
  C:1F07H         PUBLIC        ?C?IMUL
  -------         ENDMOD        ?C?IMUL

  -------         MODULE        ?C?UIDIV
  C:1F19H         PUBLIC        ?C?UIDIV
  -------         ENDMOD        ?C?UIDIV

  -------         MODULE        ?C?SIDIV
  C:1F6EH         PUBLIC        ?C?SIDIV
  -------         ENDMOD        ?C?SIDIV

  -------         MODULE        ?C?IILDX
  C:1FA4H         PUBLIC        ?C?IILDX
  -------         ENDMOD        ?C?IILDX

  -------         MODULE        ?C?ILDIX
  C:1FBAH         PUBLIC        ?C?ILDIX
  -------         ENDMOD        ?C?ILDIX

  -------         MODULE        ?C?ILDPTR
  C:1FD0H         PUBLIC        ?C?ILDPTR
  -------         ENDMOD        ?C?ILDPTR

  -------         MODULE        ?C?ILDOPTR
  C:1FFBH         PUBLIC        ?C?ILDOPTR
  -------         ENDMOD        ?C?ILDOPTR

  -------         MODULE        ?C?ISTPTR
  C:2033H         PUBLIC        ?C?ISTPTR
  -------         ENDMOD        ?C?ISTPTR

  -------         MODULE        ?C?LMUL
  C:2052H         PUBLIC        ?C?LMUL
  -------         ENDMOD        ?C?LMUL

  -------         MODULE        ?C?ULDIV
  C:20DDH         PUBLIC        ?C?ULDIV
  -------         ENDMOD        ?C?ULDIV

  -------         MODULE        ?C?LNEG
BL51 BANKED LINKER/LOCATER V6.22.2.0                                                  04/07/2021  16:56:10  PAGE 91


  C:216FH         PUBLIC        ?C?LNEG
  -------         ENDMOD        ?C?LNEG

  -------         MODULE        ?C?SLCMP
  C:217DH         PUBLIC        ?C?SLCMP
  -------         ENDMOD        ?C?SLCMP

  -------         MODULE        ?C?ULCMP
  C:2193H         PUBLIC        ?C?ULCMP
  -------         ENDMOD        ?C?ULCMP

  -------         MODULE        ?C?ULSHR
  C:21A4H         PUBLIC        ?C?ULSHR
  -------         ENDMOD        ?C?ULSHR

  -------         MODULE        ?C?SLSHR
  C:21B7H         PUBLIC        ?C?SLSHR
  -------         ENDMOD        ?C?SLSHR

  -------         MODULE        ?C?LSHL
  C:21CBH         PUBLIC        ?C?LSHL
  -------         ENDMOD        ?C?LSHL

  -------         MODULE        ?C?LLDPTR
  C:21DEH         PUBLIC        ?C?LLDPTR
  -------         ENDMOD        ?C?LLDPTR

  -------         MODULE        ?C?LSTXDATA
  C:21FEH         PUBLIC        ?C?LSTXDATA
  -------         ENDMOD        ?C?LSTXDATA

  -------         MODULE        ?C?LSTKXDATA
  C:220AH         PUBLIC        ?C?LSTKXDATA
  -------         ENDMOD        ?C?LSTKXDATA

  -------         MODULE        ?C?PLDPTR
  C:223BH         PUBLIC        ?C?PLDPTR
  -------         ENDMOD        ?C?PLDPTR

  -------         MODULE        ?C?CCASE
  C:225BH         PUBLIC        ?C?CCASE
  -------         ENDMOD        ?C?CCASE

  -------         MODULE        ABS
  C:8608H         PUBLIC        _ABS
  -------         ENDMOD        ABS

  -------         MODULE        ?C?LLDIDATA
  C:2281H         PUBLIC        ?C?LLDIDATA
  -------         ENDMOD        ?C?LLDIDATA

  -------         MODULE        ?C?LLDXDATA
  C:228DH         PUBLIC        ?C?LLDXDATA
  -------         ENDMOD        ?C?LLDXDATA

  -------         MODULE        ?C?LLDPDATA
  C:2299H         PUBLIC        ?C?LLDPDATA
BL51 BANKED LINKER/LOCATER V6.22.2.0                                                  04/07/2021  16:56:10  PAGE 92


  -------         ENDMOD        ?C?LLDPDATA

  -------         MODULE        ?C?LLDCODE
  C:22A5H         PUBLIC        ?C?LLDCODE
  -------         ENDMOD        ?C?LLDCODE

  -------         MODULE        ?C?PLDIDATA
  C:22B5H         PUBLIC        ?C?PLDIDATA
  -------         ENDMOD        ?C?PLDIDATA

  -------         MODULE        ?C?PLDXDATA
  C:22BEH         PUBLIC        ?C?PLDXDATA
  -------         ENDMOD        ?C?PLDXDATA

  -------         MODULE        ?C?PLDPDATA
  C:22C7H         PUBLIC        ?C?PLDPDATA
  -------         ENDMOD        ?C?PLDPDATA

  -------         MODULE        ?C?PLDCODE
  C:22D0H         PUBLIC        ?C?PLDCODE
  -------         ENDMOD        ?C?PLDCODE

Program Size: data=109.6 xdata=741 code=34370
LINK/LOCATE RUN COMPLETE.  0 WARNING(S),  0 ERROR(S)
