BL51 BANKED LINKER/LOCATER V6.22.2.0                                                    05/20/2021  15:51:07  PAGE 1


BL51 BANKED LINKER/LOCATER V6.22.2.0, INVOKED BY:
C:\KEIL_V5\C51\BIN\BL51.EXE .\Output\STARTUP.obj, .\Output\CPU.obj, .\Output\etc_eep.obj, .\Output\HS_DVRProtocol.obj, .
>> \Output\i2c.obj, .\Output\keyremo.obj, .\Output\main.obj, .\Output\monitor.obj, .\Output\Printf.obj, .\Output\SysPowe
>> r.obj, .\Output\SysTimer.obj TO .\Output\ml070i_MRMCU PRINT (.\Listings\ml070i_MRMCU.m51) RAMSIZE (256)


MEMORY MODEL: LARGE WITH FLOATING POINT ARITHMETIC


INPUT MODULES INCLUDED:
  .\Output\STARTUP.obj (?C_STARTUP)
  .\Output\CPU.obj (CPU)
  .\Output\etc_eep.obj (ETC_EEP)
  .\Output\HS_DVRProtocol.obj (HS_DVRPROTOCOL)
  .\Output\i2c.obj (I2C)
  .\Output\keyremo.obj (KEYREMO)
  .\Output\main.obj (MAIN)
  .\Output\monitor.obj (MONITOR)
  .\Output\Printf.obj (PRINTF)
  .\Output\SysPower.obj (SYSPOWER)
  .\Output\SysTimer.obj (SYSTIMER)
  C:\KEIL_V5\C51\LIB\C51FPL.LIB (?C?FPADD)
  C:\KEIL_V5\C51\LIB\C51FPL.LIB (?C?FPMUL)
  C:\KEIL_V5\C51\LIB\C51FPL.LIB (?C?FPDIV)
  C:\KEIL_V5\C51\LIB\C51FPL.LIB (?C?FPCMP)
  C:\KEIL_V5\C51\LIB\C51FPL.LIB (?C?FCAST)
  C:\KEIL_V5\C51\LIB\C51FPL.LIB (?C?CASTF)
  C:\KEIL_V5\C51\LIB\C51FPL.LIB (?C?FPGETOPN)
  C:\KEIL_V5\C51\LIB\C51L.LIB (?C_INIT)
  C:\KEIL_V5\C51\LIB\C51L.LIB (?C?COPY)
  C:\KEIL_V5\C51\LIB\C51L.LIB (?C?CLDPTR)
  C:\KEIL_V5\C51\LIB\C51L.LIB (?C?CLDOPTR)
  C:\KEIL_V5\C51\LIB\C51L.LIB (?C?CILDPTR)
  C:\KEIL_V5\C51\LIB\C51L.LIB (?C?CSTOPTR)
  C:\KEIL_V5\C51\LIB\C51L.LIB (?C?IMUL)
  C:\KEIL_V5\C51\LIB\C51L.LIB (?C?UIDIV)
  C:\KEIL_V5\C51\LIB\C51L.LIB (?C?SIDIV)
  C:\KEIL_V5\C51\LIB\C51L.LIB (?C?IILDX)
  C:\KEIL_V5\C51\LIB\C51L.LIB (?C?ILDIX)
  C:\KEIL_V5\C51\LIB\C51L.LIB (?C?ILDPTR)
  C:\KEIL_V5\C51\LIB\C51L.LIB (?C?ILDOPTR)
  C:\KEIL_V5\C51\LIB\C51L.LIB (?C?ISTPTR)
  C:\KEIL_V5\C51\LIB\C51L.LIB (?C?LMUL)
  C:\KEIL_V5\C51\LIB\C51L.LIB (?C?ULDIV)
  C:\KEIL_V5\C51\LIB\C51L.LIB (?C?SLDIV)
  C:\KEIL_V5\C51\LIB\C51L.LIB (?C?LNEG)
  C:\KEIL_V5\C51\LIB\C51L.LIB (?C?SLCMP)
  C:\KEIL_V5\C51\LIB\C51L.LIB (?C?ULCMP)
  C:\KEIL_V5\C51\LIB\C51L.LIB (?C?ULSHR)
  C:\KEIL_V5\C51\LIB\C51L.LIB (?C?SLSHR)
  C:\KEIL_V5\C51\LIB\C51L.LIB (?C?LSHL)
  C:\KEIL_V5\C51\LIB\C51L.LIB (?C?LLDPTR)
  C:\KEIL_V5\C51\LIB\C51L.LIB (?C?LSTXDATA)
  C:\KEIL_V5\C51\LIB\C51L.LIB (?C?LSTKXDATA)
  C:\KEIL_V5\C51\LIB\C51L.LIB (?C?PLDPTR)
  C:\KEIL_V5\C51\LIB\C51L.LIB (?C?CCASE)
  C:\KEIL_V5\C51\LIB\C51L.LIB (ABS)
  C:\KEIL_V5\C51\LIB\C51L.LIB (?C?LLDIDATA)
BL51 BANKED LINKER/LOCATER V6.22.2.0                                                  05/20/2021  15:51:07  PAGE 2


  C:\KEIL_V5\C51\LIB\C51L.LIB (?C?LLDXDATA)
  C:\KEIL_V5\C51\LIB\C51L.LIB (?C?LLDPDATA)
  C:\KEIL_V5\C51\LIB\C51L.LIB (?C?LLDCODE)
  C:\KEIL_V5\C51\LIB\C51L.LIB (?C?PLDIDATA)
  C:\KEIL_V5\C51\LIB\C51L.LIB (?C?PLDXDATA)
  C:\KEIL_V5\C51\LIB\C51L.LIB (?C?PLDPDATA)
  C:\KEIL_V5\C51\LIB\C51L.LIB (?C?PLDCODE)


LINK MAP OF MODULE:  .\Output\ml070i_MRMCU (?C_STARTUP)


            TYPE    BASE      LENGTH    RELOCATION   SEGMENT NAME
            -----------------------------------------------------

            * * * * * * *   D A T A   M E M O R Y   * * * * * * *
            REG     0000H     0008H     ABSOLUTE     "REG BANK 0"
            REG     0008H     0008H     ABSOLUTE     "REG BANK 1"
            DATA    0010H     0001H     UNIT         ?DT?MONITOR
            IDATA   0011H     0002H     UNIT         ?ID?SYSPOWER
                    0013H     000DH                  *** GAP ***
            BIT     0020H.0   0000H.6   UNIT         ?BI?CPU
            BIT     0020H.6   0000H.3   UNIT         ?BI?MONITOR
            BIT     0021H.1   0000H.2   UNIT         _BIT_GROUP_
            BIT     0021H.3   0000H.1   UNIT         ?BI?HS_DVRPROTOCOL
            BIT     0021H.4   0000H.1   UNIT         ?BI?SYSTIMER
                    0021H.5   0000H.3                *** GAP ***
            DATA    0022H     0058H     UNIT         ?DT?CPU
            IDATA   007AH     0001H     UNIT         ?STACK

            * * * * * * *  X D A T A   M E M O R Y  * * * * * * *
            XDATA   0000H     0106H     UNIT         ?XD?HS_DVRPROTOCOL
            XDATA   0106H     009DH     UNIT         ?XD?MAIN
            XDATA   01A3H     005DH     UNIT         ?XD?SYSTIMER
            XDATA   0200H     0052H     UNIT         _XDATA_GROUP_
            XDATA   0252H     0038H     UNIT         ?XD?MONITOR
            XDATA   028AH     0024H     UNIT         ?XD?CPU
            XDATA   02AEH     0018H     UNIT         ?XD?PRINTF

            * * * * * * *   C O D E   M E M O R Y   * * * * * * *
            CODE    0000H     0003H     ABSOLUTE     
            CODE    0003H     0003H     ABSOLUTE     
            CODE    0006H     0004H     UNIT         ?PR?ISP_INIT?MAIN
                    000AH     0001H                  *** GAP ***
            CODE    000BH     0003H     ABSOLUTE     
            CODE    000EH     0003H     UNIT         ?PR?EXT1_INT?CPU
                    0011H     0002H                  *** GAP ***
            CODE    0013H     0003H     ABSOLUTE     
            CODE    0016H     000DH     UNIT         ?PR?I2CSTOP?I2C
            CODE    0023H     0003H     ABSOLUTE     
                    0026H     0005H                  *** GAP ***
            CODE    002BH     0003H     ABSOLUTE     
                    002EH     0005H                  *** GAP ***
            CODE    0033H     0003H     ABSOLUTE     
                    0036H     0005H                  *** GAP ***
            CODE    003BH     0003H     ABSOLUTE     
            CODE    003EH     0022H     UNIT         ?PR?MCUTIMERINITIALTIMEREVENT?SYSTIMER
BL51 BANKED LINKER/LOCATER V6.22.2.0                                                  05/20/2021  15:51:07  PAGE 3


                    0060H     0003H                  *** GAP ***
            CODE    0063H     0003H     ABSOLUTE     
            CODE    0066H     0F7EH     UNIT         ?PR?_SYSTIMEREVENTPROC?SYSTIMER
            CODE    0FE4H     092BH     UNIT         ?C?LIB_CODE
            CODE    190FH     07FFH     UNIT         ?PR?LOADEEPROM?MAIN
            CODE    210EH     07C9H     UNIT         ?PR?DVRRECEIVEPASER?HS_DVRPROTOCOL
            CODE    28D7H     0556H     UNIT         ?PR?_DOPRINT?PRINTF
            CODE    2E2DH     0543H     UNIT         ?PR?TIMER0_INT?CPU
            CODE    3370H     0461H     UNIT         ?PR?ENCORDERHANDLER_TELI?MAIN
            CODE    37D1H     044CH     UNIT         ?PR?ENCORDERHANDLER?MAIN
            CODE    3C1DH     043DH     UNIT         ?CO?CPU
            CODE    405AH     0423H     UNIT         ?PR?_MCU_SENDCMDTODVR?MAIN
            CODE    447DH     041BH     UNIT         ?PR?SHOWWORKINGTIMER?CPU
            CODE    4898H     0325H     UNIT         ?PR?SAVEROTATENUMBER?MAIN
            CODE    4BBDH     030BH     UNIT         ?PR?_USERINTERFACEBATTERYCHARGEMODE?SYSPOWER
            CODE    4EC8H     023EH     UNIT         ?C_INITSEG
            CODE    5106H     0176H     UNIT         ?PR?_MAPPING1?MAIN
            CODE    527CH     015FH     UNIT         ?PR?_GETROTATENUMBER?MAIN
            CODE    53DBH     015BH     UNIT         ?PR?_USERINTERFACETIMEREVENTPROC?SYSTIMER
            CODE    5536H     012EH     UNIT         ?PR?_MCUTIMERCHECKTIMEREVENT?SYSTIMER
            CODE    5664H     011FH     UNIT         ?PR?CLEARBASICEE?ETC_EEP
            CODE    5783H     0112H     UNIT         ?PR?WAITPOWERON?MAIN
            CODE    5895H     00FFH     UNIT         ?PR?MAIN_INIT?CPU
            CODE    5994H     00E5H     UNIT         ?PR?_MCUTIMERACTIVETIMEREVENT?SYSTIMER
            CODE    5A79H     00DEH     UNIT         ?PR?_MCUTIMERREACTIVETIMEREVENT?SYSTIMER
            CODE    5B57H     00D9H     UNIT         ?PR?_USERINTERFACEPOWERSWITCH?SYSPOWER
            CODE    5C30H     00ADH     UNIT         ?PR?_MCULIB_PROTOCOLAPPEND?MAIN
            CODE    5CDDH     00A5H     UNIT         ?PR?_SET_PWM?CPU
            CODE    5D82H     009CH     UNIT         ?PR?EXT0_INT?CPU
            CODE    5E1EH     0090H     UNIT         ?PR?_MCULIB_PROTOCOLSENDCMDWITHPARAMNUM?MAIN
            CODE    5EAEH     008CH     UNIT         ?C_C51STARTUP
            CODE    5F3AH     0085H     UNIT         ?PR?SYSTIMERHANDLER?SYSTIMER
            CODE    5FBFH     0084H     UNIT         ?PR?SYSPOWERHANDLER?SYSPOWER
            CODE    6043H     0082H     UNIT         ?PR?MAIN?MAIN
            CODE    60C5H     007EH     UNIT         ?PR?_AD5110_I2CWRITEDATA?I2C
            CODE    6143H     007BH     UNIT         ?PR?_I2CWRITEDATA?I2C
            CODE    61BEH     0079H     UNIT         ?PR?_POWERLED?CPU
            CODE    6237H     0077H     UNIT         ?CO?MAIN
            CODE    62AEH     005CH     UNIT         ?PR?INITIALTIMEREVENT?MAIN
            CODE    630AH     0052H     UNIT         ?PR?INITCPU?CPU
            CODE    635CH     0051H     UNIT         ?PR?SCANKEY?KEYREMO
            CODE    63ADH     004EH     UNIT         ?CO?PRINTF
            CODE    63FBH     004AH     UNIT         ?PR?GETFWREVEE?ETC_EEP
            CODE    6445H     004AH     UNIT         ?PR?MCUTIMERGETTIMERCOUNTER?SYSTIMER
            CODE    648FH     0047H     UNIT         ?PR?GETPROJECTNAMEEE?ETC_EEP
            CODE    64D6H     0047H     UNIT         ?PR?_WRITEEEP?I2C
            CODE    651DH     0046H     UNIT         ?PR?_GRAPHICSPRINT?PRINTF
            CODE    6563H     0044H     UNIT         ?C?LDIV
            CODE    65A7H     0042H     UNIT         ?PR?MAIN_LOOP?MAIN
            CODE    65E9H     0041H     UNIT         ?PR?_MCUTIMERCANCELTIMEREVENT?SYSTIMER
            CODE    662AH     003EH     UNIT         ?PR?_SETAD5110STEP?MAIN
            CODE    6668H     003EH     UNIT         ?PR?_PRINTF?PRINTF
            CODE    66A6H     003EH     UNIT         ?PR?_DEBUG_MESSAGE?PRINTF
            CODE    66E4H     003BH     UNIT         ?PR?SERIAL2_INT?CPU
            CODE    671FH     0039H     UNIT         ?PR?_READI2C?I2C
            CODE    6758H     0033H     UNIT         ?PR?I2CREADDATA?I2C
            CODE    678BH     0033H     UNIT         ?PR?_ISP_WRITE?MAIN
BL51 BANKED LINKER/LOCATER V6.22.2.0                                                  05/20/2021  15:51:07  PAGE 4


            CODE    67BEH     002FH     UNIT         ?PR?SET_MCU_POWER_DOWN_MODE?CPU
            CODE    67EDH     002FH     UNIT         ?PR?SERIAL_INT?CPU
            CODE    681CH     002DH     UNIT         ?CO?SYSPOWER
            CODE    6849H     002CH     UNIT         ?PR?SYSPOWERINITIAL?SYSPOWER
            CODE    6875H     002CH     UNIT         ?PR?_SYSPOWERSWITCH?SYSPOWER
            CODE    68A1H     0026H     UNIT         ?PR?_READEEP?I2C
            CODE    68C7H     0021H     UNIT         ?PR?ENTER_ISP?MAIN
            CODE    68E8H     0020H     UNIT         ?PR?_WRITEAD5110?I2C
            CODE    6908H     0020H     UNIT         ?PR?_GETADCVALUE?MAIN
            CODE    6928H     001FH     UNIT         ?PR?INT2_INT?CPU
            CODE    6947H     001FH     UNIT         ?PR?INT3_INT?CPU
            CODE    6966H     001EH     UNIT         ?PR?RS2_RX?CPU
            CODE    6984H     001CH     UNIT         ?PR?CHECK_ADAP_IN?CPU
            CODE    69A0H     001BH     UNIT         ?PR?_GETKEY?KEYREMO
            CODE    69BBH     0019H     UNIT         ?PR?SAVEFWREVEE?ETC_EEP
            CODE    69D4H     0019H     UNIT         ?PR?_MCUTIMERDELAYXMS?SYSTIMER
            CODE    69EDH     0018H     UNIT         ?PR?_DELAY?CPU
            CODE    6A05H     0016H     UNIT         ?PR?INITVARS?CPU
            CODE    6A1BH     0015H     UNIT         ?PR?_MCUTIMERGETEVENTID?SYSTIMER
            CODE    6A30H     0014H     UNIT         ?PR?I2CDELAY?I2C
            CODE    6A44H     0014H     UNIT         ?PR?_MCUTIMERGETEVENTTIME?SYSTIMER
            CODE    6A58H     0013H     UNIT         ?PR?_MCUTIMERCLREVENTVALID?SYSTIMER
            CODE    6A6BH     0012H     UNIT         ?CO?ETC_EEP
            CODE    6A7DH     0012H     UNIT         ?PR?I2CSTART?I2C
            CODE    6A8FH     0011H     UNIT         ?PR?_MCUTIMERCHECKEVENTVALID?SYSTIMER
            CODE    6AA0H     000FH     UNIT         ?PR?TIMER2_INT?CPU
            CODE    6AAFH     000CH     UNIT         ?PR?_ABS?ABS
            CODE    6ABBH     000BH     UNIT         ?PR?RS2_READY?CPU
            CODE    6AC6H     0008H     UNIT         ?PR?_RS2_TX?CPU
            CODE    6ACEH     0007H     UNIT         ?PR?GETBATTERYBTH?MAIN
            CODE    6AD5H     0007H     UNIT         ?PR?GETBATTERYVOLTAGE?MAIN



OVERLAY MAP OF MODULE:   .\Output\ml070i_MRMCU (?C_STARTUP)


SEGMENT                                             BIT_GROUP          XDATA_GROUP
  +--> CALLED SEGMENT                            START    LENGTH     START    LENGTH
------------------------------------------------------------------------------------
?C_C51STARTUP                                    -----    -----      -----    -----
  +--> ?PR?MAIN?MAIN
  +--> ?C_INITSEG

?PR?MAIN?MAIN                                    -----    -----      -----    -----
  +--> ?PR?INITCPU?CPU
  +--> ?PR?SYSPOWERINITIAL?SYSPOWER
  +--> ?CO?MAIN
  +--> ?PR?_PRINTF?PRINTF
  +--> ?PR?MAIN_INIT?CPU
  +--> ?PR?INITVARS?CPU
  +--> ?PR?LOADEEPROM?MAIN
  +--> ?PR?INITIALTIMEREVENT?MAIN
  +--> ?PR?_SETAD5110STEP?MAIN
  +--> ?PR?CHECK_ADAP_IN?CPU
  +--> ?PR?MAIN_LOOP?MAIN
  +--> ?PR?WAITPOWERON?MAIN
BL51 BANKED LINKER/LOCATER V6.22.2.0                                                  05/20/2021  15:51:07  PAGE 5



?PR?SYSPOWERINITIAL?SYSPOWER                     -----    -----      -----    -----
  +--> ?PR?_MCUTIMERDELAYXMS?SYSTIMER
  +--> ?CO?SYSPOWER
  +--> ?PR?_DEBUG_MESSAGE?PRINTF

?PR?_DEBUG_MESSAGE?PRINTF                        -----    -----      0200H    002EH
  +--> ?PR?_DOPRINT?PRINTF

?PR?_DOPRINT?PRINTF                              0021H.1  0000H.2    0235H    0015H
  +--> ?CO?PRINTF

?PR?_PRINTF?PRINTF                               -----    -----      0207H    002EH
  +--> ?PR?_DOPRINT?PRINTF

?PR?MAIN_INIT?CPU                                -----    -----      0200H    0004H
  +--> ?PR?GETFWREVEE?ETC_EEP
  +--> ?PR?_READEEP?I2C
  +--> ?CO?CPU
  +--> ?PR?_PRINTF?PRINTF
  +--> ?PR?SAVEFWREVEE?ETC_EEP
  +--> ?PR?GETPROJECTNAMEEE?ETC_EEP
  +--> ?PR?CLEARBASICEE?ETC_EEP
  +--> ?PR?_DELAY?CPU

?PR?GETFWREVEE?ETC_EEP                           -----    -----      -----    -----
  +--> ?PR?_READEEP?I2C

?PR?_READEEP?I2C                                 -----    -----      0234H    0001H
  +--> ?PR?_READI2C?I2C
  +--> ?PR?_DELAY?CPU

?PR?_READI2C?I2C                                 -----    -----      0235H    0003H
  +--> ?PR?I2CSTART?I2C
  +--> ?PR?_I2CWRITEDATA?I2C
  +--> ?PR?I2CREADDATA?I2C
  +--> ?PR?I2CSTOP?I2C

?PR?I2CSTART?I2C                                 -----    -----      -----    -----
  +--> ?PR?I2CDELAY?I2C

?PR?_I2CWRITEDATA?I2C                            -----    -----      -----    -----
  +--> ?PR?I2CDELAY?I2C

?PR?I2CREADDATA?I2C                              -----    -----      -----    -----
  +--> ?PR?I2CDELAY?I2C

?PR?I2CSTOP?I2C                                  -----    -----      -----    -----
  +--> ?PR?I2CDELAY?I2C

?PR?SAVEFWREVEE?ETC_EEP                          -----    -----      -----    -----
  +--> ?PR?_WRITEEEP?I2C

?PR?_WRITEEEP?I2C                                -----    -----      0208H    0004H
  +--> ?PR?I2CSTART?I2C
  +--> ?PR?_I2CWRITEDATA?I2C
  +--> ?PR?I2CSTOP?I2C
BL51 BANKED LINKER/LOCATER V6.22.2.0                                                  05/20/2021  15:51:07  PAGE 6


  +--> ?PR?_DELAY?CPU

?PR?GETPROJECTNAMEEE?ETC_EEP                     -----    -----      0204H    0001H
  +--> ?PR?_READEEP?I2C

?PR?CLEARBASICEE?ETC_EEP                         -----    -----      -----    -----
  +--> ?CO?ETC_EEP
  +--> ?PR?_PRINTF?PRINTF
  +--> ?PR?_WRITEEEP?I2C

?PR?LOADEEPROM?MAIN                              -----    -----      -----    -----
  +--> ?PR?_READEEP?I2C
  +--> ?PR?_WRITEEEP?I2C

?PR?INITIALTIMEREVENT?MAIN                       -----    -----      -----    -----
  +--> ?PR?MCUTIMERINITIALTIMEREVENT?SYSTIMER
  +--> ?PR?_MCUTIMERACTIVETIMEREVENT?SYSTIMER

?PR?_MCUTIMERACTIVETIMEREVENT?SYSTIMER           -----    -----      0228H    0004H
  +--> ?PR?_MCUTIMERCHECKTIMEREVENT?SYSTIMER

?PR?_MCUTIMERCHECKTIMEREVENT?SYSTIMER            -----    -----      022CH    0005H
  +--> ?PR?MCUTIMERGETTIMERCOUNTER?SYSTIMER

?PR?MCUTIMERGETTIMERCOUNTER?SYSTIMER             -----    -----      0231H    0002H
  +--> ?PR?_ABS?ABS

?PR?_SETAD5110STEP?MAIN                          -----    -----      0204H    0002H
  +--> ?PR?_MAPPING1?MAIN
  +--> ?PR?_WRITEAD5110?I2C

?PR?_MAPPING1?MAIN                               -----    -----      0206H    000FH

?PR?_WRITEAD5110?I2C                             -----    -----      -----    -----
  +--> ?PR?I2CSTART?I2C
  +--> ?PR?_AD5110_I2CWRITEDATA?I2C
  +--> ?PR?I2CSTOP?I2C
  +--> ?PR?_DELAY?CPU

?PR?_AD5110_I2CWRITEDATA?I2C                     -----    -----      -----    -----
  +--> ?PR?I2CDELAY?I2C

?PR?CHECK_ADAP_IN?CPU                            -----    -----      -----    -----
  +--> ?PR?_MCUTIMERDELAYXMS?SYSTIMER

?PR?MAIN_LOOP?MAIN                               -----    -----      -----    -----
  +--> ?CO?MAIN
  +--> ?PR?_PRINTF?PRINTF
  +--> ?PR?_GETROTATENUMBER?MAIN
  +--> ?PR?DVRRECEIVEPASER?HS_DVRPROTOCOL
  +--> ?PR?SYSTIMERHANDLER?SYSTIMER
  +--> ?PR?SYSPOWERHANDLER?SYSPOWER
  +--> ?PR?SCANKEY?KEYREMO
  +--> ?PR?ENCORDERHANDLER_TELI?MAIN
  +--> ?PR?ENCORDERHANDLER?MAIN

?PR?_GETROTATENUMBER?MAIN                        -----    -----      0200H    0004H
BL51 BANKED LINKER/LOCATER V6.22.2.0                                                  05/20/2021  15:51:07  PAGE 7


  +--> ?PR?_READEEP?I2C

?PR?DVRRECEIVEPASER?HS_DVRPROTOCOL               -----    -----      0200H    0001H
  +--> ?PR?RS2_READY?CPU
  +--> ?PR?RS2_RX?CPU
  +--> ?PR?_USERINTERFACEBATTERYCHARGEMODE?S...
  +--> ?PR?_MCUTIMERCANCELTIMEREVENT?SYSTIMER
  +--> ?PR?_MCUTIMERACTIVETIMEREVENT?SYSTIMER
  +--> ?PR?_READEEP?I2C
  +--> ?PR?_WRITEEEP?I2C
  +--> ?PR?_MCUTIMERREACTIVETIMEREVENT?SYSTIMER

?PR?_USERINTERFACEBATTERYCHARGEMODE?S...         -----    -----      0204H    0001H
  +--> ?PR?_MCUTIMERCANCELTIMEREVENT?SYSTIMER
  +--> ?PR?_SET_PWM?CPU
  +--> ?PR?_MCUTIMERACTIVETIMEREVENT?SYSTIMER
  +--> ?PR?_USERINTERFACEPOWERSWITCH?SYSPOWER

?PR?_SET_PWM?CPU                                 -----    -----      0205H    0002H
  +--> ?CO?CPU
  +--> ?PR?_PRINTF?PRINTF

?PR?_USERINTERFACEPOWERSWITCH?SYSPOWER           -----    -----      0205H    0001H
  +--> ?CO?SYSPOWER
  +--> ?PR?_PRINTF?PRINTF
  +--> ?PR?_MCUTIMERDELAYXMS?SYSTIMER
  +--> ?PR?_MCUTIMERACTIVETIMEREVENT?SYSTIMER
  +--> ?PR?_MCU_SENDCMDTODVR?MAIN

?PR?_MCU_SENDCMDTODVR?MAIN                       -----    -----      0228H    000CH
  +--> ?CO?MAIN
  +--> ?PR?_READEEP?I2C
  +--> ?PR?_MCULIB_PROTOCOLSENDCMDWITHPARAMN...

?PR?_MCULIB_PROTOCOLSENDCMDWITHPARAMN...         -----    -----      0234H    0017H
  +--> ?PR?_MCULIB_PROTOCOLAPPEND?MAIN
  +--> ?PR?_RS2_TX?CPU

?PR?_MCULIB_PROTOCOLAPPEND?MAIN                  -----    -----      024BH    0007H

?PR?_MCUTIMERREACTIVETIMEREVENT?SYSTIMER         -----    -----      0201H    0004H
  +--> ?PR?_MCUTIMERCHECKTIMEREVENT?SYSTIMER

?PR?SYSTIMERHANDLER?SYSTIMER                     -----    -----      0200H    0004H
  +--> ?PR?MCUTIMERGETTIMERCOUNTER?SYSTIMER
  +--> ?PR?_MCUTIMERCHECKEVENTVALID?SYSTIMER
  +--> ?PR?_MCUTIMERGETEVENTTIME?SYSTIMER
  +--> ?PR?_MCUTIMERCLREVENTVALID?SYSTIMER
  +--> ?PR?_MCUTIMERGETEVENTID?SYSTIMER
  +--> ?PR?_USERINTERFACETIMEREVENTPROC?SYST...
  +--> ?PR?_SYSTIMEREVENTPROC?SYSTIMER

?PR?_USERINTERFACETIMEREVENTPROC?SYST...         -----    -----      -----    -----
  +--> ?PR?_SETAD5110STEP?MAIN
  +--> ?PR?_WRITEEEP?I2C
  +--> ?PR?_MCU_SENDCMDTODVR?MAIN
  +--> ?PR?_USERINTERFACEBATTERYCHARGEMODE?S...
BL51 BANKED LINKER/LOCATER V6.22.2.0                                                  05/20/2021  15:51:07  PAGE 8


  +--> ?PR?_MCUTIMERACTIVETIMEREVENT?SYSTIMER
  +--> ?PR?ENTER_ISP?MAIN
  +--> ?PR?_USERINTERFACEPOWERSWITCH?SYSPOWER

?PR?ENTER_ISP?MAIN                               -----    -----      0204H    0001H
  +--> ?PR?ISP_INIT?MAIN
  +--> ?PR?_ISP_WRITE?MAIN

?PR?_ISP_WRITE?MAIN                              -----    -----      0205H    0006H

?PR?_SYSTIMEREVENTPROC?SYSTIMER                  -----    -----      -----    -----
  +--> ?PR?_POWERLED?CPU
  +--> ?PR?_MCUTIMERDELAYXMS?SYSTIMER
  +--> ?PR?CHECK_ADAP_IN?CPU
  +--> ?PR?_MCUTIMERCHECKEVENTVALID?SYSTIMER
  +--> ?PR?_MCUTIMERCANCELTIMEREVENT?SYSTIMER
  +--> ?PR?_MCUTIMERACTIVETIMEREVENT?SYSTIMER
  +--> ?PR?_MCU_SENDCMDTODVR?MAIN
  +--> ?PR?GETBATTERYVOLTAGE?MAIN
  +--> ?PR?GETBATTERYBTH?MAIN
  +--> ?PR?_SET_PWM?CPU
  +--> ?PR?_READEEP?I2C
  +--> ?PR?_WRITEEEP?I2C
  +--> ?PR?_USERINTERFACEBATTERYCHARGEMODE?S...
  +--> ?PR?SHOWWORKINGTIMER?CPU

?PR?GETBATTERYVOLTAGE?MAIN                       -----    -----      -----    -----
  +--> ?PR?_GETADCVALUE?MAIN

?PR?GETBATTERYBTH?MAIN                           -----    -----      -----    -----
  +--> ?PR?_GETADCVALUE?MAIN

?PR?SHOWWORKINGTIMER?CPU                         -----    -----      0204H    0002H
  +--> ?CO?CPU
  +--> ?PR?_GRAPHICSPRINT?PRINTF

?PR?_GRAPHICSPRINT?PRINTF                        -----    -----      0206H    002FH
  +--> ?PR?_DOPRINT?PRINTF

?PR?SYSPOWERHANDLER?SYSPOWER                     -----    -----      -----    -----
  +--> ?PR?_SYSPOWERSWITCH?SYSPOWER

?PR?_SYSPOWERSWITCH?SYSPOWER                     -----    -----      0200H    0001H
  +--> ?PR?_USERINTERFACEPOWERSWITCH?SYSPOWER

?PR?SCANKEY?KEYREMO                              -----    -----      -----    -----
  +--> ?PR?_GETKEY?KEYREMO
  +--> ?PR?_WRITEEEP?I2C
  +--> ?PR?_MCUTIMERACTIVETIMEREVENT?SYSTIMER

?PR?_GETKEY?KEYREMO                              0021H.1  0000H.1    -----    -----

?PR?ENCORDERHANDLER_TELI?MAIN                    -----    -----      0200H    0028H
  +--> ?PR?_MCU_SENDCMDTODVR?MAIN
  +--> ?PR?_MCUTIMERCANCELTIMEREVENT?SYSTIMER
  +--> ?PR?_MCUTIMERACTIVETIMEREVENT?SYSTIMER

BL51 BANKED LINKER/LOCATER V6.22.2.0                                                  05/20/2021  15:51:07  PAGE 9


?PR?ENCORDERHANDLER?MAIN                         -----    -----      0200H    0020H
  +--> ?PR?_MCU_SENDCMDTODVR?MAIN
  +--> ?PR?_MCUTIMERCANCELTIMEREVENT?SYSTIMER
  +--> ?PR?_MCUTIMERACTIVETIMEREVENT?SYSTIMER

?PR?WAITPOWERON?MAIN                             -----    -----      -----    -----
  +--> ?CO?MAIN
  +--> ?PR?_PRINTF?PRINTF
  +--> ?PR?_MCUTIMERCANCELTIMEREVENT?SYSTIMER
  +--> ?PR?SAVEROTATENUMBER?MAIN
  +--> ?PR?SYSPOWERHANDLER?SYSPOWER
  +--> ?PR?SYSTIMERHANDLER?SYSTIMER
  +--> ?PR?SCANKEY?KEYREMO
  +--> ?PR?_MCUTIMERACTIVETIMEREVENT?SYSTIMER
  +--> ?PR?CHECK_ADAP_IN?CPU
  +--> ?PR?SET_MCU_POWER_DOWN_MODE?CPU
  +--> ?PR?_WRITEEEP?I2C

?PR?SAVEROTATENUMBER?MAIN                        -----    -----      0200H    0008H
  +--> ?PR?_READEEP?I2C
  +--> ?PR?_WRITEEEP?I2C

?PR?SET_MCU_POWER_DOWN_MODE?CPU                  -----    -----      -----    -----
  +--> ?CO?CPU
  +--> ?PR?_PRINTF?PRINTF

?C_INITSEG                                       -----    -----      -----    -----
  +--> ?CO?PRINTF



SYMBOL TABLE OF MODULE:  .\Output\ml070i_MRMCU (?C_STARTUP)

  VALUE           TYPE          NAME
  ----------------------------------

  -------         MODULE        ?C_STARTUP
  C:5EAEH         SEGMENT       ?C_C51STARTUP
  I:007AH         SEGMENT       ?STACK
  C:0000H         PUBLIC        ?C_STARTUP
  D:00E0H         SYMBOL        ACC
  D:00F0H         SYMBOL        B
  D:0083H         SYMBOL        DPH
  D:0082H         SYMBOL        DPL
  N:0000H         SYMBOL        IBPSTACK
  N:0100H         SYMBOL        IBPSTACKTOP
  N:0080H         SYMBOL        IDATALEN
  C:5EB1H         SYMBOL        IDATALOOP
  N:0000H         SYMBOL        PBPSTACK
  N:0100H         SYMBOL        PBPSTACKTOP
  N:0000H         SYMBOL        PDATALEN
  N:0000H         SYMBOL        PDATASTART
  N:0000H         SYMBOL        PPAGE
  N:0000H         SYMBOL        PPAGEENABLE
  D:00A0H         SYMBOL        PPAGE_SFR
  D:0081H         SYMBOL        SP
  C:5EAEH         SYMBOL        STARTUP1
BL51 BANKED LINKER/LOCATER V6.22.2.0                                                  05/20/2021  15:51:07  PAGE 10


  N:0000H         SYMBOL        XBPSTACK
  N:0000H         SYMBOL        XBPSTACKTOP
  N:0000H         SYMBOL        XDATALEN
  N:0000H         SYMBOL        XDATASTART
  C:0000H         LINE#         126
  C:5EAEH         LINE#         133
  C:5EB0H         LINE#         134
  C:5EB1H         LINE#         135
  C:5EB2H         LINE#         136
  C:5EB4H         LINE#         185
  C:5EB7H         LINE#         196
  -------         ENDMOD        ?C_STARTUP

  -------         MODULE        CPU
  C:0000H         SYMBOL        _ICE_DUMMY_
  D:0091H         PUBLIC        P1M0
  X:028AH         PUBLIC        second
  C:630AH         PUBLIC        InitCPU
  D:00B1H         PUBLIC        P3M0
  D:0096H         PUBLIC        P2M1
  C:2E2DH         PUBLIC        timer0_int
  X:028BH         PUBLIC        FormatSDCard
  D:00B3H         PUBLIC        P4M0
  D:00B2H         PUBLIC        P3M1
  D:00B4H         PUBLIC        P4M1
  D:00B0H         PUBLIC        P3
  C:6AA0H         PUBLIC        timer2_int
  D:00E8H         PUBLIC        P4
  X:028CH         PUBLIC        FormatWait
  X:028DH         PUBLIC        Power_Msg_Count
  X:028FH         PUBLIC        IE_Temp
  D:00F9H         PUBLIC        CH
  D:0022H         PUBLIC        DVR_buf
  D:0040H         PUBLIC        keytic
  D:00A8H         PUBLIC        IE
  C:447DH         PUBLIC        ShowWorkingTimer
  D:00E9H         PUBLIC        CL
  D:0042H         PUBLIC        RS2_in
  B:0020H.0       PUBLIC        RepeatKey
  X:0290H         PUBLIC        LED_FLASH_COUNT
  D:0043H         PUBLIC        RS2_out
  C:69EDH         PUBLIC        _delay
  D:00FCH         PUBLIC        CCAP2H
  B:00E8H.0       PUBLIC        P4_0
  D:00FDH         PUBLIC        CCAP3H
  B:00E8H.1       PUBLIC        P4_1
  B:0090H.4       PUBLIC        P1_4
  B:0080H.5       PUBLIC        P0_5
  X:0292H         PUBLIC        minute
  B:00E8H.2       PUBLIC        P4_2
  D:00ECH         PUBLIC        CCAP2L
  B:00A8H.4       PUBLIC        ES
  D:00EDH         PUBLIC        CCAP3L
  D:00DCH         PUBLIC        CCAPM2
  D:00DDH         PUBLIC        CCAPM3
  D:00B8H         PUBLIC        IP
  B:0098H.0       PUBLIC        RI
BL51 BANKED LINKER/LOCATER V6.22.2.0                                                  05/20/2021  15:51:07  PAGE 11


  B:0098H.1       PUBLIC        TI
  D:0044H         PUBLIC        tic01
  B:0020H.1       PUBLIC        KeyReady
  C:6966H         PUBLIC        RS2_rx
  B:0020H.2       PUBLIC        RS_Xbusy
  D:0045H         PUBLIC        tic02
  D:00D9H         PUBLIC        CMOD
  D:00D8H         PUBLIC        CCON
  C:6AC6H         PUBLIC        _RS2_tx
  X:0293H         PUBLIC        Time5ms
  X:0294H         PUBLIC        month
  X:0295H         PUBLIC        keyticSec
  D:0046H         PUBLIC        Key
  C:6928H         PUBLIC        int2_int
  C:6947H         PUBLIC        int3_int
  X:0296H         PUBLIC        bytEncorderCountTemp
  C:5D82H         PUBLIC        ext0_int
  C:67EDH         PUBLIC        serial_int
  C:000EH         PUBLIC        ext1_int
  X:0298H         PUBLIC        EncorderCountINT
  D:0099H         PUBLIC        SBUF
  D:0087H         PUBLIC        PCON
  X:029CH         PUBLIC        bytPNFlagEncoder
  D:0098H         PUBLIC        SCON
  C:6A05H         PUBLIC        InitVars
  D:0089H         PUBLIC        TMOD
  D:0088H         PUBLIC        TCON
  C:5895H         PUBLIC        main_init
  X:029DH         PUBLIC        day
  X:029EH         PUBLIC        bytFastEncorderCountTemp
  X:029FH         PUBLIC        hour
  B:00C0H.1       PUBLIC        IE2
  B:00C0H.5       PUBLIC        IE3
  C:5CDDH         PUBLIC        _SET_PWM
  X:02A0H         PUBLIC        PowerDownWait
  D:0047H         PUBLIC        tm01
  D:0049H         PUBLIC        stopWatch
  X:02A1H         PUBLIC        EncorderCount
  D:004BH         SYMBOL        RS_buf
  C:67BEH         PUBLIC        SET_MCU_POWER_DOWN_MODE
  D:0069H         PUBLIC        tic_PWR_SAVING
  D:006DH         PUBLIC        tic_Init_time
  B:00A8H.5       PUBLIC        ET2
  B:00C8H.7       PUBLIC        TF2
  D:008CH         PUBLIC        TH0
  B:00A8H.0       PUBLIC        EX0
  D:008DH         PUBLIC        TH1
  X:02A5H         PUBLIC        bytHoldOn3SPowerOff
  B:00A8H.2       PUBLIC        EX1
  B:00C0H.2       PUBLIC        EX2
  B:00C0H.0       PUBLIC        IT2
  C:6ABBH         PUBLIC        RS2_ready
  C:6984H         PUBLIC        Check_ADAP_IN
  B:00C0H.6       PUBLIC        EX3
  B:00C0H.4       PUBLIC        IT3
  D:008AH         PUBLIC        TL0
  X:02A6H         PUBLIC        bytHoldOn3SPowerOffMode
BL51 BANKED LINKER/LOCATER V6.22.2.0                                                  05/20/2021  15:51:07  PAGE 12


  B:0020H.3       PUBLIC        RS2_Xbusy
  B:00C8H.2       PUBLIC        TR2
  X:02A7H         PUBLIC        updn_reg
  B:0020H.4       PUBLIC        PWR_SAVING_ACT_FLAG
  D:0071H         PUBLIC        RS_in
  D:0072H         PUBLIC        RS_out
  C:66E4H         PUBLIC        serial2_int
  D:009AH         PUBLIC        S2BUF
  X:02ABH         PUBLIC        year1
  X:02ACH         PUBLIC        year2
  C:61BEH         PUBLIC        _PowerLED
  D:00AAH         PUBLIC        S2CON
  D:00C8H         PUBLIC        T2CON
  D:00BAH         PUBLIC        S2BRT
  X:02ADH         PUBLIC        DVR_FACTORY_MODE
  D:0073H         PUBLIC        tm001
  D:00A6H         PUBLIC        AUXR2
  B:0020H.5       PUBLIC        ChangeKey
  D:0074H         PUBLIC        tic_pc
  D:0076H         PUBLIC        SystemClock
  D:0093H         PUBLIC        P0M0
  D:00ADH         PUBLIC        AUXIE
  -------         PROC          MAIN_INIT
  -------         DO            
  X:0200H         SYMBOL        rev
  -------         ENDDO         
  C:5895H         LINE#         103
  C:5895H         LINE#         104
  C:5895H         LINE#         107
  C:589EH         LINE#         110
  C:58E0H         LINE#         112
  C:58EFH         LINE#         113
  C:58EFH         LINE#         114
  C:5909H         LINE#         115
  C:590CH         LINE#         116
  C:594EH         LINE#         117
  C:594EH         LINE#         121
  C:595DH         LINE#         122
  C:595DH         LINE#         125
  C:595DH         LINE#         126
  C:5963H         LINE#         127
  C:5966H         LINE#         128
  C:5966H         LINE#         129
  C:5968H         LINE#         131
  C:5968H         LINE#         132
  C:5971H         LINE#         133
  C:597AH         LINE#         134
  C:5981H         LINE#         136
  C:5981H         LINE#         159
  C:5986H         LINE#         162
  C:598EH         LINE#         163
  C:5993H         LINE#         165
  -------         ENDPROC       MAIN_INIT
  -------         PROC          INITCPU
  C:630AH         LINE#         173
  C:630AH         LINE#         174
  C:630AH         LINE#         178
BL51 BANKED LINKER/LOCATER V6.22.2.0                                                  05/20/2021  15:51:07  PAGE 13


  C:630DH         LINE#         186
  C:6310H         LINE#         188
  C:6313H         LINE#         190
  C:6316H         LINE#         198
  C:631CH         LINE#         200
  C:631FH         LINE#         201
  C:6322H         LINE#         205
  C:6325H         LINE#         208
  C:6327H         LINE#         209
  C:6329H         LINE#         228
  C:632CH         LINE#         229
  C:632EH         LINE#         230
  C:6330H         LINE#         237
  C:6333H         LINE#         238
  C:6336H         LINE#         241
  C:6339H         LINE#         244
  C:633CH         LINE#         246
  C:633EH         LINE#         248
  C:6340H         LINE#         249
  C:6342H         LINE#         253
  C:6345H         LINE#         254
  C:6348H         LINE#         264
  C:634BH         LINE#         267
  C:634EH         LINE#         269
  C:6351H         LINE#         271
  C:6354H         LINE#         272
  C:6356H         LINE#         273
  C:6359H         LINE#         274
  C:635BH         LINE#         276
  -------         ENDPROC       INITCPU
  -------         PROC          SET_MCU_POWER_DOWN_MODE
  C:67BEH         LINE#         279
  C:67BEH         LINE#         280
  C:67BEH         LINE#         282
  C:67C7H         LINE#         284
  C:67C9H         LINE#         285
  C:67CBH         LINE#         286
  C:67CDH         LINE#         288
  C:67CFH         LINE#         289
  C:67D1H         LINE#         290
  C:67D3H         LINE#         292
  C:67D9H         LINE#         293
  C:67DCH         LINE#         295
  C:67E2H         LINE#         296
  C:67E4H         LINE#         297
  C:67E6H         LINE#         298
  C:67E9H         LINE#         299
  C:67EAH         LINE#         300
  C:67EBH         LINE#         301
  C:67ECH         LINE#         305
  -------         ENDPROC       SET_MCU_POWER_DOWN_MODE
  -------         PROC          CHECK_ADAP_IN
  C:6984H         LINE#         308
  C:6984H         LINE#         309
  C:6984H         LINE#         311
  C:698AH         LINE#         312
  C:698AH         LINE#         313
BL51 BANKED LINKER/LOCATER V6.22.2.0                                                  05/20/2021  15:51:07  PAGE 14


  C:6991H         LINE#         315
  C:6997H         LINE#         316
  C:699AH         LINE#         318
  C:699DH         LINE#         319
  C:699DH         LINE#         321
  C:699FH         LINE#         322
  -------         ENDPROC       CHECK_ADAP_IN
  -------         PROC          _SET_PWM
  X:0205H         SYMBOL        index
  X:0206H         SYMBOL        val
  C:5CDDH         LINE#         324
  C:5CE5H         LINE#         325
  C:5CE5H         LINE#         327
  C:5CFEH         LINE#         329
  C:5D10H         LINE#         330
  C:5D10H         LINE#         331
  C:5D10H         LINE#         333
  C:5D13H         LINE#         334
  C:5D1EH         LINE#         335
  C:5D21H         LINE#         337
  C:5D24H         LINE#         338
  C:5D24H         LINE#         339
  C:5D26H         LINE#         340
  C:5D28H         LINE#         341
  C:5D28H         LINE#         343
  C:5D30H         LINE#         344
  C:5D30H         LINE#         345
  C:5D33H         LINE#         346
  C:5D36H         LINE#         347
  C:5D39H         LINE#         348
  C:5D3FH         LINE#         349
  C:5D41H         LINE#         350
  C:5D49H         LINE#         351
  C:5D49H         LINE#         352
  C:5D4CH         LINE#         353
  C:5D4FH         LINE#         354
  C:5D52H         LINE#         355
  C:5D5BH         LINE#         356
  C:5D5BH         LINE#         358
  C:5D62H         LINE#         359
  C:5D62H         LINE#         360
  C:5D65H         LINE#         361
  C:5D67H         LINE#         362
  C:5D67H         LINE#         396
  C:5D68H         LINE#         397
  C:5D68H         LINE#         398
  C:5D6BH         LINE#         399
  C:5D76H         LINE#         400
  C:5D79H         LINE#         401
  C:5D7AH         LINE#         402
  C:5D7AH         LINE#         403
  C:5D7DH         LINE#         404
  C:5D7EH         LINE#         405
  C:5D7EH         LINE#         406
  C:5D81H         LINE#         407
  C:5D81H         LINE#         409
  C:5D81H         LINE#         410
BL51 BANKED LINKER/LOCATER V6.22.2.0                                                  05/20/2021  15:51:07  PAGE 15


  C:5D81H         LINE#         411
  C:5D81H         LINE#         414
  -------         ENDPROC       _SET_PWM
  -------         PROC          TIMER0_INT
  -------         DO            
  D:000FH         SYMBOL        TempKey
  -------         ENDDO         
  C:2E2DH         LINE#         423
  C:2E3AH         LINE#         430
  C:2E3CH         LINE#         435
  C:2E3EH         LINE#         438
  C:2E49H         LINE#         439
  C:2E49H         LINE#         440
  C:2E57H         LINE#         441
  C:2E5AH         LINE#         442
  C:2E5CH         LINE#         443
  C:2E5CH         LINE#         445
  C:2E62H         LINE#         446
  C:2E64H         LINE#         447
  C:2E6DH         LINE#         448
  C:2E6DH         LINE#         450
  C:2E76H         LINE#         451
  C:2E80H         LINE#         452
  C:2E80H         LINE#         453
  C:2E88H         LINE#         454
  C:2E90H         LINE#         455
  C:2E98H         LINE#         456
  C:2E9BH         LINE#         457
  C:2E9DH         LINE#         461
  C:2EABH         LINE#         462
  C:2EAEH         LINE#         464
  C:2EB1H         LINE#         466
  C:2EBAH         LINE#         467
  C:2EBAH         LINE#         468
  C:2ED5H         LINE#         469
  C:2ED5H         LINE#         470
  C:2ED5H         LINE#         471
  C:2ED7H         LINE#         472
  C:2EEFH         LINE#         473
  C:2EEFH         LINE#         474
  C:2EEFH         LINE#         475
  C:2EF1H         LINE#         476
  C:2F09H         LINE#         477
  C:2F09H         LINE#         479
  C:2F09H         LINE#         480
  C:2F0BH         LINE#         481
  C:2F26H         LINE#         482
  C:2F26H         LINE#         484
  C:2F2AH         LINE#         485
  C:2F2DH         LINE#         486
  C:2F45H         LINE#         487
  C:2F45H         LINE#         489
  C:2F45H         LINE#         490
  C:2F47H         LINE#         491
  C:2F5FH         LINE#         492
  C:2F5FH         LINE#         494
  C:2F5FH         LINE#         495
BL51 BANKED LINKER/LOCATER V6.22.2.0                                                  05/20/2021  15:51:07  PAGE 16


  C:2F61H         LINE#         496
  C:2F7CH         LINE#         497
  C:2F7CH         LINE#         499
  C:2F7CH         LINE#         500
  C:2F7EH         LINE#         501
  C:2FA2H         LINE#         502
  C:2FA2H         LINE#         504
  C:2FA7H         LINE#         505
  C:2FA7H         LINE#         506
  C:2FAAH         LINE#         508
  C:2FAAH         LINE#         509
  C:2FC2H         LINE#         510
  C:2FC2H         LINE#         511
  C:2FE7H         LINE#         512
  C:2FF5H         LINE#         513
  C:2FF5H         LINE#         514
  C:300DH         LINE#         515
  C:300DH         LINE#         516
  C:3032H         LINE#         517
  C:3040H         LINE#         518
  C:3040H         LINE#         519
  C:3058H         LINE#         520
  C:3058H         LINE#         521
  C:307DH         LINE#         522
  C:308BH         LINE#         523
  C:308BH         LINE#         524
  C:30A3H         LINE#         525
  C:30A3H         LINE#         526
  C:30C8H         LINE#         527
  C:30D6H         LINE#         528
  C:30D6H         LINE#         529
  C:30EEH         LINE#         530
  C:30EEH         LINE#         531
  C:3112H         LINE#         532
  C:3120H         LINE#         533
  C:3120H         LINE#         534
  C:3138H         LINE#         535
  C:3138H         LINE#         536
  C:315CH         LINE#         537
  C:316AH         LINE#         538
  C:316AH         LINE#         539
  C:3182H         LINE#         540
  C:3182H         LINE#         541
  C:31A6H         LINE#         542
  C:31B4H         LINE#         543
  C:31B4H         LINE#         544
  C:31CCH         LINE#         545
  C:31CCH         LINE#         546
  C:31F0H         LINE#         547
  C:31FEH         LINE#         548
  C:31FEH         LINE#         549
  C:31FEH         LINE#         561
  C:3204H         LINE#         562
  C:3204H         LINE#         563
  C:3213H         LINE#         564
  C:3213H         LINE#         565
  C:3232H         LINE#         566
BL51 BANKED LINKER/LOCATER V6.22.2.0                                                  05/20/2021  15:51:07  PAGE 17


  C:3239H         LINE#         567
  C:3239H         LINE#         568
  C:3239H         LINE#         569
  C:3239H         LINE#         570
  C:3239H         LINE#         579
  C:3247H         LINE#         582
  C:324FH         LINE#         583
  C:3252H         LINE#         584
  C:3254H         LINE#         586
  C:325AH         LINE#         587
  C:325AH         LINE#         591
  C:325CH         LINE#         594
  C:3263H         LINE#         595
  C:3268H         LINE#         597
  C:326AH         LINE#         599
  C:326AH         LINE#         600
  C:3274H         LINE#         601
  C:327CH         LINE#         604
  C:328AH         LINE#         605
  C:329EH         LINE#         606
  C:32A8H         LINE#         607
  C:32B6H         LINE#         649
  C:32C2H         LINE#         650
  C:32C2H         LINE#         651
  C:32CAH         LINE#         652
  C:32CAH         LINE#         653
  C:32DBH         LINE#         654
  C:32DBH         LINE#         655
  C:32DEH         LINE#         656
  C:32E0H         LINE#         657
  C:32E2H         LINE#         658
  C:32E2H         LINE#         659
  C:32E4H         LINE#         660
  C:3300H         LINE#         661
  C:3300H         LINE#         662
  C:3303H         LINE#         663
  C:3303H         LINE#         664
  C:3306H         LINE#         665
  C:3308H         LINE#         666
  C:330DH         LINE#         667
  C:330FH         LINE#         668
  C:330FH         LINE#         669
  C:3311H         LINE#         670
  C:331BH         LINE#         672
  C:331EH         LINE#         673
  C:331EH         LINE#         674
  C:3321H         LINE#         675
  C:3323H         LINE#         676
  C:3329H         LINE#         677
  C:332BH         LINE#         678
  C:332BH         LINE#         680
  C:3331H         LINE#         681
  C:3331H         LINE#         683
  C:3339H         LINE#         684
  C:333BH         LINE#         686
  C:333BH         LINE#         687
  C:3351H         LINE#         688
BL51 BANKED LINKER/LOCATER V6.22.2.0                                                  05/20/2021  15:51:07  PAGE 18


  C:3354H         LINE#         689
  C:3356H         LINE#         690
  C:3358H         LINE#         692
  C:3358H         LINE#         693
  C:335BH         LINE#         694
  C:335DH         LINE#         695
  C:335DH         LINE#         697
  C:335FH         LINE#         698
  C:3365H         LINE#         699
  C:3365H         LINE#         731
  C:3365H         LINE#         733
  -------         ENDPROC       TIMER0_INT
  -------         PROC          SHOWWORKINGTIMER
  -------         DO            
  X:0204H         SYMBOL        val
  -------         ENDDO         
  C:447DH         LINE#         738
  C:447DH         LINE#         739
  C:447DH         LINE#         742
  C:4488H         LINE#         744
  C:448FH         LINE#         745
  C:448FH         LINE#         746
  C:44BFH         LINE#         747
  C:44C1H         LINE#         748
  C:44C8H         LINE#         749
  C:44C8H         LINE#         750
  C:44EBH         LINE#         751
  C:44EDH         LINE#         752
  C:44F6H         LINE#         753
  C:44F6H         LINE#         754
  C:450AH         LINE#         755
  C:450CH         LINE#         757
  C:450CH         LINE#         758
  C:4522H         LINE#         759
  C:4522H         LINE#         763
  C:456AH         LINE#         767
  C:4574H         LINE#         768
  C:457EH         LINE#         769
  C:4587H         LINE#         770
  C:4591H         LINE#         772
  C:459BH         LINE#         773
  C:45A5H         LINE#         774
  C:45B2H         LINE#         775
  C:45BAH         LINE#         777
  C:45C3H         LINE#         783
  C:45CDH         LINE#         784
  C:45CDH         LINE#         785
  C:462CH         LINE#         786
  C:463AH         LINE#         788
  C:463CH         LINE#         790
  C:463CH         LINE#         794
  C:4678H         LINE#         796
  C:4686H         LINE#         797
  C:469DH         LINE#         799
  C:46B1H         LINE#         803
  C:46B1H         LINE#         806
  C:4704H         LINE#         810
BL51 BANKED LINKER/LOCATER V6.22.2.0                                                  05/20/2021  15:51:07  PAGE 19


  C:470EH         LINE#         811
  C:4718H         LINE#         812
  C:4722H         LINE#         813
  C:472CH         LINE#         814
  C:4736H         LINE#         815
  C:4740H         LINE#         816
  C:474AH         LINE#         817
  C:4754H         LINE#         818
  C:475EH         LINE#         819
  C:4769H         LINE#         821
  C:4773H         LINE#         822
  C:477BH         LINE#         823
  C:4785H         LINE#         824
  C:478DH         LINE#         825
  C:4797H         LINE#         826
  C:479FH         LINE#         827
  C:47A9H         LINE#         828
  C:47B1H         LINE#         829
  C:47B9H         LINE#         830
  C:47C3H         LINE#         831
  C:47CDH         LINE#         832
  C:47D7H         LINE#         833
  C:47E1H         LINE#         834
  C:47EBH         LINE#         835
  C:47F5H         LINE#         836
  C:47FFH         LINE#         837
  C:4809H         LINE#         838
  C:4813H         LINE#         839
  C:481DH         LINE#         840
  C:4828H         LINE#         842
  C:4834H         LINE#         843
  C:483FH         LINE#         845
  C:4849H         LINE#         846
  C:4851H         LINE#         847
  C:485BH         LINE#         848
  C:4863H         LINE#         849
  C:486FH         LINE#         850
  C:4875H         LINE#         852
  C:488DH         LINE#         870
  -------         ENDPROC       SHOWWORKINGTIMER
  -------         PROC          INITVARS
  -------         DO            
  D:0007H         SYMBOL        j
  -------         ENDDO         
  C:6A05H         LINE#         880
  C:6A05H         LINE#         881
  C:6A05H         LINE#         883
  C:6A11H         LINE#         884
  C:6A1AH         LINE#         886
  -------         ENDPROC       INITVARS
  -------         PROC          _POWERLED
  D:0007H         SYMBOL        flag
  C:61BEH         LINE#         892
  C:61BEH         LINE#         893
  C:61BEH         LINE#         895
  C:61F2H         LINE#         896
  C:61F2H         LINE#         897
BL51 BANKED LINKER/LOCATER V6.22.2.0                                                  05/20/2021  15:51:07  PAGE 20


  C:61F2H         LINE#         898
  C:61F4H         LINE#         899
  C:61F6H         LINE#         900
  C:61F7H         LINE#         901
  C:61F7H         LINE#         902
  C:61F9H         LINE#         903
  C:61FBH         LINE#         904
  C:61FCH         LINE#         905
  C:61FCH         LINE#         906
  C:61FCH         LINE#         907
  C:61FCH         LINE#         908
  C:61FEH         LINE#         909
  C:61FEH         LINE#         910
  C:61FEH         LINE#         911
  C:61FEH         LINE#         912
  C:6200H         LINE#         913
  C:6200H         LINE#         914
  C:6203H         LINE#         915
  C:6203H         LINE#         916
  C:6205H         LINE#         917
  C:6207H         LINE#         918
  C:6208H         LINE#         925
  C:6208H         LINE#         926
  C:620BH         LINE#         927
  C:620BH         LINE#         928
  C:620DH         LINE#         929
  C:620FH         LINE#         930
  C:6210H         LINE#         932
  C:6210H         LINE#         933
  C:6210H         LINE#         934
  C:6210H         LINE#         935
  C:6210H         LINE#         936
  C:6212H         LINE#         937
  C:6212H         LINE#         938
  C:6215H         LINE#         939
  C:6215H         LINE#         940
  C:6217H         LINE#         941
  C:6219H         LINE#         942
  C:621AH         LINE#         944
  C:621AH         LINE#         945
  C:621CH         LINE#         946
  C:621EH         LINE#         947
  C:621EH         LINE#         948
  C:621FH         LINE#         949
  C:621FH         LINE#         950
  C:6222H         LINE#         951
  C:6222H         LINE#         952
  C:6224H         LINE#         953
  C:6226H         LINE#         955
  C:6226H         LINE#         956
  C:6228H         LINE#         957
  C:6228H         LINE#         959
  C:622AH         LINE#         961
  C:622BH         LINE#         962
  C:622BH         LINE#         963
  C:622EH         LINE#         964
  C:622EH         LINE#         965
BL51 BANKED LINKER/LOCATER V6.22.2.0                                                  05/20/2021  15:51:07  PAGE 21


  C:6230H         LINE#         966
  C:6232H         LINE#         968
  C:6232H         LINE#         969
  C:6234H         LINE#         970
  C:6234H         LINE#         972
  C:6236H         LINE#         975
  C:6236H         LINE#         976
  C:6236H         LINE#         977
  C:6236H         LINE#         978
  C:6236H         LINE#         979
  -------         ENDPROC       _POWERLED
  -------         PROC          EXT0_INT
  C:5D82H         LINE#         988
  C:5D8FH         LINE#         990
  C:5D91H         LINE#         991
  C:5D9AH         LINE#         992
  C:5DB7H         LINE#         994
  C:5DD8H         LINE#         996
  C:5DE5H         LINE#         997
  C:5DE5H         LINE#         998
  C:5E04H         LINE#         999
  C:5E09H         LINE#         1000
  C:5E0BH         LINE#         1002
  C:5E11H         LINE#         1004
  C:5E13H         LINE#         1005
  -------         ENDPROC       EXT0_INT
  -------         PROC          EXT1_INT
  C:000EH         LINE#         1007
  C:000EH         LINE#         1009
  C:0010H         LINE#         1012
  -------         ENDPROC       EXT1_INT
  -------         PROC          SERIAL_INT
  C:67EDH         LINE#         1035
  C:67F4H         LINE#         1041
  C:67F7H         LINE#         1050
  C:67FEH         LINE#         1051
  C:6800H         LINE#         1052
  C:680EH         LINE#         1056
  C:6810H         LINE#         1058
  C:6810H         LINE#         1060
  C:6813H         LINE#         1061
  C:6815H         LINE#         1062
  C:6817H         LINE#         1063
  C:6817H         LINE#         1064
  -------         ENDPROC       SERIAL_INT
  -------         PROC          SERIAL2_INT
  C:66E4H         LINE#         1068
  C:66EBH         LINE#         1073
  C:66F3H         LINE#         1074
  C:66F3H         LINE#         1076
  C:66F6H         LINE#         1078
  C:66FDH         LINE#         1081
  C:66FFH         LINE#         1082
  C:670DH         LINE#         1083
  C:670DH         LINE#         1085
  C:6715H         LINE#         1086
  C:6715H         LINE#         1087
BL51 BANKED LINKER/LOCATER V6.22.2.0                                                  05/20/2021  15:51:07  PAGE 22


  C:6718H         LINE#         1088
  C:671AH         LINE#         1089
  C:671AH         LINE#         1090
  -------         ENDPROC       SERIAL2_INT
  -------         PROC          RS2_READY
  C:6ABBH         LINE#         1126
  C:6ABBH         LINE#         1127
  C:6ABBH         LINE#         1128
  C:6AC3H         LINE#         1129
  C:6AC5H         LINE#         1130
  -------         ENDPROC       RS2_READY
  -------         PROC          RS2_RX
  -------         DO            
  D:0007H         SYMBOL        ret
  -------         ENDDO         
  C:6966H         LINE#         1134
  C:6966H         LINE#         1135
  C:6966H         LINE#         1138
  C:6969H         LINE#         1139
  C:6970H         LINE#         1140
  C:6972H         LINE#         1141
  C:697DH         LINE#         1142
  C:6980H         LINE#         1143
  C:6983H         LINE#         1145
  C:6983H         LINE#         1146
  -------         ENDPROC       RS2_RX
  -------         PROC          _RS2_TX
  D:0007H         SYMBOL        tx_buf
  C:6AC6H         LINE#         1163
  C:6AC6H         LINE#         1164
  C:6AC6H         LINE#         1166
  C:6AC9H         LINE#         1167
  C:6ACBH         LINE#         1168
  C:6ACDH         LINE#         1169
  -------         ENDPROC       _RS2_TX
  -------         PROC          TIMER2_INT
  C:6AA0H         LINE#         1210
  C:6AA2H         LINE#         1369
  C:6AA4H         LINE#         1371
  C:6AACH         LINE#         1373
  -------         ENDPROC       TIMER2_INT
  -------         PROC          _DELAY
  D:0007H         SYMBOL        cnt
  -------         DO            
  D:0004H         SYMBOL        ttic01
  -------         ENDDO         
  C:69EDH         LINE#         1375
  C:69EDH         LINE#         1376
  C:69EDH         LINE#         1379
  C:69FBH         LINE#         1380
  C:69FBH         LINE#         1382
  C:6A04H         LINE#         1383
  -------         ENDPROC       _DELAY
  -------         PROC          INT2_INT
  C:6928H         LINE#         1387
  C:692EH         LINE#         1389
  C:6930H         LINE#         1390
BL51 BANKED LINKER/LOCATER V6.22.2.0                                                  05/20/2021  15:51:07  PAGE 23


  C:6932H         LINE#         1391
  C:6935H         LINE#         1392
  C:693BH         LINE#         1393
  C:6940H         LINE#         1394
  -------         ENDPROC       INT2_INT
  -------         PROC          INT3_INT
  C:6947H         LINE#         1396
  C:694DH         LINE#         1398
  C:694FH         LINE#         1399
  C:6951H         LINE#         1400
  C:6954H         LINE#         1401
  C:695AH         LINE#         1402
  C:695FH         LINE#         1403
  -------         ENDPROC       INT3_INT
  -------         ENDMOD        CPU

  -------         MODULE        ETC_EEP
  C:0000H         SYMBOL        _ICE_DUMMY_
  C:648FH         PUBLIC        GetProjectNameEE
  C:5664H         PUBLIC        ClearBasicEE
  C:69BBH         PUBLIC        SaveFWRevEE
  C:63FBH         PUBLIC        GetFWRevEE
  -------         PROC          GETFWREVEE
  -------         DO            
  D:0004H         SYMBOL        rev
  -------         ENDDO         
  C:63FBH         LINE#         17
  C:63FBH         LINE#         18
  C:63FBH         LINE#         19
  C:6401H         LINE#         26
  C:6444H         LINE#         28
  C:6444H         LINE#         29
  -------         ENDPROC       GETFWREVEE
  -------         PROC          GETPROJECTNAMEEE
  -------         DO            
  X:0204H         SYMBOL        rev
  -------         ENDDO         
  C:648FH         LINE#         31
  C:648FH         LINE#         32
  C:648FH         LINE#         33
  C:6495H         LINE#         35
  C:64A3H         LINE#         36
  C:64B2H         LINE#         37
  C:64C1H         LINE#         38
  C:64D0H         LINE#         40
  C:64D5H         LINE#         41
  -------         ENDPROC       GETPROJECTNAMEEE
  -------         PROC          SAVEFWREVEE
  C:69BBH         LINE#         43
  C:69BBH         LINE#         44
  C:69BBH         LINE#         51
  C:69C3H         LINE#         52
  C:69CBH         LINE#         53
  -------         ENDPROC       SAVEFWREVEE
  -------         PROC          CLEARBASICEE
  C:5664H         LINE#         67
  C:5664H         LINE#         68
BL51 BANKED LINKER/LOCATER V6.22.2.0                                                  05/20/2021  15:51:07  PAGE 24


  C:5664H         LINE#         70
  C:566DH         LINE#         72
  C:5675H         LINE#         73
  C:567EH         LINE#         74
  C:5687H         LINE#         75
  C:5690H         LINE#         79
  C:5699H         LINE#         82
  C:56A2H         LINE#         84
  C:56AAH         LINE#         86
  C:56B2H         LINE#         88
  C:56BAH         LINE#         90
  C:56C3H         LINE#         92
  C:56CBH         LINE#         94
  C:56D4H         LINE#         95
  C:56DCH         LINE#         97
  C:56E5H         LINE#         98
  C:56EDH         LINE#         100
  C:56F6H         LINE#         101
  C:56FEH         LINE#         103
  C:5707H         LINE#         104
  C:570FH         LINE#         106
  C:5717H         LINE#         107
  C:571FH         LINE#         108
  C:5727H         LINE#         110
  C:572FH         LINE#         111
  C:5737H         LINE#         112
  C:573FH         LINE#         114
  C:5748H         LINE#         115
  C:5750H         LINE#         117
  C:5759H         LINE#         118
  C:5761H         LINE#         120
  C:576AH         LINE#         121
  C:5772H         LINE#         123
  C:577BH         LINE#         124
  -------         ENDPROC       CLEARBASICEE
  -------         ENDMOD        ETC_EEP

  -------         MODULE        HS_DVRPROTOCOL
  C:0000H         SYMBOL        _ICE_DUMMY_
  X:0000H         PUBLIC        protocol_data_count
  D:00B2H         PUBLIC        P3M1
  D:00A8H         PUBLIC        IE
  X:0001H         PUBLIC        protocol_len
  D:00B8H         PUBLIC        IP
  X:0002H         PUBLIC        protocol_type
  B:0021H.3       PUBLIC        protocol_escape_flag
  D:00B7H         PUBLIC        IPH
  X:0003H         PUBLIC        protocol_chksum
  X:0004H         PUBLIC        protocol_param
  X:0005H         PUBLIC        protocol_data
  C:210EH         PUBLIC        DvrReceivePaser
  X:0105H         PUBLIC        protocol_state
  -------         PROC          DVRRECEIVEPASER
  -------         DO            
  X:0200H         SYMBOL        c
  -------         ENDDO         
  C:210EH         LINE#         47
BL51 BANKED LINKER/LOCATER V6.22.2.0                                                  05/20/2021  15:51:07  PAGE 25


  C:210EH         LINE#         48
  C:210EH         LINE#         50
  C:2117H         LINE#         51
  C:2117H         LINE#         52
  C:211FH         LINE#         54
  C:2125H         LINE#         55
  C:2125H         LINE#         59
  C:2127H         LINE#         60
  C:212CH         LINE#         61
  C:2132H         LINE#         63
  C:2132H         LINE#         65
  C:2138H         LINE#         66
  C:2138H         LINE#         67
  C:213BH         LINE#         69
  C:213BH         LINE#         71
  C:213EH         LINE#         72
  C:213EH         LINE#         73
  C:2140H         LINE#         74
  C:2147H         LINE#         75
  C:2147H         LINE#         77
  C:2150H         LINE#         78
  C:2150H         LINE#         79
  C:2160H         LINE#         80
  C:2160H         LINE#         82
  C:2175H         LINE#         83
  C:2175H         LINE#         84
  C:2175H         LINE#         85
  C:217DH         LINE#         86
  C:2196H         LINE#         87
  C:2196H         LINE#         88
  C:2196H         LINE#         89
  C:2196H         LINE#         90
  C:2196H         LINE#         91
  C:2196H         LINE#         92
  C:2196H         LINE#         93
  C:2196H         LINE#         94
  C:2196H         LINE#         95
  C:2196H         LINE#         96
  C:2196H         LINE#         97
  C:2196H         LINE#         98
  C:2196H         LINE#         99
  C:2196H         LINE#         100
  C:2196H         LINE#         101
  C:2196H         LINE#         102
  C:2196H         LINE#         103
  C:2196H         LINE#         105
  C:219CH         LINE#         106
  C:219DH         LINE#         107
  C:219DH         LINE#         108
  C:219DH         LINE#         109
  C:21A0H         LINE#         110
  C:21A0H         LINE#         111
  C:21A0H         LINE#         113
  C:21A0H         LINE#         114
  C:21A8H         LINE#         115
  C:21C3H         LINE#         116
  C:21C3H         LINE#         117
BL51 BANKED LINKER/LOCATER V6.22.2.0                                                  05/20/2021  15:51:07  PAGE 26


  C:21C3H         LINE#         118
  C:21C3H         LINE#         119
  C:21C3H         LINE#         120
  C:21C3H         LINE#         121
  C:21C3H         LINE#         122
  C:21C3H         LINE#         123
  C:21C3H         LINE#         124
  C:21C3H         LINE#         125
  C:21C3H         LINE#         126
  C:21C3H         LINE#         127
  C:21C3H         LINE#         128
  C:21C3H         LINE#         129
  C:21C3H         LINE#         130
  C:21C3H         LINE#         131
  C:21C3H         LINE#         132
  C:21C3H         LINE#         134
  C:21C9H         LINE#         135
  C:21C9H         LINE#         136
  C:21C9H         LINE#         137
  C:21CBH         LINE#         139
  C:21CBH         LINE#         140
  C:21D0H         LINE#         141
  C:21D6H         LINE#         146
  C:21D6H         LINE#         147
  C:21D7H         LINE#         148
  C:21D7H         LINE#         149
  C:21D7H         LINE#         150
  C:21DAH         LINE#         151
  C:21DAH         LINE#         152
  C:21DAH         LINE#         154
  C:21DAH         LINE#         155
  C:21F7H         LINE#         156
  C:21F7H         LINE#         157
  C:21F7H         LINE#         158
  C:21F7H         LINE#         159
  C:21F7H         LINE#         160
  C:21F7H         LINE#         161
  C:21F7H         LINE#         162
  C:21F7H         LINE#         163
  C:21F7H         LINE#         164
  C:21F7H         LINE#         165
  C:21F7H         LINE#         166
  C:21F7H         LINE#         167
  C:21F7H         LINE#         168
  C:21F7H         LINE#         169
  C:21F7H         LINE#         170
  C:21F7H         LINE#         171
  C:21F7H         LINE#         174
  C:220BH         LINE#         175
  C:2211H         LINE#         176
  C:221EH         LINE#         177
  C:2224H         LINE#         181
  C:2224H         LINE#         186
  C:2225H         LINE#         187
  C:2225H         LINE#         188
  C:2225H         LINE#         189
  C:2228H         LINE#         190
BL51 BANKED LINKER/LOCATER V6.22.2.0                                                  05/20/2021  15:51:07  PAGE 27


  C:2228H         LINE#         191
  C:2228H         LINE#         193
  C:2228H         LINE#         194
  C:2237H         LINE#         195
  C:2237H         LINE#         200
  C:2272H         LINE#         201
  C:2272H         LINE#         202
  C:2272H         LINE#         206
  C:2279H         LINE#         207
  C:2282H         LINE#         208
  C:228FH         LINE#         209
  C:228FH         LINE#         210
  C:2293H         LINE#         211
  C:2298H         LINE#         212
  C:229DH         LINE#         213
  C:229DH         LINE#         214
  C:22A6H         LINE#         215
  C:22AFH         LINE#         216
  C:22B2H         LINE#         217
  C:22B5H         LINE#         218
  C:22B5H         LINE#         222
  C:22BAH         LINE#         223
  C:22C6H         LINE#         224
  C:22CCH         LINE#         225
  C:22CFH         LINE#         226
  C:22CFH         LINE#         231
  C:22D5H         LINE#         232
  C:22D8H         LINE#         233
  C:22D8H         LINE#         238
  C:22DEH         LINE#         239
  C:22E1H         LINE#         240
  C:22E1H         LINE#         243
  C:22EAH         LINE#         244
  C:22EAH         LINE#         257
  C:2352H         LINE#         266
  C:2352H         LINE#         267
  C:235EH         LINE#         268
  C:236AH         LINE#         270
  C:2376H         LINE#         271
  C:2382H         LINE#         273
  C:238EH         LINE#         274
  C:239AH         LINE#         276
  C:23A6H         LINE#         277
  C:23B2H         LINE#         282
  C:23B2H         LINE#         284
  C:23D3H         LINE#         285
  C:23F4H         LINE#         287
  C:2415H         LINE#         288
  C:2436H         LINE#         290
  C:2457H         LINE#         291
  C:2478H         LINE#         293
  C:2499H         LINE#         294
  C:24B7H         LINE#         296
  C:24BAH         LINE#         298
  C:24BAH         LINE#         312
  C:2523H         LINE#         321
  C:2523H         LINE#         322
BL51 BANKED LINKER/LOCATER V6.22.2.0                                                  05/20/2021  15:51:07  PAGE 28


  C:252FH         LINE#         323
  C:253BH         LINE#         325
  C:2547H         LINE#         326
  C:2553H         LINE#         328
  C:255FH         LINE#         329
  C:256BH         LINE#         331
  C:2577H         LINE#         332
  C:2583H         LINE#         337
  C:2583H         LINE#         339
  C:25A4H         LINE#         340
  C:25C5H         LINE#         342
  C:25E6H         LINE#         343
  C:2607H         LINE#         345
  C:2628H         LINE#         346
  C:2649H         LINE#         348
  C:266AH         LINE#         349
  C:268BH         LINE#         353
  C:268BH         LINE#         354
  C:2691H         LINE#         356
  C:2694H         LINE#         358
  C:2694H         LINE#         364
  C:26A1H         LINE#         365
  C:26A4H         LINE#         367
  C:26B6H         LINE#         369
  C:26BFH         LINE#         370
  C:26C4H         LINE#         372
  C:26CEH         LINE#         373
  C:26D7H         LINE#         400
  C:26DAH         LINE#         402
  C:26DAH         LINE#         407
  C:26E3H         LINE#         408
  C:26E3H         LINE#         409
  C:26EAH         LINE#         413
  C:26EDH         LINE#         414
  C:26F6H         LINE#         415
  C:26F6H         LINE#         416
  C:26FBH         LINE#         417
  C:2702H         LINE#         421
  C:2702H         LINE#         422
  C:2705H         LINE#         424
  C:2705H         LINE#         428
  C:270BH         LINE#         429
  C:270EH         LINE#         431
  C:270EH         LINE#         436
  C:2714H         LINE#         437
  C:2714H         LINE#         438
  C:271BH         LINE#         439
  C:2720H         LINE#         442
  C:2725H         LINE#         443
  C:272AH         LINE#         444
  C:272FH         LINE#         445
  C:2734H         LINE#         446
  C:2739H         LINE#         447
  C:273EH         LINE#         449
  C:2744H         LINE#         451
  C:2747H         LINE#         452
  C:274FH         LINE#         453
BL51 BANKED LINKER/LOCATER V6.22.2.0                                                  05/20/2021  15:51:07  PAGE 29


  C:274FH         LINE#         454
  C:2755H         LINE#         455
  C:2755H         LINE#         456
  C:2755H         LINE#         457
  C:2757H         LINE#         458
  C:2762H         LINE#         459
  C:2762H         LINE#         460
  C:2769H         LINE#         461
  C:276CH         LINE#         462
  C:2775H         LINE#         463
  C:277AH         LINE#         464
  C:277AH         LINE#         466
  C:277DH         LINE#         468
  C:277DH         LINE#         473
  C:2788H         LINE#         474
  C:2788H         LINE#         475
  C:278FH         LINE#         476
  C:2794H         LINE#         480
  C:2796H         LINE#         481
  C:27A2H         LINE#         482
  C:27A2H         LINE#         483
  C:27A9H         LINE#         484
  C:27AEH         LINE#         485
  C:27B5H         LINE#         487
  C:27C1H         LINE#         488
  C:27C5H         LINE#         489
  C:27C5H         LINE#         490
  C:27D5H         LINE#         491
  C:27D5H         LINE#         492
  C:27DCH         LINE#         493
  C:27E3H         LINE#         494
  C:27E8H         LINE#         495
  C:27EFH         LINE#         496
  C:27F9H         LINE#         497
  C:2801H         LINE#         501
  C:280DH         LINE#         502
  C:2811H         LINE#         503
  C:2813H         LINE#         504
  C:2823H         LINE#         505
  C:2823H         LINE#         506
  C:2828H         LINE#         510
  C:2828H         LINE#         512
  C:282DH         LINE#         514
  C:2838H         LINE#         515
  C:283EH         LINE#         517
  C:2840H         LINE#         519
  C:2840H         LINE#         523
  C:2846H         LINE#         524
  C:2848H         LINE#         526
  C:2848H         LINE#         528
  C:2850H         LINE#         529
  C:2850H         LINE#         530
  C:2858H         LINE#         531
  C:285EH         LINE#         532
  C:2860H         LINE#         534
  C:2860H         LINE#         535
  C:2868H         LINE#         536
BL51 BANKED LINKER/LOCATER V6.22.2.0                                                  05/20/2021  15:51:07  PAGE 30


  C:286DH         LINE#         537
  C:286DH         LINE#         544
  C:286FH         LINE#         545
  C:286FH         LINE#         546
  C:287AH         LINE#         547
  C:287FH         LINE#         549
  C:2882H         LINE#         554
  C:288BH         LINE#         557
  C:288DH         LINE#         558
  C:288DH         LINE#         562
  C:2893H         LINE#         563
  C:2895H         LINE#         564
  C:2895H         LINE#         568
  C:289EH         LINE#         569
  C:28A0H         LINE#         570
  C:28A0H         LINE#         572
  C:28A8H         LINE#         573
  C:28A8H         LINE#         574
  C:28ADH         LINE#         575
  C:28B0H         LINE#         576
  C:28B3H         LINE#         577
  C:28B6H         LINE#         578
  C:28BBH         LINE#         579
  C:28BDH         LINE#         581
  C:28BDH         LINE#         582
  C:28C2H         LINE#         583
  C:28C5H         LINE#         584
  C:28C8H         LINE#         585
  C:28CBH         LINE#         586
  C:28D1H         LINE#         587
  C:28D1H         LINE#         594
  C:28D1H         LINE#         595
  C:28D1H         LINE#         596
  C:28D1H         LINE#         597
  C:28D1H         LINE#         599
  C:28D1H         LINE#         601
  C:28D1H         LINE#         605
  C:28D1H         LINE#         606
  C:28D6H         LINE#         607
  C:28D6H         LINE#         608
  C:28D6H         LINE#         609
  C:28D6H         LINE#         610
  C:28D6H         LINE#         611
  C:28D6H         LINE#         614
  -------         ENDPROC       DVRRECEIVEPASER
  -------         ENDMOD        HS_DVRPROTOCOL

  -------         MODULE        I2C
  C:0000H         SYMBOL        _ICE_DUMMY_
  B:0090H.0       PUBLIC        P1_0
  B:0090H.1       PUBLIC        P1_1
  C:6758H         PUBLIC        I2CReadData
  C:671FH         PUBLIC        _ReadI2C
  C:6143H         PUBLIC        _I2CWriteData
  C:6A7DH         PUBLIC        I2CStart
  C:6A34H         PUBLIC        I2Cdelay
  C:68A1H         PUBLIC        _ReadEEP
BL51 BANKED LINKER/LOCATER V6.22.2.0                                                  05/20/2021  15:51:07  PAGE 31


  C:68E8H         PUBLIC        _WriteAD5110
  C:0016H         PUBLIC        I2CStop
  C:64D6H         PUBLIC        _WriteEEP
  C:60C5H         PUBLIC        _AD5110_I2CWriteData
  C:6A30H         SYMBOL        L?0054
  -------         PROC          L?0053
  -------         ENDPROC       L?0053
  C:6A30H         SYMBOL        L?0054
  -------         PROC          I2CDELAY
  -------         DO            
  D:0007H         SYMBOL        i
  -------         ENDDO         
  C:6A34H         LINE#         34
  C:6A34H         LINE#         35
  C:6A34H         LINE#         37
  C:6A40H         LINE#         38
  C:6A43H         LINE#         39
  -------         ENDPROC       I2CDELAY
  -------         PROC          _WRITEEEP
  X:0208H         SYMBOL        index
  X:020AH         SYMBOL        dat
  -------         DO            
  X:020BH         SYMBOL        addr
  -------         ENDDO         
  C:64D6H         LINE#         42
  C:64E1H         LINE#         43
  C:64E1H         LINE#         46
  C:64F9H         LINE#         48
  C:64FCH         LINE#         49
  C:6504H         LINE#         50
  C:650DH         LINE#         51
  C:6515H         LINE#         52
  C:6518H         LINE#         58
  -------         ENDPROC       _WRITEEEP
  -------         PROC          _READEEP
  D:0004H         SYMBOL        index
  -------         DO            
  X:0234H         SYMBOL        val
  D:0007H         SYMBOL        addr
  -------         ENDDO         
  C:68A1H         LINE#         61
  C:68A5H         LINE#         62
  C:68A5H         LINE#         66
  C:68B4H         LINE#         68
  C:68BCH         LINE#         73
  C:68C1H         LINE#         74
  C:68C6H         LINE#         75
  -------         ENDPROC       _READEEP
  -------         PROC          _READI2C
  X:0235H         SYMBOL        addr
  X:0236H         SYMBOL        index
  -------         DO            
  X:0237H         SYMBOL        val
  -------         ENDDO         
  C:671FH         LINE#         77
  C:6727H         LINE#         78
  C:6727H         LINE#         81
BL51 BANKED LINKER/LOCATER V6.22.2.0                                                  05/20/2021  15:51:07  PAGE 32


  C:672AH         LINE#         82
  C:6732H         LINE#         83
  C:673AH         LINE#         84
  C:673DH         LINE#         85
  C:6747H         LINE#         86
  C:674FH         LINE#         87
  C:6752H         LINE#         89
  C:6757H         LINE#         90
  -------         ENDPROC       _READI2C
  -------         PROC          I2CSTART
  C:6A7DH         LINE#         106
  C:6A7DH         LINE#         107
  C:6A7DH         LINE#         108
  C:6A82H         LINE#         109
  C:6A87H         LINE#         110
  C:6A8CH         LINE#         111
  C:6A8EH         LINE#         112
  -------         ENDPROC       I2CSTART
  -------         PROC          I2CSTOP
  C:0016H         LINE#         114
  C:0016H         LINE#         115
  C:0016H         LINE#         116
  C:001BH         LINE#         117
  C:0020H         LINE#         118
  C:0022H         LINE#         119
  -------         ENDPROC       I2CSTOP
  -------         PROC          _I2CWRITEDATA
  D:0006H         SYMBOL        value
  C:6143H         LINE#         121
  C:6145H         LINE#         122
  C:6145H         LINE#         124
  C:6152H         LINE#         125
  C:615FH         LINE#         126
  C:616CH         LINE#         127
  C:6179H         LINE#         129
  C:6186H         LINE#         130
  C:6193H         LINE#         131
  C:61A0H         LINE#         132
  C:61ADH         LINE#         135
  C:61AFH         LINE#         136
  C:61B1H         LINE#         137
  C:61B3H         LINE#         138
  C:61B5H         LINE#         140
  C:61B7H         LINE#         141
  C:61B9H         LINE#         142
  C:61BBH         LINE#         143
  C:61BDH         LINE#         144
  -------         ENDPROC       _I2CWRITEDATA
  -------         PROC          I2CREADDATA
  -------         DO            
  D:0004H         SYMBOL        i
  D:0006H         SYMBOL        value
  -------         ENDDO         
  C:6758H         LINE#         146
  C:6758H         LINE#         147
  C:6758H         LINE#         149
  C:675AH         LINE#         151
BL51 BANKED LINKER/LOCATER V6.22.2.0                                                  05/20/2021  15:51:07  PAGE 33


  C:675FH         LINE#         152
  C:6761H         LINE#         154
  C:6764H         LINE#         155
  C:6766H         LINE#         156
  C:676AH         LINE#         157
  C:6770H         LINE#         158
  C:6772H         LINE#         159
  C:677DH         LINE#         160
  C:6780H         LINE#         162
  C:6782H         LINE#         163
  C:6784H         LINE#         164
  C:6786H         LINE#         165
  C:6788H         LINE#         167
  C:678AH         LINE#         169
  -------         ENDPROC       I2CREADDATA
  -------         PROC          _AD5110_I2CWRITEDATA
  D:0006H         SYMBOL        value
  C:60C5H         LINE#         172
  C:60C7H         LINE#         173
  C:60C7H         LINE#         175
  C:60D4H         LINE#         176
  C:60E1H         LINE#         177
  C:60EEH         LINE#         178
  C:60FBH         LINE#         180
  C:6108H         LINE#         181
  C:6115H         LINE#         182
  C:6122H         LINE#         183
  C:612FH         LINE#         186
  C:6131H         LINE#         187
  C:6133H         LINE#         188
  C:6135H         LINE#         189
  C:6137H         LINE#         190
  C:613AH         LINE#         191
  C:613CH         LINE#         192
  C:613EH         LINE#         193
  C:6140H         LINE#         194
  C:6142H         LINE#         196
  -------         ENDPROC       _AD5110_I2CWRITEDATA
  -------         PROC          _WRITEAD5110
  D:0002H         SYMBOL        index
  D:0005H         SYMBOL        dat
  -------         DO            
  D:0006H         SYMBOL        addr
  -------         ENDDO         
  C:68E8H         LINE#         229
  C:68ECH         LINE#         230
  C:68ECH         LINE#         233
  C:68EEH         LINE#         235
  C:68F1H         LINE#         236
  C:68F6H         LINE#         237
  C:68FBH         LINE#         238
  C:6900H         LINE#         239
  C:6903H         LINE#         245
  -------         ENDPROC       _WRITEAD5110
  -------         ENDMOD        I2C

  -------         MODULE        KEYREMO
BL51 BANKED LINKER/LOCATER V6.22.2.0                                                  05/20/2021  15:51:07  PAGE 34


  C:0000H         SYMBOL        _ICE_DUMMY_
  C:69A0H         PUBLIC        _GetKey
  C:635CH         PUBLIC        Scankey
  -------         PROC          SCANKEY
  C:635CH         LINE#         33
  C:635CH         LINE#         34
  C:635CH         LINE#         36
  C:6364H         LINE#         37
  C:6364H         LINE#         39
  C:6374H         LINE#         40
  C:6374H         LINE#         41
  C:6378H         LINE#         42
  C:637EH         LINE#         43
  C:6380H         LINE#         44
  C:6390H         LINE#         45
  C:6390H         LINE#         46
  C:6394H         LINE#         47
  C:6398H         LINE#         48
  C:639CH         LINE#         49
  C:63A3H         LINE#         50
  C:63A3H         LINE#         52
  C:63ACH         LINE#         53
  C:63ACH         LINE#         55
  -------         ENDPROC       SCANKEY
  -------         PROC          _GETKEY
  D:0007H         SYMBOL        repeat
  -------         DO            
  B:0021H.1       SYMBOL        ready
  -------         ENDDO         
  C:69A0H         LINE#         60
  C:69A0H         LINE#         61
  C:69A0H         LINE#         65
  C:69A4H         LINE#         66
  C:69A6H         LINE#         68
  C:69ACH         LINE#         69
  C:69B2H         LINE#         70
  C:69B8H         LINE#         72
  C:69BAH         LINE#         73
  -------         ENDPROC       _GETKEY
  -------         ENDMOD        KEYREMO

  -------         MODULE        MAIN
  C:0000H         SYMBOL        _ICE_DUMMY_
  C:5106H         PUBLIC        _Mapping1
  C:5E1EH         PUBLIC        _mcuLib_ProtocolSendCmdWithParamNum
  D:00B2H         PUBLIC        P3M1
  C:527CH         PUBLIC        _GetRotateNumber
  D:00E7H         PUBLIC        ISPCR
  D:00E8H         PUBLIC        P4
  X:0106H         PUBLIC        ulongRotateNumber
  C:3370H         PUBLIC        EncorderHandler_TELI
  X:010AH         PUBLIC        PowerFlag
  B:0080H.0       PUBLIC        P0_0
  X:010BH         PUBLIC        LowBatteryFlag
  B:0080H.1       PUBLIC        P0_1
  X:010CH         PUBLIC        UserRange
  B:00B0H.4       PUBLIC        P3_4
BL51 BANKED LINKER/LOCATER V6.22.2.0                                                  05/20/2021  15:51:07  PAGE 35


  B:00B0H.5       PUBLIC        P3_5
  C:662AH         PUBLIC        _SetAD5110Step
[...]
  C:089BH         LINE#         1220
  C:08A6H         LINE#         1221
  C:08ABH         LINE#         1222
  C:08AEH         LINE#         1223
  C:08AEH         LINE#         1227
  C:08B9H         LINE#         1239
  C:08CCH         LINE#         1240
  C:08CCH         LINE#         1241
  C:08D1H         LINE#         1242
  C:08D5H         LINE#         1243
  C:08D9H         LINE#         1244
  C:08DFH         LINE#         1245
  C:08E0H         LINE#         1246
  C:08E3H         LINE#         1247
  C:08FCH         LINE#         1248
  C:08FCH         LINE#         1249
  C:0901H         LINE#         1250
  C:0905H         LINE#         1251
  C:0909H         LINE#         1252
  C:090DH         LINE#         1253
  C:0913H         LINE#         1254
  C:0916H         LINE#         1255
  C:0928H         LINE#         1256
  C:0928H         LINE#         1257
  C:092EH         LINE#         1258
  C:0933H         LINE#         1259
  C:0937H         LINE#         1260
  C:093BH         LINE#         1261
  C:093BH         LINE#         1262
  C:093DH         LINE#         1263
  C:094FH         LINE#         1264
  C:094FH         LINE#         1265
  C:0954H         LINE#         1266
  C:0958H         LINE#         1267
  C:095EH         LINE#         1268
  C:0963H         LINE#         1269
  C:0963H         LINE#         1271
  C:0965H         LINE#         1272
  C:0977H         LINE#         1273
  C:0977H         LINE#         1274
BL51 BANKED LINKER/LOCATER V6.22.2.0                                                  05/20/2021  15:51:07  PAGE 73


  C:097CH         LINE#         1275
  C:0982H         LINE#         1276
  C:0987H         LINE#         1277
  C:098BH         LINE#         1278
  C:098BH         LINE#         1279
  C:098DH         LINE#         1281
  C:098DH         LINE#         1284
  C:0994H         LINE#         1285
  C:0999H         LINE#         1287
  C:099FH         LINE#         1288
  C:09A4H         LINE#         1289
  C:09A8H         LINE#         1290
  C:09ACH         LINE#         1291
  C:09B0H         LINE#         1292
  C:09B4H         LINE#         1293
  C:09B4H         LINE#         1295
  C:0A0AH         LINE#         1297
  C:0A10H         LINE#         1300
  C:0A18H         LINE#         1301
  C:0A18H         LINE#         1302
  C:0A1EH         LINE#         1303
  C:0A23H         LINE#         1304
  C:0A2AH         LINE#         1305
  C:0A2DH         LINE#         1306
  C:0A34H         LINE#         1307
  C:0A34H         LINE#         1309
  C:0A3CH         LINE#         1310
  C:0A3CH         LINE#         1311
  C:0A42H         LINE#         1312
  C:0A47H         LINE#         1313
  C:0A4EH         LINE#         1314
  C:0A51H         LINE#         1315
  C:0A58H         LINE#         1316
  C:0A58H         LINE#         1318
  C:0A60H         LINE#         1319
  C:0A60H         LINE#         1320
  C:0A64H         LINE#         1321
  C:0A69H         LINE#         1322
  C:0A70H         LINE#         1323
  C:0A73H         LINE#         1324
  C:0A7AH         LINE#         1325
  C:0A7AH         LINE#         1327
  C:0A82H         LINE#         1328
  C:0A82H         LINE#         1329
  C:0A88H         LINE#         1330
  C:0A8DH         LINE#         1331
  C:0A94H         LINE#         1332
  C:0A97H         LINE#         1333
  C:0A9EH         LINE#         1334
  C:0A9EH         LINE#         1336
  C:0AA6H         LINE#         1337
  C:0AA6H         LINE#         1338
  C:0AACH         LINE#         1339
  C:0AB1H         LINE#         1340
  C:0AB8H         LINE#         1341
  C:0ABBH         LINE#         1342
  C:0AC2H         LINE#         1343
BL51 BANKED LINKER/LOCATER V6.22.2.0                                                  05/20/2021  15:51:07  PAGE 74


  C:0AC2H         LINE#         1353
  C:0AD1H         LINE#         1356
  C:0AEAH         LINE#         1357
  C:0AEAH         LINE#         1358
  C:0AF0H         LINE#         1359
  C:0AF5H         LINE#         1360
  C:0AF7H         LINE#         1362
  C:0AF7H         LINE#         1363
  C:0AFCH         LINE#         1364
  C:0B02H         LINE#         1366
  C:0B02H         LINE#         1368
  C:0B0AH         LINE#         1369
  C:0B0AH         LINE#         1370
  C:0B0BH         LINE#         1371
  C:0B20H         LINE#         1372
  C:0B27H         LINE#         1376
  C:0B29H         LINE#         1377
  C:0B31H         LINE#         1378
  C:0B31H         LINE#         1379
  C:0B32H         LINE#         1380
  C:0B39H         LINE#         1381
  C:0B39H         LINE#         1413
  C:0B41H         LINE#         1414
  C:0B47H         LINE#         1416
  C:0B4BH         LINE#         1417
  C:0B4EH         LINE#         1419
  C:0B4EH         LINE#         1422
  C:0B5BH         LINE#         1423
  C:0B5BH         LINE#         1427
  C:0B5FH         LINE#         1428
  C:0B62H         LINE#         1429
  C:0B68H         LINE#         1430
  C:0B68H         LINE#         1431
  C:0B6BH         LINE#         1433
  C:0B6BH         LINE#         1449
  C:0B76H         LINE#         1450
  C:0B76H         LINE#         1451
  C:0B83H         LINE#         1452
  C:0B83H         LINE#         1453
  C:0B87H         LINE#         1455
  C:0B89H         LINE#         1460
  C:0B91H         LINE#         1461
  C:0B9AH         LINE#         1462
  C:0B9CH         LINE#         1464
  C:0BA4H         LINE#         1465
  C:0BADH         LINE#         1466
  C:0BAFH         LINE#         1468
  C:0BB7H         LINE#         1469
  C:0BB7H         LINE#         1470
  C:0BBCH         LINE#         1471
  C:0BC0H         LINE#         1472
  C:0BC9H         LINE#         1473
  C:0BC9H         LINE#         1475
  C:0BC9H         LINE#         1477
  C:0BD4H         LINE#         1478
  C:0BD4H         LINE#         1479
  C:0BD6H         LINE#         1480
BL51 BANKED LINKER/LOCATER V6.22.2.0                                                  05/20/2021  15:51:07  PAGE 75


  C:0BD9H         LINE#         1482
  C:0BD9H         LINE#         1484
  C:0BE3H         LINE#         1485
  C:0BE3H         LINE#         1487
  C:0C06H         LINE#         1488
  C:0C06H         LINE#         1489
  C:0C11H         LINE#         1490
  C:0C15H         LINE#         1492
  C:0C17H         LINE#         1493
  C:0C1AH         LINE#         1494
  C:0C24H         LINE#         1495
  C:0C27H         LINE#         1499
  C:0C31H         LINE#         1500
  C:0C31H         LINE#         1502
  C:0C54H         LINE#         1503
  C:0C54H         LINE#         1504
  C:0C5FH         LINE#         1505
  C:0C63H         LINE#         1507
  C:0C65H         LINE#         1508
  C:0C67H         LINE#         1509
  C:0C71H         LINE#         1510
  C:0C73H         LINE#         1512
  C:0C73H         LINE#         1513
  C:0C75H         LINE#         1514
  C:0C7FH         LINE#         1515
  C:0C7FH         LINE#         1517
  C:0CA2H         LINE#         1518
  C:0CA2H         LINE#         1519
  C:0CADH         LINE#         1520
  C:0CB1H         LINE#         1522
  C:0CB3H         LINE#         1523
  C:0CB5H         LINE#         1524
  C:0CBFH         LINE#         1525
  C:0CC6H         LINE#         1527
  C:0CCFH         LINE#         1528
  C:0CCFH         LINE#         1531
  C:0CCFH         LINE#         1533
  C:0CD5H         LINE#         1536
  C:0CD7H         LINE#         1538
  C:0CD7H         LINE#         1539
  C:0CDEH         LINE#         1540
  C:0CE0H         LINE#         1541
  C:0CE3H         LINE#         1542
  C:0CE8H         LINE#         1543
  C:0CF8H         LINE#         1544
  C:0CFDH         LINE#         1545
  C:0D06H         LINE#         1546
  C:0D0FH         LINE#         1547
  C:0D0FH         LINE#         1549
  C:0D11H         LINE#         1551
  C:0D12H         LINE#         1553
  C:0D12H         LINE#         1555
  C:0D45H         LINE#         1557
  C:0D45H         LINE#         1558
  C:0D4BH         LINE#         1559
  C:0D55H         LINE#         1560
  C:0D5DH         LINE#         1565
BL51 BANKED LINKER/LOCATER V6.22.2.0                                                  05/20/2021  15:51:07  PAGE 76


  C:0D66H         LINE#         1566
  C:0D66H         LINE#         1569
  C:0D67H         LINE#         1571
  C:0D67H         LINE#         1573
  C:0D6FH         LINE#         1574
  C:0D77H         LINE#         1583
  C:0D8EH         LINE#         1584
  C:0D8EH         LINE#         1585
  C:0D93H         LINE#         1586
  C:0D9CH         LINE#         1587
  C:0D9CH         LINE#         1589
  C:0DB3H         LINE#         1590
  C:0DB3H         LINE#         1591
  C:0DB8H         LINE#         1592
  C:0DC1H         LINE#         1593
  C:0DC1H         LINE#         1626
  C:0DC9H         LINE#         1627
  C:0DC9H         LINE#         1628
  C:0DD7H         LINE#         1629
  C:0DD7H         LINE#         1633
  C:0DDEH         LINE#         1634
  C:0DE1H         LINE#         1635
  C:0DE1H         LINE#         1637
  C:0DE1H         LINE#         1639
  C:0E07H         LINE#         1640
  C:0E07H         LINE#         1642
  C:0E07H         LINE#         1644
  C:0E14H         LINE#         1645
  C:0E14H         LINE#         1649
  C:0E18H         LINE#         1650
  C:0E18H         LINE#         1659
  C:0E24H         LINE#         1660
  C:0E24H         LINE#         1664
  C:0E28H         LINE#         1665
  C:0E31H         LINE#         1666
  C:0E3BH         LINE#         1667
  C:0E43H         LINE#         1668
  C:0E43H         LINE#         1669
  C:0E4AH         LINE#         1697
  C:0E4DH         LINE#         1698
  C:0E4DH         LINE#         1699
  C:0E4DH         LINE#         1700
  C:0E6CH         LINE#         1701
  C:0E6CH         LINE#         1702
  C:0E71H         LINE#         1704
  C:0E7BH         LINE#         1705
  C:0E83H         LINE#         1710
  C:0E86H         LINE#         1711
  C:0E88H         LINE#         1712
  C:0EA4H         LINE#         1713
  C:0EA4H         LINE#         1714
  C:0EA6H         LINE#         1715
  C:0EADH         LINE#         1717
  C:0EB9H         LINE#         1718
  C:0EBDH         LINE#         1719
  C:0EBDH         LINE#         1721
  C:0EC8H         LINE#         1722
BL51 BANKED LINKER/LOCATER V6.22.2.0                                                  05/20/2021  15:51:07  PAGE 77


  C:0EC8H         LINE#         1723
  C:0ED0H         LINE#         1727
  C:0ED0H         LINE#         1729
  C:0ED7H         LINE#         1730
  C:0EDCH         LINE#         1731
  C:0EDEH         LINE#         1733
  C:0EDEH         LINE#         1734
  C:0EE5H         LINE#         1736
  C:0EF0H         LINE#         1737
  C:0EF0H         LINE#         1738
  C:0EF8H         LINE#         1742
  C:0EF8H         LINE#         1743
  C:0EFAH         LINE#         1744
  C:0EFAH         LINE#         1745
  C:0EFAH         LINE#         1746
  C:0EFAH         LINE#         1747
  C:0EFAH         LINE#         1748
  C:0EFAH         LINE#         1750
  C:0F01H         LINE#         1761
  C:0F08H         LINE#         1762
  C:0F08H         LINE#         1767
  C:0F08H         LINE#         1827
  C:0F0EH         LINE#         1828
  C:0F11H         LINE#         1829
  C:0F11H         LINE#         1843
  C:0F19H         LINE#         1844
  C:0F19H         LINE#         1846
  C:0F27H         LINE#         1847
  C:0F27H         LINE#         1848
  C:0F2FH         LINE#         1849
  C:0F2FH         LINE#         1851
  C:0F38H         LINE#         1852
  C:0F3EH         LINE#         1853
  C:0F40H         LINE#         1855
  C:0F40H         LINE#         1856
  C:0F43H         LINE#         1857
  C:0F43H         LINE#         1861
  C:0F45H         LINE#         1862
  C:0F45H         LINE#         1867
  C:0F4AH         LINE#         1870
  C:0F53H         LINE#         1871
  C:0F53H         LINE#         1873
  C:0F55H         LINE#         1875
  C:0F56H         LINE#         1877
  C:0F56H         LINE#         1878
  C:0F63H         LINE#         1879
  C:0F65H         LINE#         1880
  C:0F67H         LINE#         1882
  C:0F67H         LINE#         1883
  C:0F71H         LINE#         1884
  C:0F73H         LINE#         1885
  C:0F75H         LINE#         1886
  C:0F75H         LINE#         1887
  C:0F7FH         LINE#         1888
  C:0F81H         LINE#         1889
  C:0F83H         LINE#         1891
  C:0F83H         LINE#         1892
BL51 BANKED LINKER/LOCATER V6.22.2.0                                                  05/20/2021  15:51:07  PAGE 78


  C:0F8DH         LINE#         1893
  C:0F8FH         LINE#         1894
  C:0F91H         LINE#         1897
  C:0F91H         LINE#         1898
  C:0F9BH         LINE#         1899
  C:0FA0H         LINE#         1900
  C:0FA0H         LINE#         1903
  C:0FA0H         LINE#         1905
  C:0FA7H         LINE#         1907
  C:0FACH         LINE#         1908
  C:0FACH         LINE#         1909
  C:0FADH         LINE#         1910
  C:0FB3H         LINE#         1911
  C:0FB3H         LINE#         1913
  C:0FBBH         LINE#         1914
  C:0FBBH         LINE#         1915
  C:0FBCH         LINE#         1916
  C:0FC2H         LINE#         1917
  C:0FC2H         LINE#         1919
  C:0FCAH         LINE#         1920
  C:0FCAH         LINE#         1921
  C:0FCBH         LINE#         1922
  C:0FD1H         LINE#         1923
  C:0FD1H         LINE#         1925
  C:0FD4H         LINE#         1927
  C:0FDDH         LINE#         1928
  C:0FDDH         LINE#         1930
  C:0FDDH         LINE#         1932
  C:0FE3H         LINE#         1934
  C:0FE3H         LINE#         1936
  C:0FE3H         LINE#         1937
  C:0FE3H         LINE#         1938
  C:0FE3H         LINE#         1939
  -------         ENDPROC       _SYSTIMEREVENTPROC
  -------         ENDMOD        SYSTIMER

  -------         MODULE        ?C?FPADD
  C:0FEBH         PUBLIC        ?C?FPADD
  C:0FE7H         PUBLIC        ?C?FPSUB
  -------         ENDMOD        ?C?FPADD

  -------         MODULE        ?C?FPMUL
  C:10DCH         PUBLIC        ?C?FPMUL
  -------         ENDMOD        ?C?FPMUL

  -------         MODULE        ?C?FPDIV
  C:11E5H         PUBLIC        ?C?FPDIV
  -------         ENDMOD        ?C?FPDIV

  -------         MODULE        ?C?FPCMP
  C:1284H         PUBLIC        ?C?FPCMP
  C:1282H         PUBLIC        ?C?FPCMP3
  -------         ENDMOD        ?C?FPCMP

  -------         MODULE        ?C?FCAST
  C:1305H         PUBLIC        ?C?FCASTC
  C:1300H         PUBLIC        ?C?FCASTI
BL51 BANKED LINKER/LOCATER V6.22.2.0                                                  05/20/2021  15:51:07  PAGE 79


  C:12FBH         PUBLIC        ?C?FCASTL
  -------         ENDMOD        ?C?FCAST

  -------         MODULE        ?C?CASTF
  C:1339H         PUBLIC        ?C?CASTF
  -------         ENDMOD        ?C?CASTF

  -------         MODULE        ?C?COPY
  C:148AH         PUBLIC        ?C?COPY
  -------         ENDMOD        ?C?COPY

  -------         MODULE        ?C?CLDPTR
  C:14B0H         PUBLIC        ?C?CLDPTR
  -------         ENDMOD        ?C?CLDPTR

  -------         MODULE        ?C?CLDOPTR
  C:14C9H         PUBLIC        ?C?CLDOPTR
  -------         ENDMOD        ?C?CLDOPTR

  -------         MODULE        ?C?CILDPTR
  C:14F6H         PUBLIC        ?C?CILDPTR
  -------         ENDMOD        ?C?CILDPTR

  -------         MODULE        ?C?CSTOPTR
  C:1518H         PUBLIC        ?C?CSTOPTR
  -------         ENDMOD        ?C?CSTOPTR

  -------         MODULE        ?C?IMUL
  C:153AH         PUBLIC        ?C?IMUL
  -------         ENDMOD        ?C?IMUL

  -------         MODULE        ?C?UIDIV
  C:154CH         PUBLIC        ?C?UIDIV
  -------         ENDMOD        ?C?UIDIV

  -------         MODULE        ?C?SIDIV
  C:15A1H         PUBLIC        ?C?SIDIV
  -------         ENDMOD        ?C?SIDIV

  -------         MODULE        ?C?IILDX
  C:15D7H         PUBLIC        ?C?IILDX
  -------         ENDMOD        ?C?IILDX

  -------         MODULE        ?C?ILDIX
  C:15EDH         PUBLIC        ?C?ILDIX
  -------         ENDMOD        ?C?ILDIX

  -------         MODULE        ?C?ILDPTR
  C:1603H         PUBLIC        ?C?ILDPTR
  -------         ENDMOD        ?C?ILDPTR

  -------         MODULE        ?C?ILDOPTR
  C:162EH         PUBLIC        ?C?ILDOPTR
  -------         ENDMOD        ?C?ILDOPTR

  -------         MODULE        ?C?ISTPTR
  C:1666H         PUBLIC        ?C?ISTPTR
BL51 BANKED LINKER/LOCATER V6.22.2.0                                                  05/20/2021  15:51:07  PAGE 80


  -------         ENDMOD        ?C?ISTPTR

  -------         MODULE        ?C?LMUL
  C:1685H         PUBLIC        ?C?LMUL
  -------         ENDMOD        ?C?LMUL

  -------         MODULE        ?C?ULDIV
  C:1710H         PUBLIC        ?C?ULDIV
  -------         ENDMOD        ?C?ULDIV

  -------         MODULE        ?C?SLDIV
  C:6563H         PUBLIC        ?C?SLDIV
  -------         ENDMOD        ?C?SLDIV

  -------         MODULE        ?C?LNEG
  C:17A2H         PUBLIC        ?C?LNEG
  -------         ENDMOD        ?C?LNEG

  -------         MODULE        ?C?SLCMP
  C:17B0H         PUBLIC        ?C?SLCMP
  -------         ENDMOD        ?C?SLCMP

  -------         MODULE        ?C?ULCMP
  C:17C6H         PUBLIC        ?C?ULCMP
  -------         ENDMOD        ?C?ULCMP

  -------         MODULE        ?C?ULSHR
  C:17D7H         PUBLIC        ?C?ULSHR
  -------         ENDMOD        ?C?ULSHR

  -------         MODULE        ?C?SLSHR
  C:17EAH         PUBLIC        ?C?SLSHR
  -------         ENDMOD        ?C?SLSHR

  -------         MODULE        ?C?LSHL
  C:17FEH         PUBLIC        ?C?LSHL
  -------         ENDMOD        ?C?LSHL

  -------         MODULE        ?C?LLDPTR
  C:1811H         PUBLIC        ?C?LLDPTR
  -------         ENDMOD        ?C?LLDPTR

  -------         MODULE        ?C?LSTXDATA
  C:1831H         PUBLIC        ?C?LSTXDATA
  -------         ENDMOD        ?C?LSTXDATA

  -------         MODULE        ?C?LSTKXDATA
  C:183DH         PUBLIC        ?C?LSTKXDATA
  -------         ENDMOD        ?C?LSTKXDATA

  -------         MODULE        ?C?PLDPTR
  C:186EH         PUBLIC        ?C?PLDPTR
  -------         ENDMOD        ?C?PLDPTR

  -------         MODULE        ?C?CCASE
  C:188EH         PUBLIC        ?C?CCASE
  -------         ENDMOD        ?C?CCASE
BL51 BANKED LINKER/LOCATER V6.22.2.0                                                  05/20/2021  15:51:07  PAGE 81



  -------         MODULE        ABS
  C:6AAFH         PUBLIC        _ABS
  -------         ENDMOD        ABS

  -------         MODULE        ?C?LLDIDATA
  C:18B4H         PUBLIC        ?C?LLDIDATA
  -------         ENDMOD        ?C?LLDIDATA

  -------         MODULE        ?C?LLDXDATA
  C:18C0H         PUBLIC        ?C?LLDXDATA
  -------         ENDMOD        ?C?LLDXDATA

  -------         MODULE        ?C?LLDPDATA
  C:18CCH         PUBLIC        ?C?LLDPDATA
  -------         ENDMOD        ?C?LLDPDATA

  -------         MODULE        ?C?LLDCODE
  C:18D8H         PUBLIC        ?C?LLDCODE
  -------         ENDMOD        ?C?LLDCODE

  -------         MODULE        ?C?PLDIDATA
  C:18E8H         PUBLIC        ?C?PLDIDATA
  -------         ENDMOD        ?C?PLDIDATA

  -------         MODULE        ?C?PLDXDATA
  C:18F1H         PUBLIC        ?C?PLDXDATA
  -------         ENDMOD        ?C?PLDXDATA

  -------         MODULE        ?C?PLDPDATA
  C:18FAH         PUBLIC        ?C?PLDPDATA
  -------         ENDMOD        ?C?PLDPDATA

  -------         MODULE        ?C?PLDCODE
  C:1903H         PUBLIC        ?C?PLDCODE
  -------         ENDMOD        ?C?PLDCODE

Program Size: data=109.5 xdata=710 code=27335
LINK/LOCATE RUN COMPLETE.  0 WARNING(S),  0 ERROR(S)
