BL51 BANKED LINKER/LOCATER V6.22.2.0                                                    03/02/2020  12:07:34  PAGE 1


BL51 BANKED LINKER/LOCATER V6.22.2.0, INVOKED BY:
C:\KEIL_V5\C51\BIN\BL51.EXE .\Output\cpu.obj, .\Output\etc_eep.obj, .\Output\I2c.obj, .\Output\keyremo.obj, .\Output\Mai
>> n.obj, .\Output\Printf.obj, .\Output\HS_DVRProtocol.obj, .\Output\monitor.obj, .\Output\SysTimer.obj, .\Output\SysPow
>> er.obj, .\Output\SysJudge.obj, .\Output\SysMode.obj TO .\Output\ML070I PRINT (.\Source\ML070I.m51) RAMSIZE (256)


MEMORY MODEL: LARGE WITH FLOATING POINT ARITHMETIC


INPUT MODULES INCLUDED:
  .\Output\cpu.obj (CPU)
  .\Output\etc_eep.obj (ETC_EEP)
  .\Output\I2c.obj (I2C)
  .\Output\keyremo.obj (KEYREMO)
  .\Output\Main.obj (MAIN)
  .\Output\Printf.obj (PRINTF)
  .\Output\HS_DVRProtocol.obj (HS_DVRPROTOCOL)
  .\Output\monitor.obj (MONITOR)
  .\Output\SysTimer.obj (SYSTIMER)
  .\Output\SysPower.obj (SYSPOWER)
  .\Output\SysJudge.obj (SYSJUDGE)
  .\Output\SysMode.obj (SYSMODE)
  C:\KEIL_V5\C51\LIB\C51FPL.LIB (?C?FPADD)
  C:\KEIL_V5\C51\LIB\C51FPL.LIB (?C?FPMUL)
  C:\KEIL_V5\C51\LIB\C51FPL.LIB (?C?FPDIV)
  C:\KEIL_V5\C51\LIB\C51FPL.LIB (?C?FCAST)
  C:\KEIL_V5\C51\LIB\C51FPL.LIB (?C?CASTF)
  C:\KEIL_V5\C51\LIB\C51FPL.LIB (?C?FPGETOPN)
  C:\KEIL_V5\C51\LIB\C51L.LIB (?C_STARTUP)
  C:\KEIL_V5\C51\LIB\C51L.LIB (?C?COPY)
  C:\KEIL_V5\C51\LIB\C51L.LIB (?C?CLDPTR)
  C:\KEIL_V5\C51\LIB\C51L.LIB (?C?CLDOPTR)
  C:\KEIL_V5\C51\LIB\C51L.LIB (?C?CILDPTR)
  C:\KEIL_V5\C51\LIB\C51L.LIB (?C?CSTOPTR)
  C:\KEIL_V5\C51\LIB\C51L.LIB (?C?IMUL)
  C:\KEIL_V5\C51\LIB\C51L.LIB (?C?UIDIV)
  C:\KEIL_V5\C51\LIB\C51L.LIB (?C?SIDIV)
  C:\KEIL_V5\C51\LIB\C51L.LIB (?C?IILDX)
  C:\KEIL_V5\C51\LIB\C51L.LIB (?C?ILDPTR)
  C:\KEIL_V5\C51\LIB\C51L.LIB (?C?ILDOPTR)
  C:\KEIL_V5\C51\LIB\C51L.LIB (?C?ISTPTR)
  C:\KEIL_V5\C51\LIB\C51L.LIB (?C?LADD)
  C:\KEIL_V5\C51\LIB\C51L.LIB (?C?LMUL)
  C:\KEIL_V5\C51\LIB\C51L.LIB (?C?ULDIV)
  C:\KEIL_V5\C51\LIB\C51L.LIB (?C?LNEG)
  C:\KEIL_V5\C51\LIB\C51L.LIB (?C?SLCMP)
  C:\KEIL_V5\C51\LIB\C51L.LIB (?C?ULCMP)
  C:\KEIL_V5\C51\LIB\C51L.LIB (?C?SLSHR)
  C:\KEIL_V5\C51\LIB\C51L.LIB (?C?LLDPTR)
  C:\KEIL_V5\C51\LIB\C51L.LIB (?C?LLDXDATA)
  C:\KEIL_V5\C51\LIB\C51L.LIB (?C?LLDXDATA0)
  C:\KEIL_V5\C51\LIB\C51L.LIB (?C?LSTXDATA)
  C:\KEIL_V5\C51\LIB\C51L.LIB (?C?LSTKXDATA)
  C:\KEIL_V5\C51\LIB\C51L.LIB (?C?PLDXDATA)
  C:\KEIL_V5\C51\LIB\C51L.LIB (?C?PLDIXDATA)
  C:\KEIL_V5\C51\LIB\C51L.LIB (?C?PSTXDATA)
  C:\KEIL_V5\C51\LIB\C51L.LIB (?C?PLDPTR)
  C:\KEIL_V5\C51\LIB\C51L.LIB (?C?CCASE)
BL51 BANKED LINKER/LOCATER V6.22.2.0                                                  03/02/2020  12:07:34  PAGE 2


  C:\KEIL_V5\C51\LIB\C51L.LIB (ABS)
  C:\KEIL_V5\C51\LIB\C51L.LIB (?C_INIT)
  C:\KEIL_V5\C51\LIB\C51L.LIB (?C?LLDIDATA)
  C:\KEIL_V5\C51\LIB\C51L.LIB (?C?LLDPDATA)
  C:\KEIL_V5\C51\LIB\C51L.LIB (?C?LLDCODE)
  C:\KEIL_V5\C51\LIB\C51L.LIB (?C?PLDIDATA)
  C:\KEIL_V5\C51\LIB\C51L.LIB (?C?PLDPDATA)
  C:\KEIL_V5\C51\LIB\C51L.LIB (?C?PLDCODE)


LINK MAP OF MODULE:  .\Output\ML070I (CPU)


            TYPE    BASE      LENGTH    RELOCATION   SEGMENT NAME
            -----------------------------------------------------

            * * * * * * *   D A T A   M E M O R Y   * * * * * * *
            REG     0000H     0008H     ABSOLUTE     "REG BANK 0"
            REG     0008H     0008H     ABSOLUTE     "REG BANK 1"
            DATA    0010H     0001H     UNIT         ?DT?MONITOR
            IDATA   0011H     0002H     UNIT         ?ID?SYSPOWER
            IDATA   0013H     0002H     UNIT         ?ID?SYSMODE
                    0015H     000BH                  *** GAP ***
            BIT     0020H.0   0000H.6   UNIT         ?BI?CPU
            BIT     0020H.6   0000H.3   UNIT         ?BI?MONITOR
            BIT     0021H.1   0000H.2   UNIT         _BIT_GROUP_
            BIT     0021H.3   0000H.1   UNIT         ?BI?HS_DVRPROTOCOL
            BIT     0021H.4   0000H.1   UNIT         ?BI?SYSTIMER
                    0021H.5   0000H.3                *** GAP ***
            DATA    0022H     0048H     UNIT         ?DT?CPU
            IDATA   006AH     0001H     UNIT         ?STACK

            * * * * * * *  X D A T A   M E M O R Y  * * * * * * *
            XDATA   0000H     0106H     UNIT         ?XD?HS_DVRPROTOCOL
            XDATA   0106H     0069H     UNIT         _XDATA_GROUP_
            XDATA   016FH     003AH     UNIT         ?XD?MONITOR
            XDATA   01A9H     002EH     UNIT         ?XD?MAIN
            XDATA   01D7H     0020H     UNIT         ?XD?SYSTIMER
            XDATA   01F7H     0010H     UNIT         ?XD?CPU
            XDATA   0207H     0008H     UNIT         ?XD?_A2I?MONITOR
            XDATA   020FH     0008H     UNIT         ?XD?_STRICMP?MONITOR
            XDATA   0217H     0005H     UNIT         ?XD?MONWRITEBIT?MONITOR
            XDATA   021CH     0004H     UNIT         ?XD?MONNEWDUMPI2C?MONITOR
            XDATA   0220H     0004H     UNIT         ?XD?_MCUTIMERREACTIVETIMEREVENT?SYSTIMER
            XDATA   0224H     0003H     UNIT         ?XD?_WRITEI2C?I2C
            XDATA   0227H     0003H     UNIT         ?XD?_PUTS?PRINTF
            XDATA   022AH     0003H     UNIT         ?XD?MONDUMPI2C?MONITOR
            XDATA   022DH     0003H     UNIT         ?XD?MONGETCOMMAND?MONITOR
            XDATA   0230H     0002H     UNIT         ?XD?_READI2CWORD?I2C
            XDATA   0232H     0002H     UNIT         ?XD?_READAD5110?I2C
            XDATA   0234H     0002H     UNIT         ?XD?MONTXDUMP?MONITOR
            XDATA   0236H     0001H     UNIT         ?XD?MONNEWREADI2C?MONITOR
            XDATA   0237H     0001H     UNIT         ?XD?MONNEWWRITEI2C?MONITOR
            XDATA   0238H     0001H     UNIT         ?XD?MONITOR?MONITOR
            XDATA   0239H     0001H     UNIT         ?XD?_SYSPOWERSYSTEMCLOCKSELECT?SYSPOWER

            * * * * * * *   C O D E   M E M O R Y   * * * * * * *
BL51 BANKED LINKER/LOCATER V6.22.2.0                                                  03/02/2020  12:07:34  PAGE 3


            CODE    0000H     0003H     ABSOLUTE     
            CODE    0003H     0008H     UNIT         ?PR?_RS_TX?CPU
            CODE    000BH     0003H     ABSOLUTE     
            CODE    000EH     0005H     UNIT         ?PR?SYSPOWERGETPOWERSTATUS?SYSPOWER
            CODE    0013H     0003H     ABSOLUTE     
            CODE    0016H     000DH     UNIT         ?PR?I2CSTOP?I2C
            CODE    0023H     0003H     ABSOLUTE     
            CODE    0026H     0004H     UNIT         ?PR?SYSJUDGEGETACTIVEWAITTIME?SYSJUDGE
            CODE    002AH     0001H     UNIT         ?PR?DD?I2C
            CODE    002BH     0003H     ABSOLUTE     
            CODE    002EH     0033H     UNIT         ?PR?_PRINTF?PRINTF
            CODE    0061H     0002H     UNIT         ?PR?WAITPOWERON?MAIN
            CODE    0063H     0003H     ABSOLUTE     
            CODE    0066H     08AFH     UNIT         ?C?LIB_CODE
            CODE    0915H     062EH     UNIT         ?CO?MONITOR
            CODE    0F43H     04F8H     UNIT         ?PR?MONITOR?MONITOR
            CODE    143BH     036EH     UNIT         ?PR?ENCORDERHANDLER?MAIN
            CODE    17A9H     0331H     UNIT         ?PR?_DOPRINT?PRINTF
            CODE    1ADAH     01F6H     UNIT         ?PR?TIMER0_INT?CPU
            CODE    1CD0H     01B7H     UNIT         ?PR?DVRRECEIVEPASER?HS_DVRPROTOCOL
            CODE    1E87H     01B5H     UNIT         ?PR?MONGETCOMMAND?MONITOR
            CODE    203CH     0137H     UNIT         ?PR?MONITOR
            CODE    2173H     0136H     UNIT         ?PR?MAIN
            CODE    22A9H     0128H     UNIT         ?PR?_SYSTIMEREVENTPROC?SYSTIMER
            CODE    23D1H     011DH     UNIT         ?CO?MAIN
            CODE    24EEH     0111H     UNIT         ?PR?MONWRITEBIT?MONITOR
            CODE    25FFH     00DEH     UNIT         ?PR?MONDUMPI2C?MONITOR
            CODE    26DDH     00D6H     UNIT         ?PR?_MCUTIMERCHECKTIMEREVENT?SYSTIMER
            CODE    27B3H     00C9H     UNIT         ?PR?_USERINTERFACETIMEREVENTPROC?SYSTIMER
            CODE    287CH     00BCH     UNIT         ?PR?MONNEWDUMPI2C?MONITOR
            CODE    2938H     00BBH     UNIT         ?CO?SYSTIMER
            CODE    29F3H     00B2H     UNIT         ?C_INITSEG
            CODE    2AA5H     00ABH     UNIT         ?PR?SYSPOWERHANDLER?SYSPOWER
            CODE    2B50H     00AAH     UNIT         ?PR?MAIN_INIT?CPU
            CODE    2BFAH     00A6H     UNIT         ?PR?_MCULIB_PROTOCOLSENDCMDWITHPARAMNUM?MAIN
            CODE    2CA0H     00A5H     UNIT         ?PR?_MAPPING1?MAIN
            CODE    2D45H     00A4H     UNIT         ?PR?_POWERLED?CPU
            CODE    2DE9H     00A2H     UNIT         ?PR?MONHELP?MONITOR
            CODE    2E8BH     008CH     UNIT         ?C_C51STARTUP
            CODE    2F17H     008AH     UNIT         ?PR?_MCUTIMERREACTIVETIMEREVENT?SYSTIMER
            CODE    2FA1H     0082H     UNIT         ?PR?_MCUTIMERACTIVETIMEREVENT?SYSTIMER
            CODE    3023H     0081H     UNIT         ?PR?SYSTIMERHANDLER?SYSTIMER
            CODE    30A4H     007DH     UNIT         ?PR?_MCU_SENDCMDTODVR?MAIN
            CODE    3121H     0079H     UNIT         ?PR?SYSTIMER
            CODE    319AH     0076H     UNIT         ?PR?MONWRITEI2C?MONITOR
            CODE    3210H     0075H     UNIT         ?PR?_MONINCDECI2C?MONITOR
            CODE    3285H     0070H     UNIT         ?PR?_A2I?MONITOR
            CODE    32F5H     0070H     UNIT         ?PR?SYSJUDGEMODERESETPROC?SYSJUDGE
            CODE    3365H     006AH     UNIT         ?PR?MONNEWWRITEI2C?MONITOR
            CODE    33CFH     0069H     UNIT         ?PR?_I2CWRITEDATA?I2C
            CODE    3438H     0067H     UNIT         ?PR?PRINTF
            CODE    349FH     0063H     UNIT         ?PR?MAIN?MAIN
            CODE    3502H     0061H     UNIT         ?CO?CPU
            CODE    3563H     0061H     UNIT         ?PR?GETFWREVEE?ETC_EEP
            CODE    35C4H     005FH     UNIT         ?PR?SYSJUDGEHANDLER?SYSJUDGE
            CODE    3623H     005DH     UNIT         ?PR?_MCULIB_PROTOCOLAPPEND?MAIN
            CODE    3680H     005CH     UNIT         ?PR?MONNEWREADI2C?MONITOR
BL51 BANKED LINKER/LOCATER V6.22.2.0                                                  03/02/2020  12:07:34  PAGE 4


            CODE    36DCH     0058H     UNIT         ?CO?HS_DVRPROTOCOL
            CODE    3734H     0047H     UNIT         ?PR?_WRITEEEP?I2C
            CODE    377BH     0044H     UNIT         ?PR?_SAVEFWREVEE?ETC_EEP
            CODE    37BFH     0043H     UNIT         ?PR?INITCPU?CPU
            CODE    3802H     0042H     UNIT         ?PR?MONREADI2C?MONITOR
            CODE    3844H     0040H     UNIT         ?PR?_READI2CWORD?I2C
            CODE    3884H     003DH     UNIT         ?PR?MONTXDUMP?MONITOR
            CODE    38C1H     003CH     UNIT         ?PR?_STRICMP?MONITOR
            CODE    38FDH     0039H     UNIT         ?PR?_READI2C?I2C
            CODE    3936H     0039H     UNIT         ?PR?_WRITEAD5110?I2C
            CODE    396FH     0039H     UNIT         ?PR?_ASC2BIN?MONITOR
            CODE    39A8H     0037H     UNIT         ?PR?_ASC1BIN?MONITOR
            CODE    39DFH     0032H     UNIT         ?PR?MCUTIMERGETTIMERCOUNTER?SYSTIMER
            CODE    3A11H     0031H     UNIT         ?PR?_SET_PWM?CPU
            CODE    3A42H     0030H     UNIT         ?PR?I2CREADDATA?I2C
            CODE    3A72H     002EH     UNIT         ?PR?_SETAD5110STEP?MAIN
            CODE    3AA0H     002DH     UNIT         ?PR?SERIAL2_INT?CPU
            CODE    3ACDH     002CH     UNIT         ?PR?_READAD5110?I2C
            CODE    3AF9H     002BH     UNIT         ?PR?SERIAL_INT?CPU
            CODE    3B24H     002BH     UNIT         ?PR?CPU
            CODE    3B4FH     0029H     UNIT         ?PR?_WRITEI2C?I2C
            CODE    3B78H     0028H     UNIT         ?PR?I2CREADDATAWITHACK?I2C
            CODE    3BA0H     0027H     UNIT         ?PR?_MCUTIMERCANCELTIMEREVENT?SYSTIMER
            CODE    3BC7H     0026H     UNIT         ?PR?_READEEP?I2C
            CODE    3BEDH     0023H     UNIT         ?PR?GETBATTERYBTH?MAIN
            CODE    3C10H     0022H     UNIT         ?PR?PROMPT?MONITOR
            CODE    3C32H     0020H     UNIT         ?PR?_GETADCVALUE?MAIN
            CODE    3C52H     0020H     UNIT         ?PR?GETBATTERYVOLTAGE?MAIN
            CODE    3C72H     001DH     UNIT         ?PR?MAIN_LOOP?MAIN
            CODE    3C8FH     001DH     UNIT         ?PR?_TOUPPER?MONITOR
            CODE    3CACH     001BH     UNIT         ?PR?CLEARBASICEE?ETC_EEP
            CODE    3CC7H     001BH     UNIT         ?PR?_PUTS?PRINTF
            CODE    3CE2H     0019H     UNIT         ?PR?LOADEEPROM?MAIN
            CODE    3CFBH     0018H     UNIT         ?PR?RS_RX?CPU
            CODE    3D13H     0018H     UNIT         ?PR?_DELAY?CPU
            CODE    3D2BH     0017H     UNIT         ?CO?SYSJUDGE
            CODE    3D42H     0016H     UNIT         ?PR?INITVARS?CPU
            CODE    3D58H     0015H     UNIT         ?PR?_GETKEY?KEYREMO
            CODE    3D6DH     0015H     UNIT         ?PR?INITIALTIMEREVENT?MAIN
            CODE    3D82H     0015H     UNIT         ?PR?_MCUTIMERDELAYXMS?SYSTIMER
            CODE    3D97H     0014H     UNIT         ?PR?MCUTIMERINITIALTIMEREVENT?SYSTIMER
            CODE    3DABH     0012H     UNIT         ?CO?ETC_EEP
            CODE    3DBDH     0012H     UNIT         ?PR?I2CSTART?I2C
            CODE    3DCFH     0012H     UNIT         ?PR?SCANKEY?KEYREMO
            CODE    3DE1H     0011H     UNIT         ?CO?PRINTF
            CODE    3DF2H     0010H     UNIT         ?PR?_SYSPOWERSWITCH?SYSPOWER
            CODE    3E02H     000FH     UNIT         ?PR?TIMER2_INT?CPU
            CODE    3E11H     000FH     UNIT         ?PR?_USERINTERFACEPOWERSWITCH?SYSPOWER
            CODE    3E20H     000EH     UNIT         ?PR?SYSMODEDISPLAYSETTING?SYSMODE
            CODE    3E2EH     000CH     UNIT         ?PR?_SYSPOWERSETTARGETPOWERSTATUS?SYSPOWER
            CODE    3E3AH     000CH     UNIT         ?PR?_SYSJUDGESTATECHANGEEVENT?SYSJUDGE
            CODE    3E46H     000CH     UNIT         ?PR?_SYSMODESETMODESTATE?SYSMODE
            CODE    3E52H     000CH     UNIT         ?PR?_SYSMODESETRESETTARGET?SYSMODE
            CODE    3E5EH     000CH     UNIT         ?PR?_ABS?ABS
            CODE    3E6AH     000BH     UNIT         ?PR?RS_READY?CPU
            CODE    3E75H     000BH     UNIT         ?PR?_MCUTIMERGETEVENTID?SYSTIMER
            CODE    3E80H     000BH     UNIT         ?PR?SYSMODEGETMODESTATECHANGE?SYSMODE
BL51 BANKED LINKER/LOCATER V6.22.2.0                                                  03/02/2020  12:07:34  PAGE 5


            CODE    3E8BH     000AH     UNIT         ?PR?I2C
            CODE    3E95H     000AH     UNIT         ?PR?_MCUTIMERGETEVENTTIME?SYSTIMER
            CODE    3E9FH     0009H     UNIT         ?PR?_SAVEDEBUGLEVELEE?ETC_EEP
            CODE    3EA8H     0009H     UNIT         ?PR?_MCUTIMERCLREVENTVALID?SYSTIMER
            CODE    3EB1H     0008H     UNIT         ?PR?SYSJUDGE
            CODE    3EB9H     0007H     UNIT         ?PR?GETDEBUGLEVELEE?ETC_EEP
            CODE    3EC0H     0007H     UNIT         ?PR?_MCUTIMERCHECKEVENTVALID?SYSTIMER
            CODE    3EC7H     0007H     UNIT         ?PR?SYSPOWERGETTARGETPOWERSTATUS?SYSPOWER
            CODE    3ECEH     0007H     UNIT         ?PR?SYSPOWER
            CODE    3ED5H     0007H     UNIT         ?PR?SYSMODEGETMODESTATE?SYSMODE
            CODE    3EDCH     0006H     UNIT         ?PR?_SYSPOWERSYSTEMCLOCKSELECT?SYSPOWER
            CODE    3EE2H     0003H     UNIT         ?PR?EXT1_INT?CPU
            CODE    3EE5H     0003H     UNIT         ?PR?_MON_TX?MONITOR
            CODE    3EE8H     0002H     UNIT         ?PR?SYSJUDGECHECKSTATUS?SYSJUDGE
            CODE    3EEAH     0002H     UNIT         ?PR?SYSMODESETUPMDOMAIN?SYSMODE
            CODE    3EECH     0001H     UNIT         ?PR?_MCUTIMEREVENTPROC?SYSTIMER
            CODE    3EEDH     0001H     UNIT         ?PR?SYSPOWERINITIAL?SYSPOWER
            CODE    3EEEH     0001H     UNIT         ?PR?SYSPOWERIDLEPROC?SYSPOWER
            CODE    3EEFH     0001H     UNIT         ?PR?_SYSPOWERTOPISOLATION?SYSPOWER
            CODE    3EF0H     0001H     UNIT         ?PR?_SYSPOWERANALOGISOLATION?SYSPOWER
            CODE    3EF1H     0001H     UNIT         ?PR?_SYSPOWERGDIISOLATION?SYSPOWER
            CODE    3EF2H     0001H     UNIT         ?PR?SYSPOWERRECOVERTOPAREADATA?SYSPOWER
            CODE    3EF3H     0001H     UNIT         ?PR?SYSPOWERRECOVERANALOGAREADATA?SYSPOWER
            CODE    3EF4H     0001H     UNIT         ?PR?SYSPOWERRECOVERGDIAREADATA?SYSPOWER
            CODE    3EF5H     0001H     UNIT         ?PR?SYSMODEHANDLER?SYSMODE
            CODE    3EF6H     0001H     UNIT         ?PR?SYSMODESETUPINPUTCAPTURE?SYSMODE
            CODE    3EF7H     0001H     UNIT         ?PR?SYSMODESETUPDISPLAYCAPTURE?SYSMODE
            CODE    3EF8H     0001H     UNIT         ?PR?_SYSMODERESETSTATE?SYSMODE
            CODE    3EF9H     0001H     UNIT         ?PR?SYSMODESETFREERUN?SYSMODE
            CODE    3EFAH     0001H     UNIT         ?PR?SYSMODEDISPLAYTIMINGINITIAL?SYSMODE



OVERLAY MAP OF MODULE:   .\Output\ML070I (CPU)


SEGMENT                                             BIT_GROUP          XDATA_GROUP
  +--> CALLED SEGMENT                            START    LENGTH     START    LENGTH
------------------------------------------------------------------------------------
?PR?TIMER0_INT?CPU                               -----    -----      -----    -----
  +--> ?PR?CPU

*** NEW ROOT ***************************************************

?PR?SERIAL_INT?CPU                               -----    -----      -----    -----
  +--> ?PR?CPU

*** NEW ROOT ***************************************************

?PR?SERIAL2_INT?CPU                              -----    -----      -----    -----
  +--> ?PR?CPU

*** NEW ROOT ***************************************************

?C_C51STARTUP                                    -----    -----      -----    -----
  +--> ?PR?MAIN?MAIN
  +--> ?C_INITSEG
BL51 BANKED LINKER/LOCATER V6.22.2.0                                                  03/02/2020  12:07:34  PAGE 6



?PR?MAIN?MAIN                                    -----    -----      -----    -----
  +--> ?PR?INITCPU?CPU
  +--> ?PR?_MCUTIMERDELAYXMS?SYSTIMER
  +--> ?CO?MAIN
  +--> ?PR?_PRINTF?PRINTF
  +--> ?PR?MAIN_INIT?CPU
  +--> ?PR?INITVARS?CPU
  +--> ?PR?LOADEEPROM?MAIN
  +--> ?PR?INITIALTIMEREVENT?MAIN
  +--> ?PR?MAIN_LOOP?MAIN
  +--> ?PR?WAITPOWERON?MAIN

?PR?_PRINTF?PRINTF                               -----    -----      012CH    002EH
  +--> ?PR?_DOPRINT?PRINTF

?PR?_DOPRINT?PRINTF                              0021H.1  0000H.2    015AH    0015H
  +--> ?PR?PRINTF
  +--> ?CO?PRINTF

?PR?MAIN_INIT?CPU                                -----    -----      0106H    0002H
  +--> ?PR?GETFWREVEE?ETC_EEP
  +--> ?CO?CPU
  +--> ?PR?CPU
  +--> ?PR?_PRINTF?PRINTF
  +--> ?PR?_SAVEFWREVEE?ETC_EEP
  +--> ?PR?CLEARBASICEE?ETC_EEP
  +--> ?PR?GETDEBUGLEVELEE?ETC_EEP
  +--> ?PR?_DELAY?CPU

?PR?GETFWREVEE?ETC_EEP                           -----    -----      0108H    0002H
  +--> ?PR?_READEEP?I2C

?PR?_READEEP?I2C                                 -----    -----      010AH    0001H
  +--> ?PR?_READI2C?I2C
  +--> ?PR?_DELAY?CPU

?PR?_READI2C?I2C                                 -----    -----      010BH    0003H
  +--> ?PR?I2CSTART?I2C
  +--> ?PR?_I2CWRITEDATA?I2C
  +--> ?PR?I2CREADDATA?I2C
  +--> ?PR?I2CSTOP?I2C

?PR?I2CSTART?I2C                                 -----    -----      -----    -----
  +--> ?PR?DD?I2C

?PR?_I2CWRITEDATA?I2C                            -----    -----      -----    -----
  +--> ?PR?I2C

?PR?I2C                                          -----    -----      -----    -----
  +--> ?PR?DD?I2C

?PR?I2CREADDATA?I2C                              -----    -----      -----    -----
  +--> ?PR?DD?I2C

?PR?I2CSTOP?I2C                                  -----    -----      -----    -----
  +--> ?PR?DD?I2C
BL51 BANKED LINKER/LOCATER V6.22.2.0                                                  03/02/2020  12:07:34  PAGE 7



?PR?_SAVEFWREVEE?ETC_EEP                         -----    -----      0108H    0002H
  +--> ?PR?_WRITEEEP?I2C

?PR?_WRITEEEP?I2C                                -----    -----      010AH    0004H
  +--> ?PR?I2CSTART?I2C
  +--> ?PR?_I2CWRITEDATA?I2C
  +--> ?PR?I2CSTOP?I2C
  +--> ?PR?_DELAY?CPU

?PR?CLEARBASICEE?ETC_EEP                         -----    -----      -----    -----
  +--> ?CO?ETC_EEP
  +--> ?PR?_PRINTF?PRINTF
  +--> ?PR?_WRITEEEP?I2C

?PR?GETDEBUGLEVELEE?ETC_EEP                      -----    -----      -----    -----
  +--> ?PR?_READEEP?I2C

?PR?LOADEEPROM?MAIN                              -----    -----      -----    -----
  +--> ?PR?_READEEP?I2C

?PR?INITIALTIMEREVENT?MAIN                       -----    -----      -----    -----
  +--> ?PR?MCUTIMERINITIALTIMEREVENT?SYSTIMER
  +--> ?PR?_MCUTIMERACTIVETIMEREVENT?SYSTIMER

?PR?MCUTIMERINITIALTIMEREVENT?SYSTIMER           -----    -----      -----    -----
  +--> ?PR?SYSTIMER

?PR?_MCUTIMERACTIVETIMEREVENT?SYSTIMER           -----    -----      010AH    0004H
  +--> ?PR?SYSTIMER
  +--> ?PR?_MCUTIMERCHECKTIMEREVENT?SYSTIMER

?PR?_MCUTIMERCHECKTIMEREVENT?SYSTIMER            -----    -----      010EH    0005H
  +--> ?PR?MCUTIMERGETTIMERCOUNTER?SYSTIMER
  +--> ?PR?SYSTIMER

?PR?MCUTIMERGETTIMERCOUNTER?SYSTIMER             -----    -----      0113H    0002H
  +--> ?PR?SYSTIMER
  +--> ?PR?_ABS?ABS

?PR?MAIN_LOOP?MAIN                               -----    -----      -----    -----
  +--> ?CO?MAIN
  +--> ?PR?_PRINTF?PRINTF
  +--> ?PR?DVRRECEIVEPASER?HS_DVRPROTOCOL
  +--> ?PR?SYSJUDGEHANDLER?SYSJUDGE
  +--> ?PR?SYSTIMERHANDLER?SYSTIMER
  +--> ?PR?SYSPOWERHANDLER?SYSPOWER
  +--> ?PR?SCANKEY?KEYREMO
  +--> ?PR?ENCORDERHANDLER?MAIN

?PR?DVRRECEIVEPASER?HS_DVRPROTOCOL               -----    -----      0106H    0001H
  +--> ?PR?RS_READY?CPU
  +--> ?PR?RS_RX?CPU
  +--> ?CO?HS_DVRPROTOCOL
  +--> ?PR?_PRINTF?PRINTF
  +--> ?PR?_MCUTIMERACTIVETIMEREVENT?SYSTIMER

BL51 BANKED LINKER/LOCATER V6.22.2.0                                                  03/02/2020  12:07:34  PAGE 8


?PR?RS_RX?CPU                                    -----    -----      -----    -----
  +--> ?PR?CPU

?PR?SYSJUDGEHANDLER?SYSJUDGE                     -----    -----      -----    -----
  +--> ?PR?SYSJUDGE
  +--> ?PR?_SYSJUDGESTATECHANGEEVENT?SYSJUDGE
  +--> ?CO?SYSJUDGE
  +--> ?PR?_PRINTF?PRINTF
  +--> ?PR?SYSJUDGEMODERESETPROC?SYSJUDGE

?PR?SYSJUDGEMODERESETPROC?SYSJUDGE               -----    -----      -----    -----
  +--> ?PR?SYSJUDGE
  +--> ?PR?_SYSMODERESETSTATE?SYSMODE
  +--> ?PR?_SYSJUDGESTATECHANGEEVENT?SYSJUDGE
  +--> ?PR?SYSJUDGECHECKSTATUS?SYSJUDGE

?PR?SYSTIMERHANDLER?SYSTIMER                     -----    -----      0106H    0004H
  +--> ?PR?SYSTIMER
  +--> ?PR?MCUTIMERGETTIMERCOUNTER?SYSTIMER
  +--> ?PR?_MCUTIMERCHECKEVENTVALID?SYSTIMER
  +--> ?PR?_MCUTIMERGETEVENTTIME?SYSTIMER
  +--> ?PR?_MCUTIMERCLREVENTVALID?SYSTIMER
  +--> ?PR?_MCUTIMERGETEVENTID?SYSTIMER
  +--> ?PR?_USERINTERFACETIMEREVENTPROC?SYST...
  +--> ?PR?_SYSTIMEREVENTPROC?SYSTIMER

?PR?_MCUTIMERCHECKEVENTVALID?SYSTIMER            -----    -----      -----    -----
  +--> ?PR?SYSTIMER

?PR?_MCUTIMERGETEVENTTIME?SYSTIMER               -----    -----      -----    -----
  +--> ?PR?SYSTIMER

?PR?_MCUTIMERCLREVENTVALID?SYSTIMER              -----    -----      -----    -----
  +--> ?PR?SYSTIMER

?PR?_MCUTIMERGETEVENTID?SYSTIMER                 -----    -----      -----    -----
  +--> ?PR?SYSTIMER

?PR?_USERINTERFACETIMEREVENTPROC?SYST...         -----    -----      -----    -----
  +--> ?CO?SYSTIMER
  +--> ?PR?_PRINTF?PRINTF
  +--> ?PR?_MCUTIMERACTIVETIMEREVENT?SYSTIMER
  +--> ?PR?_MCU_SENDCMDTODVR?MAIN
  +--> ?PR?_SETAD5110STEP?MAIN
  +--> ?PR?_WRITEEEP?I2C

?PR?_MCU_SENDCMDTODVR?MAIN                       -----    -----      010AH    0004H
  +--> ?CO?MAIN
  +--> ?PR?MAIN
  +--> ?PR?_MCULIB_PROTOCOLSENDCMDWITHPARAMN...

?PR?MAIN                                         -----    -----      -----    -----
  +--> ?CO?MAIN

?PR?_MCULIB_PROTOCOLSENDCMDWITHPARAMN...         -----    -----      010EH    0017H
  +--> ?PR?MAIN
  +--> ?PR?_MCULIB_PROTOCOLAPPEND?MAIN
BL51 BANKED LINKER/LOCATER V6.22.2.0                                                  03/02/2020  12:07:34  PAGE 9


  +--> ?PR?_RS_TX?CPU

?PR?_MCULIB_PROTOCOLAPPEND?MAIN                  -----    -----      0125H    0007H
  +--> ?PR?MAIN

?PR?_SETAD5110STEP?MAIN                          -----    -----      010AH    0002H
  +--> ?PR?_MAPPING1?MAIN
  +--> ?PR?_WRITEAD5110?I2C

?PR?_MAPPING1?MAIN                               -----    -----      010CH    000FH
  +--> ?PR?MAIN

?PR?_WRITEAD5110?I2C                             -----    -----      -----    -----
  +--> ?PR?I2CSTART?I2C
  +--> ?PR?_I2CWRITEDATA?I2C
  +--> ?PR?DD?I2C
  +--> ?PR?I2CSTOP?I2C
  +--> ?PR?_DELAY?CPU

?PR?_SYSTIMEREVENTPROC?SYSTIMER                  -----    -----      -----    -----
  +--> ?PR?_POWERLED?CPU
  +--> ?PR?GETBATTERYVOLTAGE?MAIN
  +--> ?PR?SYSTIMER
  +--> ?PR?_MCU_SENDCMDTODVR?MAIN
  +--> ?CO?SYSTIMER
  +--> ?PR?_PRINTF?PRINTF
  +--> ?PR?GETBATTERYBTH?MAIN
  +--> ?PR?_MCUTIMERACTIVETIMEREVENT?SYSTIMER

?PR?_POWERLED?CPU                                -----    -----      -----    -----
  +--> ?PR?_MCUTIMERACTIVETIMEREVENT?SYSTIMER

?PR?GETBATTERYVOLTAGE?MAIN                       -----    -----      010AH    0002H
  +--> ?PR?_GETADCVALUE?MAIN
  +--> ?CO?MAIN
  +--> ?PR?MAIN
  +--> ?PR?_PRINTF?PRINTF

?PR?GETBATTERYBTH?MAIN                           -----    -----      010AH    0002H
  +--> ?PR?_GETADCVALUE?MAIN
  +--> ?CO?MAIN
  +--> ?PR?MAIN
  +--> ?PR?_PRINTF?PRINTF

?PR?SYSPOWERHANDLER?SYSPOWER                     -----    -----      -----    -----
  +--> ?PR?_SYSPOWERSWITCH?SYSPOWER
  +--> ?PR?SYSPOWER

?PR?_SYSPOWERSWITCH?SYSPOWER                     -----    -----      -----    -----
  +--> ?PR?_USERINTERFACEPOWERSWITCH?SYSPOWER

?PR?_USERINTERFACEPOWERSWITCH?SYSPOWER           -----    -----      -----    -----
  +--> ?PR?_MCUTIMERACTIVETIMEREVENT?SYSTIMER

?PR?SCANKEY?KEYREMO                              -----    -----      -----    -----
  +--> ?PR?_GETKEY?KEYREMO
  +--> ?PR?_MCUTIMERACTIVETIMEREVENT?SYSTIMER
BL51 BANKED LINKER/LOCATER V6.22.2.0                                                  03/02/2020  12:07:34  PAGE 10



?PR?_GETKEY?KEYREMO                              0021H.1  0000H.1    -----    -----

?PR?ENCORDERHANDLER?MAIN                         -----    -----      0106H    0026H
  +--> ?PR?MAIN
  +--> ?CO?MAIN
  +--> ?PR?_PRINTF?PRINTF



SYMBOL TABLE OF MODULE:  .\Output\ML070I (CPU)

  VALUE           TYPE          NAME
  ----------------------------------

  -------         MODULE        CPU
  C:0000H         SYMBOL        _ICE_DUMMY_
  C:37BFH         PUBLIC        InitCPU
  D:00B1H         PUBLIC        P3M0
  C:1ADAH         PUBLIC        timer0_int
  X:01F7H         PUBLIC        FormatSDCard
  D:00B2H         PUBLIC        P3M1
  D:00B0H         PUBLIC        P3
  C:3E02H         PUBLIC        timer2_int
  D:00E8H         PUBLIC        P4
  X:01F8H         PUBLIC        FormatWait
  X:01F9H         PUBLIC        Power_Msg_Count
  D:00F9H         PUBLIC        CH
  D:0022H         PUBLIC        DVR_buf
  D:0040H         PUBLIC        keytic
  D:00A8H         PUBLIC        IE
  D:00E9H         PUBLIC        CL
  D:0041H         PUBLIC        RS2_in
  B:0020H.0       PUBLIC        RepeatKey
  X:01FBH         PUBLIC        LED_FLASH_COUNT
  C:3D13H         PUBLIC        _delay
  D:00FDH         PUBLIC        CCAP3H
  D:00FEH         PUBLIC        CCAP4H
  B:00A8H.4       PUBLIC        ES
  D:00EDH         PUBLIC        CCAP3L
  D:00EEH         PUBLIC        CCAP4L
  D:00DDH         PUBLIC        CCAPM3
  D:00B8H         PUBLIC        IP
  D:00DEH         PUBLIC        CCAPM4
  B:0098H.0       PUBLIC        RI
  B:0098H.1       PUBLIC        TI
  C:3E6AH         PUBLIC        RS_ready
  D:0042H         PUBLIC        tic01
  B:0020H.1       PUBLIC        KeyReady
  B:0020H.2       PUBLIC        RS_Xbusy
  D:0043H         PUBLIC        tic02
  D:00D9H         PUBLIC        CMOD
  D:00D8H         PUBLIC        CCON
  X:01FDH         PUBLIC        Time5ms
  X:01FEH         PUBLIC        keyticSec
  D:0044H         PUBLIC        Key
  C:3AF9H         PUBLIC        serial_int
BL51 BANKED LINKER/LOCATER V6.22.2.0                                                  03/02/2020  12:07:34  PAGE 11


  C:3EE2H         PUBLIC        ext1_int
  D:0099H         PUBLIC        SBUF
  D:0087H         PUBLIC        PCON
  D:0098H         PUBLIC        SCON
  C:3D42H         PUBLIC        InitVars
  D:0089H         PUBLIC        TMOD
  D:0088H         PUBLIC        TCON
  C:2B50H         PUBLIC        main_init
  C:3A11H         PUBLIC        _SET_PWM
  X:01FFH         PUBLIC        PowerDownWait
  D:0045H         PUBLIC        tm01
  D:0047H         PUBLIC        stopWatch
  X:0200H         PUBLIC        EncorderCount
  D:0049H         SYMBOL        RS_buf
  D:0051H         PUBLIC        tic_PWR_SAVING
  D:0055H         PUBLIC        tic_Init_time
  B:00A8H.5       PUBLIC        ET2
  B:00C8H.7       PUBLIC        TF2
  D:008CH         PUBLIC        TH0
  D:008DH         PUBLIC        TH1
  B:00A8H.2       PUBLIC        EX1
  D:008AH         PUBLIC        TL0
  B:0020H.3       PUBLIC        RS2_Xbusy
  B:00C8H.2       PUBLIC        TR2
  X:0202H         PUBLIC        updn_reg
  B:0020H.4       PUBLIC        PWR_SAVING_ACT_FLAG
  D:0059H         PUBLIC        RS_in
  D:005AH         PUBLIC        RS_out
  C:3AA0H         PUBLIC        serial2_int
  C:2D45H         PUBLIC        _PowerLED
  D:00AAH         PUBLIC        S2CON
  D:00C8H         PUBLIC        T2CON
  X:0206H         PUBLIC        FLASH_FLAG
  D:00BAH         PUBLIC        S2BRT
  C:3CFBH         PUBLIC        RS_rx
  C:0003H         PUBLIC        _RS_tx
  D:005BH         PUBLIC        tm001
  D:00A6H         PUBLIC        AUXR2
  B:0020H.5       PUBLIC        ChangeKey
  D:005CH         PUBLIC        tic_pc
  D:005EH         PUBLIC        RS_buf2
  D:0066H         PUBLIC        SystemClock
  D:00ADH         PUBLIC        AUXIE
  C:3B24H         SYMBOL        Com0066
  C:3B24H         SYMBOL        L?0103
  C:3B24H         SYMBOL        L?0104
  C:3B27H         SYMBOL        L?0105
  C:3B2EH         SYMBOL        L?0106
  C:3B2EH         SYMBOL        L?0107
  C:3B31H         SYMBOL        L?0108
  C:3B37H         SYMBOL        L?0109
  C:3B3FH         SYMBOL        L?0110
  C:3B3FH         SYMBOL        L?0111
  C:3B47H         SYMBOL        L?0112
  C:3B47H         SYMBOL        L?0113
  -------         PROC          COM0066
  -------         ENDPROC       COM0066
BL51 BANKED LINKER/LOCATER V6.22.2.0                                                  03/02/2020  12:07:34  PAGE 12


  -------         PROC          MAIN_INIT
  -------         DO            
  X:0106H         SYMBOL        rev
  -------         ENDDO         
  C:2B50H         LINE#         292
  C:2B50H         LINE#         293
  C:2B50H         LINE#         316
  C:2B5BH         LINE#         317
  C:2B68H         LINE#         319
  C:2B71H         LINE#         320
  C:2B71H         LINE#         321
  C:2B7EH         LINE#         322
  C:2B85H         LINE#         323
  C:2B99H         LINE#         324
  C:2B99H         LINE#         329
  C:2BA2H         LINE#         330
  C:2BA2H         LINE#         331
  C:2BAEH         LINE#         332
  C:2BAEH         LINE#         337
  C:2BB1H         LINE#         343
  C:2BB3H         LINE#         345
  C:2BB3H         LINE#         346
  C:2BBBH         LINE#         347
  C:2BCCH         LINE#         348
  C:2BCCH         LINE#         350
  C:2BCEH         LINE#         352
  C:2BCEH         LINE#         353
  C:2BD7H         LINE#         354
  C:2BE0H         LINE#         355
  C:2BE7H         LINE#         361
  C:2BE7H         LINE#         387
  C:2BECH         LINE#         408
  C:2BF4H         LINE#         409
  C:2BF9H         LINE#         411
  -------         ENDPROC       MAIN_INIT
  -------         PROC          INITCPU
  C:37BFH         LINE#         419
  C:37BFH         LINE#         420
  C:37BFH         LINE#         430
  C:37C2H         LINE#         438
  C:37C5H         LINE#         440
  C:37C8H         LINE#         442
  C:37CBH         LINE#         446
  C:37D1H         LINE#         448
  C:37D4H         LINE#         449
  C:37D7H         LINE#         453
  C:37DAH         LINE#         456
  C:37DCH         LINE#         457
  C:37DEH         LINE#         463
  C:37E1H         LINE#         464
  C:37E3H         LINE#         465
  C:37E5H         LINE#         471
  C:37E8H         LINE#         472
  C:37EBH         LINE#         475
  C:37EEH         LINE#         478
  C:37F1H         LINE#         480
  C:37F3H         LINE#         482
BL51 BANKED LINKER/LOCATER V6.22.2.0                                                  03/02/2020  12:07:34  PAGE 13


  C:37F5H         LINE#         483
  C:37F7H         LINE#         485
  C:37F9H         LINE#         486
  C:37FCH         LINE#         496
  C:37FFH         LINE#         497
  C:3801H         LINE#         500
  -------         ENDPROC       INITCPU
  -------         PROC          _SET_PWM
  D:0007H         SYMBOL        index
  D:0005H         SYMBOL        val
  C:3A11H         LINE#         503
  C:3A11H         LINE#         504
  C:3A11H         LINE#         505
  C:3A20H         LINE#         506
  C:3A20H         LINE#         507
  C:3A20H         LINE#         511
  C:3A23H         LINE#         512
  C:3A29H         LINE#         513
  C:3A2CH         LINE#         514
  C:3A2DH         LINE#         515
  C:3A2DH         LINE#         519
  C:3A30H         LINE#         520
  C:3A36H         LINE#         521
  C:3A39H         LINE#         522
  C:3A3AH         LINE#         523
  C:3A3AH         LINE#         524
  C:3A3DH         LINE#         525
  C:3A3EH         LINE#         526
  C:3A3EH         LINE#         527
  C:3A41H         LINE#         528
  C:3A41H         LINE#         530
  C:3A41H         LINE#         531
  C:3A41H         LINE#         532
  C:3A41H         LINE#         535
  -------         ENDPROC       _SET_PWM
  -------         PROC          TIMER0_INT
  -------         DO            
  D:000FH         SYMBOL        TempKey
  -------         ENDDO         
  C:1ADAH         LINE#         544
  C:1AE7H         LINE#         548
  C:1AE9H         LINE#         551
  C:1AEBH         LINE#         553
  C:1AF6H         LINE#         554
  C:1AF6H         LINE#         555
  C:1AFDH         LINE#         556
  C:1B00H         LINE#         557
  C:1B02H         LINE#         558
  C:1B02H         LINE#         586
  C:1B10H         LINE#         587
  C:1B27H         LINE#         588
  C:1B31H         LINE#         589
  C:1B37H         LINE#         642
  C:1B3DH         LINE#         643
  C:1B3FH         LINE#         644
  C:1B48H         LINE#         645
  C:1B48H         LINE#         647
BL51 BANKED LINKER/LOCATER V6.22.2.0                                                  03/02/2020  12:07:34  PAGE 14


  C:1B51H         LINE#         648
  C:1B5BH         LINE#         649
  C:1B5BH         LINE#         650
  C:1B63H         LINE#         651
  C:1B6BH         LINE#         652
  C:1B73H         LINE#         653
  C:1B76H         LINE#         654
  C:1B78H         LINE#         657
  C:1B7EH         LINE#         659
  C:1B95H         LINE#         660
  C:1B98H         LINE#         661
  C:1BB0H         LINE#         662
  C:1BB3H         LINE#         663
  C:1BCBH         LINE#         664
  C:1BCEH         LINE#         665
  C:1BE5H         LINE#         666
  C:1BE8H         LINE#         668
  C:1C00H         LINE#         669
  C:1C03H         LINE#         670
  C:1C1BH         LINE#         671
  C:1C1EH         LINE#         672
  C:1C35H         LINE#         673
  C:1C38H         LINE#         674
  C:1C50H         LINE#         675
  C:1C53H         LINE#         678
  C:1C53H         LINE#         679
  C:1C53H         LINE#         687
  C:1C5EH         LINE#         690
  C:1C66H         LINE#         691
  C:1C69H         LINE#         692
  C:1C6BH         LINE#         694
  C:1C71H         LINE#         695
  C:1C71H         LINE#         698
  C:1C73H         LINE#         735
  C:1C7AH         LINE#         736
  C:1C7FH         LINE#         738
  C:1C81H         LINE#         745
  C:1C81H         LINE#         746
  C:1C8BH         LINE#         747
  C:1C93H         LINE#         751
  C:1C9FH         LINE#         752
  C:1C9FH         LINE#         753
  C:1CA8H         LINE#         754
  C:1CA8H         LINE#         756
  C:1CAAH         LINE#         757
  C:1CACH         LINE#         758
  C:1CAEH         LINE#         759
  C:1CB4H         LINE#         761
  C:1CB6H         LINE#         762
  C:1CB8H         LINE#         763
  C:1CBBH         LINE#         764
  C:1CBBH         LINE#         765
  C:1CBDH         LINE#         766
  C:1CBFH         LINE#         768
  C:1CBFH         LINE#         769
  C:1CC2H         LINE#         770
  C:1CC5H         LINE#         771
BL51 BANKED LINKER/LOCATER V6.22.2.0                                                  03/02/2020  12:07:34  PAGE 15


  C:1CC5H         LINE#         774
  C:1CC5H         LINE#         775
  -------         ENDPROC       TIMER0_INT
  -------         PROC          INITVARS
  -------         DO            
  D:0007H         SYMBOL        j
  -------         ENDDO         
  C:3D42H         LINE#         779
  C:3D42H         LINE#         780
  C:3D42H         LINE#         782
  C:3D4EH         LINE#         783
  C:3D57H         LINE#         806
  -------         ENDPROC       INITVARS
  -------         PROC          _POWERLED
  D:0007H         SYMBOL        flag
  C:2D45H         LINE#         864
  C:2D45H         LINE#         865
  C:2D45H         LINE#         890
  C:2D68H         LINE#         891
  C:2D68H         LINE#         892
  C:2D68H         LINE#         893
  C:2D6DH         LINE#         894
  C:2D70H         LINE#         895
  C:2D71H         LINE#         896
  C:2D71H         LINE#         897
  C:2D77H         LINE#         898
  C:2D7AH         LINE#         899
  C:2D7BH         LINE#         900
  C:2D7BH         LINE#         901
  C:2D80H         LINE#         902
  C:2D83H         LINE#         903
  C:2D84H         LINE#         904
  C:2D84H         LINE#         905
  C:2D8AH         LINE#         906
  C:2D8DH         LINE#         907
  C:2D8EH         LINE#         908
  C:2D8EH         LINE#         909
  C:2D93H         LINE#         910
  C:2D96H         LINE#         911
  C:2D9BH         LINE#         912
  C:2D9EH         LINE#         913
  C:2D9FH         LINE#         914
  C:2D9FH         LINE#         915
  C:2DA4H         LINE#         916
  C:2DA4H         LINE#         917
  C:2DA7H         LINE#         918
  C:2DA9H         LINE#         920
  C:2DA9H         LINE#         921
  C:2DACH         LINE#         922
  C:2DACH         LINE#         923
  C:2DAEH         LINE#         924
  C:2DB0H         LINE#         925
  C:2DB0H         LINE#         926
  C:2DB5H         LINE#         927
  C:2DB5H         LINE#         928
  C:2DB8H         LINE#         929
  C:2DBAH         LINE#         931
BL51 BANKED LINKER/LOCATER V6.22.2.0                                                  03/02/2020  12:07:34  PAGE 16


  C:2DBAH         LINE#         932
  C:2DBDH         LINE#         933
  C:2DBDH         LINE#         934
  C:2DBFH         LINE#         935
  C:2DC1H         LINE#         936
  C:2DC1H         LINE#         937
  C:2DC6H         LINE#         938
  C:2DC6H         LINE#         939
  C:2DC9H         LINE#         940
  C:2DCBH         LINE#         942
  C:2DCBH         LINE#         943
  C:2DCEH         LINE#         944
  C:2DCEH         LINE#         945
  C:2DD0H         LINE#         946
  C:2DD2H         LINE#         947
  C:2DD2H         LINE#         948
  C:2DD7H         LINE#         949
  C:2DD7H         LINE#         950
  C:2DDAH         LINE#         951
  C:2DDCH         LINE#         953
  C:2DDCH         LINE#         954
  C:2DDFH         LINE#         955
  C:2DDFH         LINE#         956
  C:2DE8H         LINE#         957
  C:2DE8H         LINE#         958
  C:2DE8H         LINE#         959
  C:2DE8H         LINE#         960
  C:2DE8H         LINE#         961
  -------         ENDPROC       _POWERLED
  -------         PROC          EXT1_INT
  C:3EE2H         LINE#         970
  C:3EE2H         LINE#         972
  C:3EE4H         LINE#         973
  -------         ENDPROC       EXT1_INT
  -------         PROC          SERIAL_INT
  C:3AF9H         LINE#         1088
  C:3B00H         LINE#         1094
  C:3B03H         LINE#         1103
  C:3B0AH         LINE#         1104
  C:3B0CH         LINE#         1105
  C:3B16H         LINE#         1109
  C:3B18H         LINE#         1111
  C:3B18H         LINE#         1113
  C:3B1BH         LINE#         1114
  C:3B1DH         LINE#         1115
  C:3B1FH         LINE#         1116
  C:3B1FH         LINE#         1117
  -------         ENDPROC       SERIAL_INT
  -------         PROC          SERIAL2_INT
  C:3AA0H         LINE#         1121
  C:3AA4H         LINE#         1126
  C:3AACH         LINE#         1127
  C:3AACH         LINE#         1129
  C:3AAFH         LINE#         1134
  C:3AB1H         LINE#         1135
  C:3ABBH         LINE#         1136
  C:3ABBH         LINE#         1138
BL51 BANKED LINKER/LOCATER V6.22.2.0                                                  03/02/2020  12:07:34  PAGE 17


  C:3AC3H         LINE#         1139
  C:3AC3H         LINE#         1140
  C:3AC6H         LINE#         1141
  C:3AC8H         LINE#         1142
  C:3AC8H         LINE#         1143
  -------         ENDPROC       SERIAL2_INT
  -------         PROC          RS_READY
  C:3E6AH         LINE#         1150
  C:3E6AH         LINE#         1151
  C:3E6AH         LINE#         1152
  C:3E72H         LINE#         1153
  C:3E74H         LINE#         1154
  -------         ENDPROC       RS_READY
  -------         PROC          RS_RX
  -------         DO            
  D:0007H         SYMBOL        ret
  -------         ENDDO         
  C:3CFBH         LINE#         1159
  C:3CFBH         LINE#         1160
  C:3CFBH         LINE#         1163
  C:3CFDH         LINE#         1165
  C:3D04H         LINE#         1166
  C:3D06H         LINE#         1168
  C:3D0DH         LINE#         1169
  C:3D10H         LINE#         1170
  C:3D12H         LINE#         1172
  C:3D12H         LINE#         1173
  -------         ENDPROC       RS_RX
  -------         PROC          _RS_TX
  D:0007H         SYMBOL        tx_buf
  C:0003H         LINE#         1178
  C:0003H         LINE#         1179
  C:0003H         LINE#         1180
  C:0006H         LINE#         1181
  C:0008H         LINE#         1182
  C:000AH         LINE#         1183
  -------         ENDPROC       _RS_TX
  -------         PROC          TIMER2_INT
  C:3E02H         LINE#         1243
  C:3E04H         LINE#         1245
  C:3E06H         LINE#         1247
  C:3E0EH         LINE#         1379
  -------         ENDPROC       TIMER2_INT
  -------         PROC          _DELAY
  D:0007H         SYMBOL        cnt
  -------         DO            
  D:0004H         SYMBOL        ttic01
  -------         ENDDO         
  C:3D13H         LINE#         1382
  C:3D13H         LINE#         1383
  C:3D13H         LINE#         1386
  C:3D21H         LINE#         1387
  C:3D21H         LINE#         1389
  C:3D2AH         LINE#         1390
  -------         ENDPROC       _DELAY
  -------         ENDMOD        CPU

BL51 BANKED LINKER/LOCATER V6.22.2.0                                                  03/02/2020  12:07:34  PAGE 18


  -------         MODULE        ETC_EEP
  C:0000H         SYMBOL        _ICE_DUMMY_
  C:3E9FH         PUBLIC        _SaveDebugLevelEE
  C:3EB9H         PUBLIC        GetDebugLevelEE
  C:3CACH         PUBLIC        ClearBasicEE
  C:377BH         PUBLIC        _SaveFWRevEE
  C:3563H         PUBLIC        GetFWRevEE
  -------         PROC          GETFWREVEE
  -------         DO            
  X:0108H         SYMBOL        rev
  -------         ENDDO         
  C:3563H         LINE#         21
  C:3563H         LINE#         22
  C:3563H         LINE#         25
  C:3570H         LINE#         26
  C:357EH         LINE#         27
  C:358CH         LINE#         28
  C:359CH         LINE#         30
  C:35ABH         LINE#         31
  C:35C3H         LINE#         33
  C:35C3H         LINE#         34
  -------         ENDPROC       GETFWREVEE
  -------         PROC          _SAVEFWREVEE
  X:0108H         SYMBOL        rev
  C:377BH         LINE#         36
  C:3783H         LINE#         37
  C:3783H         LINE#         38
  C:378BH         LINE#         39
  C:3794H         LINE#         40
  C:379DH         LINE#         41
  C:37A6H         LINE#         43
  C:37B2H         LINE#         44
  -------         ENDPROC       _SAVEFWREVEE
  -------         PROC          GETDEBUGLEVELEE
  C:3EB9H         LINE#         47
  C:3EB9H         LINE#         48
  C:3EB9H         LINE#         49
  -------         ENDPROC       GETDEBUGLEVELEE
  -------         PROC          _SAVEDEBUGLEVELEE
  D:0007H         SYMBOL        dl
  C:3E9FH         LINE#         52
  C:3E9FH         LINE#         53
  C:3E9FH         LINE#         54
  -------         ENDPROC       _SAVEDEBUGLEVELEE
  -------         PROC          CLEARBASICEE
  C:3CACH         LINE#         404
  C:3CACH         LINE#         405
  C:3CACH         LINE#         407
  C:3CB5H         LINE#         409
  C:3CBEH         LINE#         411
  -------         ENDPROC       CLEARBASICEE
  -------         ENDMOD        ETC_EEP

  -------         MODULE        I2C
  C:0000H         SYMBOL        _ICE_DUMMY_
  D:00E8H         PUBLIC        P4
  B:0090H.0       PUBLIC        P1_0
BL51 BANKED LINKER/LOCATER V6.22.2.0                                                  03/02/2020  12:07:34  PAGE 19


  B:0090H.1       PUBLIC        P1_1
  C:3B78H         PUBLIC        I2CReadDataWithACK
  C:3A42H         PUBLIC        I2CReadData
  C:38FDH         PUBLIC        _ReadI2C
  C:002AH         PUBLIC        dd
  C:33CFH         PUBLIC        _I2CWriteData
  C:3ACDH         PUBLIC        _ReadAD5110
  C:3B4FH         PUBLIC        _WriteI2C
  C:3DBDH         PUBLIC        I2CStart
  C:3BC7H         PUBLIC        _ReadEEP
  C:3936H         PUBLIC        _WriteAD5110
  C:0016H         PUBLIC        I2CStop
  C:3734H         PUBLIC        _WriteEEP
  C:3844H         PUBLIC        _ReadI2CWORD
  C:3E8BH         SYMBOL        Com002C
  C:3E8BH         SYMBOL        L?0045
  C:3E8BH         SYMBOL        L?0046
  -------         PROC          COM002C
  -------         ENDPROC       COM002C
  -------         PROC          _WRITEEEP
  X:010AH         SYMBOL        index
  X:010CH         SYMBOL        dat
  -------         DO            
  X:010DH         SYMBOL        addr
  -------         ENDDO         
  C:3734H         LINE#         91
  C:373FH         LINE#         92
  C:373FH         LINE#         95
  C:3757H         LINE#         97
  C:375AH         LINE#         98
  C:3762H         LINE#         99
  C:376BH         LINE#         100
  C:3773H         LINE#         101
  C:3776H         LINE#         107
  -------         ENDPROC       _WRITEEEP
  -------         PROC          _READEEP
  D:0004H         SYMBOL        index
  -------         DO            
  X:010AH         SYMBOL        val
  D:0007H         SYMBOL        addr
  -------         ENDDO         
  C:3BC7H         LINE#         110
  C:3BCBH         LINE#         111
  C:3BCBH         LINE#         115
  C:3BDAH         LINE#         117
  C:3BE2H         LINE#         122
  C:3BE7H         LINE#         123
  C:3BECH         LINE#         124
  -------         ENDPROC       _READEEP
  -------         PROC          _READI2C
  X:010BH         SYMBOL        addr
  X:010CH         SYMBOL        index
  -------         DO            
  X:010DH         SYMBOL        val
  -------         ENDDO         
  C:38FDH         LINE#         126
  C:3905H         LINE#         127
BL51 BANKED LINKER/LOCATER V6.22.2.0                                                  03/02/2020  12:07:34  PAGE 20


  C:3905H         LINE#         130
  C:3908H         LINE#         131
  C:3910H         LINE#         132
  C:3918H         LINE#         133
  C:391BH         LINE#         134
  C:3925H         LINE#         135
  C:392DH         LINE#         136
  C:3930H         LINE#         138
  C:3935H         LINE#         139
  -------         ENDPROC       _READI2C
  -------         PROC          _WRITEI2C
  X:0224H         SYMBOL        addr
  X:0225H         SYMBOL        index
  X:0226H         SYMBOL        val
  C:3B4FH         LINE#         142
  C:3B5AH         LINE#         143
  C:3B5AH         LINE#         144
  C:3B5DH         LINE#         145
  C:3B65H         LINE#         146
  C:3B6DH         LINE#         147
  C:3B75H         LINE#         148
  -------         ENDPROC       _WRITEI2C
  -------         PROC          DD
  C:002AH         LINE#         254
  C:002AH         LINE#         255
  C:002AH         LINE#         259
  -------         ENDPROC       DD
  -------         PROC          I2CSTART
  C:3DBDH         LINE#         264
  C:3DBDH         LINE#         265
  C:3DBDH         LINE#         266
  C:3DC2H         LINE#         267
  C:3DC7H         LINE#         268
  C:3DCCH         LINE#         269
  C:3DCEH         LINE#         270
  -------         ENDPROC       I2CSTART
  -------         PROC          I2CSTOP
  C:0016H         LINE#         272
  C:0016H         LINE#         273
  C:0016H         LINE#         274
  C:001BH         LINE#         275
  C:0020H         LINE#         276
  C:0022H         LINE#         277
  -------         ENDPROC       I2CSTOP
  -------         PROC          _I2CWRITEDATA
  D:0007H         SYMBOL        value
  C:33CFH         LINE#         279
  C:33CFH         LINE#         280
  C:33CFH         LINE#         294
  C:33D9H         LINE#         295
  C:33E4H         LINE#         296
  C:33EFH         LINE#         297
  C:33FAH         LINE#         299
  C:3405H         LINE#         300
  C:3410H         LINE#         301
  C:341BH         LINE#         302
  C:3426H         LINE#         305
BL51 BANKED LINKER/LOCATER V6.22.2.0                                                  03/02/2020  12:07:34  PAGE 21


  C:3429H         LINE#         306
  C:342BH         LINE#         307
  C:342DH         LINE#         308
  C:342FH         LINE#         310
  C:3431H         LINE#         311
  C:3433H         LINE#         312
  C:3435H         LINE#         313
  C:3437H         LINE#         314
  -------         ENDPROC       _I2CWRITEDATA
  -------         PROC          I2CREADDATA
  -------         DO            
  D:0004H         SYMBOL        i
  D:0007H         SYMBOL        value
  -------         ENDDO         
  C:3A42H         LINE#         316
  C:3A42H         LINE#         317
  C:3A42H         LINE#         319
  C:3A44H         LINE#         321
  C:3A49H         LINE#         322
  C:3A4BH         LINE#         324
  C:3A4DH         LINE#         325
  C:3A4FH         LINE#         326
  C:3A53H         LINE#         327
  C:3A59H         LINE#         328
  C:3A5BH         LINE#         329
  C:3A66H         LINE#         330
  C:3A69H         LINE#         332
  C:3A6BH         LINE#         333
  C:3A6DH         LINE#         334
  C:3A6FH         LINE#         335
  C:3A71H         LINE#         337
  C:3A71H         LINE#         339
  -------         ENDPROC       I2CREADDATA
  -------         PROC          I2CREADDATAWITHACK
  -------         DO            
  D:0004H         SYMBOL        i
  D:0007H         SYMBOL        value
  -------         ENDDO         
  C:3B78H         LINE#         341
  C:3B78H         LINE#         342
  C:3B78H         LINE#         344
  C:3B7AH         LINE#         346
  C:3B7CH         LINE#         347
  C:3B7EH         LINE#         349
  C:3B80H         LINE#         350
  C:3B82H         LINE#         351
  C:3B86H         LINE#         352
  C:3B8CH         LINE#         353
  C:3B8EH         LINE#         354
  C:3B99H         LINE#         355
  C:3B9BH         LINE#         356
  C:3B9DH         LINE#         357
  C:3B9FH         LINE#         359
  C:3B9FH         LINE#         360
  -------         ENDPROC       I2CREADDATAWITHACK
  -------         PROC          _READI2CWORD
  D:0006H         SYMBOL        addr
BL51 BANKED LINKER/LOCATER V6.22.2.0                                                  03/02/2020  12:07:34  PAGE 22


  D:0005H         SYMBOL        index
  -------         DO            
  X:0230H         SYMBOL        val
  -------         ENDDO         
  C:3844H         LINE#         362
  C:3846H         LINE#         363
  C:3846H         LINE#         366
  C:3849H         LINE#         367
  C:384CH         LINE#         368
  C:3851H         LINE#         369
  C:3854H         LINE#         370
  C:385BH         LINE#         371
  C:3866H         LINE#         372
  C:386FH         LINE#         373
  C:3878H         LINE#         374
  C:387BH         LINE#         376
  C:3883H         LINE#         377
  -------         ENDPROC       _READI2CWORD
  -------         PROC          _WRITEAD5110
  D:0002H         SYMBOL        index
  D:0004H         SYMBOL        dat
  -------         DO            
  D:0007H         SYMBOL        addr
  D:0005H         SYMBOL        dat1
  D:0001H         SYMBOL        dat2
  -------         ENDDO         
  C:3936H         LINE#         419
  C:393AH         LINE#         420
  C:393AH         LINE#         424
  C:393CH         LINE#         425
  C:393EH         LINE#         427
  C:394FH         LINE#         429
  C:3952H         LINE#         430
  C:3955H         LINE#         431
  C:395AH         LINE#         432
  C:395FH         LINE#         433
  C:3962H         LINE#         434
  C:3967H         LINE#         435
  C:396AH         LINE#         441
  -------         ENDPROC       _WRITEAD5110
  -------         PROC          _READAD5110
  D:0004H         SYMBOL        index
  -------         DO            
  X:0232H         SYMBOL        val
  D:0007H         SYMBOL        addr
  -------         ENDDO         
  C:3ACDH         LINE#         444
  C:3AD1H         LINE#         445
  C:3AD1H         LINE#         449
  C:3AE0H         LINE#         451
  C:3AEBH         LINE#         455
  C:3AF0H         LINE#         456
  C:3AF8H         LINE#         457
  -------         ENDPROC       _READAD5110
  -------         ENDMOD        I2C

  -------         MODULE        KEYREMO
BL51 BANKED LINKER/LOCATER V6.22.2.0                                                  03/02/2020  12:07:34  PAGE 23


  C:0000H         SYMBOL        _ICE_DUMMY_
  D:00E8H         PUBLIC        P4
  C:3D58H         PUBLIC        _GetKey
  C:3DCFH         PUBLIC        Scankey
  -------         PROC          SCANKEY
  C:3DCFH         LINE#         558
  C:3DCFH         LINE#         559
  C:3DCFH         LINE#         561
  C:3DD7H         LINE#         562
  C:3DD7H         LINE#         563
  C:3DE0H         LINE#         564
  C:3DE0H         LINE#         882
  -------         ENDPROC       SCANKEY
  -------         PROC          _GETKEY
  D:0007H         SYMBOL        repeat
  -------         DO            
  B:0021H.1       SYMBOL        ready
  -------         ENDDO         
  C:3D58H         LINE#         1200
  C:3D58H         LINE#         1201
  C:3D58H         LINE#         1205
  C:3D5CH         LINE#         1206
  C:3D5EH         LINE#         1246
  C:3D64H         LINE#         1247
  C:3D6AH         LINE#         1249
  C:3D6CH         LINE#         1251
  -------         ENDPROC       _GETKEY
  -------         ENDMOD        KEYREMO

  -------         MODULE        MAIN
  C:0000H         SYMBOL        _ICE_DUMMY_
  C:2CA0H         PUBLIC        _Mapping1
  C:2BFAH         PUBLIC        _mcuLib_ProtocolSendCmdWithParamNum
  D:00E8H         PUBLIC        P4
  X:01A9H         PUBLIC        PowerFlag
  X:01AAH         PUBLIC        UserRange
  B:00A0H.0       PUBLIC        P2_0
  B:00A0H.1       PUBLIC        P2_1
  B:0080H.3       PUBLIC        P0_3
  B:00E8H.0       PUBLIC        P4_0
  B:00A0H.2       PUBLIC        P2_2
  B:0080H.4       PUBLIC        P0_4
  B:00E8H.1       PUBLIC        P4_1
  B:00E8H.2       PUBLIC        P4_2
  B:0080H.6       PUBLIC        P0_6
  B:00A0H.6       PUBLIC        P2_6
  B:00B0H.6       PUBLIC        P3_6
  B:00B0H.7       PUBLIC        P3_7
  C:3A72H         PUBLIC        _SetAD5110Step
  C:30A4H         PUBLIC        _MCU_SendCmdToDVR
  X:01B0H         PUBLIC        g_stBatteryInfo
  D:00C6H         PUBLIC        ADCV
  X:01B4H         PUBLIC        EncorderLen_Offset
  X:01B6H         PUBLIC        EncorderLenint
  C:349FH         PUBLIC        main
  X:01B7H         PUBLIC        AD5110Range
  C:24EBH         SYMBOL        _?ix1000
BL51 BANKED LINKER/LOCATER V6.22.2.0                                                  03/02/2020  12:07:34  PAGE 24


  C:3C72H         PUBLIC        main_loop
  C:3CE2H         PUBLIC        LoadEEPROM
  X:01BDH         PUBLIC        EncorderCountPN_offset
  X:01BEH         PUBLIC        EncorderLenfloaat
  X:01C0H         PUBLIC        EncorderLen
  C:3C52H         PUBLIC        GetBatteryVoltage
  C:3D6DH         PUBLIC        InitialTimerEvent
  C:3BEDH         PUBLIC        GetBatteryBTH
  X:01C4H         PUBLIC        EncorderCountPN
  X:01C5H         PUBLIC        DebugLevel
  C:0061H         PUBLIC        WaitPowerOn
  X:01C6H         PUBLIC        Encorder1
  X:01CAH         PUBLIC        Encorder2
  D:00C5H         PUBLIC        ADCTL
  X:01CEH         PUBLIC        Encorder3
  C:3C32H         PUBLIC        _GetADCValue
  X:01D2H         PUBLIC        Encorder4
  D:00E8H         PUBLIC        ADCVL
  X:01D6H         PUBLIC        CameraVolt
  C:3623H         PUBLIC        _mcuLib_ProtocolAppend
  C:143BH         PUBLIC        EncorderHandler
  C:2173H         SYMBOL        Com0040
  C:2173H         SYMBOL        L?0065
  C:2175H         SYMBOL        L?0066
  C:2178H         SYMBOL        L?0067
  C:2185H         SYMBOL        L?0068
  C:2193H         SYMBOL        L?0069
  C:2196H         SYMBOL        L?0070
  C:219EH         SYMBOL        L?0072
  C:21AFH         SYMBOL        L?0073
  C:21C5H         SYMBOL        L?0074
  C:21CDH         SYMBOL        L?0075
  C:21D3H         SYMBOL        L?0076
  C:21DAH         SYMBOL        L?0077
  C:21DDH         SYMBOL        L?0078
  C:21E0H         SYMBOL        L?0079
  C:21E6H         SYMBOL        L?0081
  C:2209H         SYMBOL        L?0082
  C:220BH         SYMBOL        L?0083
  C:2214H         SYMBOL        L?0084
  C:2214H         SYMBOL        L?0085
  C:221AH         SYMBOL        L?0086
  C:2220H         SYMBOL        L?0087
  C:2223H         SYMBOL        L?0088
  C:2229H         SYMBOL        L?0089
  C:2239H         SYMBOL        L?0090
  C:2249H         SYMBOL        L?0091
  C:2259H         SYMBOL        L?0092
  C:225CH         SYMBOL        L?0093
  C:2263H         SYMBOL        L?0094
  C:226FH         SYMBOL        L?0095
  C:227BH         SYMBOL        L?0096
  C:227BH         SYMBOL        L?0097
  C:2283H         SYMBOL        L?0098
  C:228EH         SYMBOL        L?0099
  C:2299H         SYMBOL        L?0100
  C:22A3H         SYMBOL        L?0101
BL51 BANKED LINKER/LOCATER V6.22.2.0                                                  03/02/2020  12:07:34  PAGE 25


  C:22A3H         SYMBOL        L?0102
  -------         PROC          COM0040
  -------         ENDPROC       COM0040
  -------         PROC          _MCULIB_PROTOCOLAPPEND
  X:0125H         SYMBOL        pucBuf
  X:0128H         SYMBOL        piLen
  X:012BH         SYMBOL        ucByte
  C:3623H         LINE#         930
  C:3629H         LINE#         931
  C:3637H         LINE#         932
  C:364BH         LINE#         933
  C:3653H         LINE#         934
  C:365BH         LINE#         935
  C:365BH         LINE#         936
  C:365DH         LINE#         937
  C:3675H         LINE#         938
  C:367DH         LINE#         939
  C:367DH         LINE#         940
  C:367FH         LINE#         941
  -------         ENDPROC       _MCULIB_PROTOCOLAPPEND
  C:2C84H         SYMBOL        L?0071
  -------         PROC          _MCULIB_PROTOCOLSENDCMDWITHPARAMNUM
  D:0007H         SYMBOL        ucType
  X:010FH         SYMBOL        pucParam
  X:0112H         SYMBOL        ucSize
  -------         DO            
  D:0005H         SYMBOL        ucChecksum
  X:0113H         SYMBOL        pucBuf
  X:0123H         SYMBOL        iLen
  X:0124H         SYMBOL        i
  -------         ENDDO         
  C:2BFAH         LINE#         943
  C:2C00H         LINE#         944
  C:2C00H         LINE#         949
  C:2C06H         LINE#         950
  C:2C0CH         LINE#         951
  C:2C0EH         LINE#         952
  C:2C1AH         LINE#         953
  C:2C1EH         LINE#         954
  C:2C21H         LINE#         956
  C:2C34H         LINE#         957
  C:2C42H         LINE#         958
  C:2C45H         LINE#         959
  C:2C4DH         LINE#         961
  C:2C59H         LINE#         964
  C:2C6AH         LINE#         965
  C:2C79H         LINE#         966
  C:2C81H         LINE#         969
  C:2C83H         LINE#         970
  -------         ENDPROC       _MCULIB_PROTOCOLSENDCMDWITHPARAMNUM
  -------         PROC          _MCU_SENDCMDTODVR
  X:010AH         SYMBOL        ucType
  -------         DO            
  X:010BH         SYMBOL        buf
  -------         ENDDO         
  C:30A4H         LINE#         973
  C:30A9H         LINE#         974
BL51 BANKED LINKER/LOCATER V6.22.2.0                                                  03/02/2020  12:07:34  PAGE 26


  C:30A9H         LINE#         975
  C:30BCH         LINE#         977
  C:30CEH         LINE#         978
  C:30CEH         LINE#         979
  C:30CEH         LINE#         980
  C:30D3H         LINE#         981
  C:30D5H         LINE#         982
  C:30D8H         LINE#         983
  C:30DEH         LINE#         984
  C:30E0H         LINE#         985
  C:30E0H         LINE#         986
  C:30EAH         LINE#         987
  C:30F2H         LINE#         988
  C:30FBH         LINE#         989
  C:3102H         LINE#         990
  C:3104H         LINE#         991
  C:3104H         LINE#         992
  C:310DH         LINE#         993
  C:310FH         LINE#         994
  C:310FH         LINE#         995
  C:3120H         LINE#         996
  C:3120H         LINE#         998
  C:3120H         LINE#         999
  C:3120H         LINE#         1001
  C:3120H         LINE#         1003
  -------         ENDPROC       _MCU_SENDCMDTODVR
  -------         PROC          INITIALTIMEREVENT
  C:3D6DH         LINE#         1342
  C:3D6DH         LINE#         1343
  C:3D6DH         LINE#         1344
  C:3D70H         LINE#         1346
  C:3D79H         LINE#         1348
  -------         ENDPROC       INITIALTIMEREVENT
  -------         PROC          _MAPPING1
  X:010CH         SYMBOL        fromValue
  X:010EH         SYMBOL        fromRange
  X:0111H         SYMBOL        toValue
  X:0114H         SYMBOL        toRange
  -------         DO            
  X:0117H         SYMBOL        a
  X:0119H         SYMBOL        b
  -------         ENDDO         
  C:2CA0H         LINE#         1354
  C:2CACH         LINE#         1355
  C:2CACH         LINE#         1362
  C:2CBEH         LINE#         1363
  C:2CD2H         LINE#         1364
  C:2CE4H         LINE#         1366
  C:2CEBH         LINE#         1368
  C:2CFBH         LINE#         1369
  C:2CFEH         LINE#         1370
  C:2CFEH         LINE#         1371
  C:2D07H         LINE#         1372
  C:2D0DH         LINE#         1374
  C:2D14H         LINE#         1376
  C:2D42H         LINE#         1377
  C:2D42H         LINE#         1384
BL51 BANKED LINKER/LOCATER V6.22.2.0                                                  03/02/2020  12:07:34  PAGE 27


  C:2D44H         LINE#         1386
  -------         ENDPROC       _MAPPING1
  -------         PROC          _SETAD5110STEP
  D:0007H         SYMBOL        newv
  -------         DO            
  X:010AH         SYMBOL        regv
  -------         ENDDO         
  C:3A72H         LINE#         1388
  C:3A72H         LINE#         1389
  C:3A72H         LINE#         1393
  C:3A91H         LINE#         1395
  -------         ENDPROC       _SETAD5110STEP
  -------         PROC          LOADEEPROM
  C:3CE2H         LINE#         1485
  C:3CE2H         LINE#         1486
  C:3CE2H         LINE#         1489
  C:3CEEH         LINE#         1491
  C:3CFAH         LINE#         1577
  -------         ENDPROC       LOADEEPROM
  -------         PROC          _GETADCVALUE
  D:0007H         SYMBOL        sel
  C:3C32H         LINE#         1713
  C:3C32H         LINE#         1714
  C:3C32H         LINE#         1716
  C:3C37H         LINE#         1718
  C:3C3CH         LINE#         1720
  C:3C51H         LINE#         1722
  -------         ENDPROC       _GETADCVALUE
  -------         PROC          GETBATTERYBTH
  -------         DO            
  X:010AH         SYMBOL        adc
  -------         ENDDO         
  C:3BEDH         LINE#         1724
  C:3BEDH         LINE#         1725
  C:3BEDH         LINE#         1727
  C:3BFAH         LINE#         1728
  C:3C07H         LINE#         1729
  C:3C0FH         LINE#         1730
  -------         ENDPROC       GETBATTERYBTH
  -------         PROC          GETBATTERYVOLTAGE
  -------         DO            
  X:010AH         SYMBOL        adc
  -------         ENDDO         
  C:3C52H         LINE#         1732
  C:3C52H         LINE#         1733
  C:3C52H         LINE#         1735
  C:3C5FH         LINE#         1736
  C:3C69H         LINE#         1737
  C:3C71H         LINE#         1738
  -------         ENDPROC       GETBATTERYVOLTAGE
  C:1727H         SYMBOL        L?0061
  C:1751H         SYMBOL        L?0062
  C:1771H         SYMBOL        L?0063
  C:1786H         SYMBOL        L?0080
  -------         PROC          ENCORDERHANDLER
  -------         DO            
  X:0106H         SYMBOL        EncorderCountTemp
BL51 BANKED LINKER/LOCATER V6.22.2.0                                                  03/02/2020  12:07:34  PAGE 28


  X:0108H         SYMBOL        temp_val
  X:010AH         SYMBOL        temp_EncorderCountTemp
  X:010CH         SYMBOL        param
  X:0110H         SYMBOL        EncorderParaTemp1
  X:0114H         SYMBOL        EncorderParaTemp2
  X:0118H         SYMBOL        EncorderParaTemp3
  X:011CH         SYMBOL        EncorderParaTemp4
  X:0120H         SYMBOL        EncorderOffset1
  X:0124H         SYMBOL        EncorderOffset2
  X:0128H         SYMBOL        EncorderOffset3
  -------         ENDDO         
  C:143BH         LINE#         1741
  C:143BH         LINE#         1742
  C:143BH         LINE#         1748
  C:1441H         LINE#         1749
  C:1441H         LINE#         1751
  C:144DH         LINE#         1752
  C:1456H         LINE#         1753
  C:1462H         LINE#         1754
  C:1471H         LINE#         1774
  C:1483H         LINE#         1775
  C:149BH         LINE#         1776
  C:14B5H         LINE#         1785
  C:14BFH         LINE#         1786
  C:14BFH         LINE#         1787
  C:14C4H         LINE#         1788
  C:14C5H         LINE#         1789
  C:14C7H         LINE#         1791
  C:14C7H         LINE#         1792
  C:14CDH         LINE#         1793
  C:14E5H         LINE#         1794
  C:14E5H         LINE#         1815
  C:14FCH         LINE#         1816
  C:14FCH         LINE#         1818
  C:150CH         LINE#         1819
  C:150FH         LINE#         1820
  C:151EH         LINE#         1825
  C:153DH         LINE#         1830
  C:1564H         LINE#         1831
  C:157AH         LINE#         1834
  C:157DH         LINE#         1835
  C:1580H         LINE#         1844
  C:1583H         LINE#         1845
  C:159EH         LINE#         1846
  C:159EH         LINE#         1851
  C:15D7H         LINE#         1854
  C:15F9H         LINE#         1855
  C:15FCH         LINE#         1856
  C:1603H         LINE#         1857
  C:160FH         LINE#         1859
  C:160FH         LINE#         1861
  C:1612H         LINE#         1862
  C:1618H         LINE#         1864
  C:1618H         LINE#         1865
  C:1618H         LINE#         1866
  C:1618H         LINE#         1867
  C:161BH         LINE#         1869
BL51 BANKED LINKER/LOCATER V6.22.2.0                                                  03/02/2020  12:07:34  PAGE 29


  C:1630H         LINE#         1870
  C:1630H         LINE#         1874
  C:1669H         LINE#         1876
  C:1669H         LINE#         1878
  C:1674H         LINE#         1881
  C:1677H         LINE#         1882
  C:1677H         LINE#         1883
  C:1677H         LINE#         1884
  C:167AH         LINE#         1913
  C:168CH         LINE#         1914
  C:168CH         LINE#         1918
  C:16C5H         LINE#         1920
  C:16CCH         LINE#         1922
  C:16D5H         LINE#         1923
  C:16D8H         LINE#         1924
  C:16DBH         LINE#         1926
  C:16E1H         LINE#         1927
  C:16EBH         LINE#         1928
  C:16F6H         LINE#         1929
  C:170BH         LINE#         1930
  C:170BH         LINE#         1932
  C:170DH         LINE#         1933
  C:1715H         LINE#         1934
  C:171EH         LINE#         1935
  C:1726H         LINE#         1940
  C:1726H         LINE#         1942
  -------         ENDPROC       ENCORDERHANDLER
  -------         PROC          MAIN_LOOP
  C:3C72H         LINE#         1945
  C:3C72H         LINE#         1946
  C:3C72H         LINE#         1951
  C:3C7BH         LINE#         1956
  C:3C7BH         LINE#         1966
  C:3C7EH         LINE#         2002
  C:3C81H         LINE#         2003
  C:3C84H         LINE#         2005
  C:3C87H         LINE#         2338
  C:3C8AH         LINE#         2339
  C:3C8DH         LINE#         2440
  -------         ENDPROC       MAIN_LOOP
  -------         PROC          MAIN
  C:349FH         LINE#         2444
  C:349FH         LINE#         2445
  C:349FH         LINE#         2472
  C:34A2H         LINE#         2474
  C:34A4H         LINE#         2475
  C:34A6H         LINE#         2476
  C:34A8H         LINE#         2477
  C:34AAH         LINE#         2478
  C:34ACH         LINE#         2479
  C:34AEH         LINE#         2480
  C:34B0H         LINE#         2481
  C:34B2H         LINE#         2482
  C:34B4H         LINE#         2483
  C:34B6H         LINE#         2484
  C:34B8H         LINE#         2485
  C:34BAH         LINE#         2486
BL51 BANKED LINKER/LOCATER V6.22.2.0                                                  03/02/2020  12:07:34  PAGE 30


  C:34BCH         LINE#         2487
  C:34BEH         LINE#         2488
  C:34C0H         LINE#         2490
  C:34C7H         LINE#         2492
  C:34C9H         LINE#         2493
  C:34CBH         LINE#         2494
  C:34CDH         LINE#         2495
  C:34CFH         LINE#         2496
  C:34D1H         LINE#         2497
  C:34D3H         LINE#         2498
  C:34D5H         LINE#         2499
  C:34D7H         LINE#         2500
  C:34D9H         LINE#         2501
  C:34DBH         LINE#         2502
  C:34DDH         LINE#         2503
  C:34DFH         LINE#         2507
  C:34E8H         LINE#         2509
  C:34EBH         LINE#         2511
  C:34EEH         LINE#         2513
  C:34F1H         LINE#         2515
  C:34F4H         LINE#         2672
  C:34F4H         LINE#         2673
  C:34FAH         LINE#         2674
  C:34FDH         LINE#         2682
  C:3500H         LINE#         2683
  -------         ENDPROC       MAIN
  -------         PROC          WAITPOWERON
  C:0061H         LINE#         2686
  C:0061H         LINE#         2687
  C:0061H         LINE#         2695
  C:0061H         LINE#         2696
  C:0061H         LINE#         2769
  -------         ENDPROC       WAITPOWERON
  -------         ENDMOD        MAIN

  -------         MODULE        PRINTF
  C:0000H         SYMBOL        _ICE_DUMMY_
  D:00E8H         PUBLIC        P4
  C:3DE1H         PUBLIC        Hex
  C:3CC7H         PUBLIC        _Puts
  D:0099H         PUBLIC        SBUF
  C:17A9H         PUBLIC        _DoPrint
  C:002EH         PUBLIC        _Printf
  C:3438H         SYMBOL        Com005C
  C:3438H         SYMBOL        L?0093
  C:3438H         SYMBOL        L?0094
  C:343BH         SYMBOL        L?0095
  C:343CH         SYMBOL        L?0096
  C:3445H         SYMBOL        L?0097
  C:3445H         SYMBOL        L?0098
  C:3448H         SYMBOL        L?0099
  C:3456H         SYMBOL        L?0100
  C:3456H         SYMBOL        L?0101
  C:345CH         SYMBOL        L?0102
  C:3462H         SYMBOL        L?0103
  C:3462H         SYMBOL        L?0104
  C:3468H         SYMBOL        L?0105
BL51 BANKED LINKER/LOCATER V6.22.2.0                                                  03/02/2020  12:07:34  PAGE 31


  C:3468H         SYMBOL        L?0106
  C:346EH         SYMBOL        L?0107
  C:346EH         SYMBOL        L?0108
  C:3478H         SYMBOL        L?0109
  C:347BH         SYMBOL        L?0110
  C:3482H         SYMBOL        L?0111
  C:3486H         SYMBOL        L?0112
  C:348CH         SYMBOL        L?0113
  C:3499H         SYMBOL        L?0114
  C:3499H         SYMBOL        L?0115
  -------         PROC          COM005C
  -------         ENDPROC       COM005C
  -------         PROC          _DOPRINT
  X:015AH         SYMBOL        fmt
  X:015DH         SYMBOL        ap
  -------         DO            
  X:0160H         SYMBOL        ch
  X:0161H         SYMBOL        i
  X:0162H         SYMBOL        value
  B:0021H.1       SYMBOL        fl_zero
  B:0021H.2       SYMBOL        fl_num
  X:0166H         SYMBOL        fl_len
  X:0167H         SYMBOL        cnt
  X:0168H         SYMBOL        mask
  X:016CH         SYMBOL        ptr
  -------         ENDDO         
  C:17A9H         LINE#         17
  C:17AFH         LINE#         18
  C:17AFH         LINE#         26
  C:17B9H         LINE#         32
  C:17B9H         LINE#         36
  C:17C9H         LINE#         37
  C:17C9H         LINE#         38
  C:17D2H         LINE#         39
  C:17DCH         LINE#         40
  C:17E9H         LINE#         41
  C:17E9H         LINE#         42
  C:17E9H         LINE#         46
  C:17EBH         LINE#         47
  C:17EDH         LINE#         48
  C:17F2H         LINE#         50
  C:17FCH         LINE#         52
  C:1801H         LINE#         53
  C:1803H         LINE#         54
  C:180AH         LINE#         55
  C:180AH         LINE#         56
  C:180AH         LINE#         57
  C:180CH         LINE#         58
  C:1828H         LINE#         59
  C:1832H         LINE#         60
  C:1839H         LINE#         61
  C:1839H         LINE#         65
  C:183FH         LINE#         67
  C:1853H         LINE#         68
  C:1853H         LINE#         69
  C:1862H         LINE#         70
  C:1862H         LINE#         71
BL51 BANKED LINKER/LOCATER V6.22.2.0                                                  03/02/2020  12:07:34  PAGE 32


  C:186FH         LINE#         72
  C:186FH         LINE#         76
  C:189BH         LINE#         78
  C:189BH         LINE#         79
  C:189BH         LINE#         81
  C:18ABH         LINE#         82
  C:18ABH         LINE#         83
  C:18BEH         LINE#         84
  C:18C6H         LINE#         85
  C:18C8H         LINE#         87
  C:18C8H         LINE#         88
  C:18DDH         LINE#         89
  C:18E3H         LINE#         90
  C:18E5H         LINE#         92
  C:18E5H         LINE#         93
  C:18E9H         LINE#         94
  C:18F2H         LINE#         95
  C:18F2H         LINE#         96
  C:18F2H         LINE#         98
  C:18F9H         LINE#         99
  C:1901H         LINE#         100
  C:1910H         LINE#         101
  C:1910H         LINE#         103
  C:1916H         LINE#         104
  C:192AH         LINE#         106
  C:1944H         LINE#         107
  C:1955H         LINE#         108
  C:195BH         LINE#         109
  C:1963H         LINE#         110
  C:1963H         LINE#         112
  C:199AH         LINE#         114
  C:199AH         LINE#         115
  C:19A8H         LINE#         116
  C:19C5H         LINE#         117
  C:19C7H         LINE#         118
  C:19D2H         LINE#         120
  C:19E3H         LINE#         121
  C:19EFH         LINE#         123
  C:19FDH         LINE#         124
  C:1A00H         LINE#         125
  C:1A00H         LINE#         126
  C:1A00H         LINE#         128
  C:1A00H         LINE#         129
  C:1A00H         LINE#         131
  C:1A10H         LINE#         132
  C:1A1DH         LINE#         133
  C:1A25H         LINE#         134
  C:1A2EH         LINE#         135
  C:1A2EH         LINE#         137
  C:1A3CH         LINE#         139
  C:1A53H         LINE#         140
  C:1A83H         LINE#         141
  C:1A8BH         LINE#         142
  C:1A8BH         LINE#         144
  C:1A8BH         LINE#         155
  C:1A9AH         LINE#         156
  C:1AA5H         LINE#         157
BL51 BANKED LINKER/LOCATER V6.22.2.0                                                  03/02/2020  12:07:34  PAGE 33


  C:1AB4H         LINE#         158
  C:1AB4H         LINE#         163
  C:1AB4H         LINE#         164
  C:1AC0H         LINE#         165
  C:1ACDH         LINE#         166
  C:1ACDH         LINE#         168
  C:1ACDH         LINE#         169
  C:1AD6H         LINE#         170
  C:1AD9H         LINE#         171
  C:1AD9H         LINE#         172
  C:1AD9H         LINE#         173
  -------         ENDPROC       _DOPRINT
  -------         PROC          _PRINTF
  X:012CH         SYMBOL        fmt
  -------         DO            
  X:012FH         SYMBOL        ellipsis_40
  X:0157H         SYMBOL        ap
  -------         ENDDO         
  C:002EH         LINE#         180
  C:0034H         LINE#         181
  C:0034H         LINE#         184
  C:0040H         LINE#         185
  C:0055H         LINE#         186
  -------         ENDPROC       _PRINTF
  -------         PROC          _PUTS
  X:0227H         SYMBOL        ptr
  C:3CC7H         LINE#         189
  C:3CCDH         LINE#         190
  C:3CCDH         LINE#         191
  C:3CD5H         LINE#         192
  C:3CE1H         LINE#         193
  -------         ENDPROC       _PUTS
  -------         ENDMOD        PRINTF

  -------         MODULE        HS_DVRPROTOCOL
  C:0000H         SYMBOL        _ICE_DUMMY_
  X:0000H         PUBLIC        protocol_data_count
  X:0001H         PUBLIC        protocol_len
  X:0002H         PUBLIC        protocol_type
  B:0021H.3       PUBLIC        protocol_escape_flag
  X:0003H         PUBLIC        protocol_chksum
  X:0004H         PUBLIC        protocol_param
  X:0005H         PUBLIC        protocol_data
  C:1CD0H         PUBLIC        DvrReceivePaser
[...]
  C:3EF4H         LINE#         950
  C:3EF4H         LINE#         967
  -------         ENDPROC       SYSPOWERRECOVERGDIAREADATA
  -------         PROC          _SYSPOWERSETTARGETPOWERSTATUS
  D:0007H         SYMBOL        enumPorStatus
  C:3E2EH         LINE#         974
  C:3E2EH         LINE#         975
  C:3E2EH         LINE#         976
  C:3E39H         LINE#         977
  -------         ENDPROC       _SYSPOWERSETTARGETPOWERSTATUS
  -------         PROC          SYSPOWERGETTARGETPOWERSTATUS
  C:3EC7H         LINE#         979
  C:3EC7H         LINE#         980
  C:3EC7H         LINE#         981
  C:3ECDH         LINE#         982
  -------         ENDPROC       SYSPOWERGETTARGETPOWERSTATUS
  -------         ENDMOD        SYSPOWER

  -------         MODULE        SYSJUDGE
  C:0000H         SYMBOL        _ICE_DUMMY_
  D:00E8H         PUBLIC        P4
  C:3E3AH         PUBLIC        _SysJudgeStateChangeEvent
  B:0080H.5       PUBLIC        P0_5
  C:3EE8H         PUBLIC        SysJudgeCheckStatus
  C:32F5H         PUBLIC        SysJudgeModeResetProc
  C:0026H         PUBLIC        SysJudgeGetActiveWaitTime
  C:35C4H         PUBLIC        SysJudgeHandler
  C:3EB1H         SYMBOL        Com002D
  C:3EB1H         SYMBOL        L?0046
  C:3EB1H         SYMBOL        L?0047
  -------         PROC          COM002D
  -------         ENDPROC       COM002D
  -------         PROC          SYSJUDGEHANDLER
BL51 BANKED LINKER/LOCATER V6.22.2.0                                                  03/02/2020  12:07:34  PAGE 62


  C:35C4H         LINE#         273
  C:35C4H         LINE#         274
  C:35C4H         LINE#         279
  C:35D7H         LINE#         280
  C:35D7H         LINE#         281
  C:35D7H         LINE#         283
  C:35E0H         LINE#         284
  C:35E0H         LINE#         285
  C:35E2H         LINE#         286
  C:35E2H         LINE#         288
  C:35E4H         LINE#         290
  C:35E4H         LINE#         291
  C:35E4H         LINE#         293
  C:35EDH         LINE#         294
  C:35EDH         LINE#         295
  C:35EFH         LINE#         296
  C:35EFH         LINE#         298
  C:35F1H         LINE#         300
  C:35F1H         LINE#         302
  C:35FCH         LINE#         303
  C:35FCH         LINE#         304
  C:35FCH         LINE#         305
  C:3601H         LINE#         307
  C:3603H         LINE#         309
  C:3603H         LINE#         311
  C:360AH         LINE#         312
  C:360FH         LINE#         314
  C:3612H         LINE#         316
  C:3617H         LINE#         317
  C:3620H         LINE#         319
  C:3620H         LINE#         321
  C:3620H         LINE#         395
  C:3620H         LINE#         397
  C:3620H         LINE#         426
  C:3620H         LINE#         428
  C:3620H         LINE#         430
  C:3620H         LINE#         432
  C:3620H         LINE#         434
  C:3620H         LINE#         436
  C:3620H         LINE#         437
  C:3620H         LINE#         453
  C:3620H         LINE#         455
  C:3620H         LINE#         457
  C:3620H         LINE#         459
  C:3620H         LINE#         461
  C:3620H         LINE#         462
  C:3620H         LINE#         464
  C:3620H         LINE#         466
  C:3620H         LINE#         467
  C:3620H         LINE#         468
  C:3620H         LINE#         471
  -------         ENDPROC       SYSJUDGEHANDLER
  -------         PROC          SYSJUDGECHECKSTATUS
  C:3EE8H         LINE#         480
  C:3EE8H         LINE#         481
  C:3EE8H         LINE#         532
  C:3EE9H         LINE#         533
BL51 BANKED LINKER/LOCATER V6.22.2.0                                                  03/02/2020  12:07:34  PAGE 63


  -------         ENDPROC       SYSJUDGECHECKSTATUS
  -------         PROC          _SYSJUDGESTATECHANGEEVENT
  D:0007H         SYMBOL        enumModeState
  C:3E3AH         LINE#         540
  C:3E3AH         LINE#         541
  C:3E3AH         LINE#         542
  C:3E45H         LINE#         544
  -------         ENDPROC       _SYSJUDGESTATECHANGEEVENT
  -------         PROC          SYSJUDGEMODERESETPROC
  C:32F5H         LINE#         546
  C:32F5H         LINE#         547
  C:32F5H         LINE#         548
  C:330DH         LINE#         549
  C:330DH         LINE#         550
  C:330DH         LINE#         552
  C:3314H         LINE#         553
  C:3314H         LINE#         554
  C:3319H         LINE#         556
  C:331BH         LINE#         557
  C:331BH         LINE#         559
  C:331DH         LINE#         561
  C:331DH         LINE#         563
  C:3326H         LINE#         564
  C:3326H         LINE#         565
  C:332BH         LINE#         567
  C:332DH         LINE#         568
  C:332DH         LINE#         570
  C:332FH         LINE#         585
  C:332FH         LINE#         587
  C:3336H         LINE#         588
  C:3336H         LINE#         591
  C:3338H         LINE#         593
  C:3338H         LINE#         595
  C:333AH         LINE#         597
  C:333AH         LINE#         599
  C:3341H         LINE#         600
  C:3341H         LINE#         601
  C:3346H         LINE#         605
  C:3348H         LINE#         606
  C:3348H         LINE#         608
  C:334AH         LINE#         610
  C:334AH         LINE#         612
  C:334FH         LINE#         614
  C:334FH         LINE#         616
  C:334FH         LINE#         617
  C:334FH         LINE#         618
  C:334FH         LINE#         620
  C:3355H         LINE#         622
  C:335AH         LINE#         623
  C:335AH         LINE#         624
  C:335FH         LINE#         626
  C:3364H         LINE#         627
  C:3364H         LINE#         629
  -------         ENDPROC       SYSJUDGEMODERESETPROC
  -------         PROC          SYSJUDGEGETACTIVEWAITTIME
  C:0026H         LINE#         636
  C:0026H         LINE#         637
BL51 BANKED LINKER/LOCATER V6.22.2.0                                                  03/02/2020  12:07:34  PAGE 64


  C:0026H         LINE#         673
  C:0029H         LINE#         674
  -------         ENDPROC       SYSJUDGEGETACTIVEWAITTIME
  -------         ENDMOD        SYSJUDGE

  -------         MODULE        SYSMODE
  C:0000H         SYMBOL        _ICE_DUMMY_
  C:3E46H         PUBLIC        _SysModeSetModeState
  D:00E8H         PUBLIC        P4
  C:3E20H         PUBLIC        SysModeDisplaySetting
  C:3EF5H         PUBLIC        SysModeHandler
  C:3EF6H         PUBLIC        SysModeSetUpInputCapture
  C:3EF9H         PUBLIC        SysModeSetFreeRun
  C:3E80H         PUBLIC        SysModeGetModeStateChange
  I:0013H         PUBLIC        g_stModeInfo
  C:3EF8H         PUBLIC        _SysModeResetState
  C:3EFAH         PUBLIC        SysModeDisplayTimingInitial
  C:3EEAH         PUBLIC        SysModeSetUpMDomain
  C:3E52H         PUBLIC        _SysModeSetResetTarget
  C:3EF7H         PUBLIC        SysModeSetUpDisplayCapture
  C:3ED5H         PUBLIC        SysModeGetModeState
  -------         PROC          SYSMODEHANDLER
  C:3EF5H         LINE#         101
  C:3EF5H         LINE#         102
  C:3EF5H         LINE#         103
  C:3EF5H         LINE#         104
  C:3EF5H         LINE#         105
  C:3EF5H         LINE#         107
  C:3EF5H         LINE#         108
  C:3EF5H         LINE#         110
  C:3EF5H         LINE#         114
  C:3EF5H         LINE#         115
  C:3EF5H         LINE#         116
  C:3EF5H         LINE#         193
  C:3EF5H         LINE#         195
  C:3EF5H         LINE#         213
  C:3EF5H         LINE#         215
  C:3EF5H         LINE#         229
  C:3EF5H         LINE#         231
  C:3EF5H         LINE#         233
  C:3EF5H         LINE#         235
  C:3EF5H         LINE#         237
  C:3EF5H         LINE#         239
  C:3EF5H         LINE#         241
  C:3EF5H         LINE#         242
  C:3EF5H         LINE#         243
  -------         ENDPROC       SYSMODEHANDLER
  -------         PROC          _SYSMODESETMODESTATE
  D:0007H         SYMBOL        val
  C:3E46H         LINE#         246
  C:3E46H         LINE#         247
  C:3E46H         LINE#         248
  C:3E51H         LINE#         249
  -------         ENDPROC       _SYSMODESETMODESTATE
  -------         PROC          SYSMODEGETMODESTATE
  C:3ED5H         LINE#         256
  C:3ED5H         LINE#         257
BL51 BANKED LINKER/LOCATER V6.22.2.0                                                  03/02/2020  12:07:34  PAGE 65


  C:3ED5H         LINE#         258
  C:3EDBH         LINE#         259
  -------         ENDPROC       SYSMODEGETMODESTATE
  -------         PROC          SYSMODEDISPLAYSETTING
  C:3E20H         LINE#         266
  C:3E20H         LINE#         267
  C:3E20H         LINE#         272
  C:3E23H         LINE#         275
  C:3E26H         LINE#         278
  C:3E2BH         LINE#         279
  C:3E2BH         LINE#         280
  C:3E2CH         LINE#         281
  C:3E2CH         LINE#         283
  C:3E2DH         LINE#         284
  -------         ENDPROC       SYSMODEDISPLAYSETTING
  -------         PROC          SYSMODESETUPINPUTCAPTURE
  C:3EF6H         LINE#         291
  C:3EF6H         LINE#         292
  C:3EF6H         LINE#         315
  -------         ENDPROC       SYSMODESETUPINPUTCAPTURE
  -------         PROC          SYSMODESETUPDISPLAYCAPTURE
  C:3EF7H         LINE#         322
  C:3EF7H         LINE#         323
  C:3EF7H         LINE#         328
  -------         ENDPROC       SYSMODESETUPDISPLAYCAPTURE
  -------         PROC          SYSMODESETUPMDOMAIN
  C:3EEAH         LINE#         335
  C:3EEAH         LINE#         336
  C:3EEAH         LINE#         342
  C:3EEBH         LINE#         343
  -------         ENDPROC       SYSMODESETUPMDOMAIN
  -------         PROC          _SYSMODERESETSTATE
  D:0007H         SYMBOL        ucResetTarget
  C:3EF8H         LINE#         350
  C:3EF8H         LINE#         351
  C:3EF8H         LINE#         352
  C:3EF8H         LINE#         501
  -------         ENDPROC       _SYSMODERESETSTATE
  -------         PROC          SYSMODESETFREERUN
  C:3EF9H         LINE#         508
  C:3EF9H         LINE#         509
  C:3EF9H         LINE#         519
  -------         ENDPROC       SYSMODESETFREERUN
  -------         PROC          SYSMODEGETMODESTATECHANGE
  C:3E80H         LINE#         528
  C:3E80H         LINE#         529
  C:3E80H         LINE#         530
  C:3E8AH         LINE#         531
  -------         ENDPROC       SYSMODEGETMODESTATECHANGE
  -------         PROC          _SYSMODESETRESETTARGET
  D:0007H         SYMBOL        enumResetTarget
  C:3E52H         LINE#         538
  C:3E52H         LINE#         539
  C:3E52H         LINE#         540
  C:3E5DH         LINE#         541
  -------         ENDPROC       _SYSMODESETRESETTARGET
  -------         PROC          SYSMODEDISPLAYTIMINGINITIAL
BL51 BANKED LINKER/LOCATER V6.22.2.0                                                  03/02/2020  12:07:34  PAGE 66


  C:3EFAH         LINE#         580
  C:3EFAH         LINE#         581
  C:3EFAH         LINE#         594
  -------         ENDPROC       SYSMODEDISPLAYTIMINGINITIAL
  -------         ENDMOD        SYSMODE

  -------         MODULE        ?C?FPADD
  C:006DH         PUBLIC        ?C?FPADD
  C:0069H         PUBLIC        ?C?FPSUB
  -------         ENDMOD        ?C?FPADD

  -------         MODULE        ?C?FPMUL
  C:015EH         PUBLIC        ?C?FPMUL
  -------         ENDMOD        ?C?FPMUL

  -------         MODULE        ?C?FPDIV
  C:0267H         PUBLIC        ?C?FPDIV
  -------         ENDMOD        ?C?FPDIV

  -------         MODULE        ?C?FCAST
  C:030EH         PUBLIC        ?C?FCASTC
  C:0309H         PUBLIC        ?C?FCASTI
  C:0304H         PUBLIC        ?C?FCASTL
  -------         ENDMOD        ?C?FCAST

  -------         MODULE        ?C?CASTF
  C:0342H         PUBLIC        ?C?CASTF
  -------         ENDMOD        ?C?CASTF

  -------         MODULE        ?C?COPY
  C:0493H         PUBLIC        ?C?COPY
  -------         ENDMOD        ?C?COPY

  -------         MODULE        ?C?CLDPTR
  C:04B9H         PUBLIC        ?C?CLDPTR
  -------         ENDMOD        ?C?CLDPTR

  -------         MODULE        ?C?CLDOPTR
  C:04D2H         PUBLIC        ?C?CLDOPTR
  -------         ENDMOD        ?C?CLDOPTR

  -------         MODULE        ?C?CILDPTR
  C:04FFH         PUBLIC        ?C?CILDPTR
  -------         ENDMOD        ?C?CILDPTR

  -------         MODULE        ?C?CSTOPTR
  C:0521H         PUBLIC        ?C?CSTOPTR
  -------         ENDMOD        ?C?CSTOPTR

  -------         MODULE        ?C?IMUL
  C:0543H         PUBLIC        ?C?IMUL
  -------         ENDMOD        ?C?IMUL

  -------         MODULE        ?C?UIDIV
  C:0555H         PUBLIC        ?C?UIDIV
  -------         ENDMOD        ?C?UIDIV

BL51 BANKED LINKER/LOCATER V6.22.2.0                                                  03/02/2020  12:07:34  PAGE 67


  -------         MODULE        ?C?SIDIV
  C:05AAH         PUBLIC        ?C?SIDIV
  -------         ENDMOD        ?C?SIDIV

  -------         MODULE        ?C?IILDX
  C:05E0H         PUBLIC        ?C?IILDX
  -------         ENDMOD        ?C?IILDX

  -------         MODULE        ?C?ILDPTR
  C:05F6H         PUBLIC        ?C?ILDPTR
  -------         ENDMOD        ?C?ILDPTR

  -------         MODULE        ?C?ILDOPTR
  C:0621H         PUBLIC        ?C?ILDOPTR
  -------         ENDMOD        ?C?ILDOPTR

  -------         MODULE        ?C?ISTPTR
  C:0659H         PUBLIC        ?C?ISTPTR
  -------         ENDMOD        ?C?ISTPTR

  -------         MODULE        ?C?LADD
  C:0678H         PUBLIC        ?C?LADD
  -------         ENDMOD        ?C?LADD

  -------         MODULE        ?C?LMUL
  C:0685H         PUBLIC        ?C?LMUL
  -------         ENDMOD        ?C?LMUL

  -------         MODULE        ?C?ULDIV
  C:0710H         PUBLIC        ?C?ULDIV
  -------         ENDMOD        ?C?ULDIV

  -------         MODULE        ?C?LNEG
  C:07A2H         PUBLIC        ?C?LNEG
  -------         ENDMOD        ?C?LNEG

  -------         MODULE        ?C?SLCMP
  C:07B0H         PUBLIC        ?C?SLCMP
  -------         ENDMOD        ?C?SLCMP

  -------         MODULE        ?C?ULCMP
  C:07C6H         PUBLIC        ?C?ULCMP
  -------         ENDMOD        ?C?ULCMP

  -------         MODULE        ?C?SLSHR
  C:07D7H         PUBLIC        ?C?SLSHR
  -------         ENDMOD        ?C?SLSHR

  -------         MODULE        ?C?LLDPTR
  C:07EBH         PUBLIC        ?C?LLDPTR
  -------         ENDMOD        ?C?LLDPTR

  -------         MODULE        ?C?LLDXDATA
  C:080BH         PUBLIC        ?C?LLDXDATA
  -------         ENDMOD        ?C?LLDXDATA

  -------         MODULE        ?C?LLDXDATA0
BL51 BANKED LINKER/LOCATER V6.22.2.0                                                  03/02/2020  12:07:34  PAGE 68


  C:0817H         PUBLIC        ?C?LLDXDATA0
  -------         ENDMOD        ?C?LLDXDATA0

  -------         MODULE        ?C?LSTXDATA
  C:0823H         PUBLIC        ?C?LSTXDATA
  -------         ENDMOD        ?C?LSTXDATA

  -------         MODULE        ?C?LSTKXDATA
  C:082FH         PUBLIC        ?C?LSTKXDATA
  -------         ENDMOD        ?C?LSTKXDATA

  -------         MODULE        ?C?PLDXDATA
  C:0860H         PUBLIC        ?C?PLDXDATA
  -------         ENDMOD        ?C?PLDXDATA

  -------         MODULE        ?C?PLDIXDATA
  C:0869H         PUBLIC        ?C?PLDIXDATA
  -------         ENDMOD        ?C?PLDIXDATA

  -------         MODULE        ?C?PSTXDATA
  C:0880H         PUBLIC        ?C?PSTXDATA
  -------         ENDMOD        ?C?PSTXDATA

  -------         MODULE        ?C?PLDPTR
  C:0889H         PUBLIC        ?C?PLDPTR
  -------         ENDMOD        ?C?PLDPTR

  -------         MODULE        ?C?CCASE
  C:08A9H         PUBLIC        ?C?CCASE
  -------         ENDMOD        ?C?CCASE

  -------         MODULE        ABS
  C:3E5EH         PUBLIC        _ABS
  -------         ENDMOD        ABS

  -------         MODULE        ?C?LLDIDATA
  C:08CFH         PUBLIC        ?C?LLDIDATA
  -------         ENDMOD        ?C?LLDIDATA

  -------         MODULE        ?C?LLDPDATA
  C:08DBH         PUBLIC        ?C?LLDPDATA
  -------         ENDMOD        ?C?LLDPDATA

  -------         MODULE        ?C?LLDCODE
  C:08E7H         PUBLIC        ?C?LLDCODE
  -------         ENDMOD        ?C?LLDCODE

  -------         MODULE        ?C?PLDIDATA
  C:08F7H         PUBLIC        ?C?PLDIDATA
  -------         ENDMOD        ?C?PLDIDATA

  -------         MODULE        ?C?PLDPDATA
  C:0900H         PUBLIC        ?C?PLDPDATA
  -------         ENDMOD        ?C?PLDPDATA

  -------         MODULE        ?C?PLDCODE
  C:0909H         PUBLIC        ?C?PLDCODE
BL51 BANKED LINKER/LOCATER V6.22.2.0                                                  03/02/2020  12:07:34  PAGE 69


  -------         ENDMOD        ?C?PLDCODE

*** WARNING L16: UNCALLED SEGMENT, IGNORED FOR OVERLAY PROCESS
    SEGMENT: ?PR?MONITOR?MONITOR

*** WARNING L16: UNCALLED SEGMENT, IGNORED FOR OVERLAY PROCESS
    SEGMENT: ?PR?_MCUTIMERCANCELTIMEREVENT?SYSTIMER

*** WARNING L16: UNCALLED SEGMENT, IGNORED FOR OVERLAY PROCESS
    SEGMENT: ?PR?_MCUTIMERREACTIVETIMEREVENT?SYSTIMER

*** WARNING L16: UNCALLED SEGMENT, IGNORED FOR OVERLAY PROCESS
    SEGMENT: ?PR?_MCUTIMEREVENTPROC?SYSTIMER

*** WARNING L16: UNCALLED SEGMENT, IGNORED FOR OVERLAY PROCESS
    SEGMENT: ?PR?SYSPOWERINITIAL?SYSPOWER

*** WARNING L16: UNCALLED SEGMENT, IGNORED FOR OVERLAY PROCESS
    SEGMENT: ?PR?SYSPOWERIDLEPROC?SYSPOWER

*** WARNING L16: UNCALLED SEGMENT, IGNORED FOR OVERLAY PROCESS
    SEGMENT: ?PR?SYSPOWERGETPOWERSTATUS?SYSPOWER

*** WARNING L16: UNCALLED SEGMENT, IGNORED FOR OVERLAY PROCESS
    SEGMENT: ?PR?_SYSPOWERSYSTEMCLOCKSELECT?SYSPOWER

*** WARNING L16: UNCALLED SEGMENT, IGNORED FOR OVERLAY PROCESS
    SEGMENT: ?PR?_SYSPOWERTOPISOLATION?SYSPOWER

*** WARNING L16: UNCALLED SEGMENT, IGNORED FOR OVERLAY PROCESS
    SEGMENT: ?PR?_SYSPOWERANALOGISOLATION?SYSPOWER

*** WARNING L16: UNCALLED SEGMENT, IGNORED FOR OVERLAY PROCESS
    SEGMENT: ?PR?_SYSPOWERGDIISOLATION?SYSPOWER

*** WARNING L16: UNCALLED SEGMENT, IGNORED FOR OVERLAY PROCESS
    SEGMENT: ?PR?SYSPOWERRECOVERTOPAREADATA?SYSPOWER

*** WARNING L16: UNCALLED SEGMENT, IGNORED FOR OVERLAY PROCESS
    SEGMENT: ?PR?SYSPOWERRECOVERANALOGAREADATA?SYSPOWER

*** WARNING L16: UNCALLED SEGMENT, IGNORED FOR OVERLAY PROCESS
    SEGMENT: ?PR?SYSPOWERRECOVERGDIAREADATA?SYSPOWER

*** WARNING L16: UNCALLED SEGMENT, IGNORED FOR OVERLAY PROCESS
    SEGMENT: ?PR?_SYSPOWERSETTARGETPOWERSTATUS?SYSPOWER

*** WARNING L16: UNCALLED SEGMENT, IGNORED FOR OVERLAY PROCESS
    SEGMENT: ?PR?SYSPOWERGETTARGETPOWERSTATUS?SYSPOWER

*** WARNING L16: UNCALLED SEGMENT, IGNORED FOR OVERLAY PROCESS
    SEGMENT: ?PR?SYSJUDGEGETACTIVEWAITTIME?SYSJUDGE

*** WARNING L16: UNCALLED SEGMENT, IGNORED FOR OVERLAY PROCESS
    SEGMENT: ?PR?SYSMODEHANDLER?SYSMODE

*** WARNING L16: UNCALLED SEGMENT, IGNORED FOR OVERLAY PROCESS
BL51 BANKED LINKER/LOCATER V6.22.2.0                                                  03/02/2020  12:07:34  PAGE 70


    SEGMENT: ?PR?_SYSMODESETMODESTATE?SYSMODE

*** WARNING L16: UNCALLED SEGMENT, IGNORED FOR OVERLAY PROCESS
    SEGMENT: ?PR?SYSMODEGETMODESTATE?SYSMODE

*** WARNING L16: UNCALLED SEGMENT, IGNORED FOR OVERLAY PROCESS
    SEGMENT: ?PR?SYSMODEDISPLAYSETTING?SYSMODE

*** WARNING L16: UNCALLED SEGMENT, IGNORED FOR OVERLAY PROCESS
    SEGMENT: ?PR?SYSMODESETFREERUN?SYSMODE

*** WARNING L16: UNCALLED SEGMENT, IGNORED FOR OVERLAY PROCESS
    SEGMENT: ?PR?SYSMODEGETMODESTATECHANGE?SYSMODE

*** WARNING L16: UNCALLED SEGMENT, IGNORED FOR OVERLAY PROCESS
    SEGMENT: ?PR?_SYSMODESETRESETTARGET?SYSMODE

*** WARNING L16: UNCALLED SEGMENT, IGNORED FOR OVERLAY PROCESS
    SEGMENT: ?PR?SYSMODEDISPLAYTIMINGINITIAL?SYSMODE

Program Size: data=95.5 xdata=570 code=16123
LINK/LOCATE RUN COMPLETE.  25 WARNING(S),  0 ERROR(S)
